******************************************************************************
                  TI ARM Linker PC v20.2.2                     
******************************************************************************
>> Linked Fri Aug 27 15:31:43 2021

OUTPUT FILE NAME:   <MicroMasterTM4C123G.out>
ENTRY POINT SYMBOL: "_c_int00_noargs"  address: 00016c8d


MEMORY CONFIGURATION

         name            origin    length      used     unused   attr    fill
----------------------  --------  ---------  --------  --------  ----  --------
  FLASH                 00000000   00040000  0001a104  00025efc  R  X
  SRAM                  20000000   00008000  00006d6c  00001294  RW X


SEGMENT ALLOCATION MAP

run origin  load origin   length   init length attrs members
----------  ----------- ---------- ----------- ----- -------
00000000    00000000    0001a108   0001a108    r-x
  00000000    00000000    0000026c   0000026c    r-- .intvecs
  0000026c    0000026c    00018ad8   00018ad8    r-x .text
  00018d44    00018d44    000010a8   000010a8    r-- .const
  00019df0    00019df0    00000318   00000318    r-- .cinit
20000000    20000000    00006d70   00000000    rw-
  20000000    20000000    0000026c   00000000    rw- .vtable
  2000026c    2000026c    00005b88   00000000    rw- .bss
  20005df8    20005df8    00000800   00000000    rw- .stack
  200065f8    200065f8    00000768   00000000    rw- .data
  20006d60    20006d60    00000010   00000000    rw- .sysmem


SECTION ALLOCATION MAP

 output                                  attributes/
section   page    origin      length       input sections
--------  ----  ----------  ----------   ----------------
.intvecs   0    00000000    0000026c     
                  00000000    0000026c     tm4c123gh6pm_startup_ccs.obj (.intvecs)

.text      0    0000026c    00018ad8     
                  0000026c    00001ddc     tasks.obj (.text)
                  00002048    000015ba     usb.obj (.text)
                  00003602    00000002     rtsv7M4_T_le_v4SPD16_eabi.lib : vector.cpp.obj (.text:_ZNSt3__220__vector_base_commonILb1EEC2Ev)
                  00003604    000012ac     I2C_task.obj (.text)
                  000048b0    00001238     SPI_command.obj (.text)
                  00005ae8    00000fa8     queue.obj (.text)
                  00006a90    00000ef4     sysctl.obj (.text)
                  00007984    00000b88     gpio.obj (.text)
                  0000850c    00000a7e     one_wire_command.obj (.text)
                  00008f8a    00000002     rtsv7M4_T_le_v4SPD16_eabi.lib : stdlib_typeinfo.cpp.obj (.text:_ZNSt9type_infoD1Ev)
                  00008f8c    00000a4e                                   : _printfi.c.obj (.text:__TI_printfi)
                  000099da    00000002                                   : _lock.c.obj (.text:_nop)
                  000099dc    000007c2     adc.obj (.text)
                  0000a19e    00000002     usblib.lib : usbdma.obj (.text:iDMAUSBArbSizeSet)
                  0000a1a0    00000718     pwm.obj (.text)
                  0000a8b8    0000069c     i2c.obj (.text)
                  0000af54    00000696     console_task.obj (.text)
                  0000b5ea    00000002     usblib.lib : usbdma.obj (.text:iDMAUSBUnitSizeSet)
                  0000b5ec    0000065b     I2C_monitor.obj (.text)
                  0000bc47    00000001     --HOLE-- [fill = 0]
                  0000bc48    00000653     SPI_monitor.obj (.text)
                  0000c29b    00000001     --HOLE-- [fill = 0]
                  0000c29c    00000642     timer.obj (.text)
                  0000c8de    00000002     rtsv7M4_T_le_v4SPD16_eabi.lib : div0.asm.obj (.text)
                  0000c8e0    00000620     UART_command.obj (.text)
                  0000cf00    00000618     uart.obj (.text)
                  0000d518    000005a8     UART_to_USB.obj (.text)
                  0000dac0    000005a4     I2C_scripter.obj (.text)
                  0000e064    000004f0     uartstdio.obj (.text)
                  0000e554    000004e0     udma.obj (.text)
                  0000ea34    0000046b     PWM_page.obj (.text)
                  0000ee9f    00000001     --HOLE-- [fill = 0]
                  0000eea0    00000464     GPOs.obj (.text)
                  0000f304    00000464     no_booster_board.obj (.text)
                  0000f768    00000454     heap_4.obj (.text)
                  0000fbbc    00000402     menu_page.obj (.text)
                  0000ffbe    00000002     usblib.lib : usbdma.obj (.text:uDMAUSBChannelIntDisable)
                  0000ffc0    000003c0     interrupt.obj (.text)
                  00010380    000003b4     io_control_page.obj (.text)
                  00010734    00000346     ssi.obj (.text)
                  00010a7a    00000002     usblib.lib : usbdma.obj (.text:uDMAUSBChannelIntEnable)
                  00010a7c    000002e8     UART_streamer.obj (.text)
                  00010d64    000002a4     task_manager.obj (.text)
                  00011008    000002a0     error_logger.obj (.text)
                  000112a8    0000029c     I2C_sniffer.obj (.text)
                  00011544    0000028c     ADC_task.obj (.text)
                  000117d0    0000028c     port.obj (.text)
                  00011a5c    00000270     rtsv7M4_T_le_v4SPD16_eabi.lib : _printfi.c.obj (.text:_pconv_a)
                  00011ccc    00000214     GPIs.obj (.text)
                  00011ee0    000001d0     rtsv7M4_T_le_v4SPD16_eabi.lib : _printfi.c.obj (.text:_pconv_g)
                  000120b0    000001b6                                   : fd_add_t2.asm.obj (.text)
                  00012266    00000002     --HOLE-- [fill = 0]
                  00012268    00000164     usblib.lib : usbdma.obj (.text:USBLibDMAInit)
                  000123cc    00000150                : usbdenum.obj (.text:USBDCDInit)
                  0001251c    00000150                : usbdenum.obj (.text:USBDEP0StateTxConfig)
                  0001266c    00000150                : usbdenum.obj (.text:USBDeviceIntHandlerInternal)
                  000127bc    00000148                : usbdconfig.obj (.text:USBDeviceConfig)
                  00012904    0000013c     rtsv7M4_T_le_v4SPD16_eabi.lib : _printfi.c.obj (.text:_pconv_e)
                  00012a40    00000136                                   : fd_div_t2.asm.obj (.text)
                  00012b76    0000012a     list.obj (.text)
                  00012ca0    00000124     rtsv7M4_T_le_v4SPD16_eabi.lib : _printfi.c.obj (.text:fcvt)
                  00012dc4    00000114                                   : fputs.c.obj (.text:fputs)
                  00012ed8    00000110                                   : s_scalbn.c.obj (.text:scalbn)
                  00012fe8    00000100                                   : memory.c.obj (.text:aligned_alloc)
                  000130e8    000000fc                                   : fd_mul_t2.asm.obj (.text)
                  000131e4    000000f4     usblib.lib : usbdma.obj (.text:iDMAUSBTransfer)
                  000132d8    000000e4                : usbdenum.obj (.text:USBDGetDescriptor)
                  000133bc    000000e4     rtsv7M4_T_le_v4SPD16_eabi.lib : memory.c.obj (.text:free)
                  000134a0    000000dc     usblib.lib : usbdcdc.obj (.text:USBDCDCCompositeInit)
                  0001357c    000000dc     rtsv7M4_T_le_v4SPD16_eabi.lib : setvbuf.c.obj (.text:setvbuf)
                  00013658    000000da     portasm.obj (.text)
                  00013732    00000002     --HOLE-- [fill = 0]
                  00013734    000000d8     usblib.lib : usbdenum.obj (.text:USBDeviceEnumHandler)
                  0001380c    000000d4                : usbdcdc.obj (.text:HandleRequests)
                  000138e0    000000d2     text_controls.obj (.text)
                  000139b2    00000002     --HOLE-- [fill = 0]
                  000139b4    000000d0     usblib.lib : usbdma.obj (.text:uDMAUSBChannelAllocate)
                  00013a84    000000c0                : usbbuffer.obj (.text:HandleRxAvailable)
                  00013b44    000000c0     fpu.obj (.text)
                  00013c04    000000bc     usblib.lib : usbdma.obj (.text:uDMAUSBTransfer)
                  00013cc0    000000b4                : usbdcdc.obj (.text:HandleDevice)
                  00013d74    000000b1     rtsv7M4_T_le_v4SPD16_eabi.lib : _printfi.c.obj (.text:_ltostr)
                  00013e25    00000001     --HOLE-- [fill = 0]
                  00013e26    000000b0     I2C_monitor.obj (.text:_ZNSt3__26vectorIP6I2cMsgNS_9allocatorIS2_EEE6assignIPS2_EENS_9enable_ifIXaasr3std3__221__is_forward_iteratorIT_EE5valuesr3std3__216is_constructibleIS2_JNS_15iterator_traitsIS9_E9referenceEEEE5valueEvE4typeES9_S9_)
                  00013ed6    000000b0     SPI_monitor.obj (.text:_ZNSt3__26vectorIP6SpiMsgNS_9allocatorIS2_EEE6assignIPS2_EENS_9enable_ifIXaasr3std3__221__is_forward_iteratorIT_EE5valuesr3std3__216is_constructibleIS2_JNS_15iterator_traitsIS9_E9referenceEEEE5valueEvE4typeES9_S9_)
                  00013f86    0000009c     rtsv7M4_T_le_v4SPD16_eabi.lib : memcpy_t2.asm.obj (.text)
                  00014022    00000002     --HOLE-- [fill = 0]
                  00014024    00000098     usblib.lib : usbdenum.obj (.text:USBDSetInterface)
                  000140bc    00000096                : usbdcdc.obj (.text:CDCTickHandler)
                  00014152    00000096     rtsv7M4_T_le_v4SPD16_eabi.lib : ull_div_t2.asm.obj (.text)
                  000141e8    00000094     usblib.lib : usbdcdc.obj (.text:SendSerialState)
                  0001427c    00000092                : usbbuffer.obj (.text:ScheduleNextTransmission)
                  0001430e    00000090                : usbdcdc.obj (.text:USBDCDCPacketRead)
                  0001439e    00000002     --HOLE-- [fill = 0]
                  000143a0    00000090                : usbdenum.obj (.text:USBDSetConfiguration)
                  00014430    0000008c                : usbdconfig.obj (.text:USBDeviceConfigAlternate)
                  000144bc    00000088                : usbdma.obj (.text:iDMAUSBChannelAllocate)
                  00014544    00000086     rtsv7M4_T_le_v4SPD16_eabi.lib : fd_cmp_t2.asm.obj (.text:__aeabi_cdcmple)
                  000145ca    00000086                                   : fd_cmp_t2.asm.obj (.text:__aeabi_cdrcmple)
                  00014650    0000007c     usblib.lib : usbdenum.obj (.text:USBDClearFeature)
                  000146cc    0000007c     rtsv7M4_T_le_v4SPD16_eabi.lib : fflush.c.obj (.text:fflush)
                  00014748    0000007a                                   : memset_t2.asm.obj (.text)
                  000147c2    00000002     --HOLE-- [fill = 0]
                  000147c4    00000078     usblib.lib : usbdenum.obj (.text:USBDGetStatus)
                  0001483c    00000074     rtsv7M4_T_le_v4SPD16_eabi.lib : fclose.c.obj (.text:__TI_closefile)
                  000148b0    00000072     usblib.lib : usbdcdc.obj (.text:ProcessDataFromHost)
                  00014922    00000072                : usbdma.obj (.text:uDMAUSBUnitSizeSet)
                  00014994    00000070                : usbdenum.obj (.text:USBDEP0StateTx)
                  00014a04    00000070                : usbdenum.obj (.text:USBDSetFeature)
                  00014a74    00000070     rtsv7M4_T_le_v4SPD16_eabi.lib : memory.c.obj (.text:split)
                  00014ae4    00000070     usblib.lib : usbdma.obj (.text:uDMAUSBArbSizeSet)
                  00014b54    0000006e     rtsv7M4_T_le_v4SPD16_eabi.lib : _printfi.c.obj (.text:_mcpy)
                  00014bc2    00000002     --HOLE-- [fill = 0]
                  00014bc4    0000006c                                   : hostrename.c.obj (.text:HOSTrename)
                  00014c30    0000006c     usblib.lib : usbdcdc.obj (.text:ProcessDataToHost)
                  00014c9c    0000006c     console_task.obj (.text:_ZNSt3__26vectorIP11ConsolePageNS_9allocatorIS2_EEE26__swap_out_circular_bufferERNS_14__split_bufferIS2_RS4_EE)
                  00014d08    0000006c     I2C_task.obj (.text:_ZNSt3__26vectorIP6I2cMsgNS_9allocatorIS2_EEE26__swap_out_circular_bufferERNS_14__split_bufferIS2_RS4_EE)
                  00014d74    0000006c     SPI_command.obj (.text:_ZNSt3__26vectorIP6SpiMsgNS_9allocatorIS2_EEE26__swap_out_circular_bufferERNS_14__split_bufferIS2_RS4_EE)
                  00014de0    0000006c     menu_page.obj (.text:_ZNSt3__26vectorIP7MenuRowNS_9allocatorIS2_EEE26__swap_out_circular_bufferERNS_14__split_bufferIS2_RS4_EE)
                  00014e4c    00000068     rtsv7M4_T_le_v4SPD16_eabi.lib : hostlseek.c.obj (.text:HOSTlseek)
                  00014eb4    00000068                                   : copy_decompress_lzss.c.obj (.text:decompress:lzss:__TI_decompress_lzss)
                  00014f1c    00000064     usblib.lib : usbbuffer.obj (.text:USBBufferEventCallback)
                  00014f80    00000064     console_task.obj (.text:_ZNSt3__26vectorIP11ConsolePageNS_9allocatorIS2_EEE21__push_back_slow_pathIRKS2_EEvOT_)
                  00014fe4    00000064     I2C_task.obj (.text:_ZNSt3__26vectorIP6I2cMsgNS_9allocatorIS2_EEE21__push_back_slow_pathIS2_EEvOT_)
                  00015048    00000064     SPI_command.obj (.text:_ZNSt3__26vectorIP6SpiMsgNS_9allocatorIS2_EEE21__push_back_slow_pathIS2_EEvOT_)
                  000150ac    00000064     menu_page.obj (.text:_ZNSt3__26vectorIP7MenuRowNS_9allocatorIS2_EEE21__push_back_slow_pathIRKS2_EEvOT_)
                  00015110    00000064     rtsv7M4_T_le_v4SPD16_eabi.lib : s_frexp.c.obj (.text:frexp)
                  00015174    00000064                                   : fseek.c.obj (.text:fseek)
                  000151d8    00000064     usblib.lib : usbdma.obj (.text:uDMAUSBChannelEnable)
                  0001523c    00000062     I2C_task.obj (.text:_ZNSt3__26vectorIP6I2cMsgNS_9allocatorIS2_EEE9push_backEOS2_)
                  0001529e    00000062     SPI_command.obj (.text:_ZNSt3__26vectorIP6SpiMsgNS_9allocatorIS2_EEE9push_backEOS2_)
                  00015300    00000062     rtsv7M4_T_le_v4SPD16_eabi.lib : _io_perm.c.obj (.text:__TI_wrt_ok)
                  00015362    00000002     --HOLE-- [fill = 0]
                  00015364    00000060                                   : hostopen.c.obj (.text:HOSTopen)
                  000153c4    00000060     usblib.lib : usbdcdc.obj (.text:USBDCDCPacketWrite)
                  00015424    00000060                : usbdenum.obj (.text:USBDReadAndDispatchRequest)
                  00015484    00000060     console_task.obj (.text:_ZNSt3__214__split_bufferIP11ConsolePageRNS_9allocatorIS2_EEEC1EjjS5_)
                  000154e4    00000060     I2C_task.obj (.text:_ZNSt3__214__split_bufferIP6I2cMsgRNS_9allocatorIS2_EEEC1EjjS5_)
                  00015544    00000060     SPI_command.obj (.text:_ZNSt3__214__split_bufferIP6SpiMsgRNS_9allocatorIS2_EEEC1EjjS5_)
                  000155a4    00000060     menu_page.obj (.text:_ZNSt3__214__split_bufferIP7MenuRowRNS_9allocatorIS2_EEEC1EjjS5_)
                  00015604    00000060     utils.obj (.text)
                  00015664    0000005c     rtsv7M4_T_le_v4SPD16_eabi.lib : close.c.obj (.text:close)
                  000156c0    00000058                                   : hostread.c.obj (.text:HOSTread)
                  00015718    00000058                                   : hostwrite.c.obj (.text:HOSTwrite)
                  00015770    00000056     console_task.obj (.text:_ZNKSt3__26vectorIP11ConsolePageNS_9allocatorIS2_EEE17__annotate_deleteEv)
                  000157c6    00000056     I2C_task.obj (.text:_ZNKSt3__26vectorIP6I2cMsgNS_9allocatorIS2_EEE17__annotate_deleteEv)
                  0001581c    00000056     SPI_command.obj (.text:_ZNKSt3__26vectorIP6SpiMsgNS_9allocatorIS2_EEE17__annotate_deleteEv)
                  00015872    00000056     menu_page.obj (.text:_ZNKSt3__26vectorIP7MenuRowNS_9allocatorIS2_EEE17__annotate_deleteEv)
                  000158c8    00000056     console_task.obj (.text:_ZNSt3__26vectorIP11ConsolePageNS_9allocatorIS2_EEE9push_backERKS2_)
                  0001591e    00000056     menu_page.obj (.text:_ZNSt3__26vectorIP7MenuRowNS_9allocatorIS2_EEE9push_backERKS2_)
                  00015974    00000056     rtsv7M4_T_le_v4SPD16_eabi.lib : _printfi.c.obj (.text:_pconv_f)
                  000159ca    00000056     usblib.lib : usbdma.obj (.text:uDMAUSBChannelRelease)
                  00015a20    00000054     console_task.obj (.text:_ZNKSt3__26vectorIP11ConsolePageNS_9allocatorIS2_EEE14__annotate_newEj)
                  00015a74    00000054     I2C_monitor.obj (.text:_ZNKSt3__26vectorIP6I2cMsgNS_9allocatorIS2_EEE14__annotate_newEj)
                  00015ac8    00000054     SPI_command.obj (.text:_ZNKSt3__26vectorIP6SpiMsgNS_9allocatorIS2_EEE14__annotate_newEj)
                  00015b1c    00000054     menu_page.obj (.text:_ZNKSt3__26vectorIP7MenuRowNS_9allocatorIS2_EEE14__annotate_newEj)
                  00015b70    00000054     rtsv7M4_T_le_v4SPD16_eabi.lib : _ltoa.c.obj (.text:__TI_ltoa)
                  00015bc4    00000052     usblib.lib : usbulpi.obj (.text:ULPIConfigSet)
                  00015c16    00000052     I2C_monitor.obj (.text:_ZNKSt3__26vectorIP6I2cMsgNS_9allocatorIS2_EEE17__annotate_shrinkEj)
                  00015c68    00000052     SPI_monitor.obj (.text:_ZNKSt3__26vectorIP6SpiMsgNS_9allocatorIS2_EEE17__annotate_shrinkEj)
                  00015cba    00000052     rtsv7M4_T_le_v4SPD16_eabi.lib : _printfi.c.obj (.text:_ecpy)
                  00015d0c    00000050     usblib.lib : usbdcdc.obj (.text:USBDCDCInit)
                  00015d5c    00000050                : usbdcdesc.obj (.text:USBDCDConfigDescGet)
                  00015dac    00000050                : usbdenum.obj (.text:USBDeviceResumeTickHandler)
                  00015dfc    0000004c                : usbdconfig.obj (.text:GetEPDescriptorType)
                  00015e48    0000004c                : usbdenum.obj (.text:USBDStringIndexFromRequest)
                  00015e94    0000004c     rtsv7M4_T_le_v4SPD16_eabi.lib : fflush.c.obj (.text:__TI_doflush)
                  00015ee0    0000004c                                   : atoi.c.obj (.text:atoi)
                  00015f2c    0000004c     usblib.lib : usbdma.obj (.text:iDMAUSBChannelEnable)
                  00015f78    0000004a                : usbdcdesc.obj (.text:ConfigAlternateInterfaceGet)
                  00015fc2    0000004a                : usbdcdc.obj (.text:HandleEP0Data)
                  0001600c    0000004a                : usbdcdc.obj (.text:HandleEndpoints)
                  00016056    0000004a     console_task.obj (.text:_ZNKSt3__26vectorIP11ConsolePageNS_9allocatorIS2_EEE11__recommendEj)
                  000160a0    0000004a     I2C_monitor.obj (.text:_ZNKSt3__26vectorIP6I2cMsgNS_9allocatorIS2_EEE11__recommendEj)
                  000160ea    0000004a     SPI_command.obj (.text:_ZNKSt3__26vectorIP6SpiMsgNS_9allocatorIS2_EEE11__recommendEj)
                  00016134    0000004a     menu_page.obj (.text:_ZNKSt3__26vectorIP7MenuRowNS_9allocatorIS2_EEE11__recommendEj)
                  0001617e    0000004a     usblib.lib : usbdma.obj (.text:uDMAUSBChannelDisable)
                  000161c8    00000048                : usbdenum.obj (.text:USBDCDDeviceInfoInit)
                  00016210    00000048                : usbdenum.obj (.text:USBDeviceEnumResetHandler)
                  00016258    00000048     I2C_monitor.obj (.text:_ZNSt3__26vectorIP6I2cMsgNS_9allocatorIS2_EEE8allocateEj)
                  000162a0    00000048     SPI_monitor.obj (.text:_ZNSt3__26vectorIP6SpiMsgNS_9allocatorIS2_EEE8allocateEj)
                  000162e8    00000048     rtsv7M4_T_le_v4SPD16_eabi.lib : exit.c.obj (.text:exit)
                  00016330    00000048                                   : fd_toi_t2.asm.obj (.text)
                  00016378    00000044                                   : hostclose.c.obj (.text:HOSTclose)
                  000163bc    00000044                                   : hostunlink.c.obj (.text:HOSTunlink)
                  00016400    00000044     usblib.lib : usbdenum.obj (.text:USBDGetInterface)
                  00016444    00000044     rtsv7M4_T_le_v4SPD16_eabi.lib : autoinit.c.obj (.text:__TI_auto_init_nobinit_nopinit:__TI_auto_init_nobinit_nopinit)
                  00016488    00000044                                   : getdevice.c.obj (.text:getdevice)
                  000164cc    00000044                                   : fd_tou_t2.asm.obj (.text)
                  00016510    00000040     I2C_monitor.obj (.text:_ZNSt3__213__vector_baseIP6I2cMsgNS_9allocatorIS2_EEE17__destruct_at_endEPS2_)
                  00016550    00000040     SPI_monitor.obj (.text:_ZNSt3__213__vector_baseIP6SpiMsgNS_9allocatorIS2_EEE17__destruct_at_endEPS2_)
                  00016590    00000040     I2C_monitor.obj (.text:_ZNSt3__26vectorIP6I2cMsgNS_9allocatorIS2_EEE10deallocateEv)
                  000165d0    00000040     SPI_monitor.obj (.text:_ZNSt3__26vectorIP6SpiMsgNS_9allocatorIS2_EEE10deallocateEv)
                  00016610    00000040     rtsv7M4_T_le_v4SPD16_eabi.lib : u_divt2.asm.obj (.text)
                  00016650    00000040                                   : sprintf.c.obj (.text:sprintf)
                  00016690    0000003e                                   : _printfi.c.obj (.text:_fcpy)
                  000166ce    0000003e     cpu.obj (.text)
                  0001670c    0000003c     console_task.obj (.text:_ZNSt3__216allocator_traitsINS_9allocatorIP11ConsolePageEEE20__construct_backwardIS3_EENS_9enable_ifIXaaoosr3std3__27is_sameIS4_NS1_IT_EEEE5valuentsr3std3__215__has_constructIS4_PS8_JS8_EEE5valuesr3std3__231is_trivially_move_constructibleIS8_EE5valueEvE4typeERS4_SA_SA_RSA_)
                  00016748    0000003c     I2C_task.obj (.text:_ZNSt3__216allocator_traitsINS_9allocatorIP6I2cMsgEEE20__construct_backwardIS3_EENS_9enable_ifIXaaoosr3std3__27is_sameIS4_NS1_IT_EEEE5valuentsr3std3__215__has_constructIS4_PS8_JS8_EEE5valuesr3std3__231is_trivially_move_constructibleIS8_EE5valueEvE4typeERS4_SA_SA_RSA_)
                  00016784    0000003c     I2C_monitor.obj (.text:_ZNSt3__216allocator_traitsINS_9allocatorIP6I2cMsgEEE25__construct_range_forwardIS3_EENS_9enable_ifIXaaoosr3std3__27is_sameIS4_NS1_IT_EEEE5valuentsr3std3__215__has_constructIS4_PS8_JS8_EEE5valuesr3std3__231is_trivially_move_constructibleIS8_EE5valueEvE4typeERS4_SA_SA_RSA_)
                  000167c0    0000003c     SPI_command.obj (.text:_ZNSt3__216allocator_traitsINS_9allocatorIP6SpiMsgEEE20__construct_backwardIS3_EENS_9enable_ifIXaaoosr3std3__27is_sameIS4_NS1_IT_EEEE5valuentsr3std3__215__has_constructIS4_PS8_JS8_EEE5valuesr3std3__231is_trivially_move_constructibleIS8_EE5valueEvE4typeERS4_SA_SA_RSA_)
                  000167fc    0000003c     SPI_monitor.obj (.text:_ZNSt3__216allocator_traitsINS_9allocatorIP6SpiMsgEEE25__construct_range_forwardIS3_EENS_9enable_ifIXaaoosr3std3__27is_sameIS4_NS1_IT_EEEE5valuentsr3std3__215__has_constructIS4_PS8_JS8_EEE5valuesr3std3__231is_trivially_move_constructibleIS8_EE5valueEvE4typeERS4_SA_SA_RSA_)
                  00016838    0000003c     menu_page.obj (.text:_ZNSt3__216allocator_traitsINS_9allocatorIP7MenuRowEEE20__construct_backwardIS3_EENS_9enable_ifIXaaoosr3std3__27is_sameIS4_NS1_IT_EEEE5valuentsr3std3__215__has_constructIS4_PS8_JS8_EEE5valuesr3std3__231is_trivially_move_constructibleIS8_EE5valueEvE4typeERS4_SA_SA_RSA_)
                  00016874    0000003c     usblib.lib : usbdma.obj (.text:iDMAUSBChannelRelease)
                  000168b0    0000003c     main.obj (.text)
                  000168ec    00000038     usblib.lib : usbtick.obj (.text:InternalUSBRegisterTickHandler)
                  00016924    00000038                : usbtick.obj (.text:InternalUSBStartOfFrameTick)
                  0001695c    00000038                : usbdcdc.obj (.text:SendBreak)
                  00016994    00000038                : usbdcdesc.obj (.text:USBDCDConfigGetInterfaceEndpoint)
                  000169cc    00000038                : usbringbuf.obj (.text:USBRingBufAdvanceWrite)
                  00016a04    00000038     I2C_monitor.obj (.text:_ZNSt3__26vectorIP6I2cMsgNS_9allocatorIS2_EEE18__construct_at_endIPS2_EENS_9enable_ifIXsr3std3__221__is_forward_iteratorIT_EE5valueEvE4typeES9_S9_j)
                  00016a3c    00000038     SPI_monitor.obj (.text:_ZNSt3__26vectorIP6SpiMsgNS_9allocatorIS2_EEE18__construct_at_endIPS2_EENS_9enable_ifIXsr3std3__221__is_forward_iteratorIT_EE5valueEvE4typeES9_S9_j)
                  00016a74    00000038     rtsv7M4_T_le_v4SPD16_eabi.lib : trgmsg.c.obj (.text:__TI_writemsg)
                  00016aac    00000036     console_task.obj (.text:_ZNSt3__214__split_bufferIP11ConsolePageRNS_9allocatorIS2_EEE17__destruct_at_endEPS2_NS_17integral_constantIbLb0EEE)
                  00016ae2    00000036     I2C_task.obj (.text:_ZNSt3__214__split_bufferIP6I2cMsgRNS_9allocatorIS2_EEE17__destruct_at_endEPS2_NS_17integral_constantIbLb0EEE)
                  00016b18    00000036     SPI_command.obj (.text:_ZNSt3__214__split_bufferIP6SpiMsgRNS_9allocatorIS2_EEE17__destruct_at_endEPS2_NS_17integral_constantIbLb0EEE)
                  00016b4e    00000036     menu_page.obj (.text:_ZNSt3__214__split_bufferIP7MenuRowRNS_9allocatorIS2_EEE17__destruct_at_endEPS2_NS_17integral_constantIbLb0EEE)
                  00016b84    00000036     rtsv7M4_T_le_v4SPD16_eabi.lib : strncpy.c.obj (.text:strncpy)
                  00016bba    00000034     usblib.lib : usbdcdc.obj (.text:HandleConfigChange)
                  00016bee    00000034                : usbdcdesc.obj (.text:NextConfigDescGet)
                  00016c22    00000002     --HOLE-- [fill = 0]
                  00016c24    00000034     rtsv7M4_T_le_v4SPD16_eabi.lib : fopen.c.obj (.text:__TI_cleanup)
                  00016c58    00000034                                   : trgmsg.c.obj (.text:__TI_readmsg)
                  00016c8c    00000034                                   : boot_cortex_m.c.obj (.text:_c_int00_noargs:_c_int00_noargs)
                  00016cc0    00000034     usblib.lib : usbdma.obj (.text:iDMAUSBChannelStatus)
                  00016cf4    00000032                : usbdcdc.obj (.text:ProcessNotificationToHost)
                  00016d26    00000032     I2C_monitor.obj (.text:_ZNSt3__26__copyIP6I2cMsgS2_EENS_9enable_ifIXaasr3std3__27is_sameINS_12remove_constIT_E4typeET0_EE5valuesr3std3__228is_trivially_copy_assignableIS8_EE5valueEPS8_E4typeEPS5_SC_S9_)
                  00016d58    00000032     SPI_monitor.obj (.text:_ZNSt3__26__copyIP6SpiMsgS2_EENS_9enable_ifIXaasr3std3__27is_sameINS_12remove_constIT_E4typeET0_EE5valuesr3std3__228is_trivially_copy_assignableIS8_EE5valueEPS8_E4typeEPS5_SC_S9_)
                  00016d8a    00000032     usblib.lib : usbdma.obj (.text:iDMAUSBChannelDisable)
                  00016dbc    00000030                : usbdma.obj (.text:DMAUSBIntHandler)
                  00016dec    00000030                : usbtick.obj (.text:InternalUSBTickInit)
                  00016e1c    00000030                : usbdenum.obj (.text:USBDGetConfiguration)
                  00016e4c    00000030     rtsv7M4_T_le_v4SPD16_eabi.lib : getdevice.c.obj (.text:finddevice)
                  00016e7c    00000030     memory_functions.obj (.text)
                  00016eac    0000002e     usblib.lib : usbbuffer.obj (.text:USBBufferWrite)
                  00016eda    0000002e                : usbdcdc.obj (.text:USBDCDCRxPacketAvailable)
                  00016f08    0000002e                : usbringbuf.obj (.text:UpdateIndexAtomic)
                  00016f36    0000002e     console_task.obj (.text:_ZNSt3__214__split_bufferIP11ConsolePageRNS_9allocatorIS2_EEED1Ev)
                  00016f64    0000002e     I2C_task.obj (.text:_ZNSt3__214__split_bufferIP6I2cMsgRNS_9allocatorIS2_EEED1Ev)
                  00016f92    0000002e     SPI_command.obj (.text:_ZNSt3__214__split_bufferIP6SpiMsgRNS_9allocatorIS2_EEED1Ev)
                  00016fc0    0000002e     menu_page.obj (.text:_ZNSt3__214__split_bufferIP7MenuRowRNS_9allocatorIS2_EEED1Ev)
                  00016fee    0000002e     console_task.obj (.text:_ZNSt3__29allocatorIP11ConsolePageE9constructIS2_JRKS2_EEEvPT_DpOT0_)
                  0001701c    0000002e     I2C_task.obj (.text:_ZNSt3__29allocatorIP6I2cMsgE9constructIS2_JS2_EEEvPT_DpOT0_)
                  0001704a    0000002e     SPI_command.obj (.text:_ZNSt3__29allocatorIP6SpiMsgE9constructIS2_JS2_EEEvPT_DpOT0_)
                  00017078    0000002e     menu_page.obj (.text:_ZNSt3__29allocatorIP7MenuRowE9constructIS2_JRKS2_EEEvPT_DpOT0_)
                  000170a6    0000002e     rtsv7M4_T_le_v4SPD16_eabi.lib : i_tofd_t2.asm.obj (.text)
                  000170d4    0000002c     usblib.lib : usbdcdesc.obj (.text:USBDCDConfigDescGetNum)
                  00017100    0000002c                : usbdesc.obj (.text:USBDescGet)
                  0001712c    0000002c                : usbdma.obj (.text:uDMAUSBIntStatus)
                  00017158    0000002c     rtsv7M4_T_le_v4SPD16_eabi.lib : unlink.c.obj (.text:unlink)
                  00017184    0000002a     usblib.lib : usbbuffer.obj (.text:HandleRequestBuffer)
                  000171ae    0000002a                : usbdcdc.obj (.text:USBDCDCSerialStateChange)
                  000171d8    0000002a                : usbdesc.obj (.text:USBDescGetNum)
                  00017202    0000002a     console_task.obj (.text:_ZNSt3__217__compressed_pairIPP11ConsolePageRNS_9allocatorIS2_EEEC1IDnS6_EEOT_OT0_)
                  0001722c    0000002a     I2C_task.obj (.text:_ZNSt3__217__compressed_pairIPP6I2cMsgRNS_9allocatorIS2_EEEC1IDnS6_EEOT_OT0_)
                  00017256    0000002a     SPI_command.obj (.text:_ZNSt3__217__compressed_pairIPP6SpiMsgRNS_9allocatorIS2_EEEC1IDnS6_EEOT_OT0_)
                  00017280    0000002a     menu_page.obj (.text:_ZNSt3__217__compressed_pairIPP7MenuRowRNS_9allocatorIS2_EEEC1IDnS6_EEOT_OT0_)
                  000172aa    0000002a     I2C_monitor.obj (.text:_ZNSt3__24copyIPP6I2cMsgS3_EET0_T_S5_S4_)
                  000172d4    0000002a     SPI_monitor.obj (.text:_ZNSt3__24copyIPP6SpiMsgS3_EET0_T_S5_S4_)
                  000172fe    0000002a     console_task.obj (.text:_ZNSt3__24swapIPP11ConsolePageEENS_9enable_ifIXaasr3std3__221is_move_constructibleIT_EE5valuesr3std3__218is_move_assignableIS5_EE5valueEvE4typeERS5_S8_)
                  00017328    0000002a     I2C_task.obj (.text:_ZNSt3__24swapIPP6I2cMsgEENS_9enable_ifIXaasr3std3__221is_move_constructibleIT_EE5valuesr3std3__218is_move_assignableIS5_EE5valueEvE4typeERS5_S8_)
                  00017352    0000002a     SPI_command.obj (.text:_ZNSt3__24swapIPP6SpiMsgEENS_9enable_ifIXaasr3std3__221is_move_constructibleIT_EE5valuesr3std3__218is_move_assignableIS5_EE5valueEvE4typeERS5_S8_)
                  0001737c    0000002a     menu_page.obj (.text:_ZNSt3__24swapIPP7MenuRowEENS_9enable_ifIXaasr3std3__221is_move_constructibleIT_EE5valuesr3std3__218is_move_assignableIS5_EE5valueEvE4typeERS5_S8_)
                  000173a6    0000002a     hooks.obj (.text)
                  000173d0    00000028     usblib.lib : usbbuffer.obj (.text:USBBufferRead)
                  000173f8    00000028                : usbdenum.obj (.text:USBDSetAddress)
                  00017420    00000028     console_task.obj (.text:_ZNSt3__213__vector_baseIP11ConsolePageNS_9allocatorIS2_EEEC1Ev)
                  00017448    00000028     I2C_monitor.obj (.text:_ZNSt3__213__vector_baseIP6I2cMsgNS_9allocatorIS2_EEEC1Ev)
                  00017470    00000028     SPI_command.obj (.text:_ZNSt3__213__vector_baseIP6SpiMsgNS_9allocatorIS2_EEEC1Ev)
                  00017498    00000028     menu_page.obj (.text:_ZNSt3__213__vector_baseIP7MenuRowNS_9allocatorIS2_EEEC1Ev)
                  000174c0    00000028     I2C_monitor.obj (.text:_ZNSt3__26vectorIP6I2cMsgNS_9allocatorIS2_EEE17__destruct_at_endEPS2_)
                  000174e8    00000028     I2C_monitor.obj (.text:_ZNSt3__26vectorIP6I2cMsgNS_9allocatorIS2_EEEaSERKS5_)
                  00017510    00000028     SPI_monitor.obj (.text:_ZNSt3__26vectorIP6SpiMsgNS_9allocatorIS2_EEE17__destruct_at_endEPS2_)
                  00017538    00000028     SPI_monitor.obj (.text:_ZNSt3__26vectorIP6SpiMsgNS_9allocatorIS2_EEEaSERKS5_)
                  00017560    00000028     console_task.obj (.text:_ZNSt3__29allocatorIP11ConsolePageE8allocateEjPKv)
                  00017588    00000028     I2C_monitor.obj (.text:_ZNSt3__29allocatorIP6I2cMsgE8allocateEjPKv)
                  000175b0    00000028     SPI_command.obj (.text:_ZNSt3__29allocatorIP6SpiMsgE8allocateEjPKv)
                  000175d8    00000028     menu_page.obj (.text:_ZNSt3__29allocatorIP7MenuRowE8allocateEjPKv)
                  00017600    00000028     rtsv7M4_T_le_v4SPD16_eabi.lib : memory.c.obj (.text:free_list_insert)
                  00017628    00000028                                   : lseek.c.obj (.text:lseek)
                  00017650    00000028                                   : memmov.c.obj (.text:memmove)
                  00017678    00000028                                   : write.c.obj (.text:write)
                  000176a0    00000024     usblib.lib : usbdcdc.obj (.text:HandleDisconnect)
                  000176c4    00000024                : usbdcdc.obj (.text:SendLineStateChange)
                  000176e8    00000024                : usbmode.obj (.text:USBStackModeSet)
                  0001770c    00000024     console_task.obj (.text:_ZNKSt3__26vectorIP11ConsolePageNS_9allocatorIS2_EEE8max_sizeEv)
                  00017730    00000024     I2C_monitor.obj (.text:_ZNKSt3__26vectorIP6I2cMsgNS_9allocatorIS2_EEE8max_sizeEv)
                  00017754    00000024     SPI_command.obj (.text:_ZNKSt3__26vectorIP6SpiMsgNS_9allocatorIS2_EEE8max_sizeEv)
                  00017778    00000024     menu_page.obj (.text:_ZNKSt3__26vectorIP7MenuRowNS_9allocatorIS2_EEE8max_sizeEv)
                  0001779c    00000024     console_task.obj (.text:_ZNSt3__216allocator_traitsINS_9allocatorIP11ConsolePageEEE11__constructIS3_JRKS3_EEEvNS_17integral_constantIbLb1EEERS4_PT_DpOT0_)
                  000177c0    00000024     console_task.obj (.text:_ZNSt3__216allocator_traitsINS_9allocatorIP11ConsolePageEEE9constructIS3_JRKS3_EEEvRS4_PT_DpOT0_)
                  000177e4    00000024     I2C_task.obj (.text:_ZNSt3__216allocator_traitsINS_9allocatorIP6I2cMsgEEE11__constructIS3_JS3_EEEvNS_17integral_constantIbLb1EEERS4_PT_DpOT0_)
                  00017808    00000024     I2C_task.obj (.text:_ZNSt3__216allocator_traitsINS_9allocatorIP6I2cMsgEEE9constructIS3_JS3_EEEvRS4_PT_DpOT0_)
                  0001782c    00000024     SPI_command.obj (.text:_ZNSt3__216allocator_traitsINS_9allocatorIP6SpiMsgEEE11__constructIS3_JS3_EEEvNS_17integral_constantIbLb1EEERS4_PT_DpOT0_)
                  00017850    00000024     SPI_command.obj (.text:_ZNSt3__216allocator_traitsINS_9allocatorIP6SpiMsgEEE9constructIS3_JS3_EEEvRS4_PT_DpOT0_)
                  00017874    00000024     menu_page.obj (.text:_ZNSt3__216allocator_traitsINS_9allocatorIP7MenuRowEEE11__constructIS3_JRKS3_EEEvNS_17integral_constantIbLb1EEERS4_PT_DpOT0_)
                  00017898    00000024     menu_page.obj (.text:_ZNSt3__216allocator_traitsINS_9allocatorIP7MenuRowEEE9constructIS3_JRKS3_EEEvRS4_PT_DpOT0_)
                  000178bc    00000022     usblib.lib : usbdcdc.obj (.text:SendLineCodingChange)
                  000178de    00000022     I2C_monitor.obj (.text:_ZNSt3__26vectorIP6I2cMsgNS_9allocatorIS2_EEE5clearEv)
                  00017900    00000022     SPI_monitor.obj (.text:_ZNSt3__26vectorIP6SpiMsgNS_9allocatorIS2_EEE5clearEv)
                  00017922    00000022     usblib.lib : usbdma.obj (.text:uDMAUSBChannelStatus)
                  00017944    00000020                : usbdcdc.obj (.text:CheckAndSendBreak)
                  00017964    00000020                : usbdconfig.obj (.text:GetEndpointFIFOSize)
                  00017984    00000020                : usbbuffer.obj (.text:HandleDataRemaining)
                  000179a4    00000020                : usbringbuf.obj (.text:USBRingBufAdvanceRead)
                  000179c4    00000020     rtsv7M4_T_le_v4SPD16_eabi.lib : memchr.c.obj (.text:memchr)
                  000179e4    00000020                                   : u_tofd_t2.asm.obj (.text)
                  00017a04    0000001e     usblib.lib : usbringbuf.obj (.text:USBRingBufContigFree)
                  00017a22    0000001e     I2C_monitor.obj (.text:_ZNKSt3__26__lessIjjEclERKjS3_)
                  00017a40    0000001e     console_task.obj (.text:_ZNSt3__217__compressed_pairIPP11ConsolePageNS_9allocatorIS2_EEEC1IDnLb1EEEOT_)
                  00017a5e    0000001e     I2C_monitor.obj (.text:_ZNSt3__217__compressed_pairIPP6I2cMsgNS_9allocatorIS2_EEEC1IDnLb1EEEOT_)
                  00017a7c    0000001e     SPI_command.obj (.text:_ZNSt3__217__compressed_pairIPP6SpiMsgNS_9allocatorIS2_EEEC1IDnLb1EEEOT_)
                  00017a9a    0000001e     menu_page.obj (.text:_ZNSt3__217__compressed_pairIPP7MenuRowNS_9allocatorIS2_EEEC1IDnLb1EEEOT_)
                  00017ab8    0000001e     I2C_monitor.obj (.text:_ZNSt3__23maxIjNS_6__lessIjjEEEERKT_S5_S5_T0_)
                  00017ad6    0000001e     I2C_monitor.obj (.text:_ZNSt3__23minIjNS_6__lessIjjEEEERKT_S5_S5_T0_)
                  00017af4    0000001c     usblib.lib : usbdcdesc.obj (.text:USBDCDConfigGetInterface)
                  00017b10    0000001c                : usbdenum.obj (.text:USBDCDStallEP0)
                  00017b2c    0000001c                : usbringbuf.obj (.text:USBRingBufRead)
                  00017b48    0000001c                : usbringbuf.obj (.text:USBRingBufWrite)
                  00017b64    0000001c     I2C_monitor.obj (.text:_ZNSt3__29__advanceIPP6I2cMsgEEvRT_NS_15iterator_traitsIS4_E15difference_typeENS_26random_access_iterator_tagE)
                  00017b80    0000001c     SPI_monitor.obj (.text:_ZNSt3__29__advanceIPP6SpiMsgEEvRT_NS_15iterator_traitsIS4_E15difference_typeENS_26random_access_iterator_tagE)
                  00017b9c    0000001c     rtsv7M4_T_le_v4SPD16_eabi.lib : assert.c.obj (.text:_abort_msg)
                  00017bb8    0000001c                                   : memory.c.obj (.text:free_list_remove)
                  00017bd4    0000001c                                   : memccpy.c.obj (.text:memccpy)
                  00017bf0    0000001a     usblib.lib : usbdcdc.obj (.text:DeviceConsumedAllData)
                  00017c0a    0000001a                : usbdcdesc.obj (.text:USBDCDConfigDescGetSize)
                  00017c24    0000001a     rtsv7M4_T_le_v4SPD16_eabi.lib : s_copysign.c.obj (.text:copysign)
                  00017c3e    00000018     usblib.lib : usbdcdc.obj (.text:SetDeferredOpFlag)
                  00017c56    00000002     --HOLE-- [fill = 0]
                  00017c58    00000018                : usbdhandler.obj (.text:USB0DeviceIntHandler)
                  00017c70    00000018                : usbbuffer.obj (.text:USBBufferInit)
                  00017c88    00000018                : usbdenum.obj (.text:USBDCDFeatureGet)
                  00017ca0    00000018                : usbdenum.obj (.text:USBDSetDescriptor)
                  00017cb8    00000018                : usbdenum.obj (.text:USBDSyncFrame)
                  00017cd0    00000018     I2C_monitor.obj (.text:_ZNSt3__210__distanceIPP6I2cMsgEENS_15iterator_traitsIT_E15difference_typeES5_S5_NS_26random_access_iterator_tagE)
                  00017ce8    00000018     SPI_monitor.obj (.text:_ZNSt3__210__distanceIPP6SpiMsgEENS_15iterator_traitsIT_E15difference_typeES5_S5_NS_26random_access_iterator_tagE)
                  00017d00    00000018     rtsv7M4_T_le_v4SPD16_eabi.lib : sprintf.c.obj (.text:_outs)
                  00017d18    00000018                                   : strcmp.c.obj (.text:strcmp)
                  00017d30    00000016     usblib.lib : usbdcdc.obj (.text:CheckAndSendLineCodingChange)
                  00017d46    00000016                : usbdcdc.obj (.text:CheckAndSendLineStateChange)
                  00017d5c    00000016                : usbringbuf.obj (.text:USBRingBufFlush)
                  00017d72    00000016                : usbringbuf.obj (.text:USBRingBufReadOne)
                  00017d88    00000016                : usbringbuf.obj (.text:USBRingBufUsed)
                  00017d9e    00000016     console_task.obj (.text:_ZNKSt3__213__vector_baseIP11ConsolePageNS_9allocatorIS2_EEE8capacityEv)
                  00017db4    00000016     I2C_monitor.obj (.text:_ZNKSt3__213__vector_baseIP6I2cMsgNS_9allocatorIS2_EEE8capacityEv)
                  00017dca    00000016     SPI_command.obj (.text:_ZNKSt3__213__vector_baseIP6SpiMsgNS_9allocatorIS2_EEE8capacityEv)
                  00017de0    00000016     menu_page.obj (.text:_ZNKSt3__213__vector_baseIP7MenuRowNS_9allocatorIS2_EEE8capacityEv)
                  00017df6    00000016     console_task.obj (.text:_ZNKSt3__214__split_bufferIP11ConsolePageRNS_9allocatorIS2_EEE8capacityEv)
                  00017e0c    00000016     I2C_task.obj (.text:_ZNKSt3__214__split_bufferIP6I2cMsgRNS_9allocatorIS2_EEE8capacityEv)
                  00017e22    00000016     SPI_command.obj (.text:_ZNKSt3__214__split_bufferIP6SpiMsgRNS_9allocatorIS2_EEE8capacityEv)
                  00017e38    00000016     menu_page.obj (.text:_ZNKSt3__214__split_bufferIP7MenuRowRNS_9allocatorIS2_EEE8capacityEv)
                  00017e4e    00000016     console_task.obj (.text:_ZNKSt3__26vectorIP11ConsolePageNS_9allocatorIS2_EEE4sizeEv)
                  00017e64    00000016     I2C_monitor.obj (.text:_ZNKSt3__26vectorIP6I2cMsgNS_9allocatorIS2_EEE4sizeEv)
                  00017e7a    00000016     SPI_command.obj (.text:_ZNKSt3__26vectorIP6SpiMsgNS_9allocatorIS2_EEE4sizeEv)
                  00017e90    00000016     menu_page.obj (.text:_ZNKSt3__26vectorIP7MenuRowNS_9allocatorIS2_EEE4sizeEv)
                  00017ea6    00000016     console_task.obj (.text:_ZNSt3__222__compressed_pair_elemIPP11ConsolePageLi0ELb0EEC1IDnvEEOT_)
                  00017ebc    00000016     I2C_monitor.obj (.text:_ZNSt3__222__compressed_pair_elemIPP6I2cMsgLi0ELb0EEC1IDnvEEOT_)
                  00017ed2    00000016     SPI_command.obj (.text:_ZNSt3__222__compressed_pair_elemIPP6SpiMsgLi0ELb0EEC1IDnvEEOT_)
                  00017ee8    00000016     menu_page.obj (.text:_ZNSt3__222__compressed_pair_elemIPP7MenuRowLi0ELb0EEC1IDnvEEOT_)
                  00017efe    00000016     console_task.obj (.text:_ZNSt3__26vectorIP11ConsolePageNS_9allocatorIS2_EEEixEj)
                  00017f14    00000016     I2C_monitor.obj (.text:_ZNSt3__26vectorIP6I2cMsgNS_9allocatorIS2_EEEixEj)
                  00017f2a    00000016     SPI_command.obj (.text:_ZNSt3__26vectorIP6SpiMsgNS_9allocatorIS2_EEEixEj)
                  00017f40    00000016     menu_page.obj (.text:_ZNSt3__26vectorIP7MenuRowNS_9allocatorIS2_EEEixEj)
                  00017f56    00000016     rtsv7M4_T_le_v4SPD16_eabi.lib : strchr.c.obj (.text:strchr)
                  00017f6c    00000014     usblib.lib : usbbuffer.obj (.text:HandleTxComplete)
                  00017f80    00000014                : usbdcdc.obj (.text:USBDCDCTxPacketAvailable)
                  00017f94    00000014                : usbdenum.obj (.text:USBDCDRequestDataEP0)
                  00017fa8    00000014                : usbdenum.obj (.text:USBDCDSendDataEP0)
                  00017fbc    00000014     I2C_monitor.obj (.text:_ZNSt3__213__vector_baseIP6I2cMsgNS_9allocatorIS2_EEE19__copy_assign_allocERKS5_)
                  00017fd0    00000014     SPI_monitor.obj (.text:_ZNSt3__213__vector_baseIP6SpiMsgNS_9allocatorIS2_EEE19__copy_assign_allocERKS5_)
                  00017fe4    00000014     console_task.obj (.text:_ZNSt3__214__split_bufferIP11ConsolePageRNS_9allocatorIS2_EEE17__destruct_at_endEPS2_)
                  00017ff8    00000014     I2C_task.obj (.text:_ZNSt3__214__split_bufferIP6I2cMsgRNS_9allocatorIS2_EEE17__destruct_at_endEPS2_)
                  0001800c    00000014     SPI_command.obj (.text:_ZNSt3__214__split_bufferIP6SpiMsgRNS_9allocatorIS2_EEE17__destruct_at_endEPS2_)
                  00018020    00000014     menu_page.obj (.text:_ZNSt3__214__split_bufferIP7MenuRowRNS_9allocatorIS2_EEE17__destruct_at_endEPS2_)
                  00018034    00000014     console_task.obj (.text:_ZNSt3__216allocator_traitsINS_9allocatorIP11ConsolePageEEE10deallocateERS4_PS3_j)
                  00018048    00000014     console_task.obj (.text:_ZNSt3__216allocator_traitsINS_9allocatorIP11ConsolePageEEE7destroyIS3_EEvRS4_PT_)
                  0001805c    00000014     console_task.obj (.text:_ZNSt3__216allocator_traitsINS_9allocatorIP11ConsolePageEEE9__destroyIS3_EEvNS_17integral_constantIbLb1EEERS4_PT_)
                  00018070    00000014     I2C_monitor.obj (.text:_ZNSt3__216allocator_traitsINS_9allocatorIP6I2cMsgEEE10deallocateERS4_PS3_j)
                  00018084    00000014     I2C_monitor.obj (.text:_ZNSt3__216allocator_traitsINS_9allocatorIP6I2cMsgEEE7destroyIS3_EEvRS4_PT_)
                  00018098    00000014     I2C_monitor.obj (.text:_ZNSt3__216allocator_traitsINS_9allocatorIP6I2cMsgEEE9__destroyIS3_EEvNS_17integral_constantIbLb1EEERS4_PT_)
                  000180ac    00000014     SPI_command.obj (.text:_ZNSt3__216allocator_traitsINS_9allocatorIP6SpiMsgEEE10deallocateERS4_PS3_j)
                  000180c0    00000014     SPI_command.obj (.text:_ZNSt3__216allocator_traitsINS_9allocatorIP6SpiMsgEEE7destroyIS3_EEvRS4_PT_)
                  000180d4    00000014     SPI_command.obj (.text:_ZNSt3__216allocator_traitsINS_9allocatorIP6SpiMsgEEE9__destroyIS3_EEvNS_17integral_constantIbLb1EEERS4_PT_)
                  000180e8    00000014     menu_page.obj (.text:_ZNSt3__216allocator_traitsINS_9allocatorIP7MenuRowEEE10deallocateERS4_PS3_j)
                  000180fc    00000014     menu_page.obj (.text:_ZNSt3__216allocator_traitsINS_9allocatorIP7MenuRowEEE7destroyIS3_EEvRS4_PT_)
                  00018110    00000014     menu_page.obj (.text:_ZNSt3__216allocator_traitsINS_9allocatorIP7MenuRowEEE9__destroyIS3_EEvNS_17integral_constantIbLb1EEERS4_PT_)
                  00018124    00000014     console_task.obj (.text:_ZNSt3__222__compressed_pair_elemIRNS_9allocatorIP11ConsolePageEELi1ELb0EEC1IS5_vEEOT_)
                  00018138    00000014     I2C_task.obj (.text:_ZNSt3__222__compressed_pair_elemIRNS_9allocatorIP6I2cMsgEELi1ELb0EEC1IS5_vEEOT_)
                  0001814c    00000014     SPI_command.obj (.text:_ZNSt3__222__compressed_pair_elemIRNS_9allocatorIP6SpiMsgEELi1ELb0EEC1IS5_vEEOT_)
                  00018160    00000014     menu_page.obj (.text:_ZNSt3__222__compressed_pair_elemIRNS_9allocatorIP7MenuRowEELi1ELb0EEC1IS5_vEEOT_)
                  00018174    00000014     I2C_monitor.obj (.text:_ZNSt3__23maxIjEERKT_S3_S3_)
                  00018188    00000014     I2C_monitor.obj (.text:_ZNSt3__23minIjEERKT_S3_S3_)
                  0001819c    00000014     I2C_monitor.obj (.text:_ZNSt3__27advanceIPP6I2cMsgEEvRT_NS_15iterator_traitsIS4_E15difference_typeE)
                  000181b0    00000014     SPI_monitor.obj (.text:_ZNSt3__27advanceIPP6SpiMsgEEvRT_NS_15iterator_traitsIS4_E15difference_typeE)
                  000181c4    00000014     I2C_monitor.obj (.text:_ZNSt3__28distanceIPP6I2cMsgEENS_15iterator_traitsIT_E15difference_typeES5_S5_)
                  000181d8    00000014     SPI_monitor.obj (.text:_ZNSt3__28distanceIPP6SpiMsgEENS_15iterator_traitsIT_E15difference_typeES5_S5_)
                  000181ec    00000014     rtsv7M4_T_le_v4SPD16_eabi.lib : strcpy.c.obj (.text:strcpy)
                  00018200    00000014                                   : strlen.c.obj (.text:strlen)
                  00018214    00000012     usblib.lib : usbdcdc.obj (.text:HandleResume)
                  00018226    00000012                : usbdcdc.obj (.text:HandleSuspend)
                  00018238    00000012                : usbringbuf.obj (.text:USBRingBufFree)
                  0001824a    00000012     console_task.obj (.text:_ZNSt3__216allocator_traitsINS_9allocatorIP11ConsolePageEEE8allocateERS4_j)
                  0001825c    00000012     I2C_monitor.obj (.text:_ZNSt3__216allocator_traitsINS_9allocatorIP6I2cMsgEEE8allocateERS4_j)
                  0001826e    00000012     SPI_command.obj (.text:_ZNSt3__216allocator_traitsINS_9allocatorIP6SpiMsgEEE8allocateERS4_j)
                  00018280    00000012     menu_page.obj (.text:_ZNSt3__216allocator_traitsINS_9allocatorIP7MenuRowEEE8allocateERS4_j)
                  00018292    00000012     rtsv7M4_T_le_v4SPD16_eabi.lib : wcslen.c.obj (.text:wcslen)
                  000182a4    00000010     usblib.lib : usbringbuf.obj (.text:USBRingBufContigUsed)
                  000182b4    00000010                : usbringbuf.obj (.text:USBRingBufWriteOne)
                  000182c4    00000010     console_task.obj (.text:_ZNKSt3__26vectorIP11ConsolePageNS_9allocatorIS2_EEE31__annotate_contiguous_containerEPKvS7_S7_S7_)
                  000182d4    00000010     I2C_monitor.obj (.text:_ZNKSt3__26vectorIP6I2cMsgNS_9allocatorIS2_EEE31__annotate_contiguous_containerEPKvS7_S7_S7_)
                  000182e4    00000010     SPI_command.obj (.text:_ZNKSt3__26vectorIP6SpiMsgNS_9allocatorIS2_EEE31__annotate_contiguous_containerEPKvS7_S7_S7_)
                  000182f4    00000010     menu_page.obj (.text:_ZNKSt3__26vectorIP7MenuRowNS_9allocatorIS2_EEE31__annotate_contiguous_containerEPKvS7_S7_S7_)
                  00018304    00000010     I2C_monitor.obj (.text:_ZNSt3__213__vector_baseIP6I2cMsgNS_9allocatorIS2_EEE19__copy_assign_allocERKS5_NS_17integral_constantIbLb0EEE)
                  00018314    00000010     I2C_monitor.obj (.text:_ZNSt3__213__vector_baseIP6I2cMsgNS_9allocatorIS2_EEE5clearEv)
                  00018324    00000010     SPI_monitor.obj (.text:_ZNSt3__213__vector_baseIP6SpiMsgNS_9allocatorIS2_EEE19__copy_assign_allocERKS5_NS_17integral_constantIbLb0EEE)
                  00018334    00000010     SPI_monitor.obj (.text:_ZNSt3__213__vector_baseIP6SpiMsgNS_9allocatorIS2_EEE5clearEv)
                  00018344    00000010     console_task.obj (.text:_ZNSt3__214__split_bufferIP11ConsolePageRNS_9allocatorIS2_EEE5clearEv)
                  00018354    00000010     I2C_task.obj (.text:_ZNSt3__214__split_bufferIP6I2cMsgRNS_9allocatorIS2_EEE5clearEv)
                  00018364    00000010     SPI_command.obj (.text:_ZNSt3__214__split_bufferIP6SpiMsgRNS_9allocatorIS2_EEE5clearEv)
                  00018374    00000010     menu_page.obj (.text:_ZNSt3__214__split_bufferIP7MenuRowRNS_9allocatorIS2_EEE5clearEv)
                  00018384    00000010     console_task.obj (.text:_ZNSt3__216allocator_traitsINS_9allocatorIP11ConsolePageEEE10__max_sizeENS_17integral_constantIbLb1EEERKS4_)
                  00018394    00000010     console_task.obj (.text:_ZNSt3__216allocator_traitsINS_9allocatorIP11ConsolePageEEE8max_sizeERKS4_)
                  000183a4    00000010     I2C_monitor.obj (.text:_ZNSt3__216allocator_traitsINS_9allocatorIP6I2cMsgEEE10__max_sizeENS_17integral_constantIbLb1EEERKS4_)
                  000183b4    00000010     I2C_monitor.obj (.text:_ZNSt3__216allocator_traitsINS_9allocatorIP6I2cMsgEEE8max_sizeERKS4_)
                  000183c4    00000010     SPI_command.obj (.text:_ZNSt3__216allocator_traitsINS_9allocatorIP6SpiMsgEEE10__max_sizeENS_17integral_constantIbLb1EEERKS4_)
                  000183d4    00000010     SPI_command.obj (.text:_ZNSt3__216allocator_traitsINS_9allocatorIP6SpiMsgEEE8max_sizeERKS4_)
                  000183e4    00000010     menu_page.obj (.text:_ZNSt3__216allocator_traitsINS_9allocatorIP7MenuRowEEE10__max_sizeENS_17integral_constantIbLb1EEERKS4_)
                  000183f4    00000010     menu_page.obj (.text:_ZNSt3__216allocator_traitsINS_9allocatorIP7MenuRowEEE8max_sizeERKS4_)
                  00018404    00000010     console_task.obj (.text:_ZNSt3__222__compressed_pair_elemIPP11ConsolePageLi0ELb0EEC2IDnvEEOT_)
                  00018414    00000010     I2C_monitor.obj (.text:_ZNSt3__222__compressed_pair_elemIPP6I2cMsgLi0ELb0EEC2IDnvEEOT_)
                  00018424    00000010     SPI_command.obj (.text:_ZNSt3__222__compressed_pair_elemIPP6SpiMsgLi0ELb0EEC2IDnvEEOT_)
                  00018434    00000010     menu_page.obj (.text:_ZNSt3__222__compressed_pair_elemIPP7MenuRowLi0ELb0EEC2IDnvEEOT_)
                  00018444    00000010     console_task.obj (.text:_ZNSt3__222__compressed_pair_elemIRNS_9allocatorIP11ConsolePageEELi1ELb0EEC2IS5_vEEOT_)
                  00018454    00000010     I2C_task.obj (.text:_ZNSt3__222__compressed_pair_elemIRNS_9allocatorIP6I2cMsgEELi1ELb0EEC2IS5_vEEOT_)
                  00018464    00000010     SPI_command.obj (.text:_ZNSt3__222__compressed_pair_elemIRNS_9allocatorIP6SpiMsgEELi1ELb0EEC2IS5_vEEOT_)
                  00018474    00000010     menu_page.obj (.text:_ZNSt3__222__compressed_pair_elemIRNS_9allocatorIP7MenuRowEELi1ELb0EEC2IS5_vEEOT_)
                  00018484    00000010     console_task.obj (.text:_ZNSt3__26vectorIP11ConsolePageNS_9allocatorIS2_EEE24__RAII_IncreaseAnnotatorC1ERKS5_j)
                  00018494    00000010     I2C_monitor.obj (.text:_ZNSt3__26vectorIP6I2cMsgNS_9allocatorIS2_EEE24__RAII_IncreaseAnnotatorC1ERKS5_j)
                  000184a4    00000010     SPI_command.obj (.text:_ZNSt3__26vectorIP6SpiMsgNS_9allocatorIS2_EEE24__RAII_IncreaseAnnotatorC1ERKS5_j)
                  000184b4    00000010     menu_page.obj (.text:_ZNSt3__26vectorIP7MenuRowNS_9allocatorIS2_EEE24__RAII_IncreaseAnnotatorC1ERKS5_j)
                  000184c4    00000010     console_task.obj (.text:_ZNSt3__29allocatorIP11ConsolePageE10deallocateEPS2_j)
                  000184d4    00000010     I2C_monitor.obj (.text:_ZNSt3__29allocatorIP6I2cMsgE10deallocateEPS2_j)
                  000184e4    00000010     SPI_command.obj (.text:_ZNSt3__29allocatorIP6SpiMsgE10deallocateEPS2_j)
                  000184f4    00000010     menu_page.obj (.text:_ZNSt3__29allocatorIP7MenuRowE10deallocateEPS2_j)
                  00018504    0000000e     usblib.lib : usbdma.obj (.text:DMAUSBIntStatusClear)
                  00018512    0000000e     rtsv7M4_T_le_v4SPD16_eabi.lib : typeinfo.c.obj (.text:_ZN10__cxxabiv117__class_type_infoD0Ev)
                  00018520    0000000e                                   : typeinfo.c.obj (.text:_ZN10__cxxabiv120__si_class_type_infoD0Ev)
                  0001852e    0000000e     console_task.obj (.text:_ZNKSt3__213__vector_baseIP11ConsolePageNS_9allocatorIS2_EEE7__allocEv)
                  0001853c    0000000e     console_task.obj (.text:_ZNKSt3__213__vector_baseIP11ConsolePageNS_9allocatorIS2_EEE9__end_capEv)
                  0001854a    0000000e     I2C_monitor.obj (.text:_ZNKSt3__213__vector_baseIP6I2cMsgNS_9allocatorIS2_EEE7__allocEv)
                  00018558    0000000e     I2C_monitor.obj (.text:_ZNKSt3__213__vector_baseIP6I2cMsgNS_9allocatorIS2_EEE9__end_capEv)
                  00018566    0000000e     SPI_command.obj (.text:_ZNKSt3__213__vector_baseIP6SpiMsgNS_9allocatorIS2_EEE7__allocEv)
                  00018574    0000000e     SPI_command.obj (.text:_ZNKSt3__213__vector_baseIP6SpiMsgNS_9allocatorIS2_EEE9__end_capEv)
                  00018582    0000000e     menu_page.obj (.text:_ZNKSt3__213__vector_baseIP7MenuRowNS_9allocatorIS2_EEE7__allocEv)
                  00018590    0000000e     menu_page.obj (.text:_ZNKSt3__213__vector_baseIP7MenuRowNS_9allocatorIS2_EEE9__end_capEv)
                  0001859e    0000000e     console_task.obj (.text:_ZNKSt3__214__split_bufferIP11ConsolePageRNS_9allocatorIS2_EEE9__end_capEv)
                  000185ac    0000000e     I2C_task.obj (.text:_ZNKSt3__214__split_bufferIP6I2cMsgRNS_9allocatorIS2_EEE9__end_capEv)
                  000185ba    0000000e     SPI_command.obj (.text:_ZNKSt3__214__split_bufferIP6SpiMsgRNS_9allocatorIS2_EEE9__end_capEv)
                  000185c8    0000000e     menu_page.obj (.text:_ZNKSt3__214__split_bufferIP7MenuRowRNS_9allocatorIS2_EEE9__end_capEv)
                  000185d6    0000000e     console_task.obj (.text:_ZNKSt3__26vectorIP11ConsolePageNS_9allocatorIS2_EEE4dataEv)
                  000185e4    0000000e     I2C_monitor.obj (.text:_ZNKSt3__26vectorIP6I2cMsgNS_9allocatorIS2_EEE4dataEv)
                  000185f2    0000000e     SPI_command.obj (.text:_ZNKSt3__26vectorIP6SpiMsgNS_9allocatorIS2_EEE4dataEv)
                  00018600    0000000e     menu_page.obj (.text:_ZNKSt3__26vectorIP7MenuRowNS_9allocatorIS2_EEE4dataEv)
                  0001860e    0000000e     console_task.obj (.text:_ZNKSt3__29allocatorIP11ConsolePageE8max_sizeEv)
                  0001861c    0000000e     I2C_monitor.obj (.text:_ZNKSt3__29allocatorIP6I2cMsgE8max_sizeEv)
                  0001862a    0000000e     SPI_command.obj (.text:_ZNKSt3__29allocatorIP6SpiMsgE8max_sizeEv)
                  00018638    0000000e     menu_page.obj (.text:_ZNKSt3__29allocatorIP7MenuRowE8max_sizeEv)
                  00018646    0000000e     console_task.obj (.text:_ZNSt3__213__vector_baseIP11ConsolePageNS_9allocatorIS2_EEE7__allocEv)
                  00018654    0000000e     console_task.obj (.text:_ZNSt3__213__vector_baseIP11ConsolePageNS_9allocatorIS2_EEE9__end_capEv)
                  00018662    0000000e     I2C_monitor.obj (.text:_ZNSt3__213__vector_baseIP6I2cMsgNS_9allocatorIS2_EEE7__allocEv)
                  00018670    0000000e     I2C_monitor.obj (.text:_ZNSt3__213__vector_baseIP6I2cMsgNS_9allocatorIS2_EEE9__end_capEv)
                  0001867e    0000000e     SPI_command.obj (.text:_ZNSt3__213__vector_baseIP6SpiMsgNS_9allocatorIS2_EEE7__allocEv)
                  0001868c    0000000e     SPI_command.obj (.text:_ZNSt3__213__vector_baseIP6SpiMsgNS_9allocatorIS2_EEE9__end_capEv)
                  0001869a    0000000e     menu_page.obj (.text:_ZNSt3__213__vector_baseIP7MenuRowNS_9allocatorIS2_EEE7__allocEv)
                  000186a8    0000000e     menu_page.obj (.text:_ZNSt3__213__vector_baseIP7MenuRowNS_9allocatorIS2_EEE9__end_capEv)
                  000186b6    0000000e     console_task.obj (.text:_ZNSt3__214__split_bufferIP11ConsolePageRNS_9allocatorIS2_EEE7__allocEv)
                  000186c4    0000000e     console_task.obj (.text:_ZNSt3__214__split_bufferIP11ConsolePageRNS_9allocatorIS2_EEE9__end_capEv)
                  000186d2    0000000e     I2C_task.obj (.text:_ZNSt3__214__split_bufferIP6I2cMsgRNS_9allocatorIS2_EEE7__allocEv)
                  000186e0    0000000e     I2C_task.obj (.text:_ZNSt3__214__split_bufferIP6I2cMsgRNS_9allocatorIS2_EEE9__end_capEv)
                  000186ee    0000000e     SPI_command.obj (.text:_ZNSt3__214__split_bufferIP6SpiMsgRNS_9allocatorIS2_EEE7__allocEv)
                  000186fc    0000000e     SPI_command.obj (.text:_ZNSt3__214__split_bufferIP6SpiMsgRNS_9allocatorIS2_EEE9__end_capEv)
                  0001870a    0000000e     menu_page.obj (.text:_ZNSt3__214__split_bufferIP7MenuRowRNS_9allocatorIS2_EEE7__allocEv)
                  00018718    0000000e     menu_page.obj (.text:_ZNSt3__214__split_bufferIP7MenuRowRNS_9allocatorIS2_EEE9__end_capEv)
                  00018726    0000000e     console_task.obj (.text:_ZNSt3__217__compressed_pairIPP11ConsolePageRNS_9allocatorIS2_EEE6secondEv)
                  00018734    0000000e     I2C_task.obj (.text:_ZNSt3__217__compressed_pairIPP6I2cMsgRNS_9allocatorIS2_EEE6secondEv)
                  00018742    0000000e     SPI_command.obj (.text:_ZNSt3__217__compressed_pairIPP6SpiMsgRNS_9allocatorIS2_EEE6secondEv)
                  00018750    0000000e     menu_page.obj (.text:_ZNSt3__217__compressed_pairIPP7MenuRowRNS_9allocatorIS2_EEE6secondEv)
                  0001875e    0000000e     console_task.obj (.text:_ZNSt3__222__compressed_pair_elemINS_9allocatorIP11ConsolePageEELi1ELb1EEC1Ev)
                  0001876c    0000000e     I2C_monitor.obj (.text:_ZNSt3__222__compressed_pair_elemINS_9allocatorIP6I2cMsgEELi1ELb1EEC1Ev)
                  0001877a    0000000e     SPI_command.obj (.text:_ZNSt3__222__compressed_pair_elemINS_9allocatorIP6SpiMsgEELi1ELb1EEC1Ev)
                  00018788    0000000e     menu_page.obj (.text:_ZNSt3__222__compressed_pair_elemINS_9allocatorIP7MenuRowEELi1ELb1EEC1Ev)
                  00018796    0000000e     console_task.obj (.text:_ZNSt3__222__compressed_pair_elemIRNS_9allocatorIP11ConsolePageEELi1ELb0EE5__getEv)
                  000187a4    0000000e     I2C_task.obj (.text:_ZNSt3__222__compressed_pair_elemIRNS_9allocatorIP6I2cMsgEELi1ELb0EE5__getEv)
                  000187b2    0000000e     SPI_command.obj (.text:_ZNSt3__222__compressed_pair_elemIRNS_9allocatorIP6SpiMsgEELi1ELb0EE5__getEv)
                  000187c0    0000000e     menu_page.obj (.text:_ZNSt3__222__compressed_pair_elemIRNS_9allocatorIP7MenuRowEELi1ELb0EE5__getEv)
                  000187ce    0000000e     console_task.obj (.text:_ZNSt3__26vectorIP11ConsolePageNS_9allocatorIS2_EEEC1Ev)
                  000187dc    0000000e     I2C_monitor.obj (.text:_ZNSt3__26vectorIP6I2cMsgNS_9allocatorIS2_EEEC1Ev)
                  000187ea    0000000e     SPI_command.obj (.text:_ZNSt3__26vectorIP6SpiMsgNS_9allocatorIS2_EEEC1Ev)
                  000187f8    0000000e     menu_page.obj (.text:_ZNSt3__26vectorIP7MenuRowNS_9allocatorIS2_EEEC1Ev)
                  00018806    0000000e     I2C_task.obj (.text:_ZnwjPv)
                  00018814    0000000e     rtsv7M4_T_le_v4SPD16_eabi.lib : copy_decompress_none.c.obj (.text:decompress:none:__TI_decompress_none)
                  00018822    0000000c     usblib.lib : usbringbuf.obj (.text:USBRingBufInit)
                  0001882e    0000000c     console_task.obj (.text:_ZNKSt3__217__compressed_pairIPP11ConsolePageNS_9allocatorIS2_EEE5firstEv)
                  0001883a    0000000c     console_task.obj (.text:_ZNKSt3__217__compressed_pairIPP11ConsolePageNS_9allocatorIS2_EEE6secondEv)
                  00018846    0000000c     console_task.obj (.text:_ZNKSt3__217__compressed_pairIPP11ConsolePageRNS_9allocatorIS2_EEE5firstEv)
                  00018852    0000000c     I2C_monitor.obj (.text:_ZNKSt3__217__compressed_pairIPP6I2cMsgNS_9allocatorIS2_EEE5firstEv)
                  0001885e    0000000c     I2C_monitor.obj (.text:_ZNKSt3__217__compressed_pairIPP6I2cMsgNS_9allocatorIS2_EEE6secondEv)
                  0001886a    0000000c     I2C_task.obj (.text:_ZNKSt3__217__compressed_pairIPP6I2cMsgRNS_9allocatorIS2_EEE5firstEv)
                  00018876    0000000c     SPI_command.obj (.text:_ZNKSt3__217__compressed_pairIPP6SpiMsgNS_9allocatorIS2_EEE5firstEv)
                  00018882    0000000c     SPI_command.obj (.text:_ZNKSt3__217__compressed_pairIPP6SpiMsgNS_9allocatorIS2_EEE6secondEv)
                  0001888e    0000000c     SPI_command.obj (.text:_ZNKSt3__217__compressed_pairIPP6SpiMsgRNS_9allocatorIS2_EEE5firstEv)
                  0001889a    0000000c     menu_page.obj (.text:_ZNKSt3__217__compressed_pairIPP7MenuRowNS_9allocatorIS2_EEE5firstEv)
                  000188a6    0000000c     menu_page.obj (.text:_ZNKSt3__217__compressed_pairIPP7MenuRowNS_9allocatorIS2_EEE6secondEv)
                  000188b2    0000000c     menu_page.obj (.text:_ZNKSt3__217__compressed_pairIPP7MenuRowRNS_9allocatorIS2_EEE5firstEv)
                  000188be    00000002     --HOLE-- [fill = 0]
                  000188c0    0000000c     rtsv7M4_T_le_v4SPD16_eabi.lib : vector.cpp.obj (.text:_ZNKSt3__220__vector_base_commonILb1EE20__throw_length_errorEv)
                  000188cc    0000000c     console_task.obj (.text:_ZNKSt3__222__compressed_pair_elemINS_9allocatorIP11ConsolePageEELi1ELb1EE5__getEv)
                  000188d8    0000000c     I2C_monitor.obj (.text:_ZNKSt3__222__compressed_pair_elemINS_9allocatorIP6I2cMsgEELi1ELb1EE5__getEv)
                  000188e4    0000000c     SPI_command.obj (.text:_ZNKSt3__222__compressed_pair_elemINS_9allocatorIP6SpiMsgEELi1ELb1EE5__getEv)
                  000188f0    0000000c     menu_page.obj (.text:_ZNKSt3__222__compressed_pair_elemINS_9allocatorIP7MenuRowEELi1ELb1EE5__getEv)
                  000188fc    0000000c     console_task.obj (.text:_ZNKSt3__222__compressed_pair_elemIPP11ConsolePageLi0ELb0EE5__getEv)
                  00018908    0000000c     I2C_monitor.obj (.text:_ZNKSt3__222__compressed_pair_elemIPP6I2cMsgLi0ELb0EE5__getEv)
                  00018914    0000000c     SPI_command.obj (.text:_ZNKSt3__222__compressed_pair_elemIPP6SpiMsgLi0ELb0EE5__getEv)
                  00018920    0000000c     menu_page.obj (.text:_ZNKSt3__222__compressed_pair_elemIPP7MenuRowLi0ELb0EE5__getEv)
                  0001892c    0000000c     console_task.obj (.text:_ZNKSt3__26vectorIP11ConsolePageNS_9allocatorIS2_EEE8capacityEv)
                  00018938    0000000c     I2C_monitor.obj (.text:_ZNKSt3__26vectorIP6I2cMsgNS_9allocatorIS2_EEE8capacityEv)
                  00018944    0000000c     SPI_command.obj (.text:_ZNKSt3__26vectorIP6SpiMsgNS_9allocatorIS2_EEE8capacityEv)
                  00018950    0000000c     menu_page.obj (.text:_ZNKSt3__26vectorIP7MenuRowNS_9allocatorIS2_EEE8capacityEv)
                  0001895c    0000000c     I2C_monitor.obj (.text:_ZNSt3__210__allocateEj)
                  00018968    0000000c     I2C_monitor.obj (.text:_ZNSt3__213__unwrap_iterIPP6I2cMsgEET_S4_)
                  00018974    0000000c     SPI_monitor.obj (.text:_ZNSt3__213__unwrap_iterIPP6SpiMsgEET_S4_)
                  00018980    0000000c     console_task.obj (.text:_ZNSt3__213__vector_baseIP11ConsolePageNS_9allocatorIS2_EEEC2Ev)
                  0001898c    0000000c     I2C_monitor.obj (.text:_ZNSt3__213__vector_baseIP6I2cMsgNS_9allocatorIS2_EEEC2Ev)
                  00018998    0000000c     SPI_command.obj (.text:_ZNSt3__213__vector_baseIP6SpiMsgNS_9allocatorIS2_EEEC2Ev)
                  000189a4    0000000c     menu_page.obj (.text:_ZNSt3__213__vector_baseIP7MenuRowNS_9allocatorIS2_EEEC2Ev)
                  000189b0    0000000c     console_task.obj (.text:_ZNSt3__216__to_raw_pointerIP11ConsolePageEEPT_S4_)
                  000189bc    0000000c     I2C_monitor.obj (.text:_ZNSt3__216__to_raw_pointerIP6I2cMsgEEPT_S4_)
                  000189c8    0000000c     SPI_command.obj (.text:_ZNSt3__216__to_raw_pointerIP6SpiMsgEEPT_S4_)
                  000189d4    0000000c     menu_page.obj (.text:_ZNSt3__216__to_raw_pointerIP7MenuRowEEPT_S4_)
                  000189e0    0000000c     console_task.obj (.text:_ZNSt3__217__compressed_pairIPP11ConsolePageNS_9allocatorIS2_EEE5firstEv)
                  000189ec    0000000c     console_task.obj (.text:_ZNSt3__217__compressed_pairIPP11ConsolePageNS_9allocatorIS2_EEE6secondEv)
                  000189f8    0000000c     console_task.obj (.text:_ZNSt3__217__compressed_pairIPP11ConsolePageRNS_9allocatorIS2_EEE5firstEv)
                  00018a04    0000000c     I2C_monitor.obj (.text:_ZNSt3__217__compressed_pairIPP6I2cMsgNS_9allocatorIS2_EEE5firstEv)
                  00018a10    0000000c     I2C_monitor.obj (.text:_ZNSt3__217__compressed_pairIPP6I2cMsgNS_9allocatorIS2_EEE6secondEv)
                  00018a1c    0000000c     I2C_task.obj (.text:_ZNSt3__217__compressed_pairIPP6I2cMsgRNS_9allocatorIS2_EEE5firstEv)
                  00018a28    0000000c     SPI_command.obj (.text:_ZNSt3__217__compressed_pairIPP6SpiMsgNS_9allocatorIS2_EEE5firstEv)
                  00018a34    0000000c     SPI_command.obj (.text:_ZNSt3__217__compressed_pairIPP6SpiMsgNS_9allocatorIS2_EEE6secondEv)
                  00018a40    0000000c     SPI_command.obj (.text:_ZNSt3__217__compressed_pairIPP6SpiMsgRNS_9allocatorIS2_EEE5firstEv)
                  00018a4c    0000000c     menu_page.obj (.text:_ZNSt3__217__compressed_pairIPP7MenuRowNS_9allocatorIS2_EEE5firstEv)
                  00018a58    0000000c     menu_page.obj (.text:_ZNSt3__217__compressed_pairIPP7MenuRowNS_9allocatorIS2_EEE6secondEv)
                  00018a64    0000000c     menu_page.obj (.text:_ZNSt3__217__compressed_pairIPP7MenuRowRNS_9allocatorIS2_EEE5firstEv)
                  00018a70    0000000c     I2C_monitor.obj (.text:_ZNSt3__219__libcpp_deallocateEPv)
                  00018a7c    0000000c     console_task.obj (.text:_ZNSt3__222__compressed_pair_elemINS_9allocatorIP11ConsolePageEELi1ELb1EE5__getEv)
                  00018a88    0000000c     console_task.obj (.text:_ZNSt3__222__compressed_pair_elemINS_9allocatorIP11ConsolePageEELi1ELb1EEC2Ev)
                  00018a94    0000000c     I2C_monitor.obj (.text:_ZNSt3__222__compressed_pair_elemINS_9allocatorIP6I2cMsgEELi1ELb1EE5__getEv)
                  00018aa0    0000000c     I2C_monitor.obj (.text:_ZNSt3__222__compressed_pair_elemINS_9allocatorIP6I2cMsgEELi1ELb1EEC2Ev)
                  00018aac    0000000c     SPI_command.obj (.text:_ZNSt3__222__compressed_pair_elemINS_9allocatorIP6SpiMsgEELi1ELb1EE5__getEv)
                  00018ab8    0000000c     SPI_command.obj (.text:_ZNSt3__222__compressed_pair_elemINS_9allocatorIP6SpiMsgEELi1ELb1EEC2Ev)
                  00018ac4    0000000c     menu_page.obj (.text:_ZNSt3__222__compressed_pair_elemINS_9allocatorIP7MenuRowEELi1ELb1EE5__getEv)
                  00018ad0    0000000c     menu_page.obj (.text:_ZNSt3__222__compressed_pair_elemINS_9allocatorIP7MenuRowEELi1ELb1EEC2Ev)
                  00018adc    0000000c     console_task.obj (.text:_ZNSt3__222__compressed_pair_elemIPP11ConsolePageLi0ELb0EE5__getEv)
                  00018ae8    0000000c     I2C_monitor.obj (.text:_ZNSt3__222__compressed_pair_elemIPP6I2cMsgLi0ELb0EE5__getEv)
                  00018af4    0000000c     SPI_command.obj (.text:_ZNSt3__222__compressed_pair_elemIPP6SpiMsgLi0ELb0EE5__getEv)
                  00018b00    0000000c     menu_page.obj (.text:_ZNSt3__222__compressed_pair_elemIPP7MenuRowLi0ELb0EE5__getEv)
                  00018b0c    0000000c     I2C_task.obj (.text:_ZNSt3__24moveIRP6I2cMsgEEONS_16remove_referenceIT_E4typeEOS5_)
                  00018b18    0000000c     SPI_command.obj (.text:_ZNSt3__24moveIRP6SpiMsgEEONS_16remove_referenceIT_E4typeEOS5_)
                  00018b24    0000000c     console_task.obj (.text:_ZNSt3__24moveIRPP11ConsolePageEEONS_16remove_referenceIT_E4typeEOS6_)
                  00018b30    0000000c     I2C_task.obj (.text:_ZNSt3__24moveIRPP6I2cMsgEEONS_16remove_referenceIT_E4typeEOS6_)
                  00018b3c    0000000c     SPI_command.obj (.text:_ZNSt3__24moveIRPP6SpiMsgEEONS_16remove_referenceIT_E4typeEOS6_)
                  00018b48    0000000c     menu_page.obj (.text:_ZNSt3__24moveIRPP7MenuRowEEONS_16remove_referenceIT_E4typeEOS6_)
                  00018b54    0000000c     I2C_monitor.obj (.text:_ZNSt3__26vectorIP6I2cMsgNS_9allocatorIS2_EEE27__invalidate_iterators_pastEPS2_)
                  00018b60    0000000c     SPI_monitor.obj (.text:_ZNSt3__26vectorIP6SpiMsgNS_9allocatorIS2_EEE27__invalidate_iterators_pastEPS2_)
                  00018b6c    0000000c     I2C_monitor.obj (.text:_ZNSt3__27forwardIDnEEOT_RNS_16remove_referenceIS1_E4typeE)
                  00018b78    0000000c     I2C_task.obj (.text:_ZNSt3__27forwardIP6I2cMsgEEOT_RNS_16remove_referenceIS3_E4typeE)
                  00018b84    0000000c     SPI_command.obj (.text:_ZNSt3__27forwardIP6SpiMsgEEOT_RNS_16remove_referenceIS3_E4typeE)
                  00018b90    0000000c     console_task.obj (.text:_ZNSt3__27forwardIRKP11ConsolePageEEOT_RNS_16remove_referenceIS5_E4typeE)
                  00018b9c    0000000c     menu_page.obj (.text:_ZNSt3__27forwardIRKP7MenuRowEEOT_RNS_16remove_referenceIS5_E4typeE)
                  00018ba8    0000000c     console_task.obj (.text:_ZNSt3__27forwardIRNS_9allocatorIP11ConsolePageEEEEOT_RNS_16remove_referenceIS6_E4typeE)
                  00018bb4    0000000c     I2C_task.obj (.text:_ZNSt3__27forwardIRNS_9allocatorIP6I2cMsgEEEEOT_RNS_16remove_referenceIS6_E4typeE)
                  00018bc0    0000000c     SPI_command.obj (.text:_ZNSt3__27forwardIRNS_9allocatorIP6SpiMsgEEEEOT_RNS_16remove_referenceIS6_E4typeE)
                  00018bcc    0000000c     menu_page.obj (.text:_ZNSt3__27forwardIRNS_9allocatorIP7MenuRowEEEEOT_RNS_16remove_referenceIS6_E4typeE)
                  00018bd8    0000000c     console_task.obj (.text:_ZNSt3__29allocatorIP11ConsolePageE7destroyEPS2_)
                  00018be4    0000000c     console_task.obj (.text:_ZNSt3__29allocatorIP11ConsolePageEC1Ev)
                  00018bf0    0000000c     console_task.obj (.text:_ZNSt3__29allocatorIP11ConsolePageEC2Ev)
                  00018bfc    0000000c     I2C_monitor.obj (.text:_ZNSt3__29allocatorIP6I2cMsgE7destroyEPS2_)
                  00018c08    0000000c     I2C_monitor.obj (.text:_ZNSt3__29allocatorIP6I2cMsgEC1Ev)
                  00018c14    0000000c     I2C_monitor.obj (.text:_ZNSt3__29allocatorIP6I2cMsgEC2Ev)
                  00018c20    0000000c     SPI_command.obj (.text:_ZNSt3__29allocatorIP6SpiMsgE7destroyEPS2_)
                  00018c2c    0000000c     SPI_command.obj (.text:_ZNSt3__29allocatorIP6SpiMsgEC1Ev)
                  00018c38    0000000c     SPI_command.obj (.text:_ZNSt3__29allocatorIP6SpiMsgEC2Ev)
                  00018c44    0000000c     menu_page.obj (.text:_ZNSt3__29allocatorIP7MenuRowE7destroyEPS2_)
                  00018c50    0000000c     menu_page.obj (.text:_ZNSt3__29allocatorIP7MenuRowEC1Ev)
                  00018c5c    0000000c     menu_page.obj (.text:_ZNSt3__29allocatorIP7MenuRowEC2Ev)
                  00018c68    0000000c     rtsv7M4_T_le_v4SPD16_eabi.lib : copy_zero_init.c.obj (.text:decompress:ZI:__TI_zero_init)
                  00018c74    0000000c     tm4c123gh6pm_startup_ccs.obj (.text)
                  00018c80    0000000a     I2C_monitor.obj (.text:_ZNSt3__220__throw_length_errorEPKc)
                  00018c8a    0000000a     console_task.obj (.text:_ZNSt3__26vectorIP11ConsolePageNS_9allocatorIS2_EEE24__RAII_IncreaseAnnotator6__doneEv)
                  00018c94    0000000a     console_task.obj (.text:_ZNSt3__26vectorIP11ConsolePageNS_9allocatorIS2_EEE26__invalidate_all_iteratorsEv)
                  00018c9e    0000000a     I2C_monitor.obj (.text:_ZNSt3__26vectorIP6I2cMsgNS_9allocatorIS2_EEE24__RAII_IncreaseAnnotator6__doneEv)
                  00018ca8    0000000a     I2C_monitor.obj (.text:_ZNSt3__26vectorIP6I2cMsgNS_9allocatorIS2_EEE26__invalidate_all_iteratorsEv)
                  00018cb2    0000000a     SPI_command.obj (.text:_ZNSt3__26vectorIP6SpiMsgNS_9allocatorIS2_EEE24__RAII_IncreaseAnnotator6__doneEv)
                  00018cbc    0000000a     SPI_command.obj (.text:_ZNSt3__26vectorIP6SpiMsgNS_9allocatorIS2_EEE26__invalidate_all_iteratorsEv)
                  00018cc6    0000000a     menu_page.obj (.text:_ZNSt3__26vectorIP7MenuRowNS_9allocatorIS2_EEE24__RAII_IncreaseAnnotator6__doneEv)
                  00018cd0    0000000a     menu_page.obj (.text:_ZNSt3__26vectorIP7MenuRowNS_9allocatorIS2_EEE26__invalidate_all_iteratorsEv)
                  00018cda    0000000a     rtsv7M4_T_le_v4SPD16_eabi.lib : sprintf.c.obj (.text:_outc)
                  00018ce4    00000008                                   : errno.c.obj (.text:__aeabi_errno_addr)
                  00018cec    00000008     usblib.lib : usbdma.obj (.text:iDMAUSBChannelIntDisable)
                  00018cf4    00000008                : usbdma.obj (.text:iDMAUSBChannelIntEnable)
                  00018cfc    00000008     rtsv7M4_T_le_v4SPD16_eabi.lib : memory.c.obj (.text:malloc)
                  00018d04    00000006     sysctl.obj (.text:SysCtlDelay)
                  00018d0a    00000006     usblib.lib : usbbuffer.obj (.text:USBBufferDataAvailable)
                  00018d10    00000006                : usbbuffer.obj (.text:USBBufferFlush)
                  00018d16    00000006                : usbbuffer.obj (.text:USBBufferSpaceAvailable)
                  00018d1c    00000006     rtsv7M4_T_le_v4SPD16_eabi.lib : pure_virt.c.obj (.text:__cxa_pure_virtual)
                  00018d22    00000006     usblib.lib : usbdma.obj (.text:iDMAUSBIntStatus)
                  00018d28    00000004                : usbdma.obj (.text:DMAUSBStatus)
                  00018d2c    00000004     rtsv7M4_T_le_v4SPD16_eabi.lib : typeinfo.c.obj (.text:_ZN10__cxxabiv117__class_type_infoD1Ev)
                  00018d30    00000004                                   : typeinfo.c.obj (.text:_ZN10__cxxabiv120__si_class_type_infoD1Ev)
                  00018d34    00000004                                   : new.cpp.obj (.text:_ZdlPvj)
                  00018d38    00000004                                   : error.c.obj (.text:__abort_execution)
                  00018d3c    00000004                                   : pre_init.c.obj (.text:_system_pre_init)
                  00018d40    00000004                                   : exit.c.obj (.text:abort:abort)

.const     0    00018d44    000010a8     
                  00018d44    00000120     sysctl.obj (.const:g_pppui32XTALtoVCO)
                  00018e64    00000101     rtsv7M4_T_le_v4SPD16_eabi.lib : ctype.c.obj (.const:.string:_ctypes_)
                  00018f65    00000003     --HOLE-- [fill = 0]
                  00018f68    000000ec     no_booster_board.obj (.const:.string)
                  00019054    000000c0     gpio.obj (.const:g_ppui32GPIOIntMapBlizzard)
                  00019114    000000c0     gpio.obj (.const:g_ppui32GPIOIntMapSnowflake)
                  000191d4    0000009c     interrupt.obj (.const:g_pui32Regs)
                  00019270    00000090     gpio.obj (.const:g_pui32GPIOBaseAddrs)
                  00019300    0000006c     sysctl.obj (.const:g_pui32Xtals)
                  0001936c    00000060     timer.obj (.const:g_ppui32TimerIntMap)
                  000193cc    00000052     GPOs.obj (.const:.string)
                  0001941e    00000002     --HOLE-- [fill = 0]
                  00019420    00000050     i2c.obj (.const:g_ppui32I2CIntMapSnowflake)
                  00019470    00000044     console_task.obj (.const:.string:_ZZNSt3__29allocatorIP11ConsolePageE8allocateEjPKvEs)
                  000194b4    00000044     I2C_monitor.obj (.const:.string:_ZZNSt3__29allocatorIP6I2cMsgE8allocateEjPKvEs)
                  000194f8    00000044     SPI_command.obj (.const:.string:_ZZNSt3__29allocatorIP6SpiMsgE8allocateEjPKvEs)
                  0001953c    00000044     menu_page.obj (.const:.string:_ZZNSt3__29allocatorIP7MenuRowE8allocateEjPKvEs)
                  00019580    00000040     timer.obj (.const:g_ppui32TimerIntMapSnowflake)
                  000195c0    00000040     uart.obj (.const:g_ppui32UARTIntMap)
                  00019600    00000040     uart.obj (.const:g_ppui32UARTIntMapSnowflake)
                  00019640    00000036     usb_serial_structs.obj (.const:.string:g_pui8ConfigString)
                  00019676    00000002     --HOLE-- [fill = 0]
                  00019678    00000034     usblib.lib : usbdenum.obj (.const:g_psUSBDStdRequests)
                  000196ac    00000030     i2c.obj (.const:g_ppui32I2CIntMap)
                  000196dc    00000030     usblib.lib : usbdcdc.obj (.const:g_sCDCHandlers)
                  0001970c    00000030     sysctl.obj (.const:g_sXTALtoMEMTIM)
                  0001973c    0000002c     usb_serial_structs.obj (.const:.string:g_pui8ControlInterfaceString)
                  00019768    00000025     rtsv7M4_T_le_v4SPD16_eabi.lib : typeinfo.c.obj (.const:.typeinfo:_ZTSN10__cxxabiv120__si_class_type_infoE)
                  0001978d    00000024     usb_serial_structs.obj (.const:.string:g_pui8ManufacturerString)
                  000197b1    00000023     usblib.lib : usbdcdc.obj (.const:.string:g_pui8CDCSerCommInterface)
                  000197d4    00000022     usb_serial_structs.obj (.const:.string:g_pui8ProductString)
[...]
20005df8  __stack                                                                                                                                                                                                                                                                          
20005ff8  __STACK_TOP                                                                                                                                                                                                                                                                      
200065f8  __STACK_END                                                                                                                                                                                                                                                                      
200065f8  _ftable                                                                                                                                                                                                                                                                          
200066e8  _device                                                                                                                                                                                                                                                                          
20006760  g_sCDCDevice                                                                                                                                                                                                                                                                     
200067c0  _stream                                                                                                                                                                                                                                                                          
20006810  g_sRxBuffer                                                                                                                                                                                                                                                                      
20006848  g_sTxBuffer                                                                                                                                                                                                                                                                      
20006880  pxCurrentTCB                                                                                                                                                                                                                                                                     
200069cc  i2c_speed_name                                                                                                                                                                                                                                                                   
200069d0  spi_mode_name                                                                                                                                                                                                                                                                    
200069d4  uart_parity_name                                                                                                                                                                                                                                                                 
200069d8  uart_stop_bit_name                                                                                                                                                                                                                                                               
200069dc  uart_mode_name                                                                                                                                                                                                                                                                   
200069e0  power_on_name                                                                                                                                                                                                                                                                    
200069e4  power_select_name                                                                                                                                                                                                                                                                
200069e8  pullup_en_name                                                                                                                                                                                                                                                                   
20006b60  g_ui32UARTTxCount                                                                                                                                                                                                                                                                
20006b64  g_ui32UARTRxCount                                                                                                                                                                                                                                                                
20006b74  gpo_obj                                                                                                                                                                                                                                                                          
20006b78  power_on_pin                                                                                                                                                                                                                                                                     
20006b7c  psel_1v8_pin                                                                                                                                                                                                                                                                     
20006b80  psel_3v3_pin                                                                                                                                                                                                                                                                     
20006b84  psel_5v_pin                                                                                                                                                                                                                                                                      
20006b88  pullup_en_pin                                                                                                                                                                                                                                                                    
20006ba4  uart_parity_menu                                                                                                                                                                                                                                                                 
20006bb8  g_pui8CDCSerDeviceDescriptor                                                                                                                                                                                                                                                     
20006c1c  g_psCDCCompSerSections                                                                                                                                                                                                                                                           
20006c2c  g_psCDCCompSerSectionsHS                                                                                                                                                                                                                                                         
20006c3c  __TI_ft_end                                                                                                                                                                                                                                                                      
20006c40  __aeabi_stdin                                                                                                                                                                                                                                                                    
20006c44  __aeabi_stdout                                                                                                                                                                                                                                                                   
20006c48  __aeabi_stderr                                                                                                                                                                                                                                                                   
20006c4c  spi_mode_menu                                                                                                                                                                                                                                                                    
20006c5c  __TI_cleanup_ptr                                                                                                                                                                                                                                                                 
20006c60  __TI_dtors_ptr                                                                                                                                                                                                                                                                   
20006c64  __TI_enable_exit_profile_output                                                                                                                                                                                                                                                  
20006c74  g_psCDCSerSections                                                                                                                                                                                                                                                               
20006c80  g_psCDCSerSectionsHS                                                                                                                                                                                                                                                             
20006c98  power_select_menu                                                                                                                                                                                                                                                                
20006ca4  g_bUSBTimerInitialized                                                                                                                                                                                                                                                           
20006ca8  g_ui32CurrentUSBTick                                                                                                                                                                                                                                                             
20006cac  g_ui32USBSOFCount                                                                                                                                                                                                                                                                
20006cb0  g_pui8CDCSerDescriptor                                                                                                                                                                                                                                                           
20006cc8  g_iUSBMode                                                                                                                                                                                                                                                                       
20006ccc  g_ui32WaitTicks                                                                                                                                                                                                                                                                  
20006cd4  _lock                                                                                                                                                                                                                                                                            
20006cd8  _unlock                                                                                                                                                                                                                                                                          
20006ce4  adc_pin_struct                                                                                                                                                                                                                                                                   
20006cec  board_gpi_info                                                                                                                                                                                                                                                                   
20006cf4  board_gpo_info                                                                                                                                                                                                                                                                   
20006cfc  board_pwm_info                                                                                                                                                                                                                                                                   
20006d08  _ZN11ErrorLogger3objE                                                                                                                                                                                                                                                            
20006d0c  g_pui8IADSerDescriptor                                                                                                                                                                                                                                                           
20006d14  i2c_speed_menu                                                                                                                                                                                                                                                                   
20006d1c  power_on_menu                                                                                                                                                                                                                                                                    
20006d24  pullup_en_menu                                                                                                                                                                                                                                                                   
20006d34  uart_mode_menu                                                                                                                                                                                                                                                                   
20006d3c  uart_stop_bit_menu                                                                                                                                                                                                                                                               
20006d5c  errno                                                                                                                                                                                                                                                                            
20006d60  _sys_memory                                                                                                                                                                                                                                                                      
ffffffff  __TI_pprof_out_hndl                                                                                                                                                                                                                                                              
ffffffff  __TI_prof_data_size                                                                                                                                                                                                                                                              
ffffffff  __TI_prof_data_start                                                                                                                                                                                                                                                             
ffffffff  __binit__                                                                                                                                                                                                                                                                        
ffffffff  __c_args__                                                                                                                                                                                                                                                                       
ffffffff  binit                                                                                                                                                                                                                                                                            
UNDEFED   __mpu_init                                                                                                                                                                                                                                                                       
UNDEFED   _system_post_cinit                                                                                                                                                                                                                                                               

[1500 symbols]
