******************************************************************************
                  TI ARM Linker PC v20.2.2                     
******************************************************************************
>> Linked Wed Aug 25 15:16:34 2021

OUTPUT FILE NAME:   <MicroMasterTM4C123G.out>
ENTRY POINT SYMBOL: "_c_int00_noargs"  address: 00012569


MEMORY CONFIGURATION

         name            origin    length      used     unused   attr    fill
----------------------  --------  ---------  --------  --------  ----  --------
  FLASH                 00000000   00040000  00015078  0002af88  R  X
  SRAM                  20000000   00008000  000067ec  00001814  RW X


SEGMENT ALLOCATION MAP

run origin  load origin   length   init length attrs members
----------  ----------- ---------- ----------- ----- -------
00000000    00000000    00015078   00015078    r-x
  00000000    00000000    0000026c   0000026c    r-- .intvecs
  0000026c    0000026c    00013cd8   00013cd8    r-x .text
  00013f44    00013f44    00000ebc   00000ebc    r-- .const
  00014e00    00014e00    00000278   00000278    r-- .cinit
20000000    20000000    000067f0   00000000    rw-
  20000000    20000000    0000026c   00000000    rw- .vtable
  2000026c    2000026c    000057b0   00000000    rw- .bss
  20005a20    20005a20    00000800   00000000    rw- .stack
  20006220    20006220    000005c0   00000000    rw- .data
  200067e0    200067e0    00000010   00000000    rw- .sysmem


SECTION ALLOCATION MAP

 output                                  attributes/
section   page    origin      length       input sections
--------  ----  ----------  ----------   ----------------
.intvecs   0    00000000    0000026c     
                  00000000    0000026c     tm4c123gh6pm_startup_ccs.obj (.intvecs)

.text      0    0000026c    00013cd8     
                  0000026c    00001ddc     tasks.obj (.text)
                  00002048    000012ac     I2C_task.obj (.text)
                  000032f4    00001238     SPI_command.obj (.text)
                  0000452c    00000fa8     queue.obj (.text)
                  000054d4    00000ef4     sysctl.obj (.text)
                  000063c8    00000b88     gpio.obj (.text)
                  00006f50    00000a4e     rtsv7M4_T_le_v4SPD16_eabi.lib : _printfi.c.obj (.text:__TI_printfi)
                  0000799e    00000002                                   : vector.cpp.obj (.text:_ZNSt3__220__vector_base_commonILb1EEC2Ev)
                  000079a0    000007c2     adc.obj (.text)
                  00008162    00000002     rtsv7M4_T_le_v4SPD16_eabi.lib : stdlib_typeinfo.cpp.obj (.text:_ZNSt9type_infoD1Ev)
                  00008164    00000718     pwm.obj (.text)
                  0000887c    0000069c     i2c.obj (.text)
                  00008f18    00000686     console_task.obj (.text)
                  0000959e    00000002     rtsv7M4_T_le_v4SPD16_eabi.lib : _lock.c.obj (.text:_nop)
                  000095a0    0000065b     I2C_monitor.obj (.text)
                  00009bfb    00000001     --HOLE-- [fill = 0]
                  00009bfc    00000653     SPI_monitor.obj (.text)
                  0000a24f    00000001     --HOLE-- [fill = 0]
                  0000a250    00000642     timer.obj (.text)
                  0000a892    00000002     rtsv7M4_T_le_v4SPD16_eabi.lib : div0.asm.obj (.text)
                  0000a894    00000620     UART_command.obj (.text)
                  0000aeb4    00000618     uart.obj (.text)
                  0000b4cc    000005a4     I2C_scripter.obj (.text)
                  0000ba70    000004a8     uartstdio.obj (.text)
                  0000bf18    0000046b     PWM_page.obj (.text)
                  0000c383    00000001     --HOLE-- [fill = 0]
                  0000c384    00000458     GPOs.obj (.text)
                  0000c7dc    00000454     heap_4.obj (.text)
                  0000cc30    00000450     no_booster_board.obj (.text)
                  0000d080    00000402     menu_page.obj (.text)
                  0000d482    00000002     --HOLE-- [fill = 0]
                  0000d484    000003c0     interrupt.obj (.text)
                  0000d844    000003b4     io_control_page.obj (.text)
                  0000dbf8    00000346     ssi.obj (.text)
                  0000df3e    00000002     --HOLE-- [fill = 0]
                  0000df40    000002e8     UART_streamer.obj (.text)
                  0000e228    000002a4     task_manager.obj (.text)
                  0000e4cc    000002a0     error_logger.obj (.text)
                  0000e76c    0000029c     I2C_sniffer.obj (.text)
                  0000ea08    0000028c     ADC_task.obj (.text)
                  0000ec94    0000028c     port.obj (.text)
                  0000ef20    00000270     rtsv7M4_T_le_v4SPD16_eabi.lib : _printfi.c.obj (.text:_pconv_a)
                  0000f190    00000214     GPIs.obj (.text)
                  0000f3a4    000001d0     rtsv7M4_T_le_v4SPD16_eabi.lib : _printfi.c.obj (.text:_pconv_g)
                  0000f574    000001b6                                   : fd_add_t2.asm.obj (.text)
                  0000f72a    00000002     --HOLE-- [fill = 0]
                  0000f72c    0000013c                                   : _printfi.c.obj (.text:_pconv_e)
                  0000f868    00000136                                   : fd_div_t2.asm.obj (.text)
                  0000f99e    0000012a     list.obj (.text)
                  0000fac8    00000124     rtsv7M4_T_le_v4SPD16_eabi.lib : _printfi.c.obj (.text:fcvt)
                  0000fbec    00000114                                   : fputs.c.obj (.text:fputs)
                  0000fd00    00000110                                   : s_scalbn.c.obj (.text:scalbn)
                  0000fe10    00000100                                   : memory.c.obj (.text:aligned_alloc)
                  0000ff10    000000fc     console_uart.obj (.text)
                  0001000c    000000fc     rtsv7M4_T_le_v4SPD16_eabi.lib : fd_mul_t2.asm.obj (.text)
                  00010108    000000f4     test_task.obj (.text)
                  000101fc    000000e4     rtsv7M4_T_le_v4SPD16_eabi.lib : memory.c.obj (.text:free)
                  000102e0    000000dc                                   : setvbuf.c.obj (.text:setvbuf)
                  000103bc    000000da     portasm.obj (.text)
                  00010496    00000002     --HOLE-- [fill = 0]
                  00010498    000000d2     text_controls.obj (.text)
                  0001056a    00000002     --HOLE-- [fill = 0]
                  0001056c    000000c0     fpu.obj (.text)
                  0001062c    000000b1     rtsv7M4_T_le_v4SPD16_eabi.lib : _printfi.c.obj (.text:_ltostr)
                  000106dd    00000001     --HOLE-- [fill = 0]
                  000106de    000000b0     I2C_monitor.obj (.text:_ZNSt3__26vectorIP6I2cMsgNS_9allocatorIS2_EEE6assignIPS2_EENS_9enable_ifIXaasr3std3__221__is_forward_iteratorIT_EE5valuesr3std3__216is_constructibleIS2_JNS_15iterator_traitsIS9_E9referenceEEEE5valueEvE4typeES9_S9_)
                  0001078e    000000b0     SPI_monitor.obj (.text:_ZNSt3__26vectorIP6SpiMsgNS_9allocatorIS2_EEE6assignIPS2_EENS_9enable_ifIXaasr3std3__221__is_forward_iteratorIT_EE5valuesr3std3__216is_constructibleIS2_JNS_15iterator_traitsIS9_E9referenceEEEE5valueEvE4typeES9_S9_)
                  0001083e    0000009c     rtsv7M4_T_le_v4SPD16_eabi.lib : memcpy_t2.asm.obj (.text)
                  000108da    00000096                                   : ull_div_t2.asm.obj (.text)
                  00010970    00000086                                   : fd_cmp_t2.asm.obj (.text:__aeabi_cdcmple)
                  000109f6    00000086                                   : fd_cmp_t2.asm.obj (.text:__aeabi_cdrcmple)
                  00010a7c    0000007c                                   : fflush.c.obj (.text:fflush)
                  00010af8    0000007a                                   : memset_t2.asm.obj (.text)
                  00010b72    00000002     --HOLE-- [fill = 0]
                  00010b74    00000074                                   : fclose.c.obj (.text:__TI_closefile)
                  00010be8    00000070                                   : memory.c.obj (.text:split)
                  00010c58    0000006e                                   : _printfi.c.obj (.text:_mcpy)
                  00010cc6    00000002     --HOLE-- [fill = 0]
                  00010cc8    0000006c                                   : hostrename.c.obj (.text:HOSTrename)
                  00010d34    0000006c     console_task.obj (.text:_ZNSt3__26vectorIP11ConsolePageNS_9allocatorIS2_EEE26__swap_out_circular_bufferERNS_14__split_bufferIS2_RS4_EE)
                  00010da0    0000006c     I2C_task.obj (.text:_ZNSt3__26vectorIP6I2cMsgNS_9allocatorIS2_EEE26__swap_out_circular_bufferERNS_14__split_bufferIS2_RS4_EE)
                  00010e0c    0000006c     SPI_command.obj (.text:_ZNSt3__26vectorIP6SpiMsgNS_9allocatorIS2_EEE26__swap_out_circular_bufferERNS_14__split_bufferIS2_RS4_EE)
                  00010e78    0000006c     menu_page.obj (.text:_ZNSt3__26vectorIP7MenuRowNS_9allocatorIS2_EEE26__swap_out_circular_bufferERNS_14__split_bufferIS2_RS4_EE)
                  00010ee4    00000068     rtsv7M4_T_le_v4SPD16_eabi.lib : hostlseek.c.obj (.text:HOSTlseek)
                  00010f4c    00000068                                   : copy_decompress_lzss.c.obj (.text:decompress:lzss:__TI_decompress_lzss)
                  00010fb4    00000064     console_task.obj (.text:_ZNSt3__26vectorIP11ConsolePageNS_9allocatorIS2_EEE21__push_back_slow_pathIRKS2_EEvOT_)
                  00011018    00000064     I2C_task.obj (.text:_ZNSt3__26vectorIP6I2cMsgNS_9allocatorIS2_EEE21__push_back_slow_pathIS2_EEvOT_)
                  0001107c    00000064     SPI_command.obj (.text:_ZNSt3__26vectorIP6SpiMsgNS_9allocatorIS2_EEE21__push_back_slow_pathIS2_EEvOT_)
                  000110e0    00000064     menu_page.obj (.text:_ZNSt3__26vectorIP7MenuRowNS_9allocatorIS2_EEE21__push_back_slow_pathIRKS2_EEvOT_)
                  00011144    00000064     rtsv7M4_T_le_v4SPD16_eabi.lib : s_frexp.c.obj (.text:frexp)
                  000111a8    00000064                                   : fseek.c.obj (.text:fseek)
                  0001120c    00000062     I2C_task.obj (.text:_ZNSt3__26vectorIP6I2cMsgNS_9allocatorIS2_EEE9push_backEOS2_)
                  0001126e    00000062     SPI_command.obj (.text:_ZNSt3__26vectorIP6SpiMsgNS_9allocatorIS2_EEE9push_backEOS2_)
                  000112d0    00000062     rtsv7M4_T_le_v4SPD16_eabi.lib : _io_perm.c.obj (.text:__TI_wrt_ok)
                  00011332    00000002     --HOLE-- [fill = 0]
                  00011334    00000060                                   : hostopen.c.obj (.text:HOSTopen)
                  00011394    00000060     console_task.obj (.text:_ZNSt3__214__split_bufferIP11ConsolePageRNS_9allocatorIS2_EEEC1EjjS5_)
                  000113f4    00000060     I2C_task.obj (.text:_ZNSt3__214__split_bufferIP6I2cMsgRNS_9allocatorIS2_EEEC1EjjS5_)
                  00011454    00000060     SPI_command.obj (.text:_ZNSt3__214__split_bufferIP6SpiMsgRNS_9allocatorIS2_EEEC1EjjS5_)
                  000114b4    00000060     menu_page.obj (.text:_ZNSt3__214__split_bufferIP7MenuRowRNS_9allocatorIS2_EEEC1EjjS5_)
                  00011514    00000060     utils.obj (.text)
                  00011574    0000005c     rtsv7M4_T_le_v4SPD16_eabi.lib : close.c.obj (.text:close)
                  000115d0    00000058                                   : hostread.c.obj (.text:HOSTread)
                  00011628    00000058                                   : hostwrite.c.obj (.text:HOSTwrite)
                  00011680    00000056     console_task.obj (.text:_ZNKSt3__26vectorIP11ConsolePageNS_9allocatorIS2_EEE17__annotate_deleteEv)
                  000116d6    00000056     I2C_task.obj (.text:_ZNKSt3__26vectorIP6I2cMsgNS_9allocatorIS2_EEE17__annotate_deleteEv)
                  0001172c    00000056     SPI_command.obj (.text:_ZNKSt3__26vectorIP6SpiMsgNS_9allocatorIS2_EEE17__annotate_deleteEv)
                  00011782    00000056     menu_page.obj (.text:_ZNKSt3__26vectorIP7MenuRowNS_9allocatorIS2_EEE17__annotate_deleteEv)
                  000117d8    00000056     console_task.obj (.text:_ZNSt3__26vectorIP11ConsolePageNS_9allocatorIS2_EEE9push_backERKS2_)
                  0001182e    00000056     menu_page.obj (.text:_ZNSt3__26vectorIP7MenuRowNS_9allocatorIS2_EEE9push_backERKS2_)
                  00011884    00000056     rtsv7M4_T_le_v4SPD16_eabi.lib : _printfi.c.obj (.text:_pconv_f)
                  000118da    00000054     console_task.obj (.text:_ZNKSt3__26vectorIP11ConsolePageNS_9allocatorIS2_EEE14__annotate_newEj)
                  0001192e    00000054     I2C_monitor.obj (.text:_ZNKSt3__26vectorIP6I2cMsgNS_9allocatorIS2_EEE14__annotate_newEj)
                  00011982    00000054     SPI_command.obj (.text:_ZNKSt3__26vectorIP6SpiMsgNS_9allocatorIS2_EEE14__annotate_newEj)
                  000119d6    00000054     menu_page.obj (.text:_ZNKSt3__26vectorIP7MenuRowNS_9allocatorIS2_EEE14__annotate_newEj)
                  00011a2a    00000054     rtsv7M4_T_le_v4SPD16_eabi.lib : _ltoa.c.obj (.text:__TI_ltoa)
                  00011a7e    00000052     I2C_monitor.obj (.text:_ZNKSt3__26vectorIP6I2cMsgNS_9allocatorIS2_EEE17__annotate_shrinkEj)
                  00011ad0    00000052     SPI_monitor.obj (.text:_ZNKSt3__26vectorIP6SpiMsgNS_9allocatorIS2_EEE17__annotate_shrinkEj)
                  00011b22    00000052     rtsv7M4_T_le_v4SPD16_eabi.lib : _printfi.c.obj (.text:_ecpy)
                  00011b74    0000004c                                   : fflush.c.obj (.text:__TI_doflush)
                  00011bc0    0000004c                                   : atoi.c.obj (.text:atoi)
                  00011c0c    0000004a     console_task.obj (.text:_ZNKSt3__26vectorIP11ConsolePageNS_9allocatorIS2_EEE11__recommendEj)
                  00011c56    0000004a     I2C_monitor.obj (.text:_ZNKSt3__26vectorIP6I2cMsgNS_9allocatorIS2_EEE11__recommendEj)
                  00011ca0    0000004a     SPI_command.obj (.text:_ZNKSt3__26vectorIP6SpiMsgNS_9allocatorIS2_EEE11__recommendEj)
                  00011cea    0000004a     menu_page.obj (.text:_ZNKSt3__26vectorIP7MenuRowNS_9allocatorIS2_EEE11__recommendEj)
                  00011d34    00000048     I2C_monitor.obj (.text:_ZNSt3__26vectorIP6I2cMsgNS_9allocatorIS2_EEE8allocateEj)
                  00011d7c    00000048     SPI_monitor.obj (.text:_ZNSt3__26vectorIP6SpiMsgNS_9allocatorIS2_EEE8allocateEj)
                  00011dc4    00000048     rtsv7M4_T_le_v4SPD16_eabi.lib : exit.c.obj (.text:exit)
                  00011e0c    00000048                                   : fd_toi_t2.asm.obj (.text)
                  00011e54    00000044                                   : hostclose.c.obj (.text:HOSTclose)
                  00011e98    00000044                                   : hostunlink.c.obj (.text:HOSTunlink)
                  00011edc    00000044                                   : autoinit.c.obj (.text:__TI_auto_init_nobinit_nopinit:__TI_auto_init_nobinit_nopinit)
                  00011f20    00000044                                   : getdevice.c.obj (.text:getdevice)
                  00011f64    00000044                                   : fd_tou_t2.asm.obj (.text)
                  00011fa8    00000040     I2C_monitor.obj (.text:_ZNSt3__213__vector_baseIP6I2cMsgNS_9allocatorIS2_EEE17__destruct_at_endEPS2_)
                  00011fe8    00000040     SPI_monitor.obj (.text:_ZNSt3__213__vector_baseIP6SpiMsgNS_9allocatorIS2_EEE17__destruct_at_endEPS2_)
                  00012028    00000040     I2C_monitor.obj (.text:_ZNSt3__26vectorIP6I2cMsgNS_9allocatorIS2_EEE10deallocateEv)
                  00012068    00000040     SPI_monitor.obj (.text:_ZNSt3__26vectorIP6SpiMsgNS_9allocatorIS2_EEE10deallocateEv)
                  000120a8    00000040     rtsv7M4_T_le_v4SPD16_eabi.lib : u_divt2.asm.obj (.text)
                  000120e8    00000040                                   : sprintf.c.obj (.text:sprintf)
                  00012128    0000003e                                   : _printfi.c.obj (.text:_fcpy)
                  00012166    0000003e     cpu.obj (.text)
                  000121a4    0000003c     console_task.obj (.text:_ZNSt3__216allocator_traitsINS_9allocatorIP11ConsolePageEEE20__construct_backwardIS3_EENS_9enable_ifIXaaoosr3std3__27is_sameIS4_NS1_IT_EEEE5valuentsr3std3__215__has_constructIS4_PS8_JS8_EEE5valuesr3std3__231is_trivially_move_constructibleIS8_EE5valueEvE4typeERS4_SA_SA_RSA_)
                  000121e0    0000003c     I2C_task.obj (.text:_ZNSt3__216allocator_traitsINS_9allocatorIP6I2cMsgEEE20__construct_backwardIS3_EENS_9enable_ifIXaaoosr3std3__27is_sameIS4_NS1_IT_EEEE5valuentsr3std3__215__has_constructIS4_PS8_JS8_EEE5valuesr3std3__231is_trivially_move_constructibleIS8_EE5valueEvE4typeERS4_SA_SA_RSA_)
                  0001221c    0000003c     I2C_monitor.obj (.text:_ZNSt3__216allocator_traitsINS_9allocatorIP6I2cMsgEEE25__construct_range_forwardIS3_EENS_9enable_ifIXaaoosr3std3__27is_sameIS4_NS1_IT_EEEE5valuentsr3std3__215__has_constructIS4_PS8_JS8_EEE5valuesr3std3__231is_trivially_move_constructibleIS8_EE5valueEvE4typeERS4_SA_SA_RSA_)
                  00012258    0000003c     SPI_command.obj (.text:_ZNSt3__216allocator_traitsINS_9allocatorIP6SpiMsgEEE20__construct_backwardIS3_EENS_9enable_ifIXaaoosr3std3__27is_sameIS4_NS1_IT_EEEE5valuentsr3std3__215__has_constructIS4_PS8_JS8_EEE5valuesr3std3__231is_trivially_move_constructibleIS8_EE5valueEvE4typeERS4_SA_SA_RSA_)
                  00012294    0000003c     SPI_monitor.obj (.text:_ZNSt3__216allocator_traitsINS_9allocatorIP6SpiMsgEEE25__construct_range_forwardIS3_EENS_9enable_ifIXaaoosr3std3__27is_sameIS4_NS1_IT_EEEE5valuentsr3std3__215__has_constructIS4_PS8_JS8_EEE5valuesr3std3__231is_trivially_move_constructibleIS8_EE5valueEvE4typeERS4_SA_SA_RSA_)
                  000122d0    0000003c     menu_page.obj (.text:_ZNSt3__216allocator_traitsINS_9allocatorIP7MenuRowEEE20__construct_backwardIS3_EENS_9enable_ifIXaaoosr3std3__27is_sameIS4_NS1_IT_EEEE5valuentsr3std3__215__has_constructIS4_PS8_JS8_EEE5valuesr3std3__231is_trivially_move_constructibleIS8_EE5valueEvE4typeERS4_SA_SA_RSA_)
                  0001230c    0000003c     main.obj (.text)
                  00012348    00000038     I2C_monitor.obj (.text:_ZNSt3__26vectorIP6I2cMsgNS_9allocatorIS2_EEE18__construct_at_endIPS2_EENS_9enable_ifIXsr3std3__221__is_forward_iteratorIT_EE5valueEvE4typeES9_S9_j)
                  00012380    00000038     SPI_monitor.obj (.text:_ZNSt3__26vectorIP6SpiMsgNS_9allocatorIS2_EEE18__construct_at_endIPS2_EENS_9enable_ifIXsr3std3__221__is_forward_iteratorIT_EE5valueEvE4typeES9_S9_j)
                  000123b8    00000038     rtsv7M4_T_le_v4SPD16_eabi.lib : trgmsg.c.obj (.text:__TI_writemsg)
                  000123f0    00000036     console_task.obj (.text:_ZNSt3__214__split_bufferIP11ConsolePageRNS_9allocatorIS2_EEE17__destruct_at_endEPS2_NS_17integral_constantIbLb0EEE)
                  00012426    00000036     I2C_task.obj (.text:_ZNSt3__214__split_bufferIP6I2cMsgRNS_9allocatorIS2_EEE17__destruct_at_endEPS2_NS_17integral_constantIbLb0EEE)
                  0001245c    00000036     SPI_command.obj (.text:_ZNSt3__214__split_bufferIP6SpiMsgRNS_9allocatorIS2_EEE17__destruct_at_endEPS2_NS_17integral_constantIbLb0EEE)
                  00012492    00000036     menu_page.obj (.text:_ZNSt3__214__split_bufferIP7MenuRowRNS_9allocatorIS2_EEE17__destruct_at_endEPS2_NS_17integral_constantIbLb0EEE)
                  000124c8    00000036     rtsv7M4_T_le_v4SPD16_eabi.lib : strncpy.c.obj (.text:strncpy)
                  000124fe    00000002     --HOLE-- [fill = 0]
                  00012500    00000034                                   : fopen.c.obj (.text:__TI_cleanup)
                  00012534    00000034                                   : trgmsg.c.obj (.text:__TI_readmsg)
                  00012568    00000034                                   : boot_cortex_m.c.obj (.text:_c_int00_noargs:_c_int00_noargs)
                  0001259c    00000032     I2C_monitor.obj (.text:_ZNSt3__26__copyIP6I2cMsgS2_EENS_9enable_ifIXaasr3std3__27is_sameINS_12remove_constIT_E4typeET0_EE5valuesr3std3__228is_trivially_copy_assignableIS8_EE5valueEPS8_E4typeEPS5_SC_S9_)
                  000125ce    00000032     SPI_monitor.obj (.text:_ZNSt3__26__copyIP6SpiMsgS2_EENS_9enable_ifIXaasr3std3__27is_sameINS_12remove_constIT_E4typeET0_EE5valuesr3std3__228is_trivially_copy_assignableIS8_EE5valueEPS8_E4typeEPS5_SC_S9_)
                  00012600    00000030     rtsv7M4_T_le_v4SPD16_eabi.lib : getdevice.c.obj (.text:finddevice)
                  00012630    00000030     memory_functions.obj (.text)
                  00012660    0000002e     console_task.obj (.text:_ZNSt3__214__split_bufferIP11ConsolePageRNS_9allocatorIS2_EEED1Ev)
                  0001268e    0000002e     I2C_task.obj (.text:_ZNSt3__214__split_bufferIP6I2cMsgRNS_9allocatorIS2_EEED1Ev)
                  000126bc    0000002e     SPI_command.obj (.text:_ZNSt3__214__split_bufferIP6SpiMsgRNS_9allocatorIS2_EEED1Ev)
                  000126ea    0000002e     menu_page.obj (.text:_ZNSt3__214__split_bufferIP7MenuRowRNS_9allocatorIS2_EEED1Ev)
                  00012718    0000002e     console_task.obj (.text:_ZNSt3__29allocatorIP11ConsolePageE9constructIS2_JRKS2_EEEvPT_DpOT0_)
                  00012746    0000002e     I2C_task.obj (.text:_ZNSt3__29allocatorIP6I2cMsgE9constructIS2_JS2_EEEvPT_DpOT0_)
                  00012774    0000002e     SPI_command.obj (.text:_ZNSt3__29allocatorIP6SpiMsgE9constructIS2_JS2_EEEvPT_DpOT0_)
                  000127a2    0000002e     menu_page.obj (.text:_ZNSt3__29allocatorIP7MenuRowE9constructIS2_JRKS2_EEEvPT_DpOT0_)
                  000127d0    0000002e     rtsv7M4_T_le_v4SPD16_eabi.lib : i_tofd_t2.asm.obj (.text)
                  000127fe    00000002     --HOLE-- [fill = 0]
                  00012800    0000002c                                   : unlink.c.obj (.text:unlink)
                  0001282c    0000002a     console_task.obj (.text:_ZNSt3__217__compressed_pairIPP11ConsolePageRNS_9allocatorIS2_EEEC1IDnS6_EEOT_OT0_)
                  00012856    0000002a     I2C_task.obj (.text:_ZNSt3__217__compressed_pairIPP6I2cMsgRNS_9allocatorIS2_EEEC1IDnS6_EEOT_OT0_)
                  00012880    0000002a     SPI_command.obj (.text:_ZNSt3__217__compressed_pairIPP6SpiMsgRNS_9allocatorIS2_EEEC1IDnS6_EEOT_OT0_)
                  000128aa    0000002a     menu_page.obj (.text:_ZNSt3__217__compressed_pairIPP7MenuRowRNS_9allocatorIS2_EEEC1IDnS6_EEOT_OT0_)
                  000128d4    0000002a     I2C_monitor.obj (.text:_ZNSt3__24copyIPP6I2cMsgS3_EET0_T_S5_S4_)
                  000128fe    0000002a     SPI_monitor.obj (.text:_ZNSt3__24copyIPP6SpiMsgS3_EET0_T_S5_S4_)
                  00012928    0000002a     console_task.obj (.text:_ZNSt3__24swapIPP11ConsolePageEENS_9enable_ifIXaasr3std3__221is_move_constructibleIT_EE5valuesr3std3__218is_move_assignableIS5_EE5valueEvE4typeERS5_S8_)
                  00012952    0000002a     I2C_task.obj (.text:_ZNSt3__24swapIPP6I2cMsgEENS_9enable_ifIXaasr3std3__221is_move_constructibleIT_EE5valuesr3std3__218is_move_assignableIS5_EE5valueEvE4typeERS5_S8_)
                  0001297c    0000002a     SPI_command.obj (.text:_ZNSt3__24swapIPP6SpiMsgEENS_9enable_ifIXaasr3std3__221is_move_constructibleIT_EE5valuesr3std3__218is_move_assignableIS5_EE5valueEvE4typeERS5_S8_)
                  000129a6    0000002a     menu_page.obj (.text:_ZNSt3__24swapIPP7MenuRowEENS_9enable_ifIXaasr3std3__221is_move_constructibleIT_EE5valuesr3std3__218is_move_assignableIS5_EE5valueEvE4typeERS5_S8_)
                  000129d0    0000002a     hooks.obj (.text)
                  000129fa    00000028     console_task.obj (.text:_ZNSt3__213__vector_baseIP11ConsolePageNS_9allocatorIS2_EEEC1Ev)
                  00012a22    00000028     I2C_monitor.obj (.text:_ZNSt3__213__vector_baseIP6I2cMsgNS_9allocatorIS2_EEEC1Ev)
                  00012a4a    00000028     SPI_command.obj (.text:_ZNSt3__213__vector_baseIP6SpiMsgNS_9allocatorIS2_EEEC1Ev)
                  00012a72    00000028     menu_page.obj (.text:_ZNSt3__213__vector_baseIP7MenuRowNS_9allocatorIS2_EEEC1Ev)
                  00012a9a    00000028     I2C_monitor.obj (.text:_ZNSt3__26vectorIP6I2cMsgNS_9allocatorIS2_EEE17__destruct_at_endEPS2_)
                  00012ac2    00000028     I2C_monitor.obj (.text:_ZNSt3__26vectorIP6I2cMsgNS_9allocatorIS2_EEEaSERKS5_)
                  00012aea    00000028     SPI_monitor.obj (.text:_ZNSt3__26vectorIP6SpiMsgNS_9allocatorIS2_EEE17__destruct_at_endEPS2_)
                  00012b12    00000028     SPI_monitor.obj (.text:_ZNSt3__26vectorIP6SpiMsgNS_9allocatorIS2_EEEaSERKS5_)
                  00012b3a    00000002     --HOLE-- [fill = 0]
                  00012b3c    00000028     console_task.obj (.text:_ZNSt3__29allocatorIP11ConsolePageE8allocateEjPKv)
                  00012b64    00000028     I2C_monitor.obj (.text:_ZNSt3__29allocatorIP6I2cMsgE8allocateEjPKv)
                  00012b8c    00000028     SPI_command.obj (.text:_ZNSt3__29allocatorIP6SpiMsgE8allocateEjPKv)
                  00012bb4    00000028     menu_page.obj (.text:_ZNSt3__29allocatorIP7MenuRowE8allocateEjPKv)
                  00012bdc    00000028     rtsv7M4_T_le_v4SPD16_eabi.lib : memory.c.obj (.text:free_list_insert)
                  00012c04    00000028                                   : lseek.c.obj (.text:lseek)
                  00012c2c    00000028                                   : memmov.c.obj (.text:memmove)
                  00012c54    00000028                                   : write.c.obj (.text:write)
                  00012c7c    00000024     console_task.obj (.text:_ZNKSt3__26vectorIP11ConsolePageNS_9allocatorIS2_EEE8max_sizeEv)
                  00012ca0    00000024     I2C_monitor.obj (.text:_ZNKSt3__26vectorIP6I2cMsgNS_9allocatorIS2_EEE8max_sizeEv)
                  00012cc4    00000024     SPI_command.obj (.text:_ZNKSt3__26vectorIP6SpiMsgNS_9allocatorIS2_EEE8max_sizeEv)
                  00012ce8    00000024     menu_page.obj (.text:_ZNKSt3__26vectorIP7MenuRowNS_9allocatorIS2_EEE8max_sizeEv)
                  00012d0c    00000024     console_task.obj (.text:_ZNSt3__216allocator_traitsINS_9allocatorIP11ConsolePageEEE11__constructIS3_JRKS3_EEEvNS_17integral_constantIbLb1EEERS4_PT_DpOT0_)
                  00012d30    00000024     console_task.obj (.text:_ZNSt3__216allocator_traitsINS_9allocatorIP11ConsolePageEEE9constructIS3_JRKS3_EEEvRS4_PT_DpOT0_)
                  00012d54    00000024     I2C_task.obj (.text:_ZNSt3__216allocator_traitsINS_9allocatorIP6I2cMsgEEE11__constructIS3_JS3_EEEvNS_17integral_constantIbLb1EEERS4_PT_DpOT0_)
                  00012d78    00000024     I2C_task.obj (.text:_ZNSt3__216allocator_traitsINS_9allocatorIP6I2cMsgEEE9constructIS3_JS3_EEEvRS4_PT_DpOT0_)
                  00012d9c    00000024     SPI_command.obj (.text:_ZNSt3__216allocator_traitsINS_9allocatorIP6SpiMsgEEE11__constructIS3_JS3_EEEvNS_17integral_constantIbLb1EEERS4_PT_DpOT0_)
                  00012dc0    00000024     SPI_command.obj (.text:_ZNSt3__216allocator_traitsINS_9allocatorIP6SpiMsgEEE9constructIS3_JS3_EEEvRS4_PT_DpOT0_)
                  00012de4    00000024     menu_page.obj (.text:_ZNSt3__216allocator_traitsINS_9allocatorIP7MenuRowEEE11__constructIS3_JRKS3_EEEvNS_17integral_constantIbLb1EEERS4_PT_DpOT0_)
                  00012e08    00000024     menu_page.obj (.text:_ZNSt3__216allocator_traitsINS_9allocatorIP7MenuRowEEE9constructIS3_JRKS3_EEEvRS4_PT_DpOT0_)
                  00012e2c    00000022     I2C_monitor.obj (.text:_ZNSt3__26vectorIP6I2cMsgNS_9allocatorIS2_EEE5clearEv)
                  00012e4e    00000022     SPI_monitor.obj (.text:_ZNSt3__26vectorIP6SpiMsgNS_9allocatorIS2_EEE5clearEv)
                  00012e70    00000020     rtsv7M4_T_le_v4SPD16_eabi.lib : memchr.c.obj (.text:memchr)
                  00012e90    00000020                                   : u_tofd_t2.asm.obj (.text)
                  00012eb0    0000001e     I2C_monitor.obj (.text:_ZNKSt3__26__lessIjjEclERKjS3_)
                  00012ece    0000001e     console_task.obj (.text:_ZNSt3__217__compressed_pairIPP11ConsolePageNS_9allocatorIS2_EEEC1IDnLb1EEEOT_)
                  00012eec    0000001e     I2C_monitor.obj (.text:_ZNSt3__217__compressed_pairIPP6I2cMsgNS_9allocatorIS2_EEEC1IDnLb1EEEOT_)
                  00012f0a    0000001e     SPI_command.obj (.text:_ZNSt3__217__compressed_pairIPP6SpiMsgNS_9allocatorIS2_EEEC1IDnLb1EEEOT_)
                  00012f28    0000001e     menu_page.obj (.text:_ZNSt3__217__compressed_pairIPP7MenuRowNS_9allocatorIS2_EEEC1IDnLb1EEEOT_)
                  00012f46    0000001e     I2C_monitor.obj (.text:_ZNSt3__23maxIjNS_6__lessIjjEEEERKT_S5_S5_T0_)
                  00012f64    0000001e     I2C_monitor.obj (.text:_ZNSt3__23minIjNS_6__lessIjjEEEERKT_S5_S5_T0_)
                  00012f82    0000001c     I2C_monitor.obj (.text:_ZNSt3__29__advanceIPP6I2cMsgEEvRT_NS_15iterator_traitsIS4_E15difference_typeENS_26random_access_iterator_tagE)
                  00012f9e    0000001c     SPI_monitor.obj (.text:_ZNSt3__29__advanceIPP6SpiMsgEEvRT_NS_15iterator_traitsIS4_E15difference_typeENS_26random_access_iterator_tagE)
                  00012fba    00000002     --HOLE-- [fill = 0]
                  00012fbc    0000001c     rtsv7M4_T_le_v4SPD16_eabi.lib : assert.c.obj (.text:_abort_msg)
                  00012fd8    0000001c                                   : memory.c.obj (.text:free_list_remove)
                  00012ff4    0000001c                                   : memccpy.c.obj (.text:memccpy)
                  00013010    0000001a                                   : s_copysign.c.obj (.text:copysign)
                  0001302a    00000018     I2C_monitor.obj (.text:_ZNSt3__210__distanceIPP6I2cMsgEENS_15iterator_traitsIT_E15difference_typeES5_S5_NS_26random_access_iterator_tagE)
                  00013042    00000018     SPI_monitor.obj (.text:_ZNSt3__210__distanceIPP6SpiMsgEENS_15iterator_traitsIT_E15difference_typeES5_S5_NS_26random_access_iterator_tagE)
                  0001305a    00000018     rtsv7M4_T_le_v4SPD16_eabi.lib : sprintf.c.obj (.text:_outs)
                  00013072    00000018                                   : strcmp.c.obj (.text:strcmp)
                  0001308a    00000016     console_task.obj (.text:_ZNKSt3__213__vector_baseIP11ConsolePageNS_9allocatorIS2_EEE8capacityEv)
                  000130a0    00000016     I2C_monitor.obj (.text:_ZNKSt3__213__vector_baseIP6I2cMsgNS_9allocatorIS2_EEE8capacityEv)
                  000130b6    00000016     SPI_command.obj (.text:_ZNKSt3__213__vector_baseIP6SpiMsgNS_9allocatorIS2_EEE8capacityEv)
                  000130cc    00000016     menu_page.obj (.text:_ZNKSt3__213__vector_baseIP7MenuRowNS_9allocatorIS2_EEE8capacityEv)
                  000130e2    00000016     console_task.obj (.text:_ZNKSt3__214__split_bufferIP11ConsolePageRNS_9allocatorIS2_EEE8capacityEv)
                  000130f8    00000016     I2C_task.obj (.text:_ZNKSt3__214__split_bufferIP6I2cMsgRNS_9allocatorIS2_EEE8capacityEv)
                  0001310e    00000016     SPI_command.obj (.text:_ZNKSt3__214__split_bufferIP6SpiMsgRNS_9allocatorIS2_EEE8capacityEv)
                  00013124    00000016     menu_page.obj (.text:_ZNKSt3__214__split_bufferIP7MenuRowRNS_9allocatorIS2_EEE8capacityEv)
                  0001313a    00000016     console_task.obj (.text:_ZNKSt3__26vectorIP11ConsolePageNS_9allocatorIS2_EEE4sizeEv)
                  00013150    00000016     I2C_monitor.obj (.text:_ZNKSt3__26vectorIP6I2cMsgNS_9allocatorIS2_EEE4sizeEv)
                  00013166    00000016     SPI_command.obj (.text:_ZNKSt3__26vectorIP6SpiMsgNS_9allocatorIS2_EEE4sizeEv)
                  0001317c    00000016     menu_page.obj (.text:_ZNKSt3__26vectorIP7MenuRowNS_9allocatorIS2_EEE4sizeEv)
                  00013192    00000016     console_task.obj (.text:_ZNSt3__222__compressed_pair_elemIPP11ConsolePageLi0ELb0EEC1IDnvEEOT_)
                  000131a8    00000016     I2C_monitor.obj (.text:_ZNSt3__222__compressed_pair_elemIPP6I2cMsgLi0ELb0EEC1IDnvEEOT_)
                  000131be    00000016     SPI_command.obj (.text:_ZNSt3__222__compressed_pair_elemIPP6SpiMsgLi0ELb0EEC1IDnvEEOT_)
                  000131d4    00000016     menu_page.obj (.text:_ZNSt3__222__compressed_pair_elemIPP7MenuRowLi0ELb0EEC1IDnvEEOT_)
                  000131ea    00000016     console_task.obj (.text:_ZNSt3__26vectorIP11ConsolePageNS_9allocatorIS2_EEEixEj)
                  00013200    00000016     I2C_monitor.obj (.text:_ZNSt3__26vectorIP6I2cMsgNS_9allocatorIS2_EEEixEj)
                  00013216    00000016     SPI_command.obj (.text:_ZNSt3__26vectorIP6SpiMsgNS_9allocatorIS2_EEEixEj)
                  0001322c    00000016     menu_page.obj (.text:_ZNSt3__26vectorIP7MenuRowNS_9allocatorIS2_EEEixEj)
                  00013242    00000016     rtsv7M4_T_le_v4SPD16_eabi.lib : strchr.c.obj (.text:strchr)
                  00013258    00000014     I2C_monitor.obj (.text:_ZNSt3__213__vector_baseIP6I2cMsgNS_9allocatorIS2_EEE19__copy_assign_allocERKS5_)
                  0001326c    00000014     SPI_monitor.obj (.text:_ZNSt3__213__vector_baseIP6SpiMsgNS_9allocatorIS2_EEE19__copy_assign_allocERKS5_)
                  00013280    00000014     console_task.obj (.text:_ZNSt3__214__split_bufferIP11ConsolePageRNS_9allocatorIS2_EEE17__destruct_at_endEPS2_)
                  00013294    00000014     I2C_task.obj (.text:_ZNSt3__214__split_bufferIP6I2cMsgRNS_9allocatorIS2_EEE17__destruct_at_endEPS2_)
                  000132a8    00000014     SPI_command.obj (.text:_ZNSt3__214__split_bufferIP6SpiMsgRNS_9allocatorIS2_EEE17__destruct_at_endEPS2_)
                  000132bc    00000014     menu_page.obj (.text:_ZNSt3__214__split_bufferIP7MenuRowRNS_9allocatorIS2_EEE17__destruct_at_endEPS2_)
                  000132d0    00000014     console_task.obj (.text:_ZNSt3__216allocator_traitsINS_9allocatorIP11ConsolePageEEE10deallocateERS4_PS3_j)
                  000132e4    00000014     console_task.obj (.text:_ZNSt3__216allocator_traitsINS_9allocatorIP11ConsolePageEEE7destroyIS3_EEvRS4_PT_)
                  000132f8    00000014     console_task.obj (.text:_ZNSt3__216allocator_traitsINS_9allocatorIP11ConsolePageEEE9__destroyIS3_EEvNS_17integral_constantIbLb1EEERS4_PT_)
                  0001330c    00000014     I2C_monitor.obj (.text:_ZNSt3__216allocator_traitsINS_9allocatorIP6I2cMsgEEE10deallocateERS4_PS3_j)
                  00013320    00000014     I2C_monitor.obj (.text:_ZNSt3__216allocator_traitsINS_9allocatorIP6I2cMsgEEE7destroyIS3_EEvRS4_PT_)
                  00013334    00000014     I2C_monitor.obj (.text:_ZNSt3__216allocator_traitsINS_9allocatorIP6I2cMsgEEE9__destroyIS3_EEvNS_17integral_constantIbLb1EEERS4_PT_)
                  00013348    00000014     SPI_command.obj (.text:_ZNSt3__216allocator_traitsINS_9allocatorIP6SpiMsgEEE10deallocateERS4_PS3_j)
                  0001335c    00000014     SPI_command.obj (.text:_ZNSt3__216allocator_traitsINS_9allocatorIP6SpiMsgEEE7destroyIS3_EEvRS4_PT_)
                  00013370    00000014     SPI_command.obj (.text:_ZNSt3__216allocator_traitsINS_9allocatorIP6SpiMsgEEE9__destroyIS3_EEvNS_17integral_constantIbLb1EEERS4_PT_)
                  00013384    00000014     menu_page.obj (.text:_ZNSt3__216allocator_traitsINS_9allocatorIP7MenuRowEEE10deallocateERS4_PS3_j)
                  00013398    00000014     menu_page.obj (.text:_ZNSt3__216allocator_traitsINS_9allocatorIP7MenuRowEEE7destroyIS3_EEvRS4_PT_)
                  000133ac    00000014     menu_page.obj (.text:_ZNSt3__216allocator_traitsINS_9allocatorIP7MenuRowEEE9__destroyIS3_EEvNS_17integral_constantIbLb1EEERS4_PT_)
                  000133c0    00000014     console_task.obj (.text:_ZNSt3__222__compressed_pair_elemIRNS_9allocatorIP11ConsolePageEELi1ELb0EEC1IS5_vEEOT_)
                  000133d4    00000014     I2C_task.obj (.text:_ZNSt3__222__compressed_pair_elemIRNS_9allocatorIP6I2cMsgEELi1ELb0EEC1IS5_vEEOT_)
                  000133e8    00000014     SPI_command.obj (.text:_ZNSt3__222__compressed_pair_elemIRNS_9allocatorIP6SpiMsgEELi1ELb0EEC1IS5_vEEOT_)
                  000133fc    00000014     menu_page.obj (.text:_ZNSt3__222__compressed_pair_elemIRNS_9allocatorIP7MenuRowEELi1ELb0EEC1IS5_vEEOT_)
                  00013410    00000014     I2C_monitor.obj (.text:_ZNSt3__23maxIjEERKT_S3_S3_)
                  00013424    00000014     I2C_monitor.obj (.text:_ZNSt3__23minIjEERKT_S3_S3_)
                  00013438    00000014     I2C_monitor.obj (.text:_ZNSt3__27advanceIPP6I2cMsgEEvRT_NS_15iterator_traitsIS4_E15difference_typeE)
                  0001344c    00000014     SPI_monitor.obj (.text:_ZNSt3__27advanceIPP6SpiMsgEEvRT_NS_15iterator_traitsIS4_E15difference_typeE)
                  00013460    00000014     I2C_monitor.obj (.text:_ZNSt3__28distanceIPP6I2cMsgEENS_15iterator_traitsIT_E15difference_typeES5_S5_)
                  00013474    00000014     SPI_monitor.obj (.text:_ZNSt3__28distanceIPP6SpiMsgEENS_15iterator_traitsIT_E15difference_typeES5_S5_)
                  00013488    00000014     rtsv7M4_T_le_v4SPD16_eabi.lib : strcpy.c.obj (.text:strcpy)
                  0001349c    00000014                                   : strlen.c.obj (.text:strlen)
                  000134b0    00000012     console_task.obj (.text:_ZNSt3__216allocator_traitsINS_9allocatorIP11ConsolePageEEE8allocateERS4_j)
                  000134c2    00000012     I2C_monitor.obj (.text:_ZNSt3__216allocator_traitsINS_9allocatorIP6I2cMsgEEE8allocateERS4_j)
                  000134d4    00000012     SPI_command.obj (.text:_ZNSt3__216allocator_traitsINS_9allocatorIP6SpiMsgEEE8allocateERS4_j)
                  000134e6    00000012     menu_page.obj (.text:_ZNSt3__216allocator_traitsINS_9allocatorIP7MenuRowEEE8allocateERS4_j)
                  000134f8    00000012     rtsv7M4_T_le_v4SPD16_eabi.lib : wcslen.c.obj (.text:wcslen)
                  0001350a    00000010     console_task.obj (.text:_ZNKSt3__26vectorIP11ConsolePageNS_9allocatorIS2_EEE31__annotate_contiguous_containerEPKvS7_S7_S7_)
                  0001351a    00000010     I2C_monitor.obj (.text:_ZNKSt3__26vectorIP6I2cMsgNS_9allocatorIS2_EEE31__annotate_contiguous_containerEPKvS7_S7_S7_)
                  0001352a    00000010     SPI_command.obj (.text:_ZNKSt3__26vectorIP6SpiMsgNS_9allocatorIS2_EEE31__annotate_contiguous_containerEPKvS7_S7_S7_)
                  0001353a    00000010     menu_page.obj (.text:_ZNKSt3__26vectorIP7MenuRowNS_9allocatorIS2_EEE31__annotate_contiguous_containerEPKvS7_S7_S7_)
                  0001354a    00000010     I2C_monitor.obj (.text:_ZNSt3__213__vector_baseIP6I2cMsgNS_9allocatorIS2_EEE19__copy_assign_allocERKS5_NS_17integral_constantIbLb0EEE)
                  0001355a    00000010     I2C_monitor.obj (.text:_ZNSt3__213__vector_baseIP6I2cMsgNS_9allocatorIS2_EEE5clearEv)
                  0001356a    00000010     SPI_monitor.obj (.text:_ZNSt3__213__vector_baseIP6SpiMsgNS_9allocatorIS2_EEE19__copy_assign_allocERKS5_NS_17integral_constantIbLb0EEE)
                  0001357a    00000010     SPI_monitor.obj (.text:_ZNSt3__213__vector_baseIP6SpiMsgNS_9allocatorIS2_EEE5clearEv)
                  0001358a    00000010     console_task.obj (.text:_ZNSt3__214__split_bufferIP11ConsolePageRNS_9allocatorIS2_EEE5clearEv)
                  0001359a    00000010     I2C_task.obj (.text:_ZNSt3__214__split_bufferIP6I2cMsgRNS_9allocatorIS2_EEE5clearEv)
                  000135aa    00000010     SPI_command.obj (.text:_ZNSt3__214__split_bufferIP6SpiMsgRNS_9allocatorIS2_EEE5clearEv)
                  000135ba    00000010     menu_page.obj (.text:_ZNSt3__214__split_bufferIP7MenuRowRNS_9allocatorIS2_EEE5clearEv)
                  000135ca    00000010     console_task.obj (.text:_ZNSt3__216allocator_traitsINS_9allocatorIP11ConsolePageEEE10__max_sizeENS_17integral_constantIbLb1EEERKS4_)
                  000135da    00000010     console_task.obj (.text:_ZNSt3__216allocator_traitsINS_9allocatorIP11ConsolePageEEE8max_sizeERKS4_)
                  000135ea    00000010     I2C_monitor.obj (.text:_ZNSt3__216allocator_traitsINS_9allocatorIP6I2cMsgEEE10__max_sizeENS_17integral_constantIbLb1EEERKS4_)
                  000135fa    00000010     I2C_monitor.obj (.text:_ZNSt3__216allocator_traitsINS_9allocatorIP6I2cMsgEEE8max_sizeERKS4_)
                  0001360a    00000010     SPI_command.obj (.text:_ZNSt3__216allocator_traitsINS_9allocatorIP6SpiMsgEEE10__max_sizeENS_17integral_constantIbLb1EEERKS4_)
                  0001361a    00000010     SPI_command.obj (.text:_ZNSt3__216allocator_traitsINS_9allocatorIP6SpiMsgEEE8max_sizeERKS4_)
                  0001362a    00000010     menu_page.obj (.text:_ZNSt3__216allocator_traitsINS_9allocatorIP7MenuRowEEE10__max_sizeENS_17integral_constantIbLb1EEERKS4_)
                  0001363a    00000010     menu_page.obj (.text:_ZNSt3__216allocator_traitsINS_9allocatorIP7MenuRowEEE8max_sizeERKS4_)
                  0001364a    00000010     console_task.obj (.text:_ZNSt3__222__compressed_pair_elemIPP11ConsolePageLi0ELb0EEC2IDnvEEOT_)
                  0001365a    00000010     I2C_monitor.obj (.text:_ZNSt3__222__compressed_pair_elemIPP6I2cMsgLi0ELb0EEC2IDnvEEOT_)
                  0001366a    00000010     SPI_command.obj (.text:_ZNSt3__222__compressed_pair_elemIPP6SpiMsgLi0ELb0EEC2IDnvEEOT_)
                  0001367a    00000010     menu_page.obj (.text:_ZNSt3__222__compressed_pair_elemIPP7MenuRowLi0ELb0EEC2IDnvEEOT_)
                  0001368a    00000010     console_task.obj (.text:_ZNSt3__222__compressed_pair_elemIRNS_9allocatorIP11ConsolePageEELi1ELb0EEC2IS5_vEEOT_)
                  0001369a    00000010     I2C_task.obj (.text:_ZNSt3__222__compressed_pair_elemIRNS_9allocatorIP6I2cMsgEELi1ELb0EEC2IS5_vEEOT_)
                  000136aa    00000010     SPI_command.obj (.text:_ZNSt3__222__compressed_pair_elemIRNS_9allocatorIP6SpiMsgEELi1ELb0EEC2IS5_vEEOT_)
                  000136ba    00000010     menu_page.obj (.text:_ZNSt3__222__compressed_pair_elemIRNS_9allocatorIP7MenuRowEELi1ELb0EEC2IS5_vEEOT_)
                  000136ca    00000010     console_task.obj (.text:_ZNSt3__26vectorIP11ConsolePageNS_9allocatorIS2_EEE24__RAII_IncreaseAnnotatorC1ERKS5_j)
                  000136da    00000010     I2C_monitor.obj (.text:_ZNSt3__26vectorIP6I2cMsgNS_9allocatorIS2_EEE24__RAII_IncreaseAnnotatorC1ERKS5_j)
                  000136ea    00000010     SPI_command.obj (.text:_ZNSt3__26vectorIP6SpiMsgNS_9allocatorIS2_EEE24__RAII_IncreaseAnnotatorC1ERKS5_j)
                  000136fa    00000010     menu_page.obj (.text:_ZNSt3__26vectorIP7MenuRowNS_9allocatorIS2_EEE24__RAII_IncreaseAnnotatorC1ERKS5_j)
                  0001370a    00000010     console_task.obj (.text:_ZNSt3__29allocatorIP11ConsolePageE10deallocateEPS2_j)
                  0001371a    00000010     I2C_monitor.obj (.text:_ZNSt3__29allocatorIP6I2cMsgE10deallocateEPS2_j)
                  0001372a    00000010     SPI_command.obj (.text:_ZNSt3__29allocatorIP6SpiMsgE10deallocateEPS2_j)
                  0001373a    00000010     menu_page.obj (.text:_ZNSt3__29allocatorIP7MenuRowE10deallocateEPS2_j)
                  0001374a    0000000e     rtsv7M4_T_le_v4SPD16_eabi.lib : typeinfo.c.obj (.text:_ZN10__cxxabiv117__class_type_infoD0Ev)
                  00013758    0000000e                                   : typeinfo.c.obj (.text:_ZN10__cxxabiv120__si_class_type_infoD0Ev)
                  00013766    0000000e     console_task.obj (.text:_ZNKSt3__213__vector_baseIP11ConsolePageNS_9allocatorIS2_EEE7__allocEv)
                  00013774    0000000e     console_task.obj (.text:_ZNKSt3__213__vector_baseIP11ConsolePageNS_9allocatorIS2_EEE9__end_capEv)
                  00013782    0000000e     I2C_monitor.obj (.text:_ZNKSt3__213__vector_baseIP6I2cMsgNS_9allocatorIS2_EEE7__allocEv)
                  00013790    0000000e     I2C_monitor.obj (.text:_ZNKSt3__213__vector_baseIP6I2cMsgNS_9allocatorIS2_EEE9__end_capEv)
                  0001379e    0000000e     SPI_command.obj (.text:_ZNKSt3__213__vector_baseIP6SpiMsgNS_9allocatorIS2_EEE7__allocEv)
                  000137ac    0000000e     SPI_command.obj (.text:_ZNKSt3__213__vector_baseIP6SpiMsgNS_9allocatorIS2_EEE9__end_capEv)
                  000137ba    0000000e     menu_page.obj (.text:_ZNKSt3__213__vector_baseIP7MenuRowNS_9allocatorIS2_EEE7__allocEv)
                  000137c8    0000000e     menu_page.obj (.text:_ZNKSt3__213__vector_baseIP7MenuRowNS_9allocatorIS2_EEE9__end_capEv)
                  000137d6    0000000e     console_task.obj (.text:_ZNKSt3__214__split_bufferIP11ConsolePageRNS_9allocatorIS2_EEE9__end_capEv)
                  000137e4    0000000e     I2C_task.obj (.text:_ZNKSt3__214__split_bufferIP6I2cMsgRNS_9allocatorIS2_EEE9__end_capEv)
                  000137f2    0000000e     SPI_command.obj (.text:_ZNKSt3__214__split_bufferIP6SpiMsgRNS_9allocatorIS2_EEE9__end_capEv)
                  00013800    0000000e     menu_page.obj (.text:_ZNKSt3__214__split_bufferIP7MenuRowRNS_9allocatorIS2_EEE9__end_capEv)
                  0001380e    0000000e     console_task.obj (.text:_ZNKSt3__26vectorIP11ConsolePageNS_9allocatorIS2_EEE4dataEv)
                  0001381c    0000000e     I2C_monitor.obj (.text:_ZNKSt3__26vectorIP6I2cMsgNS_9allocatorIS2_EEE4dataEv)
                  0001382a    0000000e     SPI_command.obj (.text:_ZNKSt3__26vectorIP6SpiMsgNS_9allocatorIS2_EEE4dataEv)
                  00013838    0000000e     menu_page.obj (.text:_ZNKSt3__26vectorIP7MenuRowNS_9allocatorIS2_EEE4dataEv)
                  00013846    0000000e     console_task.obj (.text:_ZNKSt3__29allocatorIP11ConsolePageE8max_sizeEv)
                  00013854    0000000e     I2C_monitor.obj (.text:_ZNKSt3__29allocatorIP6I2cMsgE8max_sizeEv)
                  00013862    0000000e     SPI_command.obj (.text:_ZNKSt3__29allocatorIP6SpiMsgE8max_sizeEv)
                  00013870    0000000e     menu_page.obj (.text:_ZNKSt3__29allocatorIP7MenuRowE8max_sizeEv)
                  0001387e    0000000e     console_task.obj (.text:_ZNSt3__213__vector_baseIP11ConsolePageNS_9allocatorIS2_EEE7__allocEv)
                  0001388c    0000000e     console_task.obj (.text:_ZNSt3__213__vector_baseIP11ConsolePageNS_9allocatorIS2_EEE9__end_capEv)
                  0001389a    0000000e     I2C_monitor.obj (.text:_ZNSt3__213__vector_baseIP6I2cMsgNS_9allocatorIS2_EEE7__allocEv)
                  000138a8    0000000e     I2C_monitor.obj (.text:_ZNSt3__213__vector_baseIP6I2cMsgNS_9allocatorIS2_EEE9__end_capEv)
                  000138b6    0000000e     SPI_command.obj (.text:_ZNSt3__213__vector_baseIP6SpiMsgNS_9allocatorIS2_EEE7__allocEv)
                  000138c4    0000000e     SPI_command.obj (.text:_ZNSt3__213__vector_baseIP6SpiMsgNS_9allocatorIS2_EEE9__end_capEv)
                  000138d2    0000000e     menu_page.obj (.text:_ZNSt3__213__vector_baseIP7MenuRowNS_9allocatorIS2_EEE7__allocEv)
                  000138e0    0000000e     menu_page.obj (.text:_ZNSt3__213__vector_baseIP7MenuRowNS_9allocatorIS2_EEE9__end_capEv)
                  000138ee    0000000e     console_task.obj (.text:_ZNSt3__214__split_bufferIP11ConsolePageRNS_9allocatorIS2_EEE7__allocEv)
                  000138fc    0000000e     console_task.obj (.text:_ZNSt3__214__split_bufferIP11ConsolePageRNS_9allocatorIS2_EEE9__end_capEv)
                  0001390a    0000000e     I2C_task.obj (.text:_ZNSt3__214__split_bufferIP6I2cMsgRNS_9allocatorIS2_EEE7__allocEv)
                  00013918    0000000e     I2C_task.obj (.text:_ZNSt3__214__split_bufferIP6I2cMsgRNS_9allocatorIS2_EEE9__end_capEv)
                  00013926    0000000e     SPI_command.obj (.text:_ZNSt3__214__split_bufferIP6SpiMsgRNS_9allocatorIS2_EEE7__allocEv)
                  00013934    0000000e     SPI_command.obj (.text:_ZNSt3__214__split_bufferIP6SpiMsgRNS_9allocatorIS2_EEE9__end_capEv)
                  00013942    0000000e     menu_page.obj (.text:_ZNSt3__214__split_bufferIP7MenuRowRNS_9allocatorIS2_EEE7__allocEv)
                  00013950    0000000e     menu_page.obj (.text:_ZNSt3__214__split_bufferIP7MenuRowRNS_9allocatorIS2_EEE9__end_capEv)
                  0001395e    0000000e     console_task.obj (.text:_ZNSt3__217__compressed_pairIPP11ConsolePageRNS_9allocatorIS2_EEE6secondEv)
                  0001396c    0000000e     I2C_task.obj (.text:_ZNSt3__217__compressed_pairIPP6I2cMsgRNS_9allocatorIS2_EEE6secondEv)
                  0001397a    0000000e     SPI_command.obj (.text:_ZNSt3__217__compressed_pairIPP6SpiMsgRNS_9allocatorIS2_EEE6secondEv)
                  00013988    0000000e     menu_page.obj (.text:_ZNSt3__217__compressed_pairIPP7MenuRowRNS_9allocatorIS2_EEE6secondEv)
                  00013996    0000000e     console_task.obj (.text:_ZNSt3__222__compressed_pair_elemINS_9allocatorIP11ConsolePageEELi1ELb1EEC1Ev)
                  000139a4    0000000e     I2C_monitor.obj (.text:_ZNSt3__222__compressed_pair_elemINS_9allocatorIP6I2cMsgEELi1ELb1EEC1Ev)
                  000139b2    0000000e     SPI_command.obj (.text:_ZNSt3__222__compressed_pair_elemINS_9allocatorIP6SpiMsgEELi1ELb1EEC1Ev)
                  000139c0    0000000e     menu_page.obj (.text:_ZNSt3__222__compressed_pair_elemINS_9allocatorIP7MenuRowEELi1ELb1EEC1Ev)
                  000139ce    0000000e     console_task.obj (.text:_ZNSt3__222__compressed_pair_elemIRNS_9allocatorIP11ConsolePageEELi1ELb0EE5__getEv)
                  000139dc    0000000e     I2C_task.obj (.text:_ZNSt3__222__compressed_pair_elemIRNS_9allocatorIP6I2cMsgEELi1ELb0EE5__getEv)
                  000139ea    0000000e     SPI_command.obj (.text:_ZNSt3__222__compressed_pair_elemIRNS_9allocatorIP6SpiMsgEELi1ELb0EE5__getEv)
                  000139f8    0000000e     menu_page.obj (.text:_ZNSt3__222__compressed_pair_elemIRNS_9allocatorIP7MenuRowEELi1ELb0EE5__getEv)
                  00013a06    0000000e     console_task.obj (.text:_ZNSt3__26vectorIP11ConsolePageNS_9allocatorIS2_EEEC1Ev)
                  00013a14    0000000e     I2C_monitor.obj (.text:_ZNSt3__26vectorIP6I2cMsgNS_9allocatorIS2_EEEC1Ev)
                  00013a22    0000000e     SPI_command.obj (.text:_ZNSt3__26vectorIP6SpiMsgNS_9allocatorIS2_EEEC1Ev)
                  00013a30    0000000e     menu_page.obj (.text:_ZNSt3__26vectorIP7MenuRowNS_9allocatorIS2_EEEC1Ev)
                  00013a3e    0000000e     I2C_task.obj (.text:_ZnwjPv)
                  00013a4c    0000000e     rtsv7M4_T_le_v4SPD16_eabi.lib : copy_decompress_none.c.obj (.text:decompress:none:__TI_decompress_none)
                  00013a5a    0000000c     console_task.obj (.text:_ZNKSt3__217__compressed_pairIPP11ConsolePageNS_9allocatorIS2_EEE5firstEv)
                  00013a66    0000000c     console_task.obj (.text:_ZNKSt3__217__compressed_pairIPP11ConsolePageNS_9allocatorIS2_EEE6secondEv)
                  00013a72    0000000c     console_task.obj (.text:_ZNKSt3__217__compressed_pairIPP11ConsolePageRNS_9allocatorIS2_EEE5firstEv)
                  00013a7e    0000000c     I2C_monitor.obj (.text:_ZNKSt3__217__compressed_pairIPP6I2cMsgNS_9allocatorIS2_EEE5firstEv)
                  00013a8a    0000000c     I2C_monitor.obj (.text:_ZNKSt3__217__compressed_pairIPP6I2cMsgNS_9allocatorIS2_EEE6secondEv)
                  00013a96    0000000c     I2C_task.obj (.text:_ZNKSt3__217__compressed_pairIPP6I2cMsgRNS_9allocatorIS2_EEE5firstEv)
                  00013aa2    0000000c     SPI_command.obj (.text:_ZNKSt3__217__compressed_pairIPP6SpiMsgNS_9allocatorIS2_EEE5firstEv)
                  00013aae    0000000c     SPI_command.obj (.text:_ZNKSt3__217__compressed_pairIPP6SpiMsgNS_9allocatorIS2_EEE6secondEv)
                  00013aba    0000000c     SPI_command.obj (.text:_ZNKSt3__217__compressed_pairIPP6SpiMsgRNS_9allocatorIS2_EEE5firstEv)
                  00013ac6    0000000c     menu_page.obj (.text:_ZNKSt3__217__compressed_pairIPP7MenuRowNS_9allocatorIS2_EEE5firstEv)
                  00013ad2    0000000c     menu_page.obj (.text:_ZNKSt3__217__compressed_pairIPP7MenuRowNS_9allocatorIS2_EEE6secondEv)
                  00013ade    0000000c     menu_page.obj (.text:_ZNKSt3__217__compressed_pairIPP7MenuRowRNS_9allocatorIS2_EEE5firstEv)
                  00013aea    00000002     --HOLE-- [fill = 0]
                  00013aec    0000000c     rtsv7M4_T_le_v4SPD16_eabi.lib : vector.cpp.obj (.text:_ZNKSt3__220__vector_base_commonILb1EE20__throw_length_errorEv)
                  00013af8    0000000c     console_task.obj (.text:_ZNKSt3__222__compressed_pair_elemINS_9allocatorIP11ConsolePageEELi1ELb1EE5__getEv)
                  00013b04    0000000c     I2C_monitor.obj (.text:_ZNKSt3__222__compressed_pair_elemINS_9allocatorIP6I2cMsgEELi1ELb1EE5__getEv)
                  00013b10    0000000c     SPI_command.obj (.text:_ZNKSt3__222__compressed_pair_elemINS_9allocatorIP6SpiMsgEELi1ELb1EE5__getEv)
                  00013b1c    0000000c     menu_page.obj (.text:_ZNKSt3__222__compressed_pair_elemINS_9allocatorIP7MenuRowEELi1ELb1EE5__getEv)
                  00013b28    0000000c     console_task.obj (.text:_ZNKSt3__222__compressed_pair_elemIPP11ConsolePageLi0ELb0EE5__getEv)
                  00013b34    0000000c     I2C_monitor.obj (.text:_ZNKSt3__222__compressed_pair_elemIPP6I2cMsgLi0ELb0EE5__getEv)
                  00013b40    0000000c     SPI_command.obj (.text:_ZNKSt3__222__compressed_pair_elemIPP6SpiMsgLi0ELb0EE5__getEv)
                  00013b4c    0000000c     menu_page.obj (.text:_ZNKSt3__222__compressed_pair_elemIPP7MenuRowLi0ELb0EE5__getEv)
                  00013b58    0000000c     console_task.obj (.text:_ZNKSt3__26vectorIP11ConsolePageNS_9allocatorIS2_EEE8capacityEv)
                  00013b64    0000000c     I2C_monitor.obj (.text:_ZNKSt3__26vectorIP6I2cMsgNS_9allocatorIS2_EEE8capacityEv)
                  00013b70    0000000c     SPI_command.obj (.text:_ZNKSt3__26vectorIP6SpiMsgNS_9allocatorIS2_EEE8capacityEv)
                  00013b7c    0000000c     menu_page.obj (.text:_ZNKSt3__26vectorIP7MenuRowNS_9allocatorIS2_EEE8capacityEv)
                  00013b88    0000000c     I2C_monitor.obj (.text:_ZNSt3__210__allocateEj)
                  00013b94    0000000c     I2C_monitor.obj (.text:_ZNSt3__213__unwrap_iterIPP6I2cMsgEET_S4_)
                  00013ba0    0000000c     SPI_monitor.obj (.text:_ZNSt3__213__unwrap_iterIPP6SpiMsgEET_S4_)
                  00013bac    0000000c     console_task.obj (.text:_ZNSt3__213__vector_baseIP11ConsolePageNS_9allocatorIS2_EEEC2Ev)
                  00013bb8    0000000c     I2C_monitor.obj (.text:_ZNSt3__213__vector_baseIP6I2cMsgNS_9allocatorIS2_EEEC2Ev)
                  00013bc4    0000000c     SPI_command.obj (.text:_ZNSt3__213__vector_baseIP6SpiMsgNS_9allocatorIS2_EEEC2Ev)
                  00013bd0    0000000c     menu_page.obj (.text:_ZNSt3__213__vector_baseIP7MenuRowNS_9allocatorIS2_EEEC2Ev)
                  00013bdc    0000000c     console_task.obj (.text:_ZNSt3__216__to_raw_pointerIP11ConsolePageEEPT_S4_)
                  00013be8    0000000c     I2C_monitor.obj (.text:_ZNSt3__216__to_raw_pointerIP6I2cMsgEEPT_S4_)
                  00013bf4    0000000c     SPI_command.obj (.text:_ZNSt3__216__to_raw_pointerIP6SpiMsgEEPT_S4_)
                  00013c00    0000000c     menu_page.obj (.text:_ZNSt3__216__to_raw_pointerIP7MenuRowEEPT_S4_)
                  00013c0c    0000000c     console_task.obj (.text:_ZNSt3__217__compressed_pairIPP11ConsolePageNS_9allocatorIS2_EEE5firstEv)
                  00013c18    0000000c     console_task.obj (.text:_ZNSt3__217__compressed_pairIPP11ConsolePageNS_9allocatorIS2_EEE6secondEv)
                  00013c24    0000000c     console_task.obj (.text:_ZNSt3__217__compressed_pairIPP11ConsolePageRNS_9allocatorIS2_EEE5firstEv)
                  00013c30    0000000c     I2C_monitor.obj (.text:_ZNSt3__217__compressed_pairIPP6I2cMsgNS_9allocatorIS2_EEE5firstEv)
                  00013c3c    0000000c     I2C_monitor.obj (.text:_ZNSt3__217__compressed_pairIPP6I2cMsgNS_9allocatorIS2_EEE6secondEv)
                  00013c48    0000000c     I2C_task.obj (.text:_ZNSt3__217__compressed_pairIPP6I2cMsgRNS_9allocatorIS2_EEE5firstEv)
                  00013c54    0000000c     SPI_command.obj (.text:_ZNSt3__217__compressed_pairIPP6SpiMsgNS_9allocatorIS2_EEE5firstEv)
                  00013c60    0000000c     SPI_command.obj (.text:_ZNSt3__217__compressed_pairIPP6SpiMsgNS_9allocatorIS2_EEE6secondEv)
                  00013c6c    0000000c     SPI_command.obj (.text:_ZNSt3__217__compressed_pairIPP6SpiMsgRNS_9allocatorIS2_EEE5firstEv)
                  00013c78    0000000c     menu_page.obj (.text:_ZNSt3__217__compressed_pairIPP7MenuRowNS_9allocatorIS2_EEE5firstEv)
                  00013c84    0000000c     menu_page.obj (.text:_ZNSt3__217__compressed_pairIPP7MenuRowNS_9allocatorIS2_EEE6secondEv)
                  00013c90    0000000c     menu_page.obj (.text:_ZNSt3__217__compressed_pairIPP7MenuRowRNS_9allocatorIS2_EEE5firstEv)
                  00013c9c    0000000c     I2C_monitor.obj (.text:_ZNSt3__219__libcpp_deallocateEPv)
                  00013ca8    0000000c     console_task.obj (.text:_ZNSt3__222__compressed_pair_elemINS_9allocatorIP11ConsolePageEELi1ELb1EE5__getEv)
                  00013cb4    0000000c     console_task.obj (.text:_ZNSt3__222__compressed_pair_elemINS_9allocatorIP11ConsolePageEELi1ELb1EEC2Ev)
                  00013cc0    0000000c     I2C_monitor.obj (.text:_ZNSt3__222__compressed_pair_elemINS_9allocatorIP6I2cMsgEELi1ELb1EE5__getEv)
                  00013ccc    0000000c     I2C_monitor.obj (.text:_ZNSt3__222__compressed_pair_elemINS_9allocatorIP6I2cMsgEELi1ELb1EEC2Ev)
                  00013cd8    0000000c     SPI_command.obj (.text:_ZNSt3__222__compressed_pair_elemINS_9allocatorIP6SpiMsgEELi1ELb1EE5__getEv)
                  00013ce4    0000000c     SPI_command.obj (.text:_ZNSt3__222__compressed_pair_elemINS_9allocatorIP6SpiMsgEELi1ELb1EEC2Ev)
                  00013cf0    0000000c     menu_page.obj (.text:_ZNSt3__222__compressed_pair_elemINS_9allocatorIP7MenuRowEELi1ELb1EE5__getEv)
                  00013cfc    0000000c     menu_page.obj (.text:_ZNSt3__222__compressed_pair_elemINS_9allocatorIP7MenuRowEELi1ELb1EEC2Ev)
                  00013d08    0000000c     console_task.obj (.text:_ZNSt3__222__compressed_pair_elemIPP11ConsolePageLi0ELb0EE5__getEv)
                  00013d14    0000000c     I2C_monitor.obj (.text:_ZNSt3__222__compressed_pair_elemIPP6I2cMsgLi0ELb0EE5__getEv)
                  00013d20    0000000c     SPI_command.obj (.text:_ZNSt3__222__compressed_pair_elemIPP6SpiMsgLi0ELb0EE5__getEv)
                  00013d2c    0000000c     menu_page.obj (.text:_ZNSt3__222__compressed_pair_elemIPP7MenuRowLi0ELb0EE5__getEv)
                  00013d38    0000000c     I2C_task.obj (.text:_ZNSt3__24moveIRP6I2cMsgEEONS_16remove_referenceIT_E4typeEOS5_)
                  00013d44    0000000c     SPI_command.obj (.text:_ZNSt3__24moveIRP6SpiMsgEEONS_16remove_referenceIT_E4typeEOS5_)
                  00013d50    0000000c     console_task.obj (.text:_ZNSt3__24moveIRPP11ConsolePageEEONS_16remove_referenceIT_E4typeEOS6_)
                  00013d5c    0000000c     I2C_task.obj (.text:_ZNSt3__24moveIRPP6I2cMsgEEONS_16remove_referenceIT_E4typeEOS6_)
                  00013d68    0000000c     SPI_command.obj (.text:_ZNSt3__24moveIRPP6SpiMsgEEONS_16remove_referenceIT_E4typeEOS6_)
                  00013d74    0000000c     menu_page.obj (.text:_ZNSt3__24moveIRPP7MenuRowEEONS_16remove_referenceIT_E4typeEOS6_)
                  00013d80    0000000c     I2C_monitor.obj (.text:_ZNSt3__26vectorIP6I2cMsgNS_9allocatorIS2_EEE27__invalidate_iterators_pastEPS2_)
                  00013d8c    0000000c     SPI_monitor.obj (.text:_ZNSt3__26vectorIP6SpiMsgNS_9allocatorIS2_EEE27__invalidate_iterators_pastEPS2_)
                  00013d98    0000000c     I2C_monitor.obj (.text:_ZNSt3__27forwardIDnEEOT_RNS_16remove_referenceIS1_E4typeE)
                  00013da4    0000000c     I2C_task.obj (.text:_ZNSt3__27forwardIP6I2cMsgEEOT_RNS_16remove_referenceIS3_E4typeE)
                  00013db0    0000000c     SPI_command.obj (.text:_ZNSt3__27forwardIP6SpiMsgEEOT_RNS_16remove_referenceIS3_E4typeE)
                  00013dbc    0000000c     console_task.obj (.text:_ZNSt3__27forwardIRKP11ConsolePageEEOT_RNS_16remove_referenceIS5_E4typeE)
                  00013dc8    0000000c     menu_page.obj (.text:_ZNSt3__27forwardIRKP7MenuRowEEOT_RNS_16remove_referenceIS5_E4typeE)
                  00013dd4    0000000c     console_task.obj (.text:_ZNSt3__27forwardIRNS_9allocatorIP11ConsolePageEEEEOT_RNS_16remove_referenceIS6_E4typeE)
                  00013de0    0000000c     I2C_task.obj (.text:_ZNSt3__27forwardIRNS_9allocatorIP6I2cMsgEEEEOT_RNS_16remove_referenceIS6_E4typeE)
                  00013dec    0000000c     SPI_command.obj (.text:_ZNSt3__27forwardIRNS_9allocatorIP6SpiMsgEEEEOT_RNS_16remove_referenceIS6_E4typeE)
                  00013df8    0000000c     menu_page.obj (.text:_ZNSt3__27forwardIRNS_9allocatorIP7MenuRowEEEEOT_RNS_16remove_referenceIS6_E4typeE)
                  00013e04    0000000c     console_task.obj (.text:_ZNSt3__29allocatorIP11ConsolePageE7destroyEPS2_)
                  00013e10    0000000c     console_task.obj (.text:_ZNSt3__29allocatorIP11ConsolePageEC1Ev)
                  00013e1c    0000000c     console_task.obj (.text:_ZNSt3__29allocatorIP11ConsolePageEC2Ev)
                  00013e28    0000000c     I2C_monitor.obj (.text:_ZNSt3__29allocatorIP6I2cMsgE7destroyEPS2_)
                  00013e34    0000000c     I2C_monitor.obj (.text:_ZNSt3__29allocatorIP6I2cMsgEC1Ev)
                  00013e40    0000000c     I2C_monitor.obj (.text:_ZNSt3__29allocatorIP6I2cMsgEC2Ev)
                  00013e4c    0000000c     SPI_command.obj (.text:_ZNSt3__29allocatorIP6SpiMsgE7destroyEPS2_)
                  00013e58    0000000c     SPI_command.obj (.text:_ZNSt3__29allocatorIP6SpiMsgEC1Ev)
                  00013e64    0000000c     SPI_command.obj (.text:_ZNSt3__29allocatorIP6SpiMsgEC2Ev)
                  00013e70    0000000c     menu_page.obj (.text:_ZNSt3__29allocatorIP7MenuRowE7destroyEPS2_)
                  00013e7c    0000000c     menu_page.obj (.text:_ZNSt3__29allocatorIP7MenuRowEC1Ev)
                  00013e88    0000000c     menu_page.obj (.text:_ZNSt3__29allocatorIP7MenuRowEC2Ev)
                  00013e94    0000000c     rtsv7M4_T_le_v4SPD16_eabi.lib : copy_zero_init.c.obj (.text:decompress:ZI:__TI_zero_init)
                  00013ea0    0000000c     tm4c123gh6pm_startup_ccs.obj (.text)
                  00013eac    0000000a     I2C_monitor.obj (.text:_ZNSt3__220__throw_length_errorEPKc)
                  00013eb6    0000000a     console_task.obj (.text:_ZNSt3__26vectorIP11ConsolePageNS_9allocatorIS2_EEE24__RAII_IncreaseAnnotator6__doneEv)
                  00013ec0    0000000a     console_task.obj (.text:_ZNSt3__26vectorIP11ConsolePageNS_9allocatorIS2_EEE26__invalidate_all_iteratorsEv)
                  00013eca    0000000a     I2C_monitor.obj (.text:_ZNSt3__26vectorIP6I2cMsgNS_9allocatorIS2_EEE24__RAII_IncreaseAnnotator6__doneEv)
                  00013ed4    0000000a     I2C_monitor.obj (.text:_ZNSt3__26vectorIP6I2cMsgNS_9allocatorIS2_EEE26__invalidate_all_iteratorsEv)
                  00013ede    0000000a     SPI_command.obj (.text:_ZNSt3__26vectorIP6SpiMsgNS_9allocatorIS2_EEE24__RAII_IncreaseAnnotator6__doneEv)
                  00013ee8    0000000a     SPI_command.obj (.text:_ZNSt3__26vectorIP6SpiMsgNS_9allocatorIS2_EEE26__invalidate_all_iteratorsEv)
                  00013ef2    0000000a     menu_page.obj (.text:_ZNSt3__26vectorIP7MenuRowNS_9allocatorIS2_EEE24__RAII_IncreaseAnnotator6__doneEv)
                  00013efc    0000000a     menu_page.obj (.text:_ZNSt3__26vectorIP7MenuRowNS_9allocatorIS2_EEE26__invalidate_all_iteratorsEv)
                  00013f06    0000000a     rtsv7M4_T_le_v4SPD16_eabi.lib : sprintf.c.obj (.text:_outc)
                  00013f10    00000008                                   : errno.c.obj (.text:__aeabi_errno_addr)
                  00013f18    00000008                                   : memory.c.obj (.text:malloc)
                  00013f20    00000006     sysctl.obj (.text:SysCtlDelay)
                  00013f26    00000006     rtsv7M4_T_le_v4SPD16_eabi.lib : pure_virt.c.obj (.text:__cxa_pure_virtual)
                  00013f2c    00000004                                   : typeinfo.c.obj (.text:_ZN10__cxxabiv117__class_type_infoD1Ev)
                  00013f30    00000004                                   : typeinfo.c.obj (.text:_ZN10__cxxabiv120__si_class_type_infoD1Ev)
                  00013f34    00000004                                   : new.cpp.obj (.text:_ZdlPvj)
                  00013f38    00000004                                   : error.c.obj (.text:__abort_execution)
                  00013f3c    00000004                                   : pre_init.c.obj (.text:_system_pre_init)
                  00013f40    00000004                                   : exit.c.obj (.text:abort:abort)

.const     0    00013f44    00000ebc     
                  00013f44    00000120     sysctl.obj (.const:g_pppui32XTALtoVCO)
                  00014064    00000101     rtsv7M4_T_le_v4SPD16_eabi.lib : ctype.c.obj (.const:.string:_ctypes_)
                  00014165    00000003     --HOLE-- [fill = 0]
                  00014168    000000ec     no_booster_board.obj (.const:.string)
                  00014254    000000c0     gpio.obj (.const:g_ppui32GPIOIntMapBlizzard)
                  00014314    000000c0     gpio.obj (.const:g_ppui32GPIOIntMapSnowflake)
                  000143d4    0000009c     interrupt.obj (.const:g_pui32Regs)
                  00014470    00000090     gpio.obj (.const:g_pui32GPIOBaseAddrs)
                  00014500    0000006c     sysctl.obj (.const:g_pui32Xtals)
                  0001456c    00000060     timer.obj (.const:g_ppui32TimerIntMap)
                  000145cc    00000052     GPOs.obj (.const:.string)
                  0001461e    00000002     --HOLE-- [fill = 0]
                  00014620    00000050     i2c.obj (.const:g_ppui32I2CIntMapSnowflake)
                  00014670    00000044     console_task.obj (.const:.string:_ZZNSt3__29allocatorIP11ConsolePageE8allocateEjPKvEs)
                  000146b4    00000044     I2C_monitor.obj (.const:.string:_ZZNSt3__29allocatorIP6I2cMsgE8allocateEjPKvEs)
                  000146f8    00000044     SPI_command.obj (.const:.string:_ZZNSt3__29allocatorIP6SpiMsgE8allocateEjPKvEs)
                  0001473c    00000044     menu_page.obj (.const:.string:_ZZNSt3__29allocatorIP7MenuRowE8allocateEjPKvEs)
                  00014780    00000040     timer.obj (.const:g_ppui32TimerIntMapSnowflake)
                  000147c0    00000040     uart.obj (.const:g_ppui32UARTIntMap)
                  00014800    00000040     uart.obj (.const:g_ppui32UARTIntMapSnowflake)
                  00014840    00000030     i2c.obj (.const:g_ppui32I2CIntMap)
                  00014870    00000030     sysctl.obj (.const:g_sXTALtoMEMTIM)
                  000148a0    00000025     rtsv7M4_T_le_v4SPD16_eabi.lib : typeinfo.c.obj (.const:.typeinfo:_ZTSN10__cxxabiv120__si_class_type_infoE)
                  000148c5    00000022                                   : typeinfo.c.obj (.const:.typeinfo:_ZTSN10__cxxabiv117__class_type_infoE)
                  000148e7    00000001     --HOLE-- [fill = 0]
                  000148e8    00000020     ssi.obj (.const:g_ppui32SSIIntMap)
                  00014908    00000020     ssi.obj (.const:g_ppui32SSIIntMapSnowflake)
                  00014928    00000020     interrupt.obj (.const:g_pui32Priority)
                  00014948    0000001e     ADC_task.obj (.const:.string)
                  00014966    00000002     --HOLE-- [fill = 0]
                  00014968    0000001e     GPIs.obj (.const:.string)
                  00014986    00000002     --HOLE-- [fill = 0]
                  00014988    0000001c     SPI_command.obj (.const:_ZTV10SpiCmdTask)
                  000149a4    0000001c     console_task.obj (.const:_ZTV11ConsolePage)
                  000149c0    0000001c     console_task.obj (.const:_ZTV11ConsoleTask)
                  000149dc    0000001c     error_logger.obj (.const:_ZTV11ErrorLogger)
                  000149f8    0000001c     menu_page.obj (.const:_ZTV11MenuOptions)
                  00014a14    0000001c     task_manager.obj (.const:_ZTV11TaskManager)
                  00014a30    0000001c     UART_streamer.obj (.const:_ZTV12UartStreamer)
                  00014a4c    0000001c     I2C_monitor.obj (.const:_ZTV14I2cMonitorTask)
                  00014a68    0000001c     I2C_sniffer.obj (.const:_ZTV14I2cSnifferTask)
                  00014a84    0000001c     SPI_monitor.obj (.const:_ZTV14SpiMonitorTask)
                  00014aa0    0000001c     I2C_scripter.obj (.const:_ZTV15I2cScripterTask)
                  00014abc    0000001c     I2C_task.obj (.const:_ZTV7I2cTask)
                  00014ad8    0000001c     PWM_page.obj (.const:_ZTV7PWMpage)
                  00014af4    0000001c     UART_command.obj (.const:_ZTV7UartCmd)
                  00014b10    0000001c     test_task.obj (.const:_ZTV8TestTask)
                  00014b2c    0000001c     io_control_page.obj (.const:_ZTV9IoCtlPage)
                  00014b48    00000018     I2C_monitor.obj (.const:.string)
                  00014b60    00000018     SPI_monitor.obj (.const:.string)
                  00014b78    00000014     interrupt.obj (.const:g_pui32Dii16Regs)
                  00014b8c    00000014     interrupt.obj (.const:g_pui32EnRegs)
                  00014ba0    00000014     interrupt.obj (.const:g_pui32PendRegs)
                  00014bb4    00000014     interrupt.obj (.const:g_pui32UnpendRegs)
                  00014bc8    00000012     uartstdio.obj (.const:.string)
                  00014bda    00000012     I2C_scripter.obj (.const:.typeinfo:_ZTS15I2cScripterTask)
                  00014bec    00000011     I2C_monitor.obj (.const:.typeinfo:_ZTS14I2cMonitorTask)
                  00014bfd    00000011     I2C_sniffer.obj (.const:.typeinfo:_ZTS14I2cSnifferTask)
                  00014c0e    00000011     SPI_monitor.obj (.const:.typeinfo:_ZTS14SpiMonitorTask)
                  00014c1f    00000001     --HOLE-- [fill = 0]
                  00014c20    00000010     rtsv7M4_T_le_v4SPD16_eabi.lib : typeinfo.c.obj (.const:_ZTVN10__cxxabiv117__class_type_infoE)
                  00014c30    00000010                                   : typeinfo.c.obj (.const:_ZTVN10__cxxabiv120__si_class_type_infoE)
                  00014c40    0000000f     UART_streamer.obj (.const:.typeinfo:_ZTS12UartStreamer)
                  00014c4f    00000001     --HOLE-- [fill = 0]
                  00014c50    0000000e     PWM_page.obj (.const:.string)
                  00014c5e    0000000e     I2C_monitor.obj (.const:.typeinfo:_ZTS11ConsolePage)
                  00014c6c    0000000e     console_task.obj (.const:.typeinfo:_ZTS11ConsoleTask)
                  00014c7a    0000000e     error_logger.obj (.const:.typeinfo:_ZTS11ErrorLogger)
                  00014c88    0000000e     menu_page.obj (.const:.typeinfo:_ZTS11MenuOptions)
                  00014c96    0000000e     task_manager.obj (.const:.typeinfo:_ZTS11TaskManager)
                  00014ca4    0000000d     SPI_command.obj (.const:.typeinfo:_ZTS10SpiCmdTask)
                  00014cb1    0000000d     rtsv7M4_T_le_v4SPD16_eabi.lib : stdlib_typeinfo.cpp.obj (.const:.typeinfo:_ZTSSt9type_info)
                  00014cbe    00000002     --HOLE-- [fill = 0]
                  00014cc0    0000000c     SPI_command.obj (.const:.typeinfo:_ZTI10SpiCmdTask)
                  00014ccc    0000000c     console_task.obj (.const:.typeinfo:_ZTI11ConsoleTask)
                  00014cd8    0000000c     error_logger.obj (.const:.typeinfo:_ZTI11ErrorLogger)
                  00014ce4    0000000c     menu_page.obj (.const:.typeinfo:_ZTI11MenuOptions)
                  00014cf0    0000000c     task_manager.obj (.const:.typeinfo:_ZTI11TaskManager)
                  00014cfc    0000000c     UART_streamer.obj (.const:.typeinfo:_ZTI12UartStreamer)
                  00014d08    0000000c     I2C_monitor.obj (.const:.typeinfo:_ZTI14I2cMonitorTask)
                  00014d14    0000000c     I2C_sniffer.obj (.const:.typeinfo:_ZTI14I2cSnifferTask)
                  00014d20    0000000c     SPI_monitor.obj (.const:.typeinfo:_ZTI14SpiMonitorTask)
                  00014d2c    0000000c     I2C_scripter.obj (.const:.typeinfo:_ZTI15I2cScripterTask)
                  00014d38    0000000c     I2C_task.obj (.const:.typeinfo:_ZTI7I2cTask)
                  00014d44    0000000c     PWM_page.obj (.const:.typeinfo:_ZTI7PWMpage)
                  00014d50    0000000c     UART_command.obj (.const:.typeinfo:_ZTI7UartCmd)
                  00014d5c    0000000c     test_task.obj (.const:.typeinfo:_ZTI8TestTask)
                  00014d68    0000000c     io_control_page.obj (.const:.typeinfo:_ZTI9IoCtlPage)
                  00014d74    0000000c     rtsv7M4_T_le_v4SPD16_eabi.lib : typeinfo.c.obj (.const:.typeinfo:_ZTIN10__cxxabiv117__class_type_infoE)
                  00014d80    0000000c                                   : typeinfo.c.obj (.const:.typeinfo:_ZTIN10__cxxabiv120__si_class_type_infoE)
                  00014d8c    0000000c     uartstdio.obj (.const:g_ui32UARTBase)
                  00014d98    0000000c     uartstdio.obj (.const:g_ui32UARTPeriph)
                  00014da4    0000000b     io_control_page.obj (.const:.typeinfo:_ZTS9IoCtlPage)
                  00014daf    0000000a     test_task.obj (.const:.typeinfo:_ZTS8TestTask)
                  00014db9    00000009     I2C_task.obj (.const:.typeinfo:_ZTS7I2cTask)
                  00014dc2    00000009     PWM_page.obj (.const:.typeinfo:_ZTS7PWMpage)
                  00014dcb    00000009     UART_command.obj (.const:.typeinfo:_ZTS7UartCmd)
                  00014dd4    00000008     I2C_monitor.obj (.const:.typeinfo:_ZTI11ConsolePage)
                  00014ddc    00000008     rtsv7M4_T_le_v4SPD16_eabi.lib : stdlib_typeinfo.cpp.obj (.const:.typeinfo:_ZTISt9type_info)
                  00014de4    00000008     sysctl.obj (.const:g_pui32VCOFrequencies)
                  00014dec    00000008     port.obj (.const)
                  00014df4    00000007     rtsv7M4_T_le_v4SPD16_eabi.lib : vector.cpp.obj (.const:.string:_ZZNKSt3__220__vector_base_commonILb1EE20__throw_length_errorEvEs)
                  00014dfb    00000001     --HOLE-- [fill = 0]
                  00014dfc    00000004     uartstdio.obj (.const)

.cinit     0    00014e00    00000278     
                  00014e00    00000240     (.cinit..data.load) [load image, compression = lzss]
                  00015040    0000000c     (__TI_handler_table)
                  0001504c    00000004     --HOLE-- [fill = 0]
                  00015050    00000008     (.cinit..bss.load) [load image, compression = zero_init]
                  00015058    00000008     (.cinit..vtable.load) [load image, compression = zero_init]
                  00015060    00000018     (__TI_cinit_table)

.init_array 
*          0    00000000    00000000     UNINITIALIZED

.vtable    0    20000000    0000026c     UNINITIALIZED
                  20000000    0000026c     interrupt.obj (.vtable)

.bss       0    2000026c    000057b0     UNINITIALIZED
                  2000026c    00005000     (.common:ucHeap)
                  2000526c    000004b0     error_logger.obj (.bss:errors)
                  2000571c    00000120     rtsv7M4_T_le_v4SPD16_eabi.lib : trgmsg.c.obj (.bss:_CIOBUF_)
                  2000583c    000000a0     (.common:__TI_tmpnams)
                  200058dc    00000064     tasks.obj (.bss:pxReadyTasksLists)
                  20005940    00000040     (.common:xQueueRegistry)
                  20005980    00000014     tasks.obj (.bss:xDelayedTaskList1)
                  20005994    00000014     tasks.obj (.bss:xDelayedTaskList2)
                  200059a8    00000014     tasks.obj (.bss:xPendingReadyList)
                  200059bc    00000014     tasks.obj (.bss:xSuspendedTaskList)
                  200059d0    00000014     tasks.obj (.bss:xTasksWaitingTermination)
                  200059e4    0000000c     I2C_monitor.obj (.bss:bin_string)
                  200059f0    0000000c     SPI_monitor.obj (.bss:bin_string)
                  200059fc    00000008     tasks.obj (.bss)
                  20005a04    00000008     heap_4.obj (.bss:xStart)
                  20005a0c    00000008     (.common:parmbuf)
                  20005a14    00000004     console_uart.obj (.bss)
                  20005a18    00000004     adc.obj (.bss:g_pui8OversampleFactor)

.stack     0    20005a20    00000800     UNINITIALIZED
                  20005a20    00000004     rtsv7M4_T_le_v4SPD16_eabi.lib : boot_cortex_m.c.obj (.stack)
                  20005a24    000007fc     --HOLE--

.data      0    20006220    000005c0     UNINITIALIZED
                  20006220    000000f0     rtsv7M4_T_le_v4SPD16_eabi.lib : defs.c.obj (.data:_ftable)
                  20006310    00000078                                   : host_device.c.obj (.data:_device)
                  20006388    00000050                                   : host_device.c.obj (.data:_stream)
                  200063d8    00000034     tasks.obj (.data)
                  2000640c    00000028     PWM_page.obj (.data:pwm_0)
                  20006434    00000028     PWM_page.obj (.data:pwm_1)
                  2000645c    00000024     GPOs.obj (.data:gpos)
                  20006480    00000024     no_booster_board.obj (.data:i2c0)
                  200064a4    00000020     ADC_task.obj (.data:adc_0)
                  200064c4    00000020     ADC_task.obj (.data:adc_1)
                  200064e4    00000020     ADC_task.obj (.data:adc_2)
                  20006504    00000020     ADC_task.obj (.data:adc_3)
                  20006524    00000020     no_booster_board.obj (.data)
                  20006544    00000018     GPOs.obj (.data)
                  2000655c    00000018     GPIs.obj (.data:gpi_0)
                  20006574    00000018     GPIs.obj (.data:gpi_1)
                  2000658c    00000018     GPIs.obj (.data:gpi_2)
                  200065a4    00000018     GPIs.obj (.data:gpi_3)
                  200065bc    00000018     GPOs.obj (.data:gpo_0)
                  200065d4    00000018     GPOs.obj (.data:gpo_1)
                  200065ec    00000018     GPOs.obj (.data:gpo_2)
                  20006604    00000018     GPOs.obj (.data:gpo_3)
                  2000661c    00000018     heap_4.obj (.data)
                  20006634    00000018     GPOs.obj (.data:psel_1v8)
                  2000664c    00000018     GPOs.obj (.data:psel_3v3)
                  20006664    00000018     GPOs.obj (.data:psel_5v)
                  2000667c    00000018     GPOs.obj (.data:pullup_en)
                  20006694    00000018     GPOs.obj (.data:pwr_on)
                  200066ac    00000014     no_booster_board.obj (.data:uart_parity_menu)
                  200066c0    00000010     SPI_command.obj (.data)
                  200066d0    00000010     ADC_task.obj (.data:board_adc_pins)
                  200066e0    00000010     GPIs.obj (.data:board_gpi_pins)
                  200066f0    00000010     I2C_monitor.obj (.data:format_types)
                  20006700    00000010     SPI_monitor.obj (.data:format_types)
                  20006710    00000010     rtsv7M4_T_le_v4SPD16_eabi.lib : defs.c.obj (.data)
                  20006720    00000010     no_booster_board.obj (.data:spi_mode_menu)
                  20006730    0000000c     rtsv7M4_T_le_v4SPD16_eabi.lib : exit.c.obj (.data:$O1$$)
                  2000673c    0000000c     UART_command.obj (.data)
                  20006748    0000000c     port.obj (.data)
[...]
00014dcb  _ZTS7UartCmd                                                                                                                                                                                                                                                                     
00014dd4  _ZTI11ConsolePage                                                                                                                                                                                                                                                                
00014ddc  _ZTISt9type_info                                                                                                                                                                                                                                                                 
00014dec  ulMaxSyscallInterruptPriority                                                                                                                                                                                                                                                    
00014df4  _ZZNKSt3__220__vector_base_commonILb1EE20__throw_length_errorEvEs                                                                                                                                                                                                                
00015040  __TI_Handler_Table_Base                                                                                                                                                                                                                                                          
0001504c  __TI_Handler_Table_Limit                                                                                                                                                                                                                                                         
00015060  __TI_CINIT_Base                                                                                                                                                                                                                                                                  
00015078  __TI_CINIT_Limit                                                                                                                                                                                                                                                                 
20000000  __start___llvm_prf_cnts                                                                                                                                                                                                                                                          
20000000  __stop___llvm_prf_cnts                                                                                                                                                                                                                                                           
20000000  g_pfnRAMVectors                                                                                                                                                                                                                                                                  
2000026c  ucHeap                                                                                                                                                                                                                                                                           
2000571c  __CIOBUF_                                                                                                                                                                                                                                                                        
2000583c  __TI_tmpnams                                                                                                                                                                                                                                                                     
20005940  xQueueRegistry                                                                                                                                                                                                                                                                   
20005a0c  parmbuf                                                                                                                                                                                                                                                                          
20005a20  __stack                                                                                                                                                                                                                                                                          
20005c20  __STACK_TOP                                                                                                                                                                                                                                                                      
20006220  __STACK_END                                                                                                                                                                                                                                                                      
20006220  _ftable                                                                                                                                                                                                                                                                          
20006310  _device                                                                                                                                                                                                                                                                          
20006388  _stream                                                                                                                                                                                                                                                                          
200063d8  pxCurrentTCB                                                                                                                                                                                                                                                                     
20006524  i2c_speed_name                                                                                                                                                                                                                                                                   
20006528  spi_mode_name                                                                                                                                                                                                                                                                    
2000652c  uart_parity_name                                                                                                                                                                                                                                                                 
20006530  uart_stop_bit_name                                                                                                                                                                                                                                                               
20006534  uart_mode_name                                                                                                                                                                                                                                                                   
20006538  power_on_name                                                                                                                                                                                                                                                                    
2000653c  power_select_name                                                                                                                                                                                                                                                                
20006540  pullup_en_name                                                                                                                                                                                                                                                                   
20006544  gpo_obj                                                                                                                                                                                                                                                                          
20006548  power_on_pin                                                                                                                                                                                                                                                                     
2000654c  psel_1v8_pin                                                                                                                                                                                                                                                                     
20006550  psel_3v3_pin                                                                                                                                                                                                                                                                     
20006554  psel_5v_pin                                                                                                                                                                                                                                                                      
20006558  pullup_en_pin                                                                                                                                                                                                                                                                    
200066ac  uart_parity_menu                                                                                                                                                                                                                                                                 
20006710  __TI_ft_end                                                                                                                                                                                                                                                                      
20006714  __aeabi_stdin                                                                                                                                                                                                                                                                    
20006718  __aeabi_stdout                                                                                                                                                                                                                                                                   
2000671c  __aeabi_stderr                                                                                                                                                                                                                                                                   
20006720  spi_mode_menu                                                                                                                                                                                                                                                                    
20006730  __TI_cleanup_ptr                                                                                                                                                                                                                                                                 
20006734  __TI_dtors_ptr                                                                                                                                                                                                                                                                   
20006738  __TI_enable_exit_profile_output                                                                                                                                                                                                                                                  
20006754  power_select_menu                                                                                                                                                                                                                                                                
20006760  _lock                                                                                                                                                                                                                                                                            
20006764  _unlock                                                                                                                                                                                                                                                                          
20006770  adc_pin_struct                                                                                                                                                                                                                                                                   
20006778  board_gpi_info                                                                                                                                                                                                                                                                   
20006780  board_gpo_info                                                                                                                                                                                                                                                                   
20006788  board_pwm_info                                                                                                                                                                                                                                                                   
20006794  _ZN11ErrorLogger3objE                                                                                                                                                                                                                                                            
20006798  i2c_speed_menu                                                                                                                                                                                                                                                                   
200067a0  power_on_menu                                                                                                                                                                                                                                                                    
200067a8  pullup_en_menu                                                                                                                                                                                                                                                                   
200067b8  uart_mode_menu                                                                                                                                                                                                                                                                   
200067c0  uart_stop_bit_menu                                                                                                                                                                                                                                                               
200067dc  errno                                                                                                                                                                                                                                                                            
200067e0  _sys_memory                                                                                                                                                                                                                                                                      
ffffffff  __TI_pprof_out_hndl                                                                                                                                                                                                                                                              
ffffffff  __TI_prof_data_size                                                                                                                                                                                                                                                              
ffffffff  __TI_prof_data_start                                                                                                                                                                                                                                                             
ffffffff  __binit__                                                                                                                                                                                                                                                                        
ffffffff  __c_args__                                                                                                                                                                                                                                                                       
ffffffff  binit                                                                                                                                                                                                                                                                            
UNDEFED   __mpu_init                                                                                                                                                                                                                                                                       
UNDEFED   _system_post_cinit                                                                                                                                                                                                                                                               

[1259 symbols]
