******************************************************************************
                  TI ARM Linker PC v20.2.2                     
******************************************************************************
>> Linked Tue Aug  3 11:09:00 2021

OUTPUT FILE NAME:   <MicroMasterTM4C123G.out>
ENTRY POINT SYMBOL: "_c_int00_noargs"  address: 0000c9c9


MEMORY CONFIGURATION

         name            origin    length      used     unused   attr    fill
----------------------  --------  ---------  --------  --------  ----  --------
  FLASH                 00000000   00040000  0000e430  00031bd0  R  X
  SRAM                  20000000   00008000  00005098  00002f68  RW X


SEGMENT ALLOCATION MAP

run origin  load origin   length   init length attrs members
----------  ----------- ---------- ----------- ----- -------
00000000    00000000    0000e430   0000e430    r-x
  00000000    00000000    0000026c   0000026c    r-- .intvecs
  0000026c    0000026c    0000d644   0000d644    r-x .text
  0000d8b0    0000d8b0    00000aa0   00000aa0    r-- .const
  0000e350    0000e350    000000e0   000000e0    r-- .cinit
20000000    20000000    000050a0   00000000    rw-
  20000000    20000000    0000026c   00000000    rw- .vtable
  2000026c    2000026c    000043a8   00000000    rw- .bss
  20004618    20004618    00000800   00000000    rw- .stack
  20004e18    20004e18    00000274   00000000    rw- .data
  20005090    20005090    00000010   00000000    rw- .sysmem


SECTION ALLOCATION MAP

 output                                  attributes/
section   page    origin      length       input sections
--------  ----  ----------  ----------   ----------------
.intvecs   0    00000000    0000026c     
                  00000000    0000026c     tm4c123gh6pm_startup_ccs.obj (.intvecs)

.text      0    0000026c    0000d644     
                  0000026c    00001ddc     tasks.obj (.text)
                  00002048    0000113c     I2C_task.obj (.text)
                  00003184    00000fa8     queue.obj (.text)
                  0000412c    00000ef4     sysctl.obj (.text)
                  00005020    00000b88     gpio.obj (.text)
                  00005ba8    00000a4e     rtsv7M4_T_le_v4SPD16_eabi.lib : _printfi.c.obj (.text:__TI_printfi)
                  000065f6    00000002                                   : vector.cpp.obj (.text:_ZNSt3__220__vector_base_commonILb1EEC2Ev)
                  000065f8    0000069c     i2c.obj (.text)
                  00006c94    00000642     timer.obj (.text)
                  000072d6    00000002     rtsv7M4_T_le_v4SPD16_eabi.lib : stdlib_typeinfo.cpp.obj (.text:_ZNSt9type_infoD1Ev)
                  000072d8    00000618     uart.obj (.text)
                  000078f0    00000595     I2C_monitor.obj (.text)
                  00007e85    00000001     --HOLE-- [fill = 0]
                  00007e86    00000002     rtsv7M4_T_le_v4SPD16_eabi.lib : _lock.c.obj (.text:_nop)
                  00007e88    0000057a     console_task.obj (.text)
                  00008402    00000002     rtsv7M4_T_le_v4SPD16_eabi.lib : div0.asm.obj (.text)
                  00008404    000004f0     I2C_scripter.obj (.text)
                  000088f4    000004a8     uartstdio.obj (.text)
                  00008d9c    000003c0     interrupt.obj (.text)
                  0000915c    00000290     task_manager.obj (.text)
                  000093ec    0000028c     port.obj (.text)
                  00009678    00000288     I2C_sniffer.obj (.text)
                  00009900    00000270     rtsv7M4_T_le_v4SPD16_eabi.lib : _printfi.c.obj (.text:_pconv_a)
                  00009b70    0000022c     error_logger.obj (.text)
                  00009d9c    000001fc     heap_2.obj (.text)
                  00009f98    000001d0     rtsv7M4_T_le_v4SPD16_eabi.lib : _printfi.c.obj (.text:_pconv_g)
                  0000a168    000001b6                                   : fd_add_t2.asm.obj (.text)
                  0000a31e    00000002     --HOLE-- [fill = 0]
                  0000a320    00000144     no_booster_board.obj (.text)
                  0000a464    0000013c     rtsv7M4_T_le_v4SPD16_eabi.lib : _printfi.c.obj (.text:_pconv_e)
                  0000a5a0    00000136                                   : fd_div_t2.asm.obj (.text)
                  0000a6d6    0000012a     list.obj (.text)
                  0000a800    00000124     rtsv7M4_T_le_v4SPD16_eabi.lib : _printfi.c.obj (.text:fcvt)
                  0000a924    00000114                                   : fputs.c.obj (.text:fputs)
                  0000aa38    00000110                                   : s_scalbn.c.obj (.text:scalbn)
                  0000ab48    00000100                                   : memory.c.obj (.text:aligned_alloc)
                  0000ac48    000000fc     console_uart.obj (.text)
                  0000ad44    000000fc     rtsv7M4_T_le_v4SPD16_eabi.lib : fd_mul_t2.asm.obj (.text)
                  0000ae40    000000e4                                   : memory.c.obj (.text:free)
                  0000af24    000000dc                                   : setvbuf.c.obj (.text:setvbuf)
                  0000b000    000000da     portasm.obj (.text)
                  0000b0da    00000002     --HOLE-- [fill = 0]
                  0000b0dc    000000d2     text_controls.obj (.text)
                  0000b1ae    00000002     --HOLE-- [fill = 0]
                  0000b1b0    000000c0     fpu.obj (.text)
                  0000b270    000000b1     rtsv7M4_T_le_v4SPD16_eabi.lib : _printfi.c.obj (.text:_ltostr)
                  0000b321    00000001     --HOLE-- [fill = 0]
                  0000b322    000000b0     I2C_monitor.obj (.text:_ZNSt3__26vectorIP6I2cMsgNS_9allocatorIS2_EEE6assignIPS2_EENS_9enable_ifIXaasr3std3__221__is_forward_iteratorIT_EE5valuesr3std3__216is_constructibleIS2_JNS_15iterator_traitsIS9_E9referenceEEEE5valueEvE4typeES9_S9_)
                  0000b3d2    0000009c     rtsv7M4_T_le_v4SPD16_eabi.lib : memcpy_t2.asm.obj (.text)
                  0000b46e    00000096                                   : ull_div_t2.asm.obj (.text)
                  0000b504    00000090     test_task.obj (.text)
                  0000b594    00000086     rtsv7M4_T_le_v4SPD16_eabi.lib : fd_cmp_t2.asm.obj (.text:__aeabi_cdcmple)
                  0000b61a    00000086                                   : fd_cmp_t2.asm.obj (.text:__aeabi_cdrcmple)
                  0000b6a0    0000007c                                   : fflush.c.obj (.text:fflush)
                  0000b71c    0000007a                                   : memset_t2.asm.obj (.text)
                  0000b796    00000002     --HOLE-- [fill = 0]
                  0000b798    00000074                                   : fclose.c.obj (.text:__TI_closefile)
                  0000b80c    00000070                                   : memory.c.obj (.text:split)
                  0000b87c    0000006e                                   : _printfi.c.obj (.text:_mcpy)
                  0000b8ea    00000002     --HOLE-- [fill = 0]
                  0000b8ec    0000006c                                   : hostrename.c.obj (.text:HOSTrename)
                  0000b958    0000006c     console_task.obj (.text:_ZNSt3__26vectorIP11ConsolePageNS_9allocatorIS2_EEE26__swap_out_circular_bufferERNS_14__split_bufferIS2_RS4_EE)
                  0000b9c4    0000006c     I2C_task.obj (.text:_ZNSt3__26vectorIP6I2cMsgNS_9allocatorIS2_EEE26__swap_out_circular_bufferERNS_14__split_bufferIS2_RS4_EE)
                  0000ba30    00000068     rtsv7M4_T_le_v4SPD16_eabi.lib : hostlseek.c.obj (.text:HOSTlseek)
                  0000ba98    00000068                                   : copy_decompress_lzss.c.obj (.text:decompress:lzss:__TI_decompress_lzss)
                  0000bb00    00000064     console_task.obj (.text:_ZNSt3__26vectorIP11ConsolePageNS_9allocatorIS2_EEE21__push_back_slow_pathIRKS2_EEvOT_)
                  0000bb64    00000064     I2C_task.obj (.text:_ZNSt3__26vectorIP6I2cMsgNS_9allocatorIS2_EEE21__push_back_slow_pathIS2_EEvOT_)
                  0000bbc8    00000064     rtsv7M4_T_le_v4SPD16_eabi.lib : s_frexp.c.obj (.text:frexp)
                  0000bc2c    00000064                                   : fseek.c.obj (.text:fseek)
                  0000bc90    00000062     I2C_task.obj (.text:_ZNSt3__26vectorIP6I2cMsgNS_9allocatorIS2_EEE9push_backEOS2_)
                  0000bcf2    00000062     rtsv7M4_T_le_v4SPD16_eabi.lib : _io_perm.c.obj (.text:__TI_wrt_ok)
                  0000bd54    00000060                                   : hostopen.c.obj (.text:HOSTopen)
                  0000bdb4    00000060     console_task.obj (.text:_ZNSt3__214__split_bufferIP11ConsolePageRNS_9allocatorIS2_EEEC1EjjS5_)
                  0000be14    00000060     I2C_task.obj (.text:_ZNSt3__214__split_bufferIP6I2cMsgRNS_9allocatorIS2_EEEC1EjjS5_)
                  0000be74    0000005c     rtsv7M4_T_le_v4SPD16_eabi.lib : close.c.obj (.text:close)
                  0000bed0    00000058                                   : hostread.c.obj (.text:HOSTread)
                  0000bf28    00000058                                   : hostwrite.c.obj (.text:HOSTwrite)
                  0000bf80    00000056     console_task.obj (.text:_ZNKSt3__26vectorIP11ConsolePageNS_9allocatorIS2_EEE17__annotate_deleteEv)
                  0000bfd6    00000056     I2C_task.obj (.text:_ZNKSt3__26vectorIP6I2cMsgNS_9allocatorIS2_EEE17__annotate_deleteEv)
                  0000c02c    00000056     console_task.obj (.text:_ZNSt3__26vectorIP11ConsolePageNS_9allocatorIS2_EEE9push_backERKS2_)
                  0000c082    00000056     rtsv7M4_T_le_v4SPD16_eabi.lib : _printfi.c.obj (.text:_pconv_f)
                  0000c0d8    00000054     console_task.obj (.text:_ZNKSt3__26vectorIP11ConsolePageNS_9allocatorIS2_EEE14__annotate_newEj)
                  0000c12c    00000054     I2C_monitor.obj (.text:_ZNKSt3__26vectorIP6I2cMsgNS_9allocatorIS2_EEE14__annotate_newEj)
                  0000c180    00000054     rtsv7M4_T_le_v4SPD16_eabi.lib : _ltoa.c.obj (.text:__TI_ltoa)
                  0000c1d4    00000052     I2C_monitor.obj (.text:_ZNKSt3__26vectorIP6I2cMsgNS_9allocatorIS2_EEE17__annotate_shrinkEj)
                  0000c226    00000052     rtsv7M4_T_le_v4SPD16_eabi.lib : _printfi.c.obj (.text:_ecpy)
                  0000c278    00000052     utils.obj (.text)
                  0000c2ca    0000004c     rtsv7M4_T_le_v4SPD16_eabi.lib : fflush.c.obj (.text:__TI_doflush)
                  0000c316    00000002     --HOLE-- [fill = 0]
                  0000c318    0000004c                                   : atoi.c.obj (.text:atoi)
                  0000c364    0000004a     console_task.obj (.text:_ZNKSt3__26vectorIP11ConsolePageNS_9allocatorIS2_EEE11__recommendEj)
                  0000c3ae    0000004a     I2C_monitor.obj (.text:_ZNKSt3__26vectorIP6I2cMsgNS_9allocatorIS2_EEE11__recommendEj)
                  0000c3f8    00000048     I2C_monitor.obj (.text:_ZNSt3__26vectorIP6I2cMsgNS_9allocatorIS2_EEE8allocateEj)
                  0000c440    00000048     rtsv7M4_T_le_v4SPD16_eabi.lib : exit.c.obj (.text:exit)
                  0000c488    00000048                                   : fd_toi_t2.asm.obj (.text)
                  0000c4d0    00000044                                   : hostclose.c.obj (.text:HOSTclose)
                  0000c514    00000044                                   : hostunlink.c.obj (.text:HOSTunlink)
                  0000c558    00000044                                   : autoinit.c.obj (.text:__TI_auto_init_nobinit_nopinit:__TI_auto_init_nobinit_nopinit)
                  0000c59c    00000044                                   : getdevice.c.obj (.text:getdevice)
                  0000c5e0    00000040     I2C_monitor.obj (.text:_ZNSt3__213__vector_baseIP6I2cMsgNS_9allocatorIS2_EEE17__destruct_at_endEPS2_)
                  0000c620    00000040     I2C_monitor.obj (.text:_ZNSt3__26vectorIP6I2cMsgNS_9allocatorIS2_EEE10deallocateEv)
                  0000c660    00000040     rtsv7M4_T_le_v4SPD16_eabi.lib : u_divt2.asm.obj (.text)
                  0000c6a0    00000040                                   : sprintf.c.obj (.text:sprintf)
                  0000c6e0    0000003e                                   : _printfi.c.obj (.text:_fcpy)
                  0000c71e    0000003e     cpu.obj (.text)
                  0000c75c    0000003c     console_task.obj (.text:_ZNSt3__216allocator_traitsINS_9allocatorIP11ConsolePageEEE20__construct_backwardIS3_EENS_9enable_ifIXaaoosr3std3__27is_sameIS4_NS1_IT_EEEE5valuentsr3std3__215__has_constructIS4_PS8_JS8_EEE5valuesr3std3__231is_trivially_move_constructibleIS8_EE5valueEvE4typeERS4_SA_SA_RSA_)
                  0000c798    0000003c     I2C_task.obj (.text:_ZNSt3__216allocator_traitsINS_9allocatorIP6I2cMsgEEE20__construct_backwardIS3_EENS_9enable_ifIXaaoosr3std3__27is_sameIS4_NS1_IT_EEEE5valuentsr3std3__215__has_constructIS4_PS8_JS8_EEE5valuesr3std3__231is_trivially_move_constructibleIS8_EE5valueEvE4typeERS4_SA_SA_RSA_)
                  0000c7d4    0000003c     I2C_monitor.obj (.text:_ZNSt3__216allocator_traitsINS_9allocatorIP6I2cMsgEEE25__construct_range_forwardIS3_EENS_9enable_ifIXaaoosr3std3__27is_sameIS4_NS1_IT_EEEE5valuentsr3std3__215__has_constructIS4_PS8_JS8_EEE5valuesr3std3__231is_trivially_move_constructibleIS8_EE5valueEvE4typeERS4_SA_SA_RSA_)
                  0000c810    0000003c     main.obj (.text)
                  0000c84c    00000038     I2C_monitor.obj (.text:_ZNSt3__26vectorIP6I2cMsgNS_9allocatorIS2_EEE18__construct_at_endIPS2_EENS_9enable_ifIXsr3std3__221__is_forward_iteratorIT_EE5valueEvE4typeES9_S9_j)
                  0000c884    00000038     rtsv7M4_T_le_v4SPD16_eabi.lib : trgmsg.c.obj (.text:__TI_writemsg)
                  0000c8bc    00000036     console_task.obj (.text:_ZNSt3__214__split_bufferIP11ConsolePageRNS_9allocatorIS2_EEE17__destruct_at_endEPS2_NS_17integral_constantIbLb0EEE)
                  0000c8f2    00000036     I2C_task.obj (.text:_ZNSt3__214__split_bufferIP6I2cMsgRNS_9allocatorIS2_EEE17__destruct_at_endEPS2_NS_17integral_constantIbLb0EEE)
                  0000c928    00000036     rtsv7M4_T_le_v4SPD16_eabi.lib : strncpy.c.obj (.text:strncpy)
                  0000c95e    00000002     --HOLE-- [fill = 0]
                  0000c960    00000034                                   : fopen.c.obj (.text:__TI_cleanup)
                  0000c994    00000034                                   : trgmsg.c.obj (.text:__TI_readmsg)
                  0000c9c8    00000034                                   : boot_cortex_m.c.obj (.text:_c_int00_noargs:_c_int00_noargs)
                  0000c9fc    00000032     I2C_monitor.obj (.text:_ZNSt3__26__copyIP6I2cMsgS2_EENS_9enable_ifIXaasr3std3__27is_sameINS_12remove_constIT_E4typeET0_EE5valuesr3std3__228is_trivially_copy_assignableIS8_EE5valueEPS8_E4typeEPS5_SC_S9_)
                  0000ca2e    00000002     --HOLE-- [fill = 0]
                  0000ca30    00000030     rtsv7M4_T_le_v4SPD16_eabi.lib : getdevice.c.obj (.text:finddevice)
                  0000ca60    00000030     memory_functions.obj (.text)
                  0000ca90    0000002e     console_task.obj (.text:_ZNSt3__214__split_bufferIP11ConsolePageRNS_9allocatorIS2_EEED1Ev)
                  0000cabe    0000002e     I2C_task.obj (.text:_ZNSt3__214__split_bufferIP6I2cMsgRNS_9allocatorIS2_EEED1Ev)
                  0000caec    0000002e     console_task.obj (.text:_ZNSt3__29allocatorIP11ConsolePageE9constructIS2_JRKS2_EEEvPT_DpOT0_)
                  0000cb1a    0000002e     I2C_task.obj (.text:_ZNSt3__29allocatorIP6I2cMsgE9constructIS2_JS2_EEEvPT_DpOT0_)
                  0000cb48    0000002e     rtsv7M4_T_le_v4SPD16_eabi.lib : i_tofd_t2.asm.obj (.text)
                  0000cb76    00000002     --HOLE-- [fill = 0]
                  0000cb78    0000002c                                   : unlink.c.obj (.text:unlink)
                  0000cba4    0000002a     console_task.obj (.text:_ZNSt3__217__compressed_pairIPP11ConsolePageRNS_9allocatorIS2_EEEC1IDnS6_EEOT_OT0_)
                  0000cbce    0000002a     I2C_task.obj (.text:_ZNSt3__217__compressed_pairIPP6I2cMsgRNS_9allocatorIS2_EEEC1IDnS6_EEOT_OT0_)
                  0000cbf8    0000002a     I2C_monitor.obj (.text:_ZNSt3__24copyIPP6I2cMsgS3_EET0_T_S5_S4_)
                  0000cc22    0000002a     console_task.obj (.text:_ZNSt3__24swapIPP11ConsolePageEENS_9enable_ifIXaasr3std3__221is_move_constructibleIT_EE5valuesr3std3__218is_move_assignableIS5_EE5valueEvE4typeERS5_S8_)
                  0000cc4c    0000002a     I2C_task.obj (.text:_ZNSt3__24swapIPP6I2cMsgEENS_9enable_ifIXaasr3std3__221is_move_constructibleIT_EE5valuesr3std3__218is_move_assignableIS5_EE5valueEvE4typeERS5_S8_)
                  0000cc76    0000002a     hooks.obj (.text)
                  0000cca0    00000028     console_task.obj (.text:_ZNSt3__213__vector_baseIP11ConsolePageNS_9allocatorIS2_EEEC1Ev)
                  0000ccc8    00000028     I2C_monitor.obj (.text:_ZNSt3__213__vector_baseIP6I2cMsgNS_9allocatorIS2_EEEC1Ev)
                  0000ccf0    00000028     I2C_monitor.obj (.text:_ZNSt3__26vectorIP6I2cMsgNS_9allocatorIS2_EEE17__destruct_at_endEPS2_)
                  0000cd18    00000028     I2C_monitor.obj (.text:_ZNSt3__26vectorIP6I2cMsgNS_9allocatorIS2_EEEaSERKS5_)
                  0000cd40    00000028     console_task.obj (.text:_ZNSt3__29allocatorIP11ConsolePageE8allocateEjPKv)
                  0000cd68    00000028     I2C_monitor.obj (.text:_ZNSt3__29allocatorIP6I2cMsgE8allocateEjPKv)
                  0000cd90    00000028     rtsv7M4_T_le_v4SPD16_eabi.lib : memory.c.obj (.text:free_list_insert)
                  0000cdb8    00000028                                   : lseek.c.obj (.text:lseek)
                  0000cde0    00000028                                   : memmov.c.obj (.text:memmove)
                  0000ce08    00000028                                   : write.c.obj (.text:write)
                  0000ce30    00000024     console_task.obj (.text:_ZNKSt3__26vectorIP11ConsolePageNS_9allocatorIS2_EEE8max_sizeEv)
                  0000ce54    00000024     I2C_monitor.obj (.text:_ZNKSt3__26vectorIP6I2cMsgNS_9allocatorIS2_EEE8max_sizeEv)
                  0000ce78    00000024     console_task.obj (.text:_ZNSt3__216allocator_traitsINS_9allocatorIP11ConsolePageEEE11__constructIS3_JRKS3_EEEvNS_17integral_constantIbLb1EEERS4_PT_DpOT0_)
                  0000ce9c    00000024     console_task.obj (.text:_ZNSt3__216allocator_traitsINS_9allocatorIP11ConsolePageEEE9constructIS3_JRKS3_EEEvRS4_PT_DpOT0_)
                  0000cec0    00000024     I2C_task.obj (.text:_ZNSt3__216allocator_traitsINS_9allocatorIP6I2cMsgEEE11__constructIS3_JS3_EEEvNS_17integral_constantIbLb1EEERS4_PT_DpOT0_)
                  0000cee4    00000024     I2C_task.obj (.text:_ZNSt3__216allocator_traitsINS_9allocatorIP6I2cMsgEEE9constructIS3_JS3_EEEvRS4_PT_DpOT0_)
                  0000cf08    00000022     I2C_monitor.obj (.text:_ZNSt3__26vectorIP6I2cMsgNS_9allocatorIS2_EEE5clearEv)
                  0000cf2a    00000020     rtsv7M4_T_le_v4SPD16_eabi.lib : memchr.c.obj (.text:memchr)
                  0000cf4a    0000001e     I2C_monitor.obj (.text:_ZNKSt3__26__lessIjjEclERKjS3_)
                  0000cf68    0000001e     console_task.obj (.text:_ZNSt3__217__compressed_pairIPP11ConsolePageNS_9allocatorIS2_EEEC1IDnLb1EEEOT_)
                  0000cf86    0000001e     I2C_monitor.obj (.text:_ZNSt3__217__compressed_pairIPP6I2cMsgNS_9allocatorIS2_EEEC1IDnLb1EEEOT_)
                  0000cfa4    0000001e     I2C_monitor.obj (.text:_ZNSt3__23maxIjNS_6__lessIjjEEEERKT_S5_S5_T0_)
                  0000cfc2    0000001e     I2C_monitor.obj (.text:_ZNSt3__23minIjNS_6__lessIjjEEEERKT_S5_S5_T0_)
                  0000cfe0    0000001c     I2C_monitor.obj (.text:_ZNSt3__29__advanceIPP6I2cMsgEEvRT_NS_15iterator_traitsIS4_E15difference_typeENS_26random_access_iterator_tagE)
                  0000cffc    0000001c     rtsv7M4_T_le_v4SPD16_eabi.lib : assert.c.obj (.text:_abort_msg)
                  0000d018    0000001c                                   : memory.c.obj (.text:free_list_remove)
                  0000d034    0000001c                                   : memccpy.c.obj (.text:memccpy)
                  0000d050    0000001a                                   : s_copysign.c.obj (.text:copysign)
                  0000d06a    00000018     I2C_monitor.obj (.text:_ZNSt3__210__distanceIPP6I2cMsgEENS_15iterator_traitsIT_E15difference_typeES5_S5_NS_26random_access_iterator_tagE)
                  0000d082    00000018     rtsv7M4_T_le_v4SPD16_eabi.lib : sprintf.c.obj (.text:_outs)
                  0000d09a    00000018                                   : strcmp.c.obj (.text:strcmp)
                  0000d0b2    00000016     console_task.obj (.text:_ZNKSt3__213__vector_baseIP11ConsolePageNS_9allocatorIS2_EEE8capacityEv)
                  0000d0c8    00000016     I2C_monitor.obj (.text:_ZNKSt3__213__vector_baseIP6I2cMsgNS_9allocatorIS2_EEE8capacityEv)
                  0000d0de    00000016     console_task.obj (.text:_ZNKSt3__214__split_bufferIP11ConsolePageRNS_9allocatorIS2_EEE8capacityEv)
                  0000d0f4    00000016     I2C_task.obj (.text:_ZNKSt3__214__split_bufferIP6I2cMsgRNS_9allocatorIS2_EEE8capacityEv)
                  0000d10a    00000016     console_task.obj (.text:_ZNKSt3__26vectorIP11ConsolePageNS_9allocatorIS2_EEE4sizeEv)
                  0000d120    00000016     I2C_monitor.obj (.text:_ZNKSt3__26vectorIP6I2cMsgNS_9allocatorIS2_EEE4sizeEv)
                  0000d136    00000016     console_task.obj (.text:_ZNSt3__222__compressed_pair_elemIPP11ConsolePageLi0ELb0EEC1IDnvEEOT_)
                  0000d14c    00000016     I2C_monitor.obj (.text:_ZNSt3__222__compressed_pair_elemIPP6I2cMsgLi0ELb0EEC1IDnvEEOT_)
                  0000d162    00000016     console_task.obj (.text:_ZNSt3__26vectorIP11ConsolePageNS_9allocatorIS2_EEEixEj)
                  0000d178    00000016     I2C_monitor.obj (.text:_ZNSt3__26vectorIP6I2cMsgNS_9allocatorIS2_EEEixEj)
                  0000d18e    00000016     rtsv7M4_T_le_v4SPD16_eabi.lib : strchr.c.obj (.text:strchr)
                  0000d1a4    00000014     I2C_monitor.obj (.text:_ZNSt3__213__vector_baseIP6I2cMsgNS_9allocatorIS2_EEE19__copy_assign_allocERKS5_)
                  0000d1b8    00000014     console_task.obj (.text:_ZNSt3__214__split_bufferIP11ConsolePageRNS_9allocatorIS2_EEE17__destruct_at_endEPS2_)
                  0000d1cc    00000014     I2C_task.obj (.text:_ZNSt3__214__split_bufferIP6I2cMsgRNS_9allocatorIS2_EEE17__destruct_at_endEPS2_)
                  0000d1e0    00000014     console_task.obj (.text:_ZNSt3__216allocator_traitsINS_9allocatorIP11ConsolePageEEE10deallocateERS4_PS3_j)
                  0000d1f4    00000014     console_task.obj (.text:_ZNSt3__216allocator_traitsINS_9allocatorIP11ConsolePageEEE7destroyIS3_EEvRS4_PT_)
                  0000d208    00000014     console_task.obj (.text:_ZNSt3__216allocator_traitsINS_9allocatorIP11ConsolePageEEE9__destroyIS3_EEvNS_17integral_constantIbLb1EEERS4_PT_)
                  0000d21c    00000014     I2C_monitor.obj (.text:_ZNSt3__216allocator_traitsINS_9allocatorIP6I2cMsgEEE10deallocateERS4_PS3_j)
                  0000d230    00000014     I2C_monitor.obj (.text:_ZNSt3__216allocator_traitsINS_9allocatorIP6I2cMsgEEE7destroyIS3_EEvRS4_PT_)
                  0000d244    00000014     I2C_monitor.obj (.text:_ZNSt3__216allocator_traitsINS_9allocatorIP6I2cMsgEEE9__destroyIS3_EEvNS_17integral_constantIbLb1EEERS4_PT_)
                  0000d258    00000014     console_task.obj (.text:_ZNSt3__222__compressed_pair_elemIRNS_9allocatorIP11ConsolePageEELi1ELb0EEC1IS5_vEEOT_)
                  0000d26c    00000014     I2C_task.obj (.text:_ZNSt3__222__compressed_pair_elemIRNS_9allocatorIP6I2cMsgEELi1ELb0EEC1IS5_vEEOT_)
                  0000d280    00000014     I2C_monitor.obj (.text:_ZNSt3__23maxIjEERKT_S3_S3_)
                  0000d294    00000014     I2C_monitor.obj (.text:_ZNSt3__23minIjEERKT_S3_S3_)
                  0000d2a8    00000014     I2C_monitor.obj (.text:_ZNSt3__27advanceIPP6I2cMsgEEvRT_NS_15iterator_traitsIS4_E15difference_typeE)
                  0000d2bc    00000014     I2C_monitor.obj (.text:_ZNSt3__28distanceIPP6I2cMsgEENS_15iterator_traitsIT_E15difference_typeES5_S5_)
                  0000d2d0    00000014     rtsv7M4_T_le_v4SPD16_eabi.lib : strcpy.c.obj (.text:strcpy)
                  0000d2e4    00000014                                   : strlen.c.obj (.text:strlen)
                  0000d2f8    00000012     console_task.obj (.text:_ZNSt3__216allocator_traitsINS_9allocatorIP11ConsolePageEEE8allocateERS4_j)
                  0000d30a    00000012     I2C_monitor.obj (.text:_ZNSt3__216allocator_traitsINS_9allocatorIP6I2cMsgEEE8allocateERS4_j)
                  0000d31c    00000012     rtsv7M4_T_le_v4SPD16_eabi.lib : wcslen.c.obj (.text:wcslen)
                  0000d32e    00000010     console_task.obj (.text:_ZNKSt3__26vectorIP11ConsolePageNS_9allocatorIS2_EEE31__annotate_contiguous_containerEPKvS7_S7_S7_)
                  0000d33e    00000010     I2C_monitor.obj (.text:_ZNKSt3__26vectorIP6I2cMsgNS_9allocatorIS2_EEE31__annotate_contiguous_containerEPKvS7_S7_S7_)
                  0000d34e    00000010     I2C_monitor.obj (.text:_ZNSt3__213__vector_baseIP6I2cMsgNS_9allocatorIS2_EEE19__copy_assign_allocERKS5_NS_17integral_constantIbLb0EEE)
                  0000d35e    00000010     I2C_monitor.obj (.text:_ZNSt3__213__vector_baseIP6I2cMsgNS_9allocatorIS2_EEE5clearEv)
                  0000d36e    00000010     console_task.obj (.text:_ZNSt3__214__split_bufferIP11ConsolePageRNS_9allocatorIS2_EEE5clearEv)
                  0000d37e    00000010     I2C_task.obj (.text:_ZNSt3__214__split_bufferIP6I2cMsgRNS_9allocatorIS2_EEE5clearEv)
                  0000d38e    00000010     console_task.obj (.text:_ZNSt3__216allocator_traitsINS_9allocatorIP11ConsolePageEEE10__max_sizeENS_17integral_constantIbLb1EEERKS4_)
                  0000d39e    00000010     console_task.obj (.text:_ZNSt3__216allocator_traitsINS_9allocatorIP11ConsolePageEEE8max_sizeERKS4_)
                  0000d3ae    00000010     I2C_monitor.obj (.text:_ZNSt3__216allocator_traitsINS_9allocatorIP6I2cMsgEEE10__max_sizeENS_17integral_constantIbLb1EEERKS4_)
                  0000d3be    00000010     I2C_monitor.obj (.text:_ZNSt3__216allocator_traitsINS_9allocatorIP6I2cMsgEEE8max_sizeERKS4_)
                  0000d3ce    00000010     console_task.obj (.text:_ZNSt3__222__compressed_pair_elemIPP11ConsolePageLi0ELb0EEC2IDnvEEOT_)
                  0000d3de    00000010     I2C_monitor.obj (.text:_ZNSt3__222__compressed_pair_elemIPP6I2cMsgLi0ELb0EEC2IDnvEEOT_)
                  0000d3ee    00000010     console_task.obj (.text:_ZNSt3__222__compressed_pair_elemIRNS_9allocatorIP11ConsolePageEELi1ELb0EEC2IS5_vEEOT_)
                  0000d3fe    00000010     I2C_task.obj (.text:_ZNSt3__222__compressed_pair_elemIRNS_9allocatorIP6I2cMsgEELi1ELb0EEC2IS5_vEEOT_)
                  0000d40e    00000010     console_task.obj (.text:_ZNSt3__26vectorIP11ConsolePageNS_9allocatorIS2_EEE24__RAII_IncreaseAnnotatorC1ERKS5_j)
                  0000d41e    00000010     I2C_monitor.obj (.text:_ZNSt3__26vectorIP6I2cMsgNS_9allocatorIS2_EEE24__RAII_IncreaseAnnotatorC1ERKS5_j)
                  0000d42e    00000010     console_task.obj (.text:_ZNSt3__29allocatorIP11ConsolePageE10deallocateEPS2_j)
                  0000d43e    00000010     I2C_monitor.obj (.text:_ZNSt3__29allocatorIP6I2cMsgE10deallocateEPS2_j)
                  0000d44e    0000000e     rtsv7M4_T_le_v4SPD16_eabi.lib : typeinfo.c.obj (.text:_ZN10__cxxabiv117__class_type_infoD0Ev)
                  0000d45c    0000000e                                   : typeinfo.c.obj (.text:_ZN10__cxxabiv120__si_class_type_infoD0Ev)
                  0000d46a    0000000e     console_task.obj (.text:_ZNKSt3__213__vector_baseIP11ConsolePageNS_9allocatorIS2_EEE7__allocEv)
                  0000d478    0000000e     console_task.obj (.text:_ZNKSt3__213__vector_baseIP11ConsolePageNS_9allocatorIS2_EEE9__end_capEv)
                  0000d486    0000000e     I2C_monitor.obj (.text:_ZNKSt3__213__vector_baseIP6I2cMsgNS_9allocatorIS2_EEE7__allocEv)
                  0000d494    0000000e     I2C_monitor.obj (.text:_ZNKSt3__213__vector_baseIP6I2cMsgNS_9allocatorIS2_EEE9__end_capEv)
                  0000d4a2    0000000e     console_task.obj (.text:_ZNKSt3__214__split_bufferIP11ConsolePageRNS_9allocatorIS2_EEE9__end_capEv)
                  0000d4b0    0000000e     I2C_task.obj (.text:_ZNKSt3__214__split_bufferIP6I2cMsgRNS_9allocatorIS2_EEE9__end_capEv)
                  0000d4be    0000000e     console_task.obj (.text:_ZNKSt3__26vectorIP11ConsolePageNS_9allocatorIS2_EEE4dataEv)
                  0000d4cc    0000000e     I2C_monitor.obj (.text:_ZNKSt3__26vectorIP6I2cMsgNS_9allocatorIS2_EEE4dataEv)
                  0000d4da    0000000e     console_task.obj (.text:_ZNKSt3__29allocatorIP11ConsolePageE8max_sizeEv)
                  0000d4e8    0000000e     I2C_monitor.obj (.text:_ZNKSt3__29allocatorIP6I2cMsgE8max_sizeEv)
                  0000d4f6    0000000e     console_task.obj (.text:_ZNSt3__213__vector_baseIP11ConsolePageNS_9allocatorIS2_EEE7__allocEv)
                  0000d504    0000000e     console_task.obj (.text:_ZNSt3__213__vector_baseIP11ConsolePageNS_9allocatorIS2_EEE9__end_capEv)
                  0000d512    0000000e     I2C_monitor.obj (.text:_ZNSt3__213__vector_baseIP6I2cMsgNS_9allocatorIS2_EEE7__allocEv)
                  0000d520    0000000e     I2C_monitor.obj (.text:_ZNSt3__213__vector_baseIP6I2cMsgNS_9allocatorIS2_EEE9__end_capEv)
                  0000d52e    0000000e     console_task.obj (.text:_ZNSt3__214__split_bufferIP11ConsolePageRNS_9allocatorIS2_EEE7__allocEv)
                  0000d53c    0000000e     console_task.obj (.text:_ZNSt3__214__split_bufferIP11ConsolePageRNS_9allocatorIS2_EEE9__end_capEv)
                  0000d54a    0000000e     I2C_task.obj (.text:_ZNSt3__214__split_bufferIP6I2cMsgRNS_9allocatorIS2_EEE7__allocEv)
                  0000d558    0000000e     I2C_task.obj (.text:_ZNSt3__214__split_bufferIP6I2cMsgRNS_9allocatorIS2_EEE9__end_capEv)
                  0000d566    0000000e     console_task.obj (.text:_ZNSt3__217__compressed_pairIPP11ConsolePageRNS_9allocatorIS2_EEE6secondEv)
                  0000d574    0000000e     I2C_task.obj (.text:_ZNSt3__217__compressed_pairIPP6I2cMsgRNS_9allocatorIS2_EEE6secondEv)
                  0000d582    0000000e     console_task.obj (.text:_ZNSt3__222__compressed_pair_elemINS_9allocatorIP11ConsolePageEELi1ELb1EEC1Ev)
                  0000d590    0000000e     I2C_monitor.obj (.text:_ZNSt3__222__compressed_pair_elemINS_9allocatorIP6I2cMsgEELi1ELb1EEC1Ev)
                  0000d59e    0000000e     console_task.obj (.text:_ZNSt3__222__compressed_pair_elemIRNS_9allocatorIP11ConsolePageEELi1ELb0EE5__getEv)
                  0000d5ac    0000000e     I2C_task.obj (.text:_ZNSt3__222__compressed_pair_elemIRNS_9allocatorIP6I2cMsgEELi1ELb0EE5__getEv)
                  0000d5ba    0000000e     console_task.obj (.text:_ZNSt3__26vectorIP11ConsolePageNS_9allocatorIS2_EEEC1Ev)
                  0000d5c8    0000000e     I2C_monitor.obj (.text:_ZNSt3__26vectorIP6I2cMsgNS_9allocatorIS2_EEEC1Ev)
                  0000d5d6    0000000e     I2C_task.obj (.text:_ZnwjPv)
                  0000d5e4    0000000e     rtsv7M4_T_le_v4SPD16_eabi.lib : copy_decompress_none.c.obj (.text:decompress:none:__TI_decompress_none)
                  0000d5f2    0000000c     console_task.obj (.text:_ZNKSt3__217__compressed_pairIPP11ConsolePageNS_9allocatorIS2_EEE5firstEv)
                  0000d5fe    0000000c     console_task.obj (.text:_ZNKSt3__217__compressed_pairIPP11ConsolePageNS_9allocatorIS2_EEE6secondEv)
                  0000d60a    0000000c     console_task.obj (.text:_ZNKSt3__217__compressed_pairIPP11ConsolePageRNS_9allocatorIS2_EEE5firstEv)
                  0000d616    0000000c     I2C_monitor.obj (.text:_ZNKSt3__217__compressed_pairIPP6I2cMsgNS_9allocatorIS2_EEE5firstEv)
                  0000d622    0000000c     I2C_monitor.obj (.text:_ZNKSt3__217__compressed_pairIPP6I2cMsgNS_9allocatorIS2_EEE6secondEv)
                  0000d62e    0000000c     I2C_task.obj (.text:_ZNKSt3__217__compressed_pairIPP6I2cMsgRNS_9allocatorIS2_EEE5firstEv)
                  0000d63a    00000002     --HOLE-- [fill = 0]
                  0000d63c    0000000c     rtsv7M4_T_le_v4SPD16_eabi.lib : vector.cpp.obj (.text:_ZNKSt3__220__vector_base_commonILb1EE20__throw_length_errorEv)
                  0000d648    0000000c     console_task.obj (.text:_ZNKSt3__222__compressed_pair_elemINS_9allocatorIP11ConsolePageEELi1ELb1EE5__getEv)
                  0000d654    0000000c     I2C_monitor.obj (.text:_ZNKSt3__222__compressed_pair_elemINS_9allocatorIP6I2cMsgEELi1ELb1EE5__getEv)
                  0000d660    0000000c     console_task.obj (.text:_ZNKSt3__222__compressed_pair_elemIPP11ConsolePageLi0ELb0EE5__getEv)
                  0000d66c    0000000c     I2C_monitor.obj (.text:_ZNKSt3__222__compressed_pair_elemIPP6I2cMsgLi0ELb0EE5__getEv)
                  0000d678    0000000c     console_task.obj (.text:_ZNKSt3__26vectorIP11ConsolePageNS_9allocatorIS2_EEE8capacityEv)
                  0000d684    0000000c     I2C_monitor.obj (.text:_ZNKSt3__26vectorIP6I2cMsgNS_9allocatorIS2_EEE8capacityEv)
                  0000d690    0000000c     I2C_monitor.obj (.text:_ZNSt3__210__allocateEj)
                  0000d69c    0000000c     I2C_monitor.obj (.text:_ZNSt3__213__unwrap_iterIPP6I2cMsgEET_S4_)
                  0000d6a8    0000000c     console_task.obj (.text:_ZNSt3__213__vector_baseIP11ConsolePageNS_9allocatorIS2_EEEC2Ev)
                  0000d6b4    0000000c     I2C_monitor.obj (.text:_ZNSt3__213__vector_baseIP6I2cMsgNS_9allocatorIS2_EEEC2Ev)
                  0000d6c0    0000000c     console_task.obj (.text:_ZNSt3__216__to_raw_pointerIP11ConsolePageEEPT_S4_)
                  0000d6cc    0000000c     I2C_monitor.obj (.text:_ZNSt3__216__to_raw_pointerIP6I2cMsgEEPT_S4_)
                  0000d6d8    0000000c     console_task.obj (.text:_ZNSt3__217__compressed_pairIPP11ConsolePageNS_9allocatorIS2_EEE5firstEv)
                  0000d6e4    0000000c     console_task.obj (.text:_ZNSt3__217__compressed_pairIPP11ConsolePageNS_9allocatorIS2_EEE6secondEv)
                  0000d6f0    0000000c     console_task.obj (.text:_ZNSt3__217__compressed_pairIPP11ConsolePageRNS_9allocatorIS2_EEE5firstEv)
                  0000d6fc    0000000c     I2C_monitor.obj (.text:_ZNSt3__217__compressed_pairIPP6I2cMsgNS_9allocatorIS2_EEE5firstEv)
                  0000d708    0000000c     I2C_monitor.obj (.text:_ZNSt3__217__compressed_pairIPP6I2cMsgNS_9allocatorIS2_EEE6secondEv)
                  0000d714    0000000c     I2C_task.obj (.text:_ZNSt3__217__compressed_pairIPP6I2cMsgRNS_9allocatorIS2_EEE5firstEv)
                  0000d720    0000000c     I2C_monitor.obj (.text:_ZNSt3__219__libcpp_deallocateEPv)
                  0000d72c    0000000c     console_task.obj (.text:_ZNSt3__222__compressed_pair_elemINS_9allocatorIP11ConsolePageEELi1ELb1EE5__getEv)
                  0000d738    0000000c     console_task.obj (.text:_ZNSt3__222__compressed_pair_elemINS_9allocatorIP11ConsolePageEELi1ELb1EEC2Ev)
                  0000d744    0000000c     I2C_monitor.obj (.text:_ZNSt3__222__compressed_pair_elemINS_9allocatorIP6I2cMsgEELi1ELb1EE5__getEv)
                  0000d750    0000000c     I2C_monitor.obj (.text:_ZNSt3__222__compressed_pair_elemINS_9allocatorIP6I2cMsgEELi1ELb1EEC2Ev)
                  0000d75c    0000000c     console_task.obj (.text:_ZNSt3__222__compressed_pair_elemIPP11ConsolePageLi0ELb0EE5__getEv)
                  0000d768    0000000c     I2C_monitor.obj (.text:_ZNSt3__222__compressed_pair_elemIPP6I2cMsgLi0ELb0EE5__getEv)
                  0000d774    0000000c     I2C_task.obj (.text:_ZNSt3__24moveIRP6I2cMsgEEONS_16remove_referenceIT_E4typeEOS5_)
                  0000d780    0000000c     console_task.obj (.text:_ZNSt3__24moveIRPP11ConsolePageEEONS_16remove_referenceIT_E4typeEOS6_)
                  0000d78c    0000000c     I2C_task.obj (.text:_ZNSt3__24moveIRPP6I2cMsgEEONS_16remove_referenceIT_E4typeEOS6_)
                  0000d798    0000000c     I2C_monitor.obj (.text:_ZNSt3__26vectorIP6I2cMsgNS_9allocatorIS2_EEE27__invalidate_iterators_pastEPS2_)
                  0000d7a4    0000000c     I2C_monitor.obj (.text:_ZNSt3__27forwardIDnEEOT_RNS_16remove_referenceIS1_E4typeE)
                  0000d7b0    0000000c     I2C_task.obj (.text:_ZNSt3__27forwardIP6I2cMsgEEOT_RNS_16remove_referenceIS3_E4typeE)
                  0000d7bc    0000000c     console_task.obj (.text:_ZNSt3__27forwardIRKP11ConsolePageEEOT_RNS_16remove_referenceIS5_E4typeE)
                  0000d7c8    0000000c     console_task.obj (.text:_ZNSt3__27forwardIRNS_9allocatorIP11ConsolePageEEEEOT_RNS_16remove_referenceIS6_E4typeE)
                  0000d7d4    0000000c     I2C_task.obj (.text:_ZNSt3__27forwardIRNS_9allocatorIP6I2cMsgEEEEOT_RNS_16remove_referenceIS6_E4typeE)
                  0000d7e0    0000000c     console_task.obj (.text:_ZNSt3__29allocatorIP11ConsolePageE7destroyEPS2_)
                  0000d7ec    0000000c     console_task.obj (.text:_ZNSt3__29allocatorIP11ConsolePageEC1Ev)
                  0000d7f8    0000000c     console_task.obj (.text:_ZNSt3__29allocatorIP11ConsolePageEC2Ev)
                  0000d804    0000000c     I2C_monitor.obj (.text:_ZNSt3__29allocatorIP6I2cMsgE7destroyEPS2_)
                  0000d810    0000000c     I2C_monitor.obj (.text:_ZNSt3__29allocatorIP6I2cMsgEC1Ev)
                  0000d81c    0000000c     I2C_monitor.obj (.text:_ZNSt3__29allocatorIP6I2cMsgEC2Ev)
                  0000d828    0000000c     rtsv7M4_T_le_v4SPD16_eabi.lib : copy_zero_init.c.obj (.text:decompress:ZI:__TI_zero_init)
                  0000d834    0000000c     tm4c123gh6pm_startup_ccs.obj (.text)
                  0000d840    0000000a     I2C_monitor.obj (.text:_ZNSt3__220__throw_length_errorEPKc)
                  0000d84a    0000000a     console_task.obj (.text:_ZNSt3__26vectorIP11ConsolePageNS_9allocatorIS2_EEE24__RAII_IncreaseAnnotator6__doneEv)
                  0000d854    0000000a     console_task.obj (.text:_ZNSt3__26vectorIP11ConsolePageNS_9allocatorIS2_EEE26__invalidate_all_iteratorsEv)
                  0000d85e    0000000a     I2C_monitor.obj (.text:_ZNSt3__26vectorIP6I2cMsgNS_9allocatorIS2_EEE24__RAII_IncreaseAnnotator6__doneEv)
                  0000d868    0000000a     I2C_monitor.obj (.text:_ZNSt3__26vectorIP6I2cMsgNS_9allocatorIS2_EEE26__invalidate_all_iteratorsEv)
                  0000d872    0000000a     rtsv7M4_T_le_v4SPD16_eabi.lib : sprintf.c.obj (.text:_outc)
                  0000d87c    00000008                                   : errno.c.obj (.text:__aeabi_errno_addr)
                  0000d884    00000008                                   : memory.c.obj (.text:malloc)
                  0000d88c    00000006     sysctl.obj (.text:SysCtlDelay)
                  0000d892    00000006     rtsv7M4_T_le_v4SPD16_eabi.lib : pure_virt.c.obj (.text:__cxa_pure_virtual)
                  0000d898    00000004                                   : typeinfo.c.obj (.text:_ZN10__cxxabiv117__class_type_infoD1Ev)
                  0000d89c    00000004                                   : typeinfo.c.obj (.text:_ZN10__cxxabiv120__si_class_type_infoD1Ev)
                  0000d8a0    00000004                                   : new.cpp.obj (.text:_ZdlPvj)
                  0000d8a4    00000004                                   : error.c.obj (.text:__abort_execution)
                  0000d8a8    00000004                                   : pre_init.c.obj (.text:_system_pre_init)
                  0000d8ac    00000004                                   : exit.c.obj (.text:abort:abort)

.const     0    0000d8b0    00000aa0     
                  0000d8b0    00000120     sysctl.obj (.const:g_pppui32XTALtoVCO)
                  0000d9d0    00000101     rtsv7M4_T_le_v4SPD16_eabi.lib : ctype.c.obj (.const:.string:_ctypes_)
                  0000dad1    00000003     --HOLE-- [fill = 0]
                  0000dad4    000000c0     gpio.obj (.const:g_ppui32GPIOIntMapBlizzard)
                  0000db94    000000c0     gpio.obj (.const:g_ppui32GPIOIntMapSnowflake)
                  0000dc54    0000009c     interrupt.obj (.const:g_pui32Regs)
                  0000dcf0    00000090     gpio.obj (.const:g_pui32GPIOBaseAddrs)
                  0000dd80    0000006c     sysctl.obj (.const:g_pui32Xtals)
                  0000ddec    00000060     timer.obj (.const:g_ppui32TimerIntMap)
                  0000de4c    00000050     i2c.obj (.const:g_ppui32I2CIntMapSnowflake)
                  0000de9c    00000044     console_task.obj (.const:.string:_ZZNSt3__29allocatorIP11ConsolePageE8allocateEjPKvEs)
                  0000dee0    00000044     I2C_monitor.obj (.const:.string:_ZZNSt3__29allocatorIP6I2cMsgE8allocateEjPKvEs)
                  0000df24    00000040     timer.obj (.const:g_ppui32TimerIntMapSnowflake)
                  0000df64    00000040     uart.obj (.const:g_ppui32UARTIntMap)
                  0000dfa4    00000040     uart.obj (.const:g_ppui32UARTIntMapSnowflake)
                  0000dfe4    00000030     i2c.obj (.const:g_ppui32I2CIntMap)
                  0000e014    00000030     sysctl.obj (.const:g_sXTALtoMEMTIM)
                  0000e044    00000025     rtsv7M4_T_le_v4SPD16_eabi.lib : typeinfo.c.obj (.const:.typeinfo:_ZTSN10__cxxabiv120__si_class_type_infoE)
                  0000e069    00000022                                   : typeinfo.c.obj (.const:.typeinfo:_ZTSN10__cxxabiv117__class_type_infoE)
                  0000e08b    00000001     --HOLE-- [fill = 0]
                  0000e08c    00000020     interrupt.obj (.const:g_pui32Priority)
                  0000e0ac    00000018     I2C_monitor.obj (.const:.string)
                  0000e0c4    00000014     console_task.obj (.const:_ZTV11ConsolePage)
                  0000e0d8    00000014     console_task.obj (.const:_ZTV11ConsoleTask)
                  0000e0ec    00000014     error_logger.obj (.const:_ZTV11ErrorLogger)
                  0000e100    00000014     task_manager.obj (.const:_ZTV11TaskManager)
                  0000e114    00000014     I2C_monitor.obj (.const:_ZTV14I2cMonitorTask)
                  0000e128    00000014     I2C_sniffer.obj (.const:_ZTV14I2cSnifferTask)
                  0000e13c    00000014     I2C_scripter.obj (.const:_ZTV15I2cScripterTask)
                  0000e150    00000014     I2C_task.obj (.const:_ZTV7I2cTask)
                  0000e164    00000014     test_task.obj (.const:_ZTV8TestTask)
                  0000e178    00000014     interrupt.obj (.const:g_pui32Dii16Regs)
                  0000e18c    00000014     interrupt.obj (.const:g_pui32EnRegs)
                  0000e1a0    00000014     interrupt.obj (.const:g_pui32PendRegs)
                  0000e1b4    00000014     interrupt.obj (.const:g_pui32UnpendRegs)
                  0000e1c8    00000012     uartstdio.obj (.const:.string)
                  0000e1da    00000012     I2C_scripter.obj (.const:.typeinfo:_ZTS15I2cScripterTask)
                  0000e1ec    00000011     I2C_monitor.obj (.const:.typeinfo:_ZTS14I2cMonitorTask)
                  0000e1fd    00000011     I2C_sniffer.obj (.const:.typeinfo:_ZTS14I2cSnifferTask)
                  0000e20e    00000002     --HOLE-- [fill = 0]
                  0000e210    00000010     rtsv7M4_T_le_v4SPD16_eabi.lib : typeinfo.c.obj (.const:_ZTVN10__cxxabiv117__class_type_infoE)
                  0000e220    00000010                                   : typeinfo.c.obj (.const:_ZTVN10__cxxabiv120__si_class_type_infoE)
                  0000e230    0000000e     I2C_monitor.obj (.const:.typeinfo:_ZTS11ConsolePage)
                  0000e23e    0000000e     console_task.obj (.const:.typeinfo:_ZTS11ConsoleTask)
                  0000e24c    0000000e     error_logger.obj (.const:.typeinfo:_ZTS11ErrorLogger)
                  0000e25a    0000000e     task_manager.obj (.const:.typeinfo:_ZTS11TaskManager)
                  0000e268    0000000d     rtsv7M4_T_le_v4SPD16_eabi.lib : stdlib_typeinfo.cpp.obj (.const:.typeinfo:_ZTSSt9type_info)
                  0000e275    00000003     --HOLE-- [fill = 0]
                  0000e278    0000000c     console_task.obj (.const:.typeinfo:_ZTI11ConsoleTask)
                  0000e284    0000000c     error_logger.obj (.const:.typeinfo:_ZTI11ErrorLogger)
                  0000e290    0000000c     task_manager.obj (.const:.typeinfo:_ZTI11TaskManager)
                  0000e29c    0000000c     I2C_monitor.obj (.const:.typeinfo:_ZTI14I2cMonitorTask)
                  0000e2a8    0000000c     I2C_sniffer.obj (.const:.typeinfo:_ZTI14I2cSnifferTask)
                  0000e2b4    0000000c     I2C_scripter.obj (.const:.typeinfo:_ZTI15I2cScripterTask)
                  0000e2c0    0000000c     I2C_task.obj (.const:.typeinfo:_ZTI7I2cTask)
                  0000e2cc    0000000c     test_task.obj (.const:.typeinfo:_ZTI8TestTask)
                  0000e2d8    0000000c     rtsv7M4_T_le_v4SPD16_eabi.lib : typeinfo.c.obj (.const:.typeinfo:_ZTIN10__cxxabiv117__class_type_infoE)
                  0000e2e4    0000000c                                   : typeinfo.c.obj (.const:.typeinfo:_ZTIN10__cxxabiv120__si_class_type_infoE)
                  0000e2f0    0000000c     uartstdio.obj (.const:g_ui32UARTBase)
                  0000e2fc    0000000c     uartstdio.obj (.const:g_ui32UARTPeriph)
                  0000e308    0000000a     test_task.obj (.const:.typeinfo:_ZTS8TestTask)
                  0000e312    00000009     I2C_task.obj (.const:.typeinfo:_ZTS7I2cTask)
                  0000e31b    00000001     --HOLE-- [fill = 0]
                  0000e31c    00000008     I2C_monitor.obj (.const:.typeinfo:_ZTI11ConsolePage)
                  0000e324    00000008     rtsv7M4_T_le_v4SPD16_eabi.lib : stdlib_typeinfo.cpp.obj (.const:.typeinfo:_ZTISt9type_info)
                  0000e32c    00000008     sysctl.obj (.const:g_pui32VCOFrequencies)
                  0000e334    00000008     port.obj (.const)
                  0000e33c    00000007     rtsv7M4_T_le_v4SPD16_eabi.lib : vector.cpp.obj (.const:.string:_ZZNKSt3__220__vector_base_commonILb1EE20__throw_length_errorEvEs)
                  0000e343    00000001     --HOLE-- [fill = 0]
                  0000e344    00000006     no_booster_board.obj (.const:.string)
                  0000e34a    00000002     --HOLE-- [fill = 0]
                  0000e34c    00000004     uartstdio.obj (.const)

.cinit     0    0000e350    000000e0     
                  0000e350    000000ab     (.cinit..data.load) [load image, compression = lzss]
                  0000e3fb    00000001     --HOLE-- [fill = 0]
                  0000e3fc    0000000c     (__TI_handler_table)
                  0000e408    00000008     (.cinit..bss.load) [load image, compression = zero_init]
                  0000e410    00000008     (.cinit..vtable.load) [load image, compression = zero_init]
                  0000e418    00000018     (__TI_cinit_table)

.init_array 
*          0    00000000    00000000     UNINITIALIZED

.vtable    0    20000000    0000026c     UNINITIALIZED
                  20000000    0000026c     interrupt.obj (.vtable)

.bss       0    2000026c    000043a8     UNINITIALIZED
                  2000026c    00003c00     (.common:ucHeap)
                  20003e6c    000004b0     error_logger.obj (.bss:errors)
                  2000431c    00000120     rtsv7M4_T_le_v4SPD16_eabi.lib : trgmsg.c.obj (.bss:_CIOBUF_)
                  2000443c    000000a0     (.common:__TI_tmpnams)
                  200044dc    00000064     tasks.obj (.bss:pxReadyTasksLists)
                  20004540    00000040     (.common:xQueueRegistry)
                  20004580    00000014     tasks.obj (.bss:xDelayedTaskList1)
                  20004594    00000014     tasks.obj (.bss:xDelayedTaskList2)
                  200045a8    00000014     tasks.obj (.bss:xPendingReadyList)
                  200045bc    00000014     tasks.obj (.bss:xSuspendedTaskList)
                  200045d0    00000014     tasks.obj (.bss:xTasksWaitingTermination)
                  200045e4    0000000c     (.common:bin_string)
                  200045f0    00000008     tasks.obj (.bss)
                  200045f8    00000008     heap_2.obj (.bss:xEnd)
                  20004600    00000008     heap_2.obj (.bss:xStart)
                  20004608    00000008     (.common:parmbuf)
                  20004610    00000004     console_uart.obj (.bss)

.stack     0    20004618    00000800     UNINITIALIZED
                  20004618    00000004     rtsv7M4_T_le_v4SPD16_eabi.lib : boot_cortex_m.c.obj (.stack)
                  2000461c    000007fc     --HOLE--

.data      0    20004e18    00000274     UNINITIALIZED
                  20004e18    000000f0     rtsv7M4_T_le_v4SPD16_eabi.lib : defs.c.obj (.data:_ftable)
                  20004f08    00000078                                   : host_device.c.obj (.data:_device)
                  20004f80    00000050                                   : host_device.c.obj (.data:_stream)
                  20004fd0    00000034     tasks.obj (.data)
                  20005004    00000024     no_booster_board.obj (.data:i2c0)
                  20005028    00000010     I2C_monitor.obj (.data:format_types)
                  20005038    00000010     rtsv7M4_T_le_v4SPD16_eabi.lib : defs.c.obj (.data)
                  20005048    0000000c                                   : exit.c.obj (.data:$O1$$)
                  20005054    0000000c     port.obj (.data)
                  20005060    00000008     rtsv7M4_T_le_v4SPD16_eabi.lib : _lock.c.obj (.data:$O1$$)
                  20005068    00000008                                   : memory.c.obj (.data:$O1$$)
                  20005070    00000008     error_logger.obj (.data)
                  20005078    00000008     heap_2.obj (.data)
                  20005080    00000005     uartstdio.obj (.data)
                  20005085    00000001     I2C_sniffer.obj (.data)
                  20005086    00000002     --HOLE--
                  20005088    00000004     rtsv7M4_T_le_v4SPD16_eabi.lib : errno.c.obj (.data)

.sysmem    0    20005090    00000010     UNINITIALIZED
                  20005090    00000010     rtsv7M4_T_le_v4SPD16_eabi.lib : memory.c.obj (.sysmem)

__llvm_prf_cnts 
*          0    20000000    00000000     UNINITIALIZED

MODULE SUMMARY

       Module                         code    ro data   rw data
       ------                         ----    -------   -------
    .\
       I2C_monitor.obj                3431    163       15388  
       I2C_task.obj                   5512    41        0      
       console_task.obj               3342    134       0      
       error_logger.obj               556     46        1208   
       I2C_scripter.obj               1264    50        0      
       task_manager.obj               656     46        0      
       I2C_sniffer.obj                648     49        1      
       tm4c123gh6pm_startup_ccs.obj   12      620       0      
       heap_2.obj                     508     0         24     
       no_booster_board.obj           324     6         36     
       console_uart.obj               252     0         4      
       text_controls.obj              210     0         0      
       test_task.obj                  144     42        0      
       utils.obj                      82      0         0      
       main.obj                       60      0         0      
       memory_functions.obj           48      0         0      
       hooks.obj                      42      0         0      
    +--+------------------------------+-------+---------+---------+
       Total:                         17091   1197      16661  
                                                               
    .\FreeRTOS\
       tasks.obj                      7644    0         260    
       queue.obj                      4008    0         64     
       list.obj                       298     0         0      
    +--+------------------------------+-------+---------+---------+
       Total:                         11950   0         324    
                                                               
    .\FreeRTOS\portable\CCS\ARM_CM4F\
       port.obj                       652     8         12     
       portasm.obj                    218     0         0      
    +--+------------------------------+-------+---------+---------+
       Total:                         870     8         12     
                                                               
    .\driverlib\
       sysctl.obj                     3834    452       0      
       gpio.obj                       2952    528       0      
       interrupt.obj                  960     268       620    
       i2c.obj                        1692    128       0      
       timer.obj                      1602    160       0      
       uart.obj                       1560    128       0      
       fpu.obj                        192     0         0      
       cpu.obj                        62      0         0      
    +--+------------------------------+-------+---------+---------+
       Total:                         12854   1664      620    
                                                               
    .\utils\
       uartstdio.obj                  1192    46        5      
    +--+------------------------------+-------+---------+---------+
       Total:                         1192    46        5      
                                                               
    C:\ti\ccs1020\ccs\tools\compiler\ti-cgt-arm_20.2.2.LTS\lib\rtsv7M4_T_le_v4SPD16_eabi.lib
       _printfi.c.obj                 4851    0         0      
       memory.c.obj                   672     0         8      
       fd_add_t2.asm.obj              438     0         0      
       defs.c.obj                     0       0         416    
       trgmsg.c.obj                   108     0         288    
       fd_div_t2.asm.obj              310     0         0      
       fputs.c.obj                    276     0         0      
       s_scalbn.c.obj                 272     0         0      
       fd_cmp_t2.asm.obj              268     0         0      
       ctype.c.obj                    0       257       0      
       fd_mul_t2.asm.obj              252     0         0      
       setvbuf.c.obj                  220     0         0      
       fflush.c.obj                   200     0         0      
       host_device.c.obj              0       0         200    
       typeinfo.c.obj                 36      127       0      
       memcpy_t2.asm.obj              156     0         0      
       ull_div_t2.asm.obj             150     0         0      
       memset_t2.asm.obj              122     0         0      
       fclose.c.obj                   116     0         0      
       getdevice.c.obj                116     0         0      
       hostrename.c.obj               108     0         0      
       copy_decompress_lzss.c.obj     104     0         0      
       hostlseek.c.obj                104     0         0      
       hostopen.c.obj                 96      0         8      
       fseek.c.obj                    100     0         0      
       s_frexp.c.obj                  100     0         0      
       _io_perm.c.obj                 98      0         0      
       sprintf.c.obj                  98      0         0      
       close.c.obj                    92      0         0      
       exit.c.obj                     76      0         12     
       hostread.c.obj                 88      0         0      
       hostwrite.c.obj                88      0         0      
       _ltoa.c.obj                    84      0         0      
       atoi.c.obj                     76      0         0      
       fd_toi_t2.asm.obj              72      0         0      
       autoinit.c.obj                 68      0         0      
       hostclose.c.obj                68      0         0      
       hostunlink.c.obj               68      0         0      
       u_divt2.asm.obj                64      0         0      
       strncpy.c.obj                  54      0         0      
       boot_cortex_m.c.obj            52      0         0      
       fopen.c.obj                    52      0         0      
       i_tofd_t2.asm.obj              46      0         0      
       unlink.c.obj                   44      0         0      
       lseek.c.obj                    40      0         0      
       memmov.c.obj                   40      0         0      
       write.c.obj                    40      0         0      
       memchr.c.obj                   32      0         0      
       assert.c.obj                   28      0         0      
       memccpy.c.obj                  28      0         0      
       s_copysign.c.obj               26      0         0      
       strcmp.c.obj                   24      0         0      
       stdlib_typeinfo.cpp.obj        2       21        0      
       strchr.c.obj                   22      0         0      
       vector.cpp.obj                 14      7         0      
       strcpy.c.obj                   20      0         0      
       strlen.c.obj                   20      0         0      
       wcslen.c.obj                   18      0         0      
       copy_decompress_none.c.obj     14      0         0      
       copy_zero_init.c.obj           12      0         0      
       errno.c.obj                    8       0         4      
       _lock.c.obj                    2       0         8      
       pure_virt.c.obj                6       0         0      
       error.c.obj                    4       0         0      
       new.cpp.obj                    4       0         0      
       pre_init.c.obj                 4       0         0      
       div0.asm.obj                   2       0         0      
    +--+------------------------------+-------+---------+---------+
       Total:                         10873   412       944    
                                                               
       Heap:                          0       0         16     
       Stack:                         0       0         2048   
       Linker Generated:              0       223       0      
    +--+------------------------------+-------+---------+---------+
       Grand Total:                   54830   3550      20630  


LINKER GENERATED COPY TABLES

__TI_cinit_table @ 0000e418 records: 3, size/record: 8, table size: 24
	.data: load addr=0000e350, load size=000000ab bytes, run addr=20004e18, run size=00000274 bytes, compression=lzss
	.bss: load addr=0000e408, load size=00000008 bytes, run addr=2000026c, run size=000043a8 bytes, compression=zero_init
	.vtable: load addr=0000e410, load size=00000008 bytes, run addr=20000000, run size=0000026c bytes, compression=zero_init


LINKER GENERATED HANDLER TABLE

__TI_handler_table @ 0000e3fc records: 3, size/record: 4, table size: 12
	index: 0, handler: __TI_zero_init
	index: 1, handler: __TI_decompress_lzss
	index: 2, handler: __TI_decompress_none


GLOBAL SYMBOLS: SORTED ALPHABETICALLY BY Name 

address   name                                                                                                                                                                                                                                                                             
-------   ----                                                                                                                                                                                                                                                                             
0000d8ad  C$$EXIT                                                                                                                                                                                                                                                                          
0000c8b3  C$$IO$$                                                                                                                                                                                                                                                                          
0000c753  CPUbasepriGet                                                                                                                                                                                                                                                                    
0000c745  CPUbasepriSet                                                                                                                                                                                                                                                                    
0000c71f  CPUcpsid                                                                                                                                                                                                                                                                         
0000c735  CPUcpsie                                                                                                                                                                                                                                                                         
0000c72b  CPUprimask                                                                                                                                                                                                                                                                       
0000c741  CPUwfi                                                                                                                                                                                                                                                                           
0000b1c3  FPUDisable                                                                                                                                                                                                                                                                       
0000b1b1  FPUEnable                                                                                                                                                                                                                                                                        
0000b22f  FPUFlushToZeroModeSet                                                                                                                                                                                                                                                            
0000b1fb  FPUHalfPrecisionModeSet                                                                                                                                                                                                                                                          
0000b1e3  FPULazyStackingEnable                                                                                                                                                                                                                                                            
0000b215  FPUNaNModeSet                                                                                                                                                                                                                                                                    
0000b249  FPURoundingModeSet                                                                                                                                                                                                                                                               
0000b1ef  FPUStackingDisable                                                                                                                                                                                                                                                               
0000b1d1  FPUStackingEnable                                                                                                                                                                                                                                                                
00005b83  GPIOADCTriggerDisable                                                                                                                                                                                                                                                            
00005b65  GPIOADCTriggerEnable                                                                                                                                                                                                                                                             
00005b47  GPIODMATriggerDisable                                                                                                                                                                                                                                                            
00005b29  GPIODMATriggerEnable                                                                                                                                                                                                                                                             
000050db  GPIODirModeGet                                                                                                                                                                                                                                                                   
0000507f  GPIODirModeSet                                                                                                                                                                                                                                                                   
00005643  GPIOIntClear                                                                                                                                                                                                                                                                     
00005607  GPIOIntDisable                                                                                                                                                                                                                                                                   
000055ed  GPIOIntEnable                                                                                                                                                                                                                                                                    
00005657  GPIOIntRegister                                                                                                                                                                                                                                                                  
00005621  GPIOIntStatus                                                                                                                                                                                                                                                                    
000051cb  GPIOIntTypeGet                                                                                                                                                                                                                                                                   
00005127  GPIOIntTypeSet                                                                                                                                                                                                                                                                   
00005675  GPIOIntUnregister                                                                                                                                                                                                                                                                
0000549b  GPIOPadConfigGet                                                                                                                                                                                                                                                                 
00005261  GPIOPadConfigSet                                                                                                                                                                                                                                                                 
00005acb  GPIOPinConfigure                                                                                                                                                                                                                                                                 
0000568f  GPIOPinRead                                                                                                                                                                                                                                                                      
000056c7  GPIOPinTypeADC                                                                                                                                                                                                                                                                   
000056eb  GPIOPinTypeCAN                                                                                                                                                                                                                                                                   
00005a97  GPIOPinTypeCIR                                                                                                                                                                                                                                                                   
0000570f  GPIOPinTypeComparator                                                                                                                                                                                                                                                            
00005733  GPIOPinTypeEPI                                                                                                                                                                                                                                                                   
00005757  GPIOPinTypeEthernetLED                                                                                                                                                                                                                                                           
0000577b  GPIOPinTypeEthernetMII                                                                                                                                                                                                                                                           
0000579f  GPIOPinTypeGPIOInput                                                                                                                                                                                                                                                             
000057c3  GPIOPinTypeGPIOOutput                                                                                                                                                                                                                                                            
000057e7  GPIOPinTypeGPIOOutputOD                                                                                                                                                                                                                                                          
0000580b  GPIOPinTypeI2C                                                                                                                                                                                                                                                                   
0000582f  GPIOPinTypeI2CSCL                                                                                                                                                                                                                                                                
00005a4f  GPIOPinTypeKBColumn                                                                                                                                                                                                                                                              
00005a2b  GPIOPinTypeKBRow                                                                                                                                                                                                                                                                 
00005853  GPIOPinTypeLCD                                                                                                                                                                                                                                                                   
00005a73  GPIOPinTypeLEDSeq                                                                                                                                                                                                                                                                
00005877  GPIOPinTypeLPC                                                                                                                                                                                                                                                                   
0000589b  GPIOPinTypePECIRx                                                                                                                                                                                                                                                                
000058bf  GPIOPinTypePECITx                                                                                                                                                                                                                                                                
000058e3  GPIOPinTypePWM                                                                                                                                                                                                                                                                   
00005907  GPIOPinTypeQEI                                                                                                                                                                                                                                                                   
0000592b  GPIOPinTypeSSI                                                                                                                                                                                                                                                                   
0000594f  GPIOPinTypeTimer                                                                                                                                                                                                                                                                 
00005973  GPIOPinTypeUART                                                                                                                                                                                                                                                                  
00005997  GPIOPinTypeUSBAnalog                                                                                                                                                                                                                                                             
000059bb  GPIOPinTypeUSBDigital                                                                                                                                                                                                                                                            
000059df  GPIOPinTypeWakeHigh                                                                                                                                                                                                                                                              
00005a05  GPIOPinTypeWakeLow                                                                                                                                                                                                                                                               
00005abb  GPIOPinWakeStatus                                                                                                                                                                                                                                                                
000056a7  GPIOPinWrite                                                                                                                                                                                                                                                                     
0000c4d1  HOSTclose                                                                                                                                                                                                                                                                        
0000ba31  HOSTlseek                                                                                                                                                                                                                                                                        
0000bd55  HOSTopen                                                                                                                                                                                                                                                                         
0000bed1  HOSTread                                                                                                                                                                                                                                                                         
0000b8ed  HOSTrename                                                                                                                                                                                                                                                                       
[...]
0000e128  _ZTV14I2cSnifferTask                                                                                                                                                                                                                                                             
0000e13c  _ZTV15I2cScripterTask                                                                                                                                                                                                                                                            
0000e150  _ZTV7I2cTask                                                                                                                                                                                                                                                                     
0000e164  _ZTV8TestTask                                                                                                                                                                                                                                                                    
0000e1da  _ZTS15I2cScripterTask                                                                                                                                                                                                                                                            
0000e1ec  _ZTS14I2cMonitorTask                                                                                                                                                                                                                                                             
0000e1fd  _ZTS14I2cSnifferTask                                                                                                                                                                                                                                                             
0000e210  _ZTVN10__cxxabiv117__class_type_infoE                                                                                                                                                                                                                                            
0000e220  _ZTVN10__cxxabiv120__si_class_type_infoE                                                                                                                                                                                                                                         
0000e230  _ZTS11ConsolePage                                                                                                                                                                                                                                                                
0000e23e  _ZTS11ConsoleTask                                                                                                                                                                                                                                                                
0000e24c  _ZTS11ErrorLogger                                                                                                                                                                                                                                                                
0000e25a  _ZTS11TaskManager                                                                                                                                                                                                                                                                
0000e268  _ZTSSt9type_info                                                                                                                                                                                                                                                                 
0000e278  _ZTI11ConsoleTask                                                                                                                                                                                                                                                                
0000e284  _ZTI11ErrorLogger                                                                                                                                                                                                                                                                
0000e290  _ZTI11TaskManager                                                                                                                                                                                                                                                                
0000e29c  _ZTI14I2cMonitorTask                                                                                                                                                                                                                                                             
0000e2a8  _ZTI14I2cSnifferTask                                                                                                                                                                                                                                                             
0000e2b4  _ZTI15I2cScripterTask                                                                                                                                                                                                                                                            
0000e2c0  _ZTI7I2cTask                                                                                                                                                                                                                                                                     
0000e2cc  _ZTI8TestTask                                                                                                                                                                                                                                                                    
0000e2d8  _ZTIN10__cxxabiv117__class_type_infoE                                                                                                                                                                                                                                            
0000e2e4  _ZTIN10__cxxabiv120__si_class_type_infoE                                                                                                                                                                                                                                         
0000e308  _ZTS8TestTask                                                                                                                                                                                                                                                                    
0000e312  _ZTS7I2cTask                                                                                                                                                                                                                                                                     
0000e31c  _ZTI11ConsolePage                                                                                                                                                                                                                                                                
0000e324  _ZTISt9type_info                                                                                                                                                                                                                                                                 
0000e334  ulMaxSyscallInterruptPriority                                                                                                                                                                                                                                                    
0000e33c  _ZZNKSt3__220__vector_base_commonILb1EE20__throw_length_errorEvEs                                                                                                                                                                                                                
0000e3fc  __TI_Handler_Table_Base                                                                                                                                                                                                                                                          
0000e408  __TI_Handler_Table_Limit                                                                                                                                                                                                                                                         
0000e418  __TI_CINIT_Base                                                                                                                                                                                                                                                                  
0000e430  __TI_CINIT_Limit                                                                                                                                                                                                                                                                 
20000000  __start___llvm_prf_cnts                                                                                                                                                                                                                                                          
20000000  __stop___llvm_prf_cnts                                                                                                                                                                                                                                                           
20000000  g_pfnRAMVectors                                                                                                                                                                                                                                                                  
2000026c  ucHeap                                                                                                                                                                                                                                                                           
2000431c  __CIOBUF_                                                                                                                                                                                                                                                                        
2000443c  __TI_tmpnams                                                                                                                                                                                                                                                                     
20004540  xQueueRegistry                                                                                                                                                                                                                                                                   
200045e4  bin_string                                                                                                                                                                                                                                                                       
20004608  parmbuf                                                                                                                                                                                                                                                                          
20004618  __stack                                                                                                                                                                                                                                                                          
20004818  __STACK_TOP                                                                                                                                                                                                                                                                      
20004e18  __STACK_END                                                                                                                                                                                                                                                                      
20004e18  _ftable                                                                                                                                                                                                                                                                          
20004f08  _device                                                                                                                                                                                                                                                                          
20004f80  _stream                                                                                                                                                                                                                                                                          
20004fd0  pxCurrentTCB                                                                                                                                                                                                                                                                     
20005038  __TI_ft_end                                                                                                                                                                                                                                                                      
2000503c  __aeabi_stdin                                                                                                                                                                                                                                                                    
20005040  __aeabi_stdout                                                                                                                                                                                                                                                                   
20005044  __aeabi_stderr                                                                                                                                                                                                                                                                   
20005048  __TI_cleanup_ptr                                                                                                                                                                                                                                                                 
2000504c  __TI_dtors_ptr                                                                                                                                                                                                                                                                   
20005050  __TI_enable_exit_profile_output                                                                                                                                                                                                                                                  
20005060  _lock                                                                                                                                                                                                                                                                            
20005064  _unlock                                                                                                                                                                                                                                                                          
20005074  _ZN11ErrorLogger3objE                                                                                                                                                                                                                                                            
20005088  errno                                                                                                                                                                                                                                                                            
20005090  _sys_memory                                                                                                                                                                                                                                                                      
ffffffff  __TI_pprof_out_hndl                                                                                                                                                                                                                                                              
ffffffff  __TI_prof_data_size                                                                                                                                                                                                                                                              
ffffffff  __TI_prof_data_start                                                                                                                                                                                                                                                             
ffffffff  __binit__                                                                                                                                                                                                                                                                        
ffffffff  __c_args__                                                                                                                                                                                                                                                                       
ffffffff  binit                                                                                                                                                                                                                                                                            
UNDEFED   __mpu_init                                                                                                                                                                                                                                                                       
UNDEFED   _system_post_cinit                                                                                                                                                                                                                                                               

[828 symbols]
