******************************************************************************
                  TI ARM Linker PC v20.2.2                     
******************************************************************************
>> Linked Tue Aug 31 19:07:46 2021

OUTPUT FILE NAME:   <MicroMasterTM4C123G.out>
ENTRY POINT SYMBOL: "_c_int00_noargs"  address: 000170a1


MEMORY CONFIGURATION

         name            origin    length      used     unused   attr    fill
----------------------  --------  ---------  --------  --------  ----  --------
  FLASH                 00000000   00040000  0001a530  00025ad0  R  X
  SRAM                  20000000   00008000  00006d74  0000128c  RW X


SEGMENT ALLOCATION MAP

run origin  load origin   length   init length attrs members
----------  ----------- ---------- ----------- ----- -------
00000000    00000000    0001a530   0001a530    r-x
  00000000    00000000    0000026c   0000026c    r-- .intvecs
  0000026c    0000026c    00018eec   00018eec    r-x .text
  00019158    00019158    000010b8   000010b8    r-- .const
  0001a210    0001a210    00000320   00000320    r-- .cinit
20000000    20000000    00006d78   00000000    rw-
  20000000    20000000    0000026c   00000000    rw- .vtable
  2000026c    2000026c    00005b88   00000000    rw- .bss
  20005df8    20005df8    00000800   00000000    rw- .stack
  200065f8    200065f8    00000770   00000000    rw- .data
  20006d68    20006d68    00000010   00000000    rw- .sysmem


SECTION ALLOCATION MAP

 output                                  attributes/
section   page    origin      length       input sections
--------  ----  ----------  ----------   ----------------
.intvecs   0    00000000    0000026c     
                  00000000    0000026c     tm4c123gh6pm_startup_ccs.obj (.intvecs)

.text      0    0000026c    00018eec     
                  0000026c    00001ddc     tasks.obj (.text)
                  00002048    000015ba     usb.obj (.text)
                  00003602    00000002     rtsv7M4_T_le_v4SPD16_eabi.lib : vector.cpp.obj (.text:_ZNSt3__220__vector_base_commonILb1EEC2Ev)
                  00003604    000012b0     I2C_task.obj (.text)
                  000048b4    0000124c     SPI_command.obj (.text)
                  00005b00    00000fa8     queue.obj (.text)
                  00006aa8    00000ef4     sysctl.obj (.text)
                  0000799c    00000c3c     one_wire_command.obj (.text)
                  000085d8    00000b88     gpio.obj (.text)
                  00009160    00000a4e     rtsv7M4_T_le_v4SPD16_eabi.lib : _printfi.c.obj (.text:__TI_printfi)
                  00009bae    00000002                                   : stdlib_typeinfo.cpp.obj (.text:_ZNSt9type_infoD1Ev)
                  00009bb0    000007c2     adc.obj (.text)
                  0000a372    00000002     rtsv7M4_T_le_v4SPD16_eabi.lib : _lock.c.obj (.text:_nop)
                  0000a374    0000072c     UART_command.obj (.text)
                  0000aaa0    00000718     pwm.obj (.text)
                  0000b1b8    0000069c     i2c.obj (.text)
                  0000b854    00000696     console_task.obj (.text)
                  0000beea    00000002     usblib.lib : usbdma.obj (.text:iDMAUSBArbSizeSet)
                  0000beec    0000065b     I2C_monitor.obj (.text)
                  0000c547    00000001     --HOLE-- [fill = 0]
                  0000c548    00000653     SPI_monitor.obj (.text)
                  0000cb9b    00000001     --HOLE-- [fill = 0]
                  0000cb9c    00000642     timer.obj (.text)
                  0000d1de    00000002     usblib.lib : usbdma.obj (.text:iDMAUSBUnitSizeSet)
                  0000d1e0    00000618     uart.obj (.text)
                  0000d7f8    000005d4     I2C_scripter.obj (.text)
                  0000ddcc    000005a8     UART_to_USB.obj (.text)
                  0000e374    0000050b     GPOs.obj (.text)
                  0000e87f    00000001     --HOLE-- [fill = 0]
                  0000e880    000004f8     uartstdio.obj (.text)
                  0000ed78    000004e0     udma.obj (.text)
                  0000f258    0000046b     PWM_page.obj (.text)
                  0000f6c3    00000001     --HOLE-- [fill = 0]
                  0000f6c4    00000464     no_booster_board.obj (.text)
                  0000fb28    00000454     heap_4.obj (.text)
                  0000ff7c    00000406     menu_page.obj (.text)
                  00010382    00000002     rtsv7M4_T_le_v4SPD16_eabi.lib : div0.asm.obj (.text)
                  00010384    000003c0     interrupt.obj (.text)
                  00010744    000003ac     io_control_page.obj (.text)
                  00010af0    00000346     ssi.obj (.text)
                  00010e36    00000002     usblib.lib : usbdma.obj (.text:uDMAUSBChannelIntDisable)
                  00010e38    00000344     UART_streamer.obj (.text)
                  0001117c    000002a4     task_manager.obj (.text)
                  00011420    000002a0     error_logger.obj (.text)
                  000116c0    00000290     I2C_search.obj (.text)
                  00011950    0000028c     ADC_task.obj (.text)
                  00011bdc    0000028c     port.obj (.text)
                  00011e68    00000270     rtsv7M4_T_le_v4SPD16_eabi.lib : _printfi.c.obj (.text:_pconv_a)
                  000120d8    00000214     GPIs.obj (.text)
                  000122ec    000001d0     rtsv7M4_T_le_v4SPD16_eabi.lib : _printfi.c.obj (.text:_pconv_g)
                  000124bc    000001b6                                   : fd_add_t2.asm.obj (.text)
                  00012672    00000002     usblib.lib : usbdma.obj (.text:uDMAUSBChannelIntEnable)
                  00012674    00000164                : usbdma.obj (.text:USBLibDMAInit)
                  000127d8    00000150                : usbdenum.obj (.text:USBDCDInit)
                  00012928    00000150                : usbdenum.obj (.text:USBDEP0StateTxConfig)
                  00012a78    00000150                : usbdenum.obj (.text:USBDeviceIntHandlerInternal)
                  00012bc8    00000148                : usbdconfig.obj (.text:USBDeviceConfig)
                  00012d10    0000013c     rtsv7M4_T_le_v4SPD16_eabi.lib : _printfi.c.obj (.text:_pconv_e)
                  00012e4c    00000136                                   : fd_div_t2.asm.obj (.text)
                  00012f82    0000012a     list.obj (.text)
                  000130ac    00000124     rtsv7M4_T_le_v4SPD16_eabi.lib : _printfi.c.obj (.text:fcvt)
                  000131d0    00000114                                   : fputs.c.obj (.text:fputs)
                  000132e4    00000110                                   : s_scalbn.c.obj (.text:scalbn)
                  000133f4    00000100                                   : memory.c.obj (.text:aligned_alloc)
                  000134f4    000000fc                                   : fd_mul_t2.asm.obj (.text)
                  000135f0    000000f4     usblib.lib : usbdma.obj (.text:iDMAUSBTransfer)
                  000136e4    000000e4                : usbdenum.obj (.text:USBDGetDescriptor)
                  000137c8    000000e4     rtsv7M4_T_le_v4SPD16_eabi.lib : memory.c.obj (.text:free)
                  000138ac    000000dc     usblib.lib : usbdcdc.obj (.text:USBDCDCCompositeInit)
                  00013988    000000dc     rtsv7M4_T_le_v4SPD16_eabi.lib : setvbuf.c.obj (.text:setvbuf)
                  00013a64    000000da     portasm.obj (.text)
                  00013b3e    00000002     --HOLE-- [fill = 0]
                  00013b40    000000da     text_controls.obj (.text)
                  00013c1a    00000002     --HOLE-- [fill = 0]
                  00013c1c    000000d8     usblib.lib : usbdenum.obj (.text:USBDeviceEnumHandler)
                  00013cf4    000000d4                : usbdcdc.obj (.text:HandleRequests)
                  00013dc8    000000d0                : usbdma.obj (.text:uDMAUSBChannelAllocate)
                  00013e98    000000c0                : usbbuffer.obj (.text:HandleRxAvailable)
                  00013f58    000000c0     fpu.obj (.text)
                  00014018    000000bc     usblib.lib : usbdma.obj (.text:uDMAUSBTransfer)
                  000140d4    000000b4                : usbdcdc.obj (.text:HandleDevice)
                  00014188    000000b1     rtsv7M4_T_le_v4SPD16_eabi.lib : _printfi.c.obj (.text:_ltostr)
                  00014239    00000001     --HOLE-- [fill = 0]
                  0001423a    000000b0     I2C_monitor.obj (.text:_ZNSt3__26vectorIP6I2cMsgNS_9allocatorIS2_EEE6assignIPS2_EENS_9enable_ifIXaasr3std3__221__is_forward_iteratorIT_EE5valuesr3std3__216is_constructibleIS2_JNS_15iterator_traitsIS9_E9referenceEEEE5valueEvE4typeES9_S9_)
                  000142ea    000000b0     SPI_monitor.obj (.text:_ZNSt3__26vectorIP6SpiMsgNS_9allocatorIS2_EEE6assignIPS2_EENS_9enable_ifIXaasr3std3__221__is_forward_iteratorIT_EE5valuesr3std3__216is_constructibleIS2_JNS_15iterator_traitsIS9_E9referenceEEEE5valueEvE4typeES9_S9_)
                  0001439a    0000009c     rtsv7M4_T_le_v4SPD16_eabi.lib : memcpy_t2.asm.obj (.text)
                  00014436    00000002     --HOLE-- [fill = 0]
                  00014438    00000098     usblib.lib : usbdenum.obj (.text:USBDSetInterface)
                  000144d0    00000096                : usbdcdc.obj (.text:CDCTickHandler)
                  00014566    00000096     rtsv7M4_T_le_v4SPD16_eabi.lib : ull_div_t2.asm.obj (.text)
                  000145fc    00000094     usblib.lib : usbdcdc.obj (.text:SendSerialState)
                  00014690    00000092                : usbbuffer.obj (.text:ScheduleNextTransmission)
                  00014722    00000090                : usbdcdc.obj (.text:USBDCDCPacketRead)
                  000147b2    00000002     --HOLE-- [fill = 0]
                  000147b4    00000090                : usbdenum.obj (.text:USBDSetConfiguration)
                  00014844    0000008c                : usbdconfig.obj (.text:USBDeviceConfigAlternate)
                  000148d0    00000088                : usbdma.obj (.text:iDMAUSBChannelAllocate)
                  00014958    00000086     rtsv7M4_T_le_v4SPD16_eabi.lib : fd_cmp_t2.asm.obj (.text:__aeabi_cdcmple)
                  000149de    00000086                                   : fd_cmp_t2.asm.obj (.text:__aeabi_cdrcmple)
                  00014a64    0000007c     usblib.lib : usbdenum.obj (.text:USBDClearFeature)
                  00014ae0    0000007c     rtsv7M4_T_le_v4SPD16_eabi.lib : fflush.c.obj (.text:fflush)
                  00014b5c    0000007a                                   : memset_t2.asm.obj (.text)
                  00014bd6    00000002     --HOLE-- [fill = 0]
                  00014bd8    00000078     usblib.lib : usbdenum.obj (.text:USBDGetStatus)
                  00014c50    00000074     rtsv7M4_T_le_v4SPD16_eabi.lib : fclose.c.obj (.text:__TI_closefile)
                  00014cc4    00000072     usblib.lib : usbdcdc.obj (.text:ProcessDataFromHost)
                  00014d36    00000072                : usbdma.obj (.text:uDMAUSBUnitSizeSet)
                  00014da8    00000070                : usbdenum.obj (.text:USBDEP0StateTx)
                  00014e18    00000070                : usbdenum.obj (.text:USBDSetFeature)
                  00014e88    00000070     rtsv7M4_T_le_v4SPD16_eabi.lib : memory.c.obj (.text:split)
                  00014ef8    00000070     usblib.lib : usbdma.obj (.text:uDMAUSBArbSizeSet)
                  00014f68    0000006e     rtsv7M4_T_le_v4SPD16_eabi.lib : _printfi.c.obj (.text:_mcpy)
                  00014fd6    00000002     --HOLE-- [fill = 0]
                  00014fd8    0000006c                                   : hostrename.c.obj (.text:HOSTrename)
                  00015044    0000006c     usblib.lib : usbdcdc.obj (.text:ProcessDataToHost)
                  000150b0    0000006c     console_task.obj (.text:_ZNSt3__26vectorIP11ConsolePageNS_9allocatorIS2_EEE26__swap_out_circular_bufferERNS_14__split_bufferIS2_RS4_EE)
                  0001511c    0000006c     I2C_task.obj (.text:_ZNSt3__26vectorIP6I2cMsgNS_9allocatorIS2_EEE26__swap_out_circular_bufferERNS_14__split_bufferIS2_RS4_EE)
                  00015188    0000006c     SPI_command.obj (.text:_ZNSt3__26vectorIP6SpiMsgNS_9allocatorIS2_EEE26__swap_out_circular_bufferERNS_14__split_bufferIS2_RS4_EE)
                  000151f4    0000006c     menu_page.obj (.text:_ZNSt3__26vectorIP7MenuRowNS_9allocatorIS2_EEE26__swap_out_circular_bufferERNS_14__split_bufferIS2_RS4_EE)
                  00015260    00000068     rtsv7M4_T_le_v4SPD16_eabi.lib : hostlseek.c.obj (.text:HOSTlseek)
                  000152c8    00000068                                   : copy_decompress_lzss.c.obj (.text:decompress:lzss:__TI_decompress_lzss)
                  00015330    00000064     usblib.lib : usbbuffer.obj (.text:USBBufferEventCallback)
                  00015394    00000064     console_task.obj (.text:_ZNSt3__26vectorIP11ConsolePageNS_9allocatorIS2_EEE21__push_back_slow_pathIRKS2_EEvOT_)
                  000153f8    00000064     I2C_task.obj (.text:_ZNSt3__26vectorIP6I2cMsgNS_9allocatorIS2_EEE21__push_back_slow_pathIS2_EEvOT_)
                  0001545c    00000064     SPI_command.obj (.text:_ZNSt3__26vectorIP6SpiMsgNS_9allocatorIS2_EEE21__push_back_slow_pathIS2_EEvOT_)
                  000154c0    00000064     menu_page.obj (.text:_ZNSt3__26vectorIP7MenuRowNS_9allocatorIS2_EEE21__push_back_slow_pathIRKS2_EEvOT_)
                  00015524    00000064     rtsv7M4_T_le_v4SPD16_eabi.lib : s_frexp.c.obj (.text:frexp)
                  00015588    00000064                                   : fseek.c.obj (.text:fseek)
                  000155ec    00000064     usblib.lib : usbdma.obj (.text:uDMAUSBChannelEnable)
                  00015650    00000062     I2C_task.obj (.text:_ZNSt3__26vectorIP6I2cMsgNS_9allocatorIS2_EEE9push_backEOS2_)
                  000156b2    00000062     SPI_command.obj (.text:_ZNSt3__26vectorIP6SpiMsgNS_9allocatorIS2_EEE9push_backEOS2_)
                  00015714    00000062     rtsv7M4_T_le_v4SPD16_eabi.lib : _io_perm.c.obj (.text:__TI_wrt_ok)
                  00015776    00000002     --HOLE-- [fill = 0]
                  00015778    00000060                                   : hostopen.c.obj (.text:HOSTopen)
                  000157d8    00000060     usblib.lib : usbdcdc.obj (.text:USBDCDCPacketWrite)
                  00015838    00000060                : usbdenum.obj (.text:USBDReadAndDispatchRequest)
                  00015898    00000060     console_task.obj (.text:_ZNSt3__214__split_bufferIP11ConsolePageRNS_9allocatorIS2_EEEC1EjjS5_)
                  000158f8    00000060     I2C_task.obj (.text:_ZNSt3__214__split_bufferIP6I2cMsgRNS_9allocatorIS2_EEEC1EjjS5_)
                  00015958    00000060     SPI_command.obj (.text:_ZNSt3__214__split_bufferIP6SpiMsgRNS_9allocatorIS2_EEEC1EjjS5_)
                  000159b8    00000060     menu_page.obj (.text:_ZNSt3__214__split_bufferIP7MenuRowRNS_9allocatorIS2_EEEC1EjjS5_)
                  00015a18    00000060     utils.obj (.text)
                  00015a78    0000005c     rtsv7M4_T_le_v4SPD16_eabi.lib : close.c.obj (.text:close)
                  00015ad4    00000058                                   : hostread.c.obj (.text:HOSTread)
                  00015b2c    00000058                                   : hostwrite.c.obj (.text:HOSTwrite)
                  00015b84    00000056     console_task.obj (.text:_ZNKSt3__26vectorIP11ConsolePageNS_9allocatorIS2_EEE17__annotate_deleteEv)
                  00015bda    00000056     I2C_task.obj (.text:_ZNKSt3__26vectorIP6I2cMsgNS_9allocatorIS2_EEE17__annotate_deleteEv)
                  00015c30    00000056     SPI_command.obj (.text:_ZNKSt3__26vectorIP6SpiMsgNS_9allocatorIS2_EEE17__annotate_deleteEv)
                  00015c86    00000056     menu_page.obj (.text:_ZNKSt3__26vectorIP7MenuRowNS_9allocatorIS2_EEE17__annotate_deleteEv)
                  00015cdc    00000056     console_task.obj (.text:_ZNSt3__26vectorIP11ConsolePageNS_9allocatorIS2_EEE9push_backERKS2_)
                  00015d32    00000056     menu_page.obj (.text:_ZNSt3__26vectorIP7MenuRowNS_9allocatorIS2_EEE9push_backERKS2_)
                  00015d88    00000056     rtsv7M4_T_le_v4SPD16_eabi.lib : _printfi.c.obj (.text:_pconv_f)
                  00015dde    00000056     usblib.lib : usbdma.obj (.text:uDMAUSBChannelRelease)
                  00015e34    00000054     console_task.obj (.text:_ZNKSt3__26vectorIP11ConsolePageNS_9allocatorIS2_EEE14__annotate_newEj)
                  00015e88    00000054     I2C_monitor.obj (.text:_ZNKSt3__26vectorIP6I2cMsgNS_9allocatorIS2_EEE14__annotate_newEj)
                  00015edc    00000054     SPI_command.obj (.text:_ZNKSt3__26vectorIP6SpiMsgNS_9allocatorIS2_EEE14__annotate_newEj)
                  00015f30    00000054     menu_page.obj (.text:_ZNKSt3__26vectorIP7MenuRowNS_9allocatorIS2_EEE14__annotate_newEj)
                  00015f84    00000054     rtsv7M4_T_le_v4SPD16_eabi.lib : _ltoa.c.obj (.text:__TI_ltoa)
                  00015fd8    00000052     usblib.lib : usbulpi.obj (.text:ULPIConfigSet)
                  0001602a    00000052     I2C_monitor.obj (.text:_ZNKSt3__26vectorIP6I2cMsgNS_9allocatorIS2_EEE17__annotate_shrinkEj)
                  0001607c    00000052     SPI_command.obj (.text:_ZNKSt3__26vectorIP6SpiMsgNS_9allocatorIS2_EEE17__annotate_shrinkEj)
                  000160ce    00000052     rtsv7M4_T_le_v4SPD16_eabi.lib : _printfi.c.obj (.text:_ecpy)
                  00016120    00000050     usblib.lib : usbdcdc.obj (.text:USBDCDCInit)
                  00016170    00000050                : usbdcdesc.obj (.text:USBDCDConfigDescGet)
                  000161c0    00000050                : usbdenum.obj (.text:USBDeviceResumeTickHandler)
                  00016210    0000004c                : usbdconfig.obj (.text:GetEPDescriptorType)
                  0001625c    0000004c                : usbdenum.obj (.text:USBDStringIndexFromRequest)
                  000162a8    0000004c     rtsv7M4_T_le_v4SPD16_eabi.lib : fflush.c.obj (.text:__TI_doflush)
                  000162f4    0000004c                                   : atoi.c.obj (.text:atoi)
                  00016340    0000004c     usblib.lib : usbdma.obj (.text:iDMAUSBChannelEnable)
                  0001638c    0000004a                : usbdcdesc.obj (.text:ConfigAlternateInterfaceGet)
                  000163d6    0000004a                : usbdcdc.obj (.text:HandleEP0Data)
                  00016420    0000004a                : usbdcdc.obj (.text:HandleEndpoints)
                  0001646a    0000004a     console_task.obj (.text:_ZNKSt3__26vectorIP11ConsolePageNS_9allocatorIS2_EEE11__recommendEj)
                  000164b4    0000004a     I2C_monitor.obj (.text:_ZNKSt3__26vectorIP6I2cMsgNS_9allocatorIS2_EEE11__recommendEj)
                  000164fe    0000004a     SPI_command.obj (.text:_ZNKSt3__26vectorIP6SpiMsgNS_9allocatorIS2_EEE11__recommendEj)
                  00016548    0000004a     menu_page.obj (.text:_ZNKSt3__26vectorIP7MenuRowNS_9allocatorIS2_EEE11__recommendEj)
                  00016592    0000004a     usblib.lib : usbdma.obj (.text:uDMAUSBChannelDisable)
                  000165dc    00000048                : usbdenum.obj (.text:USBDCDDeviceInfoInit)
                  00016624    00000048                : usbdenum.obj (.text:USBDeviceEnumResetHandler)
                  0001666c    00000048     I2C_monitor.obj (.text:_ZNSt3__26vectorIP6I2cMsgNS_9allocatorIS2_EEE8allocateEj)
                  000166b4    00000048     SPI_monitor.obj (.text:_ZNSt3__26vectorIP6SpiMsgNS_9allocatorIS2_EEE8allocateEj)
                  000166fc    00000048     rtsv7M4_T_le_v4SPD16_eabi.lib : exit.c.obj (.text:exit)
                  00016744    00000048                                   : fd_toi_t2.asm.obj (.text)
                  0001678c    00000044                                   : hostclose.c.obj (.text:HOSTclose)
                  000167d0    00000044                                   : hostunlink.c.obj (.text:HOSTunlink)
                  00016814    00000044     usblib.lib : usbdenum.obj (.text:USBDGetInterface)
                  00016858    00000044     rtsv7M4_T_le_v4SPD16_eabi.lib : autoinit.c.obj (.text:__TI_auto_init_nobinit_nopinit:__TI_auto_init_nobinit_nopinit)
                  0001689c    00000044                                   : getdevice.c.obj (.text:getdevice)
                  000168e0    00000044                                   : fd_tou_t2.asm.obj (.text)
                  00016924    00000040     I2C_monitor.obj (.text:_ZNSt3__213__vector_baseIP6I2cMsgNS_9allocatorIS2_EEE17__destruct_at_endEPS2_)
                  00016964    00000040     SPI_command.obj (.text:_ZNSt3__213__vector_baseIP6SpiMsgNS_9allocatorIS2_EEE17__destruct_at_endEPS2_)
                  000169a4    00000040     I2C_monitor.obj (.text:_ZNSt3__26vectorIP6I2cMsgNS_9allocatorIS2_EEE10deallocateEv)
                  000169e4    00000040     SPI_monitor.obj (.text:_ZNSt3__26vectorIP6SpiMsgNS_9allocatorIS2_EEE10deallocateEv)
                  00016a24    00000040     rtsv7M4_T_le_v4SPD16_eabi.lib : u_divt2.asm.obj (.text)
                  00016a64    00000040                                   : sprintf.c.obj (.text:sprintf)
                  00016aa4    0000003e                                   : _printfi.c.obj (.text:_fcpy)
                  00016ae2    0000003e     cpu.obj (.text)
                  00016b20    0000003c     console_task.obj (.text:_ZNSt3__216allocator_traitsINS_9allocatorIP11ConsolePageEEE20__construct_backwardIS3_EENS_9enable_ifIXaaoosr3std3__27is_sameIS4_NS1_IT_EEEE5valuentsr3std3__215__has_constructIS4_PS8_JS8_EEE5valuesr3std3__231is_trivially_move_constructibleIS8_EE5valueEvE4typeERS4_SA_SA_RSA_)
                  00016b5c    0000003c     I2C_task.obj (.text:_ZNSt3__216allocator_traitsINS_9allocatorIP6I2cMsgEEE20__construct_backwardIS3_EENS_9enable_ifIXaaoosr3std3__27is_sameIS4_NS1_IT_EEEE5valuentsr3std3__215__has_constructIS4_PS8_JS8_EEE5valuesr3std3__231is_trivially_move_constructibleIS8_EE5valueEvE4typeERS4_SA_SA_RSA_)
                  00016b98    0000003c     I2C_monitor.obj (.text:_ZNSt3__216allocator_traitsINS_9allocatorIP6I2cMsgEEE25__construct_range_forwardIS3_EENS_9enable_ifIXaaoosr3std3__27is_sameIS4_NS1_IT_EEEE5valuentsr3std3__215__has_constructIS4_PS8_JS8_EEE5valuesr3std3__231is_trivially_move_constructibleIS8_EE5valueEvE4typeERS4_SA_SA_RSA_)
                  00016bd4    0000003c     SPI_command.obj (.text:_ZNSt3__216allocator_traitsINS_9allocatorIP6SpiMsgEEE20__construct_backwardIS3_EENS_9enable_ifIXaaoosr3std3__27is_sameIS4_NS1_IT_EEEE5valuentsr3std3__215__has_constructIS4_PS8_JS8_EEE5valuesr3std3__231is_trivially_move_constructibleIS8_EE5valueEvE4typeERS4_SA_SA_RSA_)
                  00016c10    0000003c     SPI_monitor.obj (.text:_ZNSt3__216allocator_traitsINS_9allocatorIP6SpiMsgEEE25__construct_range_forwardIS3_EENS_9enable_ifIXaaoosr3std3__27is_sameIS4_NS1_IT_EEEE5valuentsr3std3__215__has_constructIS4_PS8_JS8_EEE5valuesr3std3__231is_trivially_move_constructibleIS8_EE5valueEvE4typeERS4_SA_SA_RSA_)
                  00016c4c    0000003c     menu_page.obj (.text:_ZNSt3__216allocator_traitsINS_9allocatorIP7MenuRowEEE20__construct_backwardIS3_EENS_9enable_ifIXaaoosr3std3__27is_sameIS4_NS1_IT_EEEE5valuentsr3std3__215__has_constructIS4_PS8_JS8_EEE5valuesr3std3__231is_trivially_move_constructibleIS8_EE5valueEvE4typeERS4_SA_SA_RSA_)
                  00016c88    0000003c     usblib.lib : usbdma.obj (.text:iDMAUSBChannelRelease)
                  00016cc4    0000003c     main.obj (.text)
                  00016d00    00000038     usblib.lib : usbtick.obj (.text:InternalUSBRegisterTickHandler)
                  00016d38    00000038                : usbtick.obj (.text:InternalUSBStartOfFrameTick)
                  00016d70    00000038                : usbdcdc.obj (.text:SendBreak)
                  00016da8    00000038                : usbdcdesc.obj (.text:USBDCDConfigGetInterfaceEndpoint)
                  00016de0    00000038                : usbringbuf.obj (.text:USBRingBufAdvanceWrite)
                  00016e18    00000038     I2C_monitor.obj (.text:_ZNSt3__26vectorIP6I2cMsgNS_9allocatorIS2_EEE18__construct_at_endIPS2_EENS_9enable_ifIXsr3std3__221__is_forward_iteratorIT_EE5valueEvE4typeES9_S9_j)
                  00016e50    00000038     SPI_monitor.obj (.text:_ZNSt3__26vectorIP6SpiMsgNS_9allocatorIS2_EEE18__construct_at_endIPS2_EENS_9enable_ifIXsr3std3__221__is_forward_iteratorIT_EE5valueEvE4typeES9_S9_j)
                  00016e88    00000038     rtsv7M4_T_le_v4SPD16_eabi.lib : trgmsg.c.obj (.text:__TI_writemsg)
                  00016ec0    00000036     console_task.obj (.text:_ZNSt3__214__split_bufferIP11ConsolePageRNS_9allocatorIS2_EEE17__destruct_at_endEPS2_NS_17integral_constantIbLb0EEE)
                  00016ef6    00000036     I2C_task.obj (.text:_ZNSt3__214__split_bufferIP6I2cMsgRNS_9allocatorIS2_EEE17__destruct_at_endEPS2_NS_17integral_constantIbLb0EEE)
                  00016f2c    00000036     SPI_command.obj (.text:_ZNSt3__214__split_bufferIP6SpiMsgRNS_9allocatorIS2_EEE17__destruct_at_endEPS2_NS_17integral_constantIbLb0EEE)
                  00016f62    00000036     menu_page.obj (.text:_ZNSt3__214__split_bufferIP7MenuRowRNS_9allocatorIS2_EEE17__destruct_at_endEPS2_NS_17integral_constantIbLb0EEE)
                  00016f98    00000036     rtsv7M4_T_le_v4SPD16_eabi.lib : strncpy.c.obj (.text:strncpy)
                  00016fce    00000034     usblib.lib : usbdcdc.obj (.text:HandleConfigChange)
                  00017002    00000034                : usbdcdesc.obj (.text:NextConfigDescGet)
                  00017036    00000002     --HOLE-- [fill = 0]
                  00017038    00000034     rtsv7M4_T_le_v4SPD16_eabi.lib : fopen.c.obj (.text:__TI_cleanup)
                  0001706c    00000034                                   : trgmsg.c.obj (.text:__TI_readmsg)
                  000170a0    00000034                                   : boot_cortex_m.c.obj (.text:_c_int00_noargs:_c_int00_noargs)
                  000170d4    00000034     usblib.lib : usbdma.obj (.text:iDMAUSBChannelStatus)
                  00017108    00000032                : usbdcdc.obj (.text:ProcessNotificationToHost)
                  0001713a    00000032     I2C_monitor.obj (.text:_ZNSt3__26__copyIP6I2cMsgS2_EENS_9enable_ifIXaasr3std3__27is_sameINS_12remove_constIT_E4typeET0_EE5valuesr3std3__228is_trivially_copy_assignableIS8_EE5valueEPS8_E4typeEPS5_SC_S9_)
                  0001716c    00000032     SPI_monitor.obj (.text:_ZNSt3__26__copyIP6SpiMsgS2_EENS_9enable_ifIXaasr3std3__27is_sameINS_12remove_constIT_E4typeET0_EE5valuesr3std3__228is_trivially_copy_assignableIS8_EE5valueEPS8_E4typeEPS5_SC_S9_)
                  0001719e    00000032     usblib.lib : usbdma.obj (.text:iDMAUSBChannelDisable)
                  000171d0    00000030                : usbdma.obj (.text:DMAUSBIntHandler)
                  00017200    00000030                : usbtick.obj (.text:InternalUSBTickInit)
                  00017230    00000030                : usbdenum.obj (.text:USBDGetConfiguration)
                  00017260    00000030     rtsv7M4_T_le_v4SPD16_eabi.lib : getdevice.c.obj (.text:finddevice)
                  00017290    00000030     memory_functions.obj (.text)
                  000172c0    0000002e     usblib.lib : usbbuffer.obj (.text:USBBufferWrite)
                  000172ee    0000002e                : usbdcdc.obj (.text:USBDCDCRxPacketAvailable)
                  0001731c    0000002e                : usbringbuf.obj (.text:UpdateIndexAtomic)
                  0001734a    0000002e     console_task.obj (.text:_ZNSt3__214__split_bufferIP11ConsolePageRNS_9allocatorIS2_EEED1Ev)
                  00017378    0000002e     I2C_task.obj (.text:_ZNSt3__214__split_bufferIP6I2cMsgRNS_9allocatorIS2_EEED1Ev)
                  000173a6    0000002e     SPI_command.obj (.text:_ZNSt3__214__split_bufferIP6SpiMsgRNS_9allocatorIS2_EEED1Ev)
                  000173d4    0000002e     menu_page.obj (.text:_ZNSt3__214__split_bufferIP7MenuRowRNS_9allocatorIS2_EEED1Ev)
                  00017402    0000002e     console_task.obj (.text:_ZNSt3__29allocatorIP11ConsolePageE9constructIS2_JRKS2_EEEvPT_DpOT0_)
                  00017430    0000002e     I2C_task.obj (.text:_ZNSt3__29allocatorIP6I2cMsgE9constructIS2_JS2_EEEvPT_DpOT0_)
                  0001745e    0000002e     SPI_command.obj (.text:_ZNSt3__29allocatorIP6SpiMsgE9constructIS2_JS2_EEEvPT_DpOT0_)
                  0001748c    0000002e     menu_page.obj (.text:_ZNSt3__29allocatorIP7MenuRowE9constructIS2_JRKS2_EEEvPT_DpOT0_)
                  000174ba    0000002e     rtsv7M4_T_le_v4SPD16_eabi.lib : i_tofd_t2.asm.obj (.text)
                  000174e8    0000002c     usblib.lib : usbdcdesc.obj (.text:USBDCDConfigDescGetNum)
                  00017514    0000002c                : usbdesc.obj (.text:USBDescGet)
                  00017540    0000002c                : usbdma.obj (.text:uDMAUSBIntStatus)
                  0001756c    0000002c     rtsv7M4_T_le_v4SPD16_eabi.lib : unlink.c.obj (.text:unlink)
                  00017598    0000002a     usblib.lib : usbbuffer.obj (.text:HandleRequestBuffer)
                  000175c2    0000002a                : usbdcdc.obj (.text:USBDCDCSerialStateChange)
                  000175ec    0000002a                : usbdesc.obj (.text:USBDescGetNum)
                  00017616    0000002a     console_task.obj (.text:_ZNSt3__217__compressed_pairIPP11ConsolePageRNS_9allocatorIS2_EEEC1IDnS6_EEOT_OT0_)
                  00017640    0000002a     I2C_task.obj (.text:_ZNSt3__217__compressed_pairIPP6I2cMsgRNS_9allocatorIS2_EEEC1IDnS6_EEOT_OT0_)
                  0001766a    0000002a     SPI_command.obj (.text:_ZNSt3__217__compressed_pairIPP6SpiMsgRNS_9allocatorIS2_EEEC1IDnS6_EEOT_OT0_)
                  00017694    0000002a     menu_page.obj (.text:_ZNSt3__217__compressed_pairIPP7MenuRowRNS_9allocatorIS2_EEEC1IDnS6_EEOT_OT0_)
                  000176be    0000002a     I2C_monitor.obj (.text:_ZNSt3__24copyIPP6I2cMsgS3_EET0_T_S5_S4_)
                  000176e8    0000002a     SPI_monitor.obj (.text:_ZNSt3__24copyIPP6SpiMsgS3_EET0_T_S5_S4_)
                  00017712    0000002a     console_task.obj (.text:_ZNSt3__24swapIPP11ConsolePageEENS_9enable_ifIXaasr3std3__221is_move_constructibleIT_EE5valuesr3std3__218is_move_assignableIS5_EE5valueEvE4typeERS5_S8_)
                  0001773c    0000002a     I2C_task.obj (.text:_ZNSt3__24swapIPP6I2cMsgEENS_9enable_ifIXaasr3std3__221is_move_constructibleIT_EE5valuesr3std3__218is_move_assignableIS5_EE5valueEvE4typeERS5_S8_)
                  00017766    0000002a     SPI_command.obj (.text:_ZNSt3__24swapIPP6SpiMsgEENS_9enable_ifIXaasr3std3__221is_move_constructibleIT_EE5valuesr3std3__218is_move_assignableIS5_EE5valueEvE4typeERS5_S8_)
                  00017790    0000002a     menu_page.obj (.text:_ZNSt3__24swapIPP7MenuRowEENS_9enable_ifIXaasr3std3__221is_move_constructibleIT_EE5valuesr3std3__218is_move_assignableIS5_EE5valueEvE4typeERS5_S8_)
                  000177ba    0000002a     hooks.obj (.text)
                  000177e4    00000028     usblib.lib : usbbuffer.obj (.text:USBBufferRead)
                  0001780c    00000028                : usbdenum.obj (.text:USBDSetAddress)
                  00017834    00000028     console_task.obj (.text:_ZNSt3__213__vector_baseIP11ConsolePageNS_9allocatorIS2_EEEC1Ev)
                  0001785c    00000028     I2C_monitor.obj (.text:_ZNSt3__213__vector_baseIP6I2cMsgNS_9allocatorIS2_EEEC1Ev)
                  00017884    00000028     SPI_command.obj (.text:_ZNSt3__213__vector_baseIP6SpiMsgNS_9allocatorIS2_EEEC1Ev)
                  000178ac    00000028     menu_page.obj (.text:_ZNSt3__213__vector_baseIP7MenuRowNS_9allocatorIS2_EEEC1Ev)
                  000178d4    00000028     I2C_monitor.obj (.text:_ZNSt3__26vectorIP6I2cMsgNS_9allocatorIS2_EEE17__destruct_at_endEPS2_)
                  000178fc    00000028     I2C_monitor.obj (.text:_ZNSt3__26vectorIP6I2cMsgNS_9allocatorIS2_EEEaSERKS5_)
                  00017924    00000028     SPI_monitor.obj (.text:_ZNSt3__26vectorIP6SpiMsgNS_9allocatorIS2_EEE17__destruct_at_endEPS2_)
                  0001794c    00000028     SPI_monitor.obj (.text:_ZNSt3__26vectorIP6SpiMsgNS_9allocatorIS2_EEEaSERKS5_)
                  00017974    00000028     console_task.obj (.text:_ZNSt3__29allocatorIP11ConsolePageE8allocateEjPKv)
                  0001799c    00000028     I2C_monitor.obj (.text:_ZNSt3__29allocatorIP6I2cMsgE8allocateEjPKv)
                  000179c4    00000028     SPI_command.obj (.text:_ZNSt3__29allocatorIP6SpiMsgE8allocateEjPKv)
                  000179ec    00000028     menu_page.obj (.text:_ZNSt3__29allocatorIP7MenuRowE8allocateEjPKv)
                  00017a14    00000028     rtsv7M4_T_le_v4SPD16_eabi.lib : memory.c.obj (.text:free_list_insert)
                  00017a3c    00000028                                   : lseek.c.obj (.text:lseek)
                  00017a64    00000028                                   : memmov.c.obj (.text:memmove)
                  00017a8c    00000028                                   : write.c.obj (.text:write)
                  00017ab4    00000024     usblib.lib : usbdcdc.obj (.text:HandleDisconnect)
                  00017ad8    00000024                : usbdcdc.obj (.text:SendLineStateChange)
                  00017afc    00000024                : usbmode.obj (.text:USBStackModeSet)
                  00017b20    00000024     console_task.obj (.text:_ZNKSt3__26vectorIP11ConsolePageNS_9allocatorIS2_EEE8max_sizeEv)
                  00017b44    00000024     I2C_monitor.obj (.text:_ZNKSt3__26vectorIP6I2cMsgNS_9allocatorIS2_EEE8max_sizeEv)
                  00017b68    00000024     SPI_command.obj (.text:_ZNKSt3__26vectorIP6SpiMsgNS_9allocatorIS2_EEE8max_sizeEv)
                  00017b8c    00000024     menu_page.obj (.text:_ZNKSt3__26vectorIP7MenuRowNS_9allocatorIS2_EEE8max_sizeEv)
                  00017bb0    00000024     console_task.obj (.text:_ZNSt3__216allocator_traitsINS_9allocatorIP11ConsolePageEEE11__constructIS3_JRKS3_EEEvNS_17integral_constantIbLb1EEERS4_PT_DpOT0_)
                  00017bd4    00000024     console_task.obj (.text:_ZNSt3__216allocator_traitsINS_9allocatorIP11ConsolePageEEE9constructIS3_JRKS3_EEEvRS4_PT_DpOT0_)
                  00017bf8    00000024     I2C_task.obj (.text:_ZNSt3__216allocator_traitsINS_9allocatorIP6I2cMsgEEE11__constructIS3_JS3_EEEvNS_17integral_constantIbLb1EEERS4_PT_DpOT0_)
                  00017c1c    00000024     I2C_task.obj (.text:_ZNSt3__216allocator_traitsINS_9allocatorIP6I2cMsgEEE9constructIS3_JS3_EEEvRS4_PT_DpOT0_)
                  00017c40    00000024     SPI_command.obj (.text:_ZNSt3__216allocator_traitsINS_9allocatorIP6SpiMsgEEE11__constructIS3_JS3_EEEvNS_17integral_constantIbLb1EEERS4_PT_DpOT0_)
                  00017c64    00000024     SPI_command.obj (.text:_ZNSt3__216allocator_traitsINS_9allocatorIP6SpiMsgEEE9constructIS3_JS3_EEEvRS4_PT_DpOT0_)
                  00017c88    00000024     menu_page.obj (.text:_ZNSt3__216allocator_traitsINS_9allocatorIP7MenuRowEEE11__constructIS3_JRKS3_EEEvNS_17integral_constantIbLb1EEERS4_PT_DpOT0_)
                  00017cac    00000024     menu_page.obj (.text:_ZNSt3__216allocator_traitsINS_9allocatorIP7MenuRowEEE9constructIS3_JRKS3_EEEvRS4_PT_DpOT0_)
                  00017cd0    00000022     usblib.lib : usbdcdc.obj (.text:SendLineCodingChange)
                  00017cf2    00000022     I2C_monitor.obj (.text:_ZNSt3__26vectorIP6I2cMsgNS_9allocatorIS2_EEE5clearEv)
                  00017d14    00000022     SPI_command.obj (.text:_ZNSt3__26vectorIP6SpiMsgNS_9allocatorIS2_EEE5clearEv)
                  00017d36    00000022     usblib.lib : usbdma.obj (.text:uDMAUSBChannelStatus)
                  00017d58    00000020                : usbdcdc.obj (.text:CheckAndSendBreak)
                  00017d78    00000020                : usbdconfig.obj (.text:GetEndpointFIFOSize)
                  00017d98    00000020                : usbbuffer.obj (.text:HandleDataRemaining)
                  00017db8    00000020                : usbringbuf.obj (.text:USBRingBufAdvanceRead)
                  00017dd8    00000020     rtsv7M4_T_le_v4SPD16_eabi.lib : memchr.c.obj (.text:memchr)
                  00017df8    00000020                                   : u_tofd_t2.asm.obj (.text)
                  00017e18    0000001e     usblib.lib : usbringbuf.obj (.text:USBRingBufContigFree)
                  00017e36    0000001e     I2C_monitor.obj (.text:_ZNKSt3__26__lessIjjEclERKjS3_)
                  00017e54    0000001e     console_task.obj (.text:_ZNSt3__217__compressed_pairIPP11ConsolePageNS_9allocatorIS2_EEEC1IDnLb1EEEOT_)
                  00017e72    0000001e     I2C_monitor.obj (.text:_ZNSt3__217__compressed_pairIPP6I2cMsgNS_9allocatorIS2_EEEC1IDnLb1EEEOT_)
                  00017e90    0000001e     SPI_command.obj (.text:_ZNSt3__217__compressed_pairIPP6SpiMsgNS_9allocatorIS2_EEEC1IDnLb1EEEOT_)
                  00017eae    0000001e     menu_page.obj (.text:_ZNSt3__217__compressed_pairIPP7MenuRowNS_9allocatorIS2_EEEC1IDnLb1EEEOT_)
                  00017ecc    0000001e     I2C_monitor.obj (.text:_ZNSt3__23maxIjNS_6__lessIjjEEEERKT_S5_S5_T0_)
                  00017eea    0000001e     I2C_monitor.obj (.text:_ZNSt3__23minIjNS_6__lessIjjEEEERKT_S5_S5_T0_)
                  00017f08    0000001c     usblib.lib : usbdcdesc.obj (.text:USBDCDConfigGetInterface)
                  00017f24    0000001c                : usbdenum.obj (.text:USBDCDStallEP0)
                  00017f40    0000001c                : usbringbuf.obj (.text:USBRingBufRead)
                  00017f5c    0000001c                : usbringbuf.obj (.text:USBRingBufWrite)
                  00017f78    0000001c     I2C_monitor.obj (.text:_ZNSt3__29__advanceIPP6I2cMsgEEvRT_NS_15iterator_traitsIS4_E15difference_typeENS_26random_access_iterator_tagE)
                  00017f94    0000001c     SPI_monitor.obj (.text:_ZNSt3__29__advanceIPP6SpiMsgEEvRT_NS_15iterator_traitsIS4_E15difference_typeENS_26random_access_iterator_tagE)
                  00017fb0    0000001c     rtsv7M4_T_le_v4SPD16_eabi.lib : assert.c.obj (.text:_abort_msg)
                  00017fcc    0000001c                                   : memory.c.obj (.text:free_list_remove)
                  00017fe8    0000001c                                   : memccpy.c.obj (.text:memccpy)
                  00018004    0000001a     usblib.lib : usbdcdc.obj (.text:DeviceConsumedAllData)
                  0001801e    0000001a                : usbdcdesc.obj (.text:USBDCDConfigDescGetSize)
                  00018038    0000001a     rtsv7M4_T_le_v4SPD16_eabi.lib : s_copysign.c.obj (.text:copysign)
                  00018052    00000018     usblib.lib : usbdcdc.obj (.text:SetDeferredOpFlag)
                  0001806a    00000002     --HOLE-- [fill = 0]
                  0001806c    00000018                : usbdhandler.obj (.text:USB0DeviceIntHandler)
                  00018084    00000018                : usbbuffer.obj (.text:USBBufferInit)
                  0001809c    00000018                : usbdenum.obj (.text:USBDCDFeatureGet)
                  000180b4    00000018                : usbdenum.obj (.text:USBDSetDescriptor)
                  000180cc    00000018                : usbdenum.obj (.text:USBDSyncFrame)
                  000180e4    00000018     I2C_monitor.obj (.text:_ZNSt3__210__distanceIPP6I2cMsgEENS_15iterator_traitsIT_E15difference_typeES5_S5_NS_26random_access_iterator_tagE)
                  000180fc    00000018     SPI_monitor.obj (.text:_ZNSt3__210__distanceIPP6SpiMsgEENS_15iterator_traitsIT_E15difference_typeES5_S5_NS_26random_access_iterator_tagE)
                  00018114    00000018     rtsv7M4_T_le_v4SPD16_eabi.lib : sprintf.c.obj (.text:_outs)
                  0001812c    00000018                                   : strcmp.c.obj (.text:strcmp)
                  00018144    00000016     usblib.lib : usbdcdc.obj (.text:CheckAndSendLineCodingChange)
                  0001815a    00000016                : usbdcdc.obj (.text:CheckAndSendLineStateChange)
                  00018170    00000016                : usbringbuf.obj (.text:USBRingBufFlush)
                  00018186    00000016                : usbringbuf.obj (.text:USBRingBufReadOne)
                  0001819c    00000016                : usbringbuf.obj (.text:USBRingBufUsed)
                  000181b2    00000016     console_task.obj (.text:_ZNKSt3__213__vector_baseIP11ConsolePageNS_9allocatorIS2_EEE8capacityEv)
                  000181c8    00000016     I2C_monitor.obj (.text:_ZNKSt3__213__vector_baseIP6I2cMsgNS_9allocatorIS2_EEE8capacityEv)
                  000181de    00000016     SPI_command.obj (.text:_ZNKSt3__213__vector_baseIP6SpiMsgNS_9allocatorIS2_EEE8capacityEv)
                  000181f4    00000016     menu_page.obj (.text:_ZNKSt3__213__vector_baseIP7MenuRowNS_9allocatorIS2_EEE8capacityEv)
                  0001820a    00000016     console_task.obj (.text:_ZNKSt3__214__split_bufferIP11ConsolePageRNS_9allocatorIS2_EEE8capacityEv)
                  00018220    00000016     I2C_task.obj (.text:_ZNKSt3__214__split_bufferIP6I2cMsgRNS_9allocatorIS2_EEE8capacityEv)
                  00018236    00000016     SPI_command.obj (.text:_ZNKSt3__214__split_bufferIP6SpiMsgRNS_9allocatorIS2_EEE8capacityEv)
                  0001824c    00000016     menu_page.obj (.text:_ZNKSt3__214__split_bufferIP7MenuRowRNS_9allocatorIS2_EEE8capacityEv)
                  00018262    00000016     console_task.obj (.text:_ZNKSt3__26vectorIP11ConsolePageNS_9allocatorIS2_EEE4sizeEv)
                  00018278    00000016     I2C_monitor.obj (.text:_ZNKSt3__26vectorIP6I2cMsgNS_9allocatorIS2_EEE4sizeEv)
                  0001828e    00000016     SPI_command.obj (.text:_ZNKSt3__26vectorIP6SpiMsgNS_9allocatorIS2_EEE4sizeEv)
                  000182a4    00000016     menu_page.obj (.text:_ZNKSt3__26vectorIP7MenuRowNS_9allocatorIS2_EEE4sizeEv)
                  000182ba    00000016     console_task.obj (.text:_ZNSt3__222__compressed_pair_elemIPP11ConsolePageLi0ELb0EEC1IDnvEEOT_)
                  000182d0    00000016     I2C_monitor.obj (.text:_ZNSt3__222__compressed_pair_elemIPP6I2cMsgLi0ELb0EEC1IDnvEEOT_)
                  000182e6    00000016     SPI_command.obj (.text:_ZNSt3__222__compressed_pair_elemIPP6SpiMsgLi0ELb0EEC1IDnvEEOT_)
                  000182fc    00000016     menu_page.obj (.text:_ZNSt3__222__compressed_pair_elemIPP7MenuRowLi0ELb0EEC1IDnvEEOT_)
                  00018312    00000016     console_task.obj (.text:_ZNSt3__26vectorIP11ConsolePageNS_9allocatorIS2_EEEixEj)
                  00018328    00000016     I2C_monitor.obj (.text:_ZNSt3__26vectorIP6I2cMsgNS_9allocatorIS2_EEEixEj)
                  0001833e    00000016     SPI_command.obj (.text:_ZNSt3__26vectorIP6SpiMsgNS_9allocatorIS2_EEEixEj)
                  00018354    00000016     menu_page.obj (.text:_ZNSt3__26vectorIP7MenuRowNS_9allocatorIS2_EEEixEj)
                  0001836a    00000016     rtsv7M4_T_le_v4SPD16_eabi.lib : strchr.c.obj (.text:strchr)
                  00018380    00000014     usblib.lib : usbbuffer.obj (.text:HandleTxComplete)
                  00018394    00000014                : usbdcdc.obj (.text:USBDCDCTxPacketAvailable)
                  000183a8    00000014                : usbdenum.obj (.text:USBDCDRequestDataEP0)
                  000183bc    00000014                : usbdenum.obj (.text:USBDCDSendDataEP0)
                  000183d0    00000014     I2C_monitor.obj (.text:_ZNSt3__213__vector_baseIP6I2cMsgNS_9allocatorIS2_EEE19__copy_assign_allocERKS5_)
                  000183e4    00000014     SPI_monitor.obj (.text:_ZNSt3__213__vector_baseIP6SpiMsgNS_9allocatorIS2_EEE19__copy_assign_allocERKS5_)
                  000183f8    00000014     console_task.obj (.text:_ZNSt3__214__split_bufferIP11ConsolePageRNS_9allocatorIS2_EEE17__destruct_at_endEPS2_)
                  0001840c    00000014     I2C_task.obj (.text:_ZNSt3__214__split_bufferIP6I2cMsgRNS_9allocatorIS2_EEE17__destruct_at_endEPS2_)
                  00018420    00000014     SPI_command.obj (.text:_ZNSt3__214__split_bufferIP6SpiMsgRNS_9allocatorIS2_EEE17__destruct_at_endEPS2_)
                  00018434    00000014     menu_page.obj (.text:_ZNSt3__214__split_bufferIP7MenuRowRNS_9allocatorIS2_EEE17__destruct_at_endEPS2_)
                  00018448    00000014     console_task.obj (.text:_ZNSt3__216allocator_traitsINS_9allocatorIP11ConsolePageEEE10deallocateERS4_PS3_j)
                  0001845c    00000014     console_task.obj (.text:_ZNSt3__216allocator_traitsINS_9allocatorIP11ConsolePageEEE7destroyIS3_EEvRS4_PT_)
                  00018470    00000014     console_task.obj (.text:_ZNSt3__216allocator_traitsINS_9allocatorIP11ConsolePageEEE9__destroyIS3_EEvNS_17integral_constantIbLb1EEERS4_PT_)
                  00018484    00000014     I2C_monitor.obj (.text:_ZNSt3__216allocator_traitsINS_9allocatorIP6I2cMsgEEE10deallocateERS4_PS3_j)
                  00018498    00000014     I2C_monitor.obj (.text:_ZNSt3__216allocator_traitsINS_9allocatorIP6I2cMsgEEE7destroyIS3_EEvRS4_PT_)
                  000184ac    00000014     I2C_monitor.obj (.text:_ZNSt3__216allocator_traitsINS_9allocatorIP6I2cMsgEEE9__destroyIS3_EEvNS_17integral_constantIbLb1EEERS4_PT_)
                  000184c0    00000014     SPI_command.obj (.text:_ZNSt3__216allocator_traitsINS_9allocatorIP6SpiMsgEEE10deallocateERS4_PS3_j)
                  000184d4    00000014     SPI_command.obj (.text:_ZNSt3__216allocator_traitsINS_9allocatorIP6SpiMsgEEE7destroyIS3_EEvRS4_PT_)
                  000184e8    00000014     SPI_command.obj (.text:_ZNSt3__216allocator_traitsINS_9allocatorIP6SpiMsgEEE9__destroyIS3_EEvNS_17integral_constantIbLb1EEERS4_PT_)
                  000184fc    00000014     menu_page.obj (.text:_ZNSt3__216allocator_traitsINS_9allocatorIP7MenuRowEEE10deallocateERS4_PS3_j)
                  00018510    00000014     menu_page.obj (.text:_ZNSt3__216allocator_traitsINS_9allocatorIP7MenuRowEEE7destroyIS3_EEvRS4_PT_)
                  00018524    00000014     menu_page.obj (.text:_ZNSt3__216allocator_traitsINS_9allocatorIP7MenuRowEEE9__destroyIS3_EEvNS_17integral_constantIbLb1EEERS4_PT_)
                  00018538    00000014     console_task.obj (.text:_ZNSt3__222__compressed_pair_elemIRNS_9allocatorIP11ConsolePageEELi1ELb0EEC1IS5_vEEOT_)
                  0001854c    00000014     I2C_task.obj (.text:_ZNSt3__222__compressed_pair_elemIRNS_9allocatorIP6I2cMsgEELi1ELb0EEC1IS5_vEEOT_)
                  00018560    00000014     SPI_command.obj (.text:_ZNSt3__222__compressed_pair_elemIRNS_9allocatorIP6SpiMsgEELi1ELb0EEC1IS5_vEEOT_)
                  00018574    00000014     menu_page.obj (.text:_ZNSt3__222__compressed_pair_elemIRNS_9allocatorIP7MenuRowEELi1ELb0EEC1IS5_vEEOT_)
                  00018588    00000014     I2C_monitor.obj (.text:_ZNSt3__23maxIjEERKT_S3_S3_)
                  0001859c    00000014     I2C_monitor.obj (.text:_ZNSt3__23minIjEERKT_S3_S3_)
                  000185b0    00000014     I2C_monitor.obj (.text:_ZNSt3__27advanceIPP6I2cMsgEEvRT_NS_15iterator_traitsIS4_E15difference_typeE)
                  000185c4    00000014     SPI_monitor.obj (.text:_ZNSt3__27advanceIPP6SpiMsgEEvRT_NS_15iterator_traitsIS4_E15difference_typeE)
                  000185d8    00000014     I2C_monitor.obj (.text:_ZNSt3__28distanceIPP6I2cMsgEENS_15iterator_traitsIT_E15difference_typeES5_S5_)
                  000185ec    00000014     SPI_monitor.obj (.text:_ZNSt3__28distanceIPP6SpiMsgEENS_15iterator_traitsIT_E15difference_typeES5_S5_)
                  00018600    00000014     rtsv7M4_T_le_v4SPD16_eabi.lib : strcpy.c.obj (.text:strcpy)
                  00018614    00000014                                   : strlen.c.obj (.text:strlen)
                  00018628    00000012     usblib.lib : usbdcdc.obj (.text:HandleResume)
                  0001863a    00000012                : usbdcdc.obj (.text:HandleSuspend)
                  0001864c    00000012                : usbringbuf.obj (.text:USBRingBufFree)
                  0001865e    00000012     console_task.obj (.text:_ZNSt3__216allocator_traitsINS_9allocatorIP11ConsolePageEEE8allocateERS4_j)
                  00018670    00000012     I2C_monitor.obj (.text:_ZNSt3__216allocator_traitsINS_9allocatorIP6I2cMsgEEE8allocateERS4_j)
                  00018682    00000012     SPI_command.obj (.text:_ZNSt3__216allocator_traitsINS_9allocatorIP6SpiMsgEEE8allocateERS4_j)
                  00018694    00000012     menu_page.obj (.text:_ZNSt3__216allocator_traitsINS_9allocatorIP7MenuRowEEE8allocateERS4_j)
                  000186a6    00000012     rtsv7M4_T_le_v4SPD16_eabi.lib : wcslen.c.obj (.text:wcslen)
                  000186b8    00000010     usblib.lib : usbringbuf.obj (.text:USBRingBufContigUsed)
                  000186c8    00000010                : usbringbuf.obj (.text:USBRingBufWriteOne)
                  000186d8    00000010     console_task.obj (.text:_ZNKSt3__26vectorIP11ConsolePageNS_9allocatorIS2_EEE31__annotate_contiguous_containerEPKvS7_S7_S7_)
                  000186e8    00000010     I2C_monitor.obj (.text:_ZNKSt3__26vectorIP6I2cMsgNS_9allocatorIS2_EEE31__annotate_contiguous_containerEPKvS7_S7_S7_)
                  000186f8    00000010     SPI_command.obj (.text:_ZNKSt3__26vectorIP6SpiMsgNS_9allocatorIS2_EEE31__annotate_contiguous_containerEPKvS7_S7_S7_)
                  00018708    00000010     menu_page.obj (.text:_ZNKSt3__26vectorIP7MenuRowNS_9allocatorIS2_EEE31__annotate_contiguous_containerEPKvS7_S7_S7_)
                  00018718    00000010     I2C_monitor.obj (.text:_ZNSt3__213__vector_baseIP6I2cMsgNS_9allocatorIS2_EEE19__copy_assign_allocERKS5_NS_17integral_constantIbLb0EEE)
                  00018728    00000010     I2C_monitor.obj (.text:_ZNSt3__213__vector_baseIP6I2cMsgNS_9allocatorIS2_EEE5clearEv)
                  00018738    00000010     SPI_monitor.obj (.text:_ZNSt3__213__vector_baseIP6SpiMsgNS_9allocatorIS2_EEE19__copy_assign_allocERKS5_NS_17integral_constantIbLb0EEE)
                  00018748    00000010     SPI_command.obj (.text:_ZNSt3__213__vector_baseIP6SpiMsgNS_9allocatorIS2_EEE5clearEv)
                  00018758    00000010     console_task.obj (.text:_ZNSt3__214__split_bufferIP11ConsolePageRNS_9allocatorIS2_EEE5clearEv)
                  00018768    00000010     I2C_task.obj (.text:_ZNSt3__214__split_bufferIP6I2cMsgRNS_9allocatorIS2_EEE5clearEv)
                  00018778    00000010     SPI_command.obj (.text:_ZNSt3__214__split_bufferIP6SpiMsgRNS_9allocatorIS2_EEE5clearEv)
                  00018788    00000010     menu_page.obj (.text:_ZNSt3__214__split_bufferIP7MenuRowRNS_9allocatorIS2_EEE5clearEv)
                  00018798    00000010     console_task.obj (.text:_ZNSt3__216allocator_traitsINS_9allocatorIP11ConsolePageEEE10__max_sizeENS_17integral_constantIbLb1EEERKS4_)
                  000187a8    00000010     console_task.obj (.text:_ZNSt3__216allocator_traitsINS_9allocatorIP11ConsolePageEEE8max_sizeERKS4_)
                  000187b8    00000010     I2C_monitor.obj (.text:_ZNSt3__216allocator_traitsINS_9allocatorIP6I2cMsgEEE10__max_sizeENS_17integral_constantIbLb1EEERKS4_)
                  000187c8    00000010     I2C_monitor.obj (.text:_ZNSt3__216allocator_traitsINS_9allocatorIP6I2cMsgEEE8max_sizeERKS4_)
                  000187d8    00000010     SPI_command.obj (.text:_ZNSt3__216allocator_traitsINS_9allocatorIP6SpiMsgEEE10__max_sizeENS_17integral_constantIbLb1EEERKS4_)
                  000187e8    00000010     SPI_command.obj (.text:_ZNSt3__216allocator_traitsINS_9allocatorIP6SpiMsgEEE8max_sizeERKS4_)
                  000187f8    00000010     menu_page.obj (.text:_ZNSt3__216allocator_traitsINS_9allocatorIP7MenuRowEEE10__max_sizeENS_17integral_constantIbLb1EEERKS4_)
                  00018808    00000010     menu_page.obj (.text:_ZNSt3__216allocator_traitsINS_9allocatorIP7MenuRowEEE8max_sizeERKS4_)
                  00018818    00000010     console_task.obj (.text:_ZNSt3__222__compressed_pair_elemIPP11ConsolePageLi0ELb0EEC2IDnvEEOT_)
                  00018828    00000010     I2C_monitor.obj (.text:_ZNSt3__222__compressed_pair_elemIPP6I2cMsgLi0ELb0EEC2IDnvEEOT_)
                  00018838    00000010     SPI_command.obj (.text:_ZNSt3__222__compressed_pair_elemIPP6SpiMsgLi0ELb0EEC2IDnvEEOT_)
                  00018848    00000010     menu_page.obj (.text:_ZNSt3__222__compressed_pair_elemIPP7MenuRowLi0ELb0EEC2IDnvEEOT_)
                  00018858    00000010     console_task.obj (.text:_ZNSt3__222__compressed_pair_elemIRNS_9allocatorIP11ConsolePageEELi1ELb0EEC2IS5_vEEOT_)
                  00018868    00000010     I2C_task.obj (.text:_ZNSt3__222__compressed_pair_elemIRNS_9allocatorIP6I2cMsgEELi1ELb0EEC2IS5_vEEOT_)
                  00018878    00000010     SPI_command.obj (.text:_ZNSt3__222__compressed_pair_elemIRNS_9allocatorIP6SpiMsgEELi1ELb0EEC2IS5_vEEOT_)
                  00018888    00000010     menu_page.obj (.text:_ZNSt3__222__compressed_pair_elemIRNS_9allocatorIP7MenuRowEELi1ELb0EEC2IS5_vEEOT_)
                  00018898    00000010     console_task.obj (.text:_ZNSt3__26vectorIP11ConsolePageNS_9allocatorIS2_EEE24__RAII_IncreaseAnnotatorC1ERKS5_j)
                  000188a8    00000010     I2C_monitor.obj (.text:_ZNSt3__26vectorIP6I2cMsgNS_9allocatorIS2_EEE24__RAII_IncreaseAnnotatorC1ERKS5_j)
                  000188b8    00000010     SPI_command.obj (.text:_ZNSt3__26vectorIP6SpiMsgNS_9allocatorIS2_EEE24__RAII_IncreaseAnnotatorC1ERKS5_j)
                  000188c8    00000010     menu_page.obj (.text:_ZNSt3__26vectorIP7MenuRowNS_9allocatorIS2_EEE24__RAII_IncreaseAnnotatorC1ERKS5_j)
                  000188d8    00000010     console_task.obj (.text:_ZNSt3__29allocatorIP11ConsolePageE10deallocateEPS2_j)
                  000188e8    00000010     I2C_monitor.obj (.text:_ZNSt3__29allocatorIP6I2cMsgE10deallocateEPS2_j)
                  000188f8    00000010     SPI_command.obj (.text:_ZNSt3__29allocatorIP6SpiMsgE10deallocateEPS2_j)
                  00018908    00000010     menu_page.obj (.text:_ZNSt3__29allocatorIP7MenuRowE10deallocateEPS2_j)
                  00018918    0000000e     usblib.lib : usbdma.obj (.text:DMAUSBIntStatusClear)
                  00018926    0000000e     rtsv7M4_T_le_v4SPD16_eabi.lib : typeinfo.c.obj (.text:_ZN10__cxxabiv117__class_type_infoD0Ev)
                  00018934    0000000e                                   : typeinfo.c.obj (.text:_ZN10__cxxabiv120__si_class_type_infoD0Ev)
                  00018942    0000000e     console_task.obj (.text:_ZNKSt3__213__vector_baseIP11ConsolePageNS_9allocatorIS2_EEE7__allocEv)
                  00018950    0000000e     console_task.obj (.text:_ZNKSt3__213__vector_baseIP11ConsolePageNS_9allocatorIS2_EEE9__end_capEv)
                  0001895e    0000000e     I2C_monitor.obj (.text:_ZNKSt3__213__vector_baseIP6I2cMsgNS_9allocatorIS2_EEE7__allocEv)
                  0001896c    0000000e     I2C_monitor.obj (.text:_ZNKSt3__213__vector_baseIP6I2cMsgNS_9allocatorIS2_EEE9__end_capEv)
                  0001897a    0000000e     SPI_command.obj (.text:_ZNKSt3__213__vector_baseIP6SpiMsgNS_9allocatorIS2_EEE7__allocEv)
                  00018988    0000000e     SPI_command.obj (.text:_ZNKSt3__213__vector_baseIP6SpiMsgNS_9allocatorIS2_EEE9__end_capEv)
                  00018996    0000000e     menu_page.obj (.text:_ZNKSt3__213__vector_baseIP7MenuRowNS_9allocatorIS2_EEE7__allocEv)
                  000189a4    0000000e     menu_page.obj (.text:_ZNKSt3__213__vector_baseIP7MenuRowNS_9allocatorIS2_EEE9__end_capEv)
                  000189b2    0000000e     console_task.obj (.text:_ZNKSt3__214__split_bufferIP11ConsolePageRNS_9allocatorIS2_EEE9__end_capEv)
                  000189c0    0000000e     I2C_task.obj (.text:_ZNKSt3__214__split_bufferIP6I2cMsgRNS_9allocatorIS2_EEE9__end_capEv)
                  000189ce    0000000e     SPI_command.obj (.text:_ZNKSt3__214__split_bufferIP6SpiMsgRNS_9allocatorIS2_EEE9__end_capEv)
                  000189dc    0000000e     menu_page.obj (.text:_ZNKSt3__214__split_bufferIP7MenuRowRNS_9allocatorIS2_EEE9__end_capEv)
                  000189ea    0000000e     console_task.obj (.text:_ZNKSt3__26vectorIP11ConsolePageNS_9allocatorIS2_EEE4dataEv)
                  000189f8    0000000e     I2C_monitor.obj (.text:_ZNKSt3__26vectorIP6I2cMsgNS_9allocatorIS2_EEE4dataEv)
                  00018a06    0000000e     SPI_command.obj (.text:_ZNKSt3__26vectorIP6SpiMsgNS_9allocatorIS2_EEE4dataEv)
                  00018a14    0000000e     menu_page.obj (.text:_ZNKSt3__26vectorIP7MenuRowNS_9allocatorIS2_EEE4dataEv)
                  00018a22    0000000e     console_task.obj (.text:_ZNKSt3__29allocatorIP11ConsolePageE8max_sizeEv)
                  00018a30    0000000e     I2C_monitor.obj (.text:_ZNKSt3__29allocatorIP6I2cMsgE8max_sizeEv)
                  00018a3e    0000000e     SPI_command.obj (.text:_ZNKSt3__29allocatorIP6SpiMsgE8max_sizeEv)
                  00018a4c    0000000e     menu_page.obj (.text:_ZNKSt3__29allocatorIP7MenuRowE8max_sizeEv)
                  00018a5a    0000000e     console_task.obj (.text:_ZNSt3__213__vector_baseIP11ConsolePageNS_9allocatorIS2_EEE7__allocEv)
                  00018a68    0000000e     console_task.obj (.text:_ZNSt3__213__vector_baseIP11ConsolePageNS_9allocatorIS2_EEE9__end_capEv)
                  00018a76    0000000e     I2C_monitor.obj (.text:_ZNSt3__213__vector_baseIP6I2cMsgNS_9allocatorIS2_EEE7__allocEv)
                  00018a84    0000000e     I2C_monitor.obj (.text:_ZNSt3__213__vector_baseIP6I2cMsgNS_9allocatorIS2_EEE9__end_capEv)
                  00018a92    0000000e     SPI_command.obj (.text:_ZNSt3__213__vector_baseIP6SpiMsgNS_9allocatorIS2_EEE7__allocEv)
                  00018aa0    0000000e     SPI_command.obj (.text:_ZNSt3__213__vector_baseIP6SpiMsgNS_9allocatorIS2_EEE9__end_capEv)
                  00018aae    0000000e     menu_page.obj (.text:_ZNSt3__213__vector_baseIP7MenuRowNS_9allocatorIS2_EEE7__allocEv)
                  00018abc    0000000e     menu_page.obj (.text:_ZNSt3__213__vector_baseIP7MenuRowNS_9allocatorIS2_EEE9__end_capEv)
                  00018aca    0000000e     console_task.obj (.text:_ZNSt3__214__split_bufferIP11ConsolePageRNS_9allocatorIS2_EEE7__allocEv)
                  00018ad8    0000000e     console_task.obj (.text:_ZNSt3__214__split_bufferIP11ConsolePageRNS_9allocatorIS2_EEE9__end_capEv)
                  00018ae6    0000000e     I2C_task.obj (.text:_ZNSt3__214__split_bufferIP6I2cMsgRNS_9allocatorIS2_EEE7__allocEv)
                  00018af4    0000000e     I2C_task.obj (.text:_ZNSt3__214__split_bufferIP6I2cMsgRNS_9allocatorIS2_EEE9__end_capEv)
                  00018b02    0000000e     SPI_command.obj (.text:_ZNSt3__214__split_bufferIP6SpiMsgRNS_9allocatorIS2_EEE7__allocEv)
                  00018b10    0000000e     SPI_command.obj (.text:_ZNSt3__214__split_bufferIP6SpiMsgRNS_9allocatorIS2_EEE9__end_capEv)
                  00018b1e    0000000e     menu_page.obj (.text:_ZNSt3__214__split_bufferIP7MenuRowRNS_9allocatorIS2_EEE7__allocEv)
                  00018b2c    0000000e     menu_page.obj (.text:_ZNSt3__214__split_bufferIP7MenuRowRNS_9allocatorIS2_EEE9__end_capEv)
                  00018b3a    0000000e     console_task.obj (.text:_ZNSt3__217__compressed_pairIPP11ConsolePageRNS_9allocatorIS2_EEE6secondEv)
                  00018b48    0000000e     I2C_task.obj (.text:_ZNSt3__217__compressed_pairIPP6I2cMsgRNS_9allocatorIS2_EEE6secondEv)
                  00018b56    0000000e     SPI_command.obj (.text:_ZNSt3__217__compressed_pairIPP6SpiMsgRNS_9allocatorIS2_EEE6secondEv)
                  00018b64    0000000e     menu_page.obj (.text:_ZNSt3__217__compressed_pairIPP7MenuRowRNS_9allocatorIS2_EEE6secondEv)
                  00018b72    0000000e     console_task.obj (.text:_ZNSt3__222__compressed_pair_elemINS_9allocatorIP11ConsolePageEELi1ELb1EEC1Ev)
                  00018b80    0000000e     I2C_monitor.obj (.text:_ZNSt3__222__compressed_pair_elemINS_9allocatorIP6I2cMsgEELi1ELb1EEC1Ev)
                  00018b8e    0000000e     SPI_command.obj (.text:_ZNSt3__222__compressed_pair_elemINS_9allocatorIP6SpiMsgEELi1ELb1EEC1Ev)
                  00018b9c    0000000e     menu_page.obj (.text:_ZNSt3__222__compressed_pair_elemINS_9allocatorIP7MenuRowEELi1ELb1EEC1Ev)
                  00018baa    0000000e     console_task.obj (.text:_ZNSt3__222__compressed_pair_elemIRNS_9allocatorIP11ConsolePageEELi1ELb0EE5__getEv)
                  00018bb8    0000000e     I2C_task.obj (.text:_ZNSt3__222__compressed_pair_elemIRNS_9allocatorIP6I2cMsgEELi1ELb0EE5__getEv)
                  00018bc6    0000000e     SPI_command.obj (.text:_ZNSt3__222__compressed_pair_elemIRNS_9allocatorIP6SpiMsgEELi1ELb0EE5__getEv)
                  00018bd4    0000000e     menu_page.obj (.text:_ZNSt3__222__compressed_pair_elemIRNS_9allocatorIP7MenuRowEELi1ELb0EE5__getEv)
                  00018be2    0000000e     console_task.obj (.text:_ZNSt3__26vectorIP11ConsolePageNS_9allocatorIS2_EEEC1Ev)
                  00018bf0    0000000e     I2C_monitor.obj (.text:_ZNSt3__26vectorIP6I2cMsgNS_9allocatorIS2_EEEC1Ev)
                  00018bfe    0000000e     SPI_command.obj (.text:_ZNSt3__26vectorIP6SpiMsgNS_9allocatorIS2_EEEC1Ev)
                  00018c0c    0000000e     menu_page.obj (.text:_ZNSt3__26vectorIP7MenuRowNS_9allocatorIS2_EEEC1Ev)
                  00018c1a    0000000e     I2C_task.obj (.text:_ZnwjPv)
                  00018c28    0000000e     rtsv7M4_T_le_v4SPD16_eabi.lib : copy_decompress_none.c.obj (.text:decompress:none:__TI_decompress_none)
                  00018c36    0000000c     usblib.lib : usbringbuf.obj (.text:USBRingBufInit)
                  00018c42    0000000c     console_task.obj (.text:_ZNKSt3__217__compressed_pairIPP11ConsolePageNS_9allocatorIS2_EEE5firstEv)
                  00018c4e    0000000c     console_task.obj (.text:_ZNKSt3__217__compressed_pairIPP11ConsolePageNS_9allocatorIS2_EEE6secondEv)
                  00018c5a    0000000c     console_task.obj (.text:_ZNKSt3__217__compressed_pairIPP11ConsolePageRNS_9allocatorIS2_EEE5firstEv)
                  00018c66    0000000c     I2C_monitor.obj (.text:_ZNKSt3__217__compressed_pairIPP6I2cMsgNS_9allocatorIS2_EEE5firstEv)
                  00018c72    0000000c     I2C_monitor.obj (.text:_ZNKSt3__217__compressed_pairIPP6I2cMsgNS_9allocatorIS2_EEE6secondEv)
                  00018c7e    0000000c     I2C_task.obj (.text:_ZNKSt3__217__compressed_pairIPP6I2cMsgRNS_9allocatorIS2_EEE5firstEv)
                  00018c8a    0000000c     SPI_command.obj (.text:_ZNKSt3__217__compressed_pairIPP6SpiMsgNS_9allocatorIS2_EEE5firstEv)
                  00018c96    0000000c     SPI_command.obj (.text:_ZNKSt3__217__compressed_pairIPP6SpiMsgNS_9allocatorIS2_EEE6secondEv)
                  00018ca2    0000000c     SPI_command.obj (.text:_ZNKSt3__217__compressed_pairIPP6SpiMsgRNS_9allocatorIS2_EEE5firstEv)
                  00018cae    0000000c     menu_page.obj (.text:_ZNKSt3__217__compressed_pairIPP7MenuRowNS_9allocatorIS2_EEE5firstEv)
                  00018cba    0000000c     menu_page.obj (.text:_ZNKSt3__217__compressed_pairIPP7MenuRowNS_9allocatorIS2_EEE6secondEv)
                  00018cc6    0000000c     menu_page.obj (.text:_ZNKSt3__217__compressed_pairIPP7MenuRowRNS_9allocatorIS2_EEE5firstEv)
                  00018cd2    00000002     --HOLE-- [fill = 0]
                  00018cd4    0000000c     rtsv7M4_T_le_v4SPD16_eabi.lib : vector.cpp.obj (.text:_ZNKSt3__220__vector_base_commonILb1EE20__throw_length_errorEv)
                  00018ce0    0000000c     console_task.obj (.text:_ZNKSt3__222__compressed_pair_elemINS_9allocatorIP11ConsolePageEELi1ELb1EE5__getEv)
                  00018cec    0000000c     I2C_monitor.obj (.text:_ZNKSt3__222__compressed_pair_elemINS_9allocatorIP6I2cMsgEELi1ELb1EE5__getEv)
                  00018cf8    0000000c     SPI_command.obj (.text:_ZNKSt3__222__compressed_pair_elemINS_9allocatorIP6SpiMsgEELi1ELb1EE5__getEv)
                  00018d04    0000000c     menu_page.obj (.text:_ZNKSt3__222__compressed_pair_elemINS_9allocatorIP7MenuRowEELi1ELb1EE5__getEv)
                  00018d10    0000000c     console_task.obj (.text:_ZNKSt3__222__compressed_pair_elemIPP11ConsolePageLi0ELb0EE5__getEv)
                  00018d1c    0000000c     I2C_monitor.obj (.text:_ZNKSt3__222__compressed_pair_elemIPP6I2cMsgLi0ELb0EE5__getEv)
                  00018d28    0000000c     SPI_command.obj (.text:_ZNKSt3__222__compressed_pair_elemIPP6SpiMsgLi0ELb0EE5__getEv)
                  00018d34    0000000c     menu_page.obj (.text:_ZNKSt3__222__compressed_pair_elemIPP7MenuRowLi0ELb0EE5__getEv)
                  00018d40    0000000c     console_task.obj (.text:_ZNKSt3__26vectorIP11ConsolePageNS_9allocatorIS2_EEE8capacityEv)
                  00018d4c    0000000c     I2C_monitor.obj (.text:_ZNKSt3__26vectorIP6I2cMsgNS_9allocatorIS2_EEE8capacityEv)
                  00018d58    0000000c     SPI_command.obj (.text:_ZNKSt3__26vectorIP6SpiMsgNS_9allocatorIS2_EEE8capacityEv)
                  00018d64    0000000c     menu_page.obj (.text:_ZNKSt3__26vectorIP7MenuRowNS_9allocatorIS2_EEE8capacityEv)
                  00018d70    0000000c     I2C_monitor.obj (.text:_ZNSt3__210__allocateEj)
                  00018d7c    0000000c     I2C_monitor.obj (.text:_ZNSt3__213__unwrap_iterIPP6I2cMsgEET_S4_)
                  00018d88    0000000c     SPI_monitor.obj (.text:_ZNSt3__213__unwrap_iterIPP6SpiMsgEET_S4_)
                  00018d94    0000000c     console_task.obj (.text:_ZNSt3__213__vector_baseIP11ConsolePageNS_9allocatorIS2_EEEC2Ev)
                  00018da0    0000000c     I2C_monitor.obj (.text:_ZNSt3__213__vector_baseIP6I2cMsgNS_9allocatorIS2_EEEC2Ev)
                  00018dac    0000000c     SPI_command.obj (.text:_ZNSt3__213__vector_baseIP6SpiMsgNS_9allocatorIS2_EEEC2Ev)
                  00018db8    0000000c     menu_page.obj (.text:_ZNSt3__213__vector_baseIP7MenuRowNS_9allocatorIS2_EEEC2Ev)
                  00018dc4    0000000c     console_task.obj (.text:_ZNSt3__216__to_raw_pointerIP11ConsolePageEEPT_S4_)
                  00018dd0    0000000c     I2C_monitor.obj (.text:_ZNSt3__216__to_raw_pointerIP6I2cMsgEEPT_S4_)
                  00018ddc    0000000c     SPI_command.obj (.text:_ZNSt3__216__to_raw_pointerIP6SpiMsgEEPT_S4_)
                  00018de8    0000000c     menu_page.obj (.text:_ZNSt3__216__to_raw_pointerIP7MenuRowEEPT_S4_)
                  00018df4    0000000c     console_task.obj (.text:_ZNSt3__217__compressed_pairIPP11ConsolePageNS_9allocatorIS2_EEE5firstEv)
                  00018e00    0000000c     console_task.obj (.text:_ZNSt3__217__compressed_pairIPP11ConsolePageNS_9allocatorIS2_EEE6secondEv)
                  00018e0c    0000000c     console_task.obj (.text:_ZNSt3__217__compressed_pairIPP11ConsolePageRNS_9allocatorIS2_EEE5firstEv)
                  00018e18    0000000c     I2C_monitor.obj (.text:_ZNSt3__217__compressed_pairIPP6I2cMsgNS_9allocatorIS2_EEE5firstEv)
                  00018e24    0000000c     I2C_monitor.obj (.text:_ZNSt3__217__compressed_pairIPP6I2cMsgNS_9allocatorIS2_EEE6secondEv)
                  00018e30    0000000c     I2C_task.obj (.text:_ZNSt3__217__compressed_pairIPP6I2cMsgRNS_9allocatorIS2_EEE5firstEv)
                  00018e3c    0000000c     SPI_command.obj (.text:_ZNSt3__217__compressed_pairIPP6SpiMsgNS_9allocatorIS2_EEE5firstEv)
                  00018e48    0000000c     SPI_command.obj (.text:_ZNSt3__217__compressed_pairIPP6SpiMsgNS_9allocatorIS2_EEE6secondEv)
                  00018e54    0000000c     SPI_command.obj (.text:_ZNSt3__217__compressed_pairIPP6SpiMsgRNS_9allocatorIS2_EEE5firstEv)
                  00018e60    0000000c     menu_page.obj (.text:_ZNSt3__217__compressed_pairIPP7MenuRowNS_9allocatorIS2_EEE5firstEv)
                  00018e6c    0000000c     menu_page.obj (.text:_ZNSt3__217__compressed_pairIPP7MenuRowNS_9allocatorIS2_EEE6secondEv)
                  00018e78    0000000c     menu_page.obj (.text:_ZNSt3__217__compressed_pairIPP7MenuRowRNS_9allocatorIS2_EEE5firstEv)
                  00018e84    0000000c     I2C_monitor.obj (.text:_ZNSt3__219__libcpp_deallocateEPv)
                  00018e90    0000000c     console_task.obj (.text:_ZNSt3__222__compressed_pair_elemINS_9allocatorIP11ConsolePageEELi1ELb1EE5__getEv)
                  00018e9c    0000000c     console_task.obj (.text:_ZNSt3__222__compressed_pair_elemINS_9allocatorIP11ConsolePageEELi1ELb1EEC2Ev)
                  00018ea8    0000000c     I2C_monitor.obj (.text:_ZNSt3__222__compressed_pair_elemINS_9allocatorIP6I2cMsgEELi1ELb1EE5__getEv)
                  00018eb4    0000000c     I2C_monitor.obj (.text:_ZNSt3__222__compressed_pair_elemINS_9allocatorIP6I2cMsgEELi1ELb1EEC2Ev)
                  00018ec0    0000000c     SPI_command.obj (.text:_ZNSt3__222__compressed_pair_elemINS_9allocatorIP6SpiMsgEELi1ELb1EE5__getEv)
                  00018ecc    0000000c     SPI_command.obj (.text:_ZNSt3__222__compressed_pair_elemINS_9allocatorIP6SpiMsgEELi1ELb1EEC2Ev)
                  00018ed8    0000000c     menu_page.obj (.text:_ZNSt3__222__compressed_pair_elemINS_9allocatorIP7MenuRowEELi1ELb1EE5__getEv)
                  00018ee4    0000000c     menu_page.obj (.text:_ZNSt3__222__compressed_pair_elemINS_9allocatorIP7MenuRowEELi1ELb1EEC2Ev)
                  00018ef0    0000000c     console_task.obj (.text:_ZNSt3__222__compressed_pair_elemIPP11ConsolePageLi0ELb0EE5__getEv)
                  00018efc    0000000c     I2C_monitor.obj (.text:_ZNSt3__222__compressed_pair_elemIPP6I2cMsgLi0ELb0EE5__getEv)
                  00018f08    0000000c     SPI_command.obj (.text:_ZNSt3__222__compressed_pair_elemIPP6SpiMsgLi0ELb0EE5__getEv)
                  00018f14    0000000c     menu_page.obj (.text:_ZNSt3__222__compressed_pair_elemIPP7MenuRowLi0ELb0EE5__getEv)
                  00018f20    0000000c     I2C_task.obj (.text:_ZNSt3__24moveIRP6I2cMsgEEONS_16remove_referenceIT_E4typeEOS5_)
                  00018f2c    0000000c     SPI_command.obj (.text:_ZNSt3__24moveIRP6SpiMsgEEONS_16remove_referenceIT_E4typeEOS5_)
                  00018f38    0000000c     console_task.obj (.text:_ZNSt3__24moveIRPP11ConsolePageEEONS_16remove_referenceIT_E4typeEOS6_)
                  00018f44    0000000c     I2C_task.obj (.text:_ZNSt3__24moveIRPP6I2cMsgEEONS_16remove_referenceIT_E4typeEOS6_)
                  00018f50    0000000c     SPI_command.obj (.text:_ZNSt3__24moveIRPP6SpiMsgEEONS_16remove_referenceIT_E4typeEOS6_)
                  00018f5c    0000000c     menu_page.obj (.text:_ZNSt3__24moveIRPP7MenuRowEEONS_16remove_referenceIT_E4typeEOS6_)
                  00018f68    0000000c     I2C_monitor.obj (.text:_ZNSt3__26vectorIP6I2cMsgNS_9allocatorIS2_EEE27__invalidate_iterators_pastEPS2_)
                  00018f74    0000000c     SPI_monitor.obj (.text:_ZNSt3__26vectorIP6SpiMsgNS_9allocatorIS2_EEE27__invalidate_iterators_pastEPS2_)
                  00018f80    0000000c     I2C_monitor.obj (.text:_ZNSt3__27forwardIDnEEOT_RNS_16remove_referenceIS1_E4typeE)
                  00018f8c    0000000c     I2C_task.obj (.text:_ZNSt3__27forwardIP6I2cMsgEEOT_RNS_16remove_referenceIS3_E4typeE)
                  00018f98    0000000c     SPI_command.obj (.text:_ZNSt3__27forwardIP6SpiMsgEEOT_RNS_16remove_referenceIS3_E4typeE)
                  00018fa4    0000000c     console_task.obj (.text:_ZNSt3__27forwardIRKP11ConsolePageEEOT_RNS_16remove_referenceIS5_E4typeE)
                  00018fb0    0000000c     menu_page.obj (.text:_ZNSt3__27forwardIRKP7MenuRowEEOT_RNS_16remove_referenceIS5_E4typeE)
                  00018fbc    0000000c     console_task.obj (.text:_ZNSt3__27forwardIRNS_9allocatorIP11ConsolePageEEEEOT_RNS_16remove_referenceIS6_E4typeE)
                  00018fc8    0000000c     I2C_task.obj (.text:_ZNSt3__27forwardIRNS_9allocatorIP6I2cMsgEEEEOT_RNS_16remove_referenceIS6_E4typeE)
                  00018fd4    0000000c     SPI_command.obj (.text:_ZNSt3__27forwardIRNS_9allocatorIP6SpiMsgEEEEOT_RNS_16remove_referenceIS6_E4typeE)
                  00018fe0    0000000c     menu_page.obj (.text:_ZNSt3__27forwardIRNS_9allocatorIP7MenuRowEEEEOT_RNS_16remove_referenceIS6_E4typeE)
                  00018fec    0000000c     console_task.obj (.text:_ZNSt3__29allocatorIP11ConsolePageE7destroyEPS2_)
                  00018ff8    0000000c     console_task.obj (.text:_ZNSt3__29allocatorIP11ConsolePageEC1Ev)
                  00019004    0000000c     console_task.obj (.text:_ZNSt3__29allocatorIP11ConsolePageEC2Ev)
                  00019010    0000000c     I2C_monitor.obj (.text:_ZNSt3__29allocatorIP6I2cMsgE7destroyEPS2_)
                  0001901c    0000000c     I2C_monitor.obj (.text:_ZNSt3__29allocatorIP6I2cMsgEC1Ev)
                  00019028    0000000c     I2C_monitor.obj (.text:_ZNSt3__29allocatorIP6I2cMsgEC2Ev)
                  00019034    0000000c     SPI_command.obj (.text:_ZNSt3__29allocatorIP6SpiMsgE7destroyEPS2_)
                  00019040    0000000c     SPI_command.obj (.text:_ZNSt3__29allocatorIP6SpiMsgEC1Ev)
                  0001904c    0000000c     SPI_command.obj (.text:_ZNSt3__29allocatorIP6SpiMsgEC2Ev)
                  00019058    0000000c     menu_page.obj (.text:_ZNSt3__29allocatorIP7MenuRowE7destroyEPS2_)
                  00019064    0000000c     menu_page.obj (.text:_ZNSt3__29allocatorIP7MenuRowEC1Ev)
                  00019070    0000000c     menu_page.obj (.text:_ZNSt3__29allocatorIP7MenuRowEC2Ev)
                  0001907c    0000000c     rtsv7M4_T_le_v4SPD16_eabi.lib : copy_zero_init.c.obj (.text:decompress:ZI:__TI_zero_init)
                  00019088    0000000c     tm4c123gh6pm_startup_ccs.obj (.text)
                  00019094    0000000a     I2C_monitor.obj (.text:_ZNSt3__220__throw_length_errorEPKc)
                  0001909e    0000000a     console_task.obj (.text:_ZNSt3__26vectorIP11ConsolePageNS_9allocatorIS2_EEE24__RAII_IncreaseAnnotator6__doneEv)
                  000190a8    0000000a     console_task.obj (.text:_ZNSt3__26vectorIP11ConsolePageNS_9allocatorIS2_EEE26__invalidate_all_iteratorsEv)
                  000190b2    0000000a     I2C_monitor.obj (.text:_ZNSt3__26vectorIP6I2cMsgNS_9allocatorIS2_EEE24__RAII_IncreaseAnnotator6__doneEv)
                  000190bc    0000000a     I2C_monitor.obj (.text:_ZNSt3__26vectorIP6I2cMsgNS_9allocatorIS2_EEE26__invalidate_all_iteratorsEv)
                  000190c6    0000000a     SPI_command.obj (.text:_ZNSt3__26vectorIP6SpiMsgNS_9allocatorIS2_EEE24__RAII_IncreaseAnnotator6__doneEv)
                  000190d0    0000000a     SPI_command.obj (.text:_ZNSt3__26vectorIP6SpiMsgNS_9allocatorIS2_EEE26__invalidate_all_iteratorsEv)
                  000190da    0000000a     menu_page.obj (.text:_ZNSt3__26vectorIP7MenuRowNS_9allocatorIS2_EEE24__RAII_IncreaseAnnotator6__doneEv)
                  000190e4    0000000a     menu_page.obj (.text:_ZNSt3__26vectorIP7MenuRowNS_9allocatorIS2_EEE26__invalidate_all_iteratorsEv)
                  000190ee    0000000a     rtsv7M4_T_le_v4SPD16_eabi.lib : sprintf.c.obj (.text:_outc)
                  000190f8    00000008                                   : errno.c.obj (.text:__aeabi_errno_addr)
                  00019100    00000008     usblib.lib : usbdma.obj (.text:iDMAUSBChannelIntDisable)
                  00019108    00000008                : usbdma.obj (.text:iDMAUSBChannelIntEnable)
                  00019110    00000008     rtsv7M4_T_le_v4SPD16_eabi.lib : memory.c.obj (.text:malloc)
                  00019118    00000006     sysctl.obj (.text:SysCtlDelay)
                  0001911e    00000006     usblib.lib : usbbuffer.obj (.text:USBBufferDataAvailable)
                  00019124    00000006                : usbbuffer.obj (.text:USBBufferFlush)
                  0001912a    00000006                : usbbuffer.obj (.text:USBBufferSpaceAvailable)
                  00019130    00000006     rtsv7M4_T_le_v4SPD16_eabi.lib : pure_virt.c.obj (.text:__cxa_pure_virtual)
                  00019136    00000006     usblib.lib : usbdma.obj (.text:iDMAUSBIntStatus)
                  0001913c    00000004                : usbdma.obj (.text:DMAUSBStatus)
                  00019140    00000004     rtsv7M4_T_le_v4SPD16_eabi.lib : typeinfo.c.obj (.text:_ZN10__cxxabiv117__class_type_infoD1Ev)
                  00019144    00000004                                   : typeinfo.c.obj (.text:_ZN10__cxxabiv120__si_class_type_infoD1Ev)
                  00019148    00000004                                   : new.cpp.obj (.text:_ZdlPvj)
                  0001914c    00000004                                   : error.c.obj (.text:__abort_execution)
                  00019150    00000004                                   : pre_init.c.obj (.text:_system_pre_init)
                  00019154    00000004                                   : exit.c.obj (.text:abort:abort)

.const     0    00019158    000010b8     
                  00019158    00000120     sysctl.obj (.const:g_pppui32XTALtoVCO)
                  00019278    00000101     rtsv7M4_T_le_v4SPD16_eabi.lib : ctype.c.obj (.const:.string:_ctypes_)
                  00019379    00000003     --HOLE-- [fill = 0]
                  0001937c    000000fc     no_booster_board.obj (.const:.string)
                  00019478    000000c0     gpio.obj (.const:g_ppui32GPIOIntMapBlizzard)
                  00019538    000000c0     gpio.obj (.const:g_ppui32GPIOIntMapSnowflake)
                  000195f8    0000009c     interrupt.obj (.const:g_pui32Regs)
                  00019694    00000090     gpio.obj (.const:g_pui32GPIOBaseAddrs)
                  00019724    0000006c     sysctl.obj (.const:g_pui32Xtals)
                  00019790    00000060     timer.obj (.const:g_ppui32TimerIntMap)
                  000197f0    00000052     GPOs.obj (.const:.string)
                  00019842    00000002     --HOLE-- [fill = 0]
                  00019844    00000050     i2c.obj (.const:g_ppui32I2CIntMapSnowflake)
                  00019894    00000044     console_task.obj (.const:.string:_ZZNSt3__29allocatorIP11ConsolePageE8allocateEjPKvEs)
                  000198d8    00000044     I2C_monitor.obj (.const:.string:_ZZNSt3__29allocatorIP6I2cMsgE8allocateEjPKvEs)
                  0001991c    00000044     SPI_command.obj (.const:.string:_ZZNSt3__29allocatorIP6SpiMsgE8allocateEjPKvEs)
                  00019960    00000044     menu_page.obj (.const:.string:_ZZNSt3__29allocatorIP7MenuRowE8allocateEjPKvEs)
                  000199a4    00000040     timer.obj (.const:g_ppui32TimerIntMapSnowflake)
                  000199e4    00000040     uart.obj (.const:g_ppui32UARTIntMap)
                  00019a24    00000040     uart.obj (.const:g_ppui32UARTIntMapSnowflake)
                  00019a64    00000036     usb_serial_structs.obj (.const:.string:g_pui8ConfigString)
                  00019a9a    00000002     --HOLE-- [fill = 0]
                  00019a9c    00000034     usblib.lib : usbdenum.obj (.const:g_psUSBDStdRequests)
                  00019ad0    00000030     i2c.obj (.const:g_ppui32I2CIntMap)
                  00019b00    00000030     usblib.lib : usbdcdc.obj (.const:g_sCDCHandlers)
                  00019b30    00000030     sysctl.obj (.const:g_sXTALtoMEMTIM)
                  00019b60    0000002c     usb_serial_structs.obj (.const:.string:g_pui8ControlInterfaceString)
                  00019b8c    00000025     rtsv7M4_T_le_v4SPD16_eabi.lib : typeinfo.c.obj (.const:.typeinfo:_ZTSN10__cxxabiv120__si_class_type_infoE)
                  00019bb1    00000024     usb_serial_structs.obj (.const:.string:g_pui8ManufacturerString)
                  00019bd5    00000023     usblib.lib : usbdcdc.obj (.const:.string:g_pui8CDCSerCommInterface)
                  00019bf8    00000022     usb_serial_structs.obj (.const:.string:g_pui8ProductString)
[...]
20005df8  __stack                                                                                                                                                                                                                                                                          
20005ff8  __STACK_TOP                                                                                                                                                                                                                                                                      
200065f8  __STACK_END                                                                                                                                                                                                                                                                      
200065f8  _ftable                                                                                                                                                                                                                                                                          
200066e8  _device                                                                                                                                                                                                                                                                          
20006760  g_sCDCDevice                                                                                                                                                                                                                                                                     
200067c0  _stream                                                                                                                                                                                                                                                                          
20006810  g_sRxBuffer                                                                                                                                                                                                                                                                      
20006848  g_sTxBuffer                                                                                                                                                                                                                                                                      
20006880  pxCurrentTCB                                                                                                                                                                                                                                                                     
200069cc  i2c_speed_name                                                                                                                                                                                                                                                                   
200069d0  spi_mode_name                                                                                                                                                                                                                                                                    
200069d4  uart_parity_name                                                                                                                                                                                                                                                                 
200069d8  uart_stop_bit_name                                                                                                                                                                                                                                                               
200069dc  uart_mode_name                                                                                                                                                                                                                                                                   
200069e0  power_on_name                                                                                                                                                                                                                                                                    
200069e4  power_select_name                                                                                                                                                                                                                                                                
200069e8  pullup_en_name                                                                                                                                                                                                                                                                   
20006b60  g_ui32UARTTxCount                                                                                                                                                                                                                                                                
20006b64  g_ui32UARTRxCount                                                                                                                                                                                                                                                                
20006b74  gpo_obj                                                                                                                                                                                                                                                                          
20006b78  power_on_pin                                                                                                                                                                                                                                                                     
20006b7c  psel_1v8_pin                                                                                                                                                                                                                                                                     
20006b80  psel_3v3_pin                                                                                                                                                                                                                                                                     
20006b84  psel_5v_pin                                                                                                                                                                                                                                                                      
20006b88  pullup_en_pin                                                                                                                                                                                                                                                                    
20006ba4  spi_mode_menu                                                                                                                                                                                                                                                                    
20006bbc  uart_parity_menu                                                                                                                                                                                                                                                                 
20006bd0  g_pui8CDCSerDeviceDescriptor                                                                                                                                                                                                                                                     
20006c34  g_psCDCCompSerSections                                                                                                                                                                                                                                                           
20006c44  g_psCDCCompSerSectionsHS                                                                                                                                                                                                                                                         
20006c54  __TI_ft_end                                                                                                                                                                                                                                                                      
20006c58  __aeabi_stdin                                                                                                                                                                                                                                                                    
20006c5c  __aeabi_stdout                                                                                                                                                                                                                                                                   
20006c60  __aeabi_stderr                                                                                                                                                                                                                                                                   
20006c64  __TI_cleanup_ptr                                                                                                                                                                                                                                                                 
20006c68  __TI_dtors_ptr                                                                                                                                                                                                                                                                   
20006c6c  __TI_enable_exit_profile_output                                                                                                                                                                                                                                                  
20006c7c  g_psCDCSerSections                                                                                                                                                                                                                                                               
20006c88  g_psCDCSerSectionsHS                                                                                                                                                                                                                                                             
20006ca0  power_select_menu                                                                                                                                                                                                                                                                
20006cac  g_bUSBTimerInitialized                                                                                                                                                                                                                                                           
20006cb0  g_ui32CurrentUSBTick                                                                                                                                                                                                                                                             
20006cb4  g_ui32USBSOFCount                                                                                                                                                                                                                                                                
20006cb8  g_pui8CDCSerDescriptor                                                                                                                                                                                                                                                           
20006cd0  g_iUSBMode                                                                                                                                                                                                                                                                       
20006cd4  g_ui32WaitTicks                                                                                                                                                                                                                                                                  
20006cdc  _lock                                                                                                                                                                                                                                                                            
20006ce0  _unlock                                                                                                                                                                                                                                                                          
20006cec  adc_pin_struct                                                                                                                                                                                                                                                                   
20006cf4  board_gpi_info                                                                                                                                                                                                                                                                   
20006cfc  board_gpo_info                                                                                                                                                                                                                                                                   
20006d04  board_pwm_info                                                                                                                                                                                                                                                                   
20006d10  _ZN11ErrorLogger3objE                                                                                                                                                                                                                                                            
20006d14  g_pui8IADSerDescriptor                                                                                                                                                                                                                                                           
20006d1c  i2c_speed_menu                                                                                                                                                                                                                                                                   
20006d24  power_on_menu                                                                                                                                                                                                                                                                    
20006d2c  pullup_en_menu                                                                                                                                                                                                                                                                   
20006d3c  uart_mode_menu                                                                                                                                                                                                                                                                   
20006d44  uart_stop_bit_menu                                                                                                                                                                                                                                                               
20006d64  errno                                                                                                                                                                                                                                                                            
20006d68  _sys_memory                                                                                                                                                                                                                                                                      
ffffffff  __TI_pprof_out_hndl                                                                                                                                                                                                                                                              
ffffffff  __TI_prof_data_size                                                                                                                                                                                                                                                              
ffffffff  __TI_prof_data_start                                                                                                                                                                                                                                                             
ffffffff  __binit__                                                                                                                                                                                                                                                                        
ffffffff  __c_args__                                                                                                                                                                                                                                                                       
ffffffff  binit                                                                                                                                                                                                                                                                            
UNDEFED   __mpu_init                                                                                                                                                                                                                                                                       
UNDEFED   _system_post_cinit                                                                                                                                                                                                                                                               

[1501 symbols]
