******************************************************************************
                  TI ARM Linker PC v20.2.2                     
******************************************************************************
>> Linked Tue Aug 31 19:19:30 2021

OUTPUT FILE NAME:   <MicroMasterTM4C123G.out>
ENTRY POINT SYMBOL: "_c_int00_noargs"  address: 00017095


MEMORY CONFIGURATION

         name            origin    length      used     unused   attr    fill
----------------------  --------  ---------  --------  --------  ----  --------
  FLASH                 00000000   00040000  0001a52c  00025ad4  R  X
  SRAM                  20000000   00008000  00006d74  0000128c  RW X


SEGMENT ALLOCATION MAP

run origin  load origin   length   init length attrs members
----------  ----------- ---------- ----------- ----- -------
00000000    00000000    0001a530   0001a530    r-x
  00000000    00000000    0000026c   0000026c    r-- .intvecs
  0000026c    0000026c    00018ee0   00018ee0    r-x .text
  0001914c    0001914c    000010b8   000010b8    r-- .const
  0001a208    0001a208    00000328   00000328    r-- .cinit
20000000    20000000    00006d78   00000000    rw-
  20000000    20000000    0000026c   00000000    rw- .vtable
  2000026c    2000026c    00005b88   00000000    rw- .bss
  20005df8    20005df8    00000800   00000000    rw- .stack
  200065f8    200065f8    00000770   00000000    rw- .data
  20006d68    20006d68    00000010   00000000    rw- .sysmem


SECTION ALLOCATION MAP

 output                                  attributes/
section   page    origin      length       input sections
--------  ----  ----------  ----------   ----------------
.intvecs   0    00000000    0000026c     
                  00000000    0000026c     tm4c123gh6pm_startup_ccs.obj (.intvecs)

.text      0    0000026c    00018ee0     
                  0000026c    00001ddc     tasks.obj (.text)
                  00002048    000015ba     usb.obj (.text)
                  00003602    00000002     rtsv7M4_T_le_v4SPD16_eabi.lib : vector.cpp.obj (.text:_ZNSt3__220__vector_base_commonILb1EEC2Ev)
                  00003604    000012b0     I2C_task.obj (.text)
                  000048b4    0000124c     SPI_command.obj (.text)
                  00005b00    00000fa8     queue.obj (.text)
                  00006aa8    00000ef4     sysctl.obj (.text)
                  0000799c    00000c3c     one_wire_command.obj (.text)
                  000085d8    00000b88     gpio.obj (.text)
                  00009160    00000a4e     rtsv7M4_T_le_v4SPD16_eabi.lib : _printfi.c.obj (.text:__TI_printfi)
                  00009bae    00000002                                   : stdlib_typeinfo.cpp.obj (.text:_ZNSt9type_infoD1Ev)
                  00009bb0    000007c2     adc.obj (.text)
                  0000a372    00000002     rtsv7M4_T_le_v4SPD16_eabi.lib : _lock.c.obj (.text:_nop)
                  0000a374    0000072c     UART_command.obj (.text)
                  0000aaa0    00000718     pwm.obj (.text)
                  0000b1b8    0000069c     i2c.obj (.text)
                  0000b854    00000696     console_task.obj (.text)
                  0000beea    00000002     usblib.lib : usbdma.obj (.text:iDMAUSBArbSizeSet)
                  0000beec    0000065b     I2C_monitor.obj (.text)
                  0000c547    00000001     --HOLE-- [fill = 0]
                  0000c548    00000653     SPI_monitor.obj (.text)
                  0000cb9b    00000001     --HOLE-- [fill = 0]
                  0000cb9c    00000642     timer.obj (.text)
                  0000d1de    00000002     usblib.lib : usbdma.obj (.text:iDMAUSBUnitSizeSet)
                  0000d1e0    00000618     uart.obj (.text)
                  0000d7f8    000005c8     I2C_scripter.obj (.text)
                  0000ddc0    000005a8     UART_to_USB.obj (.text)
                  0000e368    0000050b     GPOs.obj (.text)
                  0000e873    00000001     --HOLE-- [fill = 0]
                  0000e874    000004f8     uartstdio.obj (.text)
                  0000ed6c    000004e0     udma.obj (.text)
                  0000f24c    0000046b     PWM_page.obj (.text)
                  0000f6b7    00000001     --HOLE-- [fill = 0]
                  0000f6b8    00000464     no_booster_board.obj (.text)
                  0000fb1c    00000454     heap_4.obj (.text)
                  0000ff70    00000406     menu_page.obj (.text)
                  00010376    00000002     rtsv7M4_T_le_v4SPD16_eabi.lib : div0.asm.obj (.text)
                  00010378    000003c0     interrupt.obj (.text)
                  00010738    000003ac     io_control_page.obj (.text)
                  00010ae4    00000346     ssi.obj (.text)
                  00010e2a    00000002     usblib.lib : usbdma.obj (.text:uDMAUSBChannelIntDisable)
                  00010e2c    00000344     UART_streamer.obj (.text)
                  00011170    000002a4     task_manager.obj (.text)
                  00011414    000002a0     error_logger.obj (.text)
                  000116b4    00000290     I2C_search.obj (.text)
                  00011944    0000028c     ADC_task.obj (.text)
                  00011bd0    0000028c     port.obj (.text)
                  00011e5c    00000270     rtsv7M4_T_le_v4SPD16_eabi.lib : _printfi.c.obj (.text:_pconv_a)
                  000120cc    00000214     GPIs.obj (.text)
                  000122e0    000001d0     rtsv7M4_T_le_v4SPD16_eabi.lib : _printfi.c.obj (.text:_pconv_g)
                  000124b0    000001b6                                   : fd_add_t2.asm.obj (.text)
                  00012666    00000002     usblib.lib : usbdma.obj (.text:uDMAUSBChannelIntEnable)
                  00012668    00000164                : usbdma.obj (.text:USBLibDMAInit)
                  000127cc    00000150                : usbdenum.obj (.text:USBDCDInit)
                  0001291c    00000150                : usbdenum.obj (.text:USBDEP0StateTxConfig)
                  00012a6c    00000150                : usbdenum.obj (.text:USBDeviceIntHandlerInternal)
                  00012bbc    00000148                : usbdconfig.obj (.text:USBDeviceConfig)
                  00012d04    0000013c     rtsv7M4_T_le_v4SPD16_eabi.lib : _printfi.c.obj (.text:_pconv_e)
                  00012e40    00000136                                   : fd_div_t2.asm.obj (.text)
                  00012f76    0000012a     list.obj (.text)
                  000130a0    00000124     rtsv7M4_T_le_v4SPD16_eabi.lib : _printfi.c.obj (.text:fcvt)
                  000131c4    00000114                                   : fputs.c.obj (.text:fputs)
                  000132d8    00000110                                   : s_scalbn.c.obj (.text:scalbn)
                  000133e8    00000100                                   : memory.c.obj (.text:aligned_alloc)
                  000134e8    000000fc                                   : fd_mul_t2.asm.obj (.text)
                  000135e4    000000f4     usblib.lib : usbdma.obj (.text:iDMAUSBTransfer)
                  000136d8    000000e4                : usbdenum.obj (.text:USBDGetDescriptor)
                  000137bc    000000e4     rtsv7M4_T_le_v4SPD16_eabi.lib : memory.c.obj (.text:free)
                  000138a0    000000dc     usblib.lib : usbdcdc.obj (.text:USBDCDCCompositeInit)
                  0001397c    000000dc     rtsv7M4_T_le_v4SPD16_eabi.lib : setvbuf.c.obj (.text:setvbuf)
                  00013a58    000000da     portasm.obj (.text)
                  00013b32    00000002     --HOLE-- [fill = 0]
                  00013b34    000000da     text_controls.obj (.text)
                  00013c0e    00000002     --HOLE-- [fill = 0]
                  00013c10    000000d8     usblib.lib : usbdenum.obj (.text:USBDeviceEnumHandler)
                  00013ce8    000000d4                : usbdcdc.obj (.text:HandleRequests)
                  00013dbc    000000d0                : usbdma.obj (.text:uDMAUSBChannelAllocate)
                  00013e8c    000000c0                : usbbuffer.obj (.text:HandleRxAvailable)
                  00013f4c    000000c0     fpu.obj (.text)
                  0001400c    000000bc     usblib.lib : usbdma.obj (.text:uDMAUSBTransfer)
                  000140c8    000000b4                : usbdcdc.obj (.text:HandleDevice)
                  0001417c    000000b1     rtsv7M4_T_le_v4SPD16_eabi.lib : _printfi.c.obj (.text:_ltostr)
                  0001422d    00000001     --HOLE-- [fill = 0]
                  0001422e    000000b0     I2C_monitor.obj (.text:_ZNSt3__26vectorIP6I2cMsgNS_9allocatorIS2_EEE6assignIPS2_EENS_9enable_ifIXaasr3std3__221__is_forward_iteratorIT_EE5valuesr3std3__216is_constructibleIS2_JNS_15iterator_traitsIS9_E9referenceEEEE5valueEvE4typeES9_S9_)
                  000142de    000000b0     SPI_monitor.obj (.text:_ZNSt3__26vectorIP6SpiMsgNS_9allocatorIS2_EEE6assignIPS2_EENS_9enable_ifIXaasr3std3__221__is_forward_iteratorIT_EE5valuesr3std3__216is_constructibleIS2_JNS_15iterator_traitsIS9_E9referenceEEEE5valueEvE4typeES9_S9_)
                  0001438e    0000009c     rtsv7M4_T_le_v4SPD16_eabi.lib : memcpy_t2.asm.obj (.text)
                  0001442a    00000002     --HOLE-- [fill = 0]
                  0001442c    00000098     usblib.lib : usbdenum.obj (.text:USBDSetInterface)
                  000144c4    00000096                : usbdcdc.obj (.text:CDCTickHandler)
                  0001455a    00000096     rtsv7M4_T_le_v4SPD16_eabi.lib : ull_div_t2.asm.obj (.text)
                  000145f0    00000094     usblib.lib : usbdcdc.obj (.text:SendSerialState)
                  00014684    00000092                : usbbuffer.obj (.text:ScheduleNextTransmission)
                  00014716    00000090                : usbdcdc.obj (.text:USBDCDCPacketRead)
                  000147a6    00000002     --HOLE-- [fill = 0]
                  000147a8    00000090                : usbdenum.obj (.text:USBDSetConfiguration)
                  00014838    0000008c                : usbdconfig.obj (.text:USBDeviceConfigAlternate)
                  000148c4    00000088                : usbdma.obj (.text:iDMAUSBChannelAllocate)
                  0001494c    00000086     rtsv7M4_T_le_v4SPD16_eabi.lib : fd_cmp_t2.asm.obj (.text:__aeabi_cdcmple)
                  000149d2    00000086                                   : fd_cmp_t2.asm.obj (.text:__aeabi_cdrcmple)
                  00014a58    0000007c     usblib.lib : usbdenum.obj (.text:USBDClearFeature)
                  00014ad4    0000007c     rtsv7M4_T_le_v4SPD16_eabi.lib : fflush.c.obj (.text:fflush)
                  00014b50    0000007a                                   : memset_t2.asm.obj (.text)
                  00014bca    00000002     --HOLE-- [fill = 0]
                  00014bcc    00000078     usblib.lib : usbdenum.obj (.text:USBDGetStatus)
                  00014c44    00000074     rtsv7M4_T_le_v4SPD16_eabi.lib : fclose.c.obj (.text:__TI_closefile)
                  00014cb8    00000072     usblib.lib : usbdcdc.obj (.text:ProcessDataFromHost)
                  00014d2a    00000072                : usbdma.obj (.text:uDMAUSBUnitSizeSet)
                  00014d9c    00000070                : usbdenum.obj (.text:USBDEP0StateTx)
                  00014e0c    00000070                : usbdenum.obj (.text:USBDSetFeature)
                  00014e7c    00000070     rtsv7M4_T_le_v4SPD16_eabi.lib : memory.c.obj (.text:split)
                  00014eec    00000070     usblib.lib : usbdma.obj (.text:uDMAUSBArbSizeSet)
                  00014f5c    0000006e     rtsv7M4_T_le_v4SPD16_eabi.lib : _printfi.c.obj (.text:_mcpy)
                  00014fca    00000002     --HOLE-- [fill = 0]
                  00014fcc    0000006c                                   : hostrename.c.obj (.text:HOSTrename)
                  00015038    0000006c     usblib.lib : usbdcdc.obj (.text:ProcessDataToHost)
                  000150a4    0000006c     console_task.obj (.text:_ZNSt3__26vectorIP11ConsolePageNS_9allocatorIS2_EEE26__swap_out_circular_bufferERNS_14__split_bufferIS2_RS4_EE)
                  00015110    0000006c     I2C_task.obj (.text:_ZNSt3__26vectorIP6I2cMsgNS_9allocatorIS2_EEE26__swap_out_circular_bufferERNS_14__split_bufferIS2_RS4_EE)
                  0001517c    0000006c     SPI_command.obj (.text:_ZNSt3__26vectorIP6SpiMsgNS_9allocatorIS2_EEE26__swap_out_circular_bufferERNS_14__split_bufferIS2_RS4_EE)
                  000151e8    0000006c     menu_page.obj (.text:_ZNSt3__26vectorIP7MenuRowNS_9allocatorIS2_EEE26__swap_out_circular_bufferERNS_14__split_bufferIS2_RS4_EE)
                  00015254    00000068     rtsv7M4_T_le_v4SPD16_eabi.lib : hostlseek.c.obj (.text:HOSTlseek)
                  000152bc    00000068                                   : copy_decompress_lzss.c.obj (.text:decompress:lzss:__TI_decompress_lzss)
                  00015324    00000064     usblib.lib : usbbuffer.obj (.text:USBBufferEventCallback)
                  00015388    00000064     console_task.obj (.text:_ZNSt3__26vectorIP11ConsolePageNS_9allocatorIS2_EEE21__push_back_slow_pathIRKS2_EEvOT_)
                  000153ec    00000064     I2C_task.obj (.text:_ZNSt3__26vectorIP6I2cMsgNS_9allocatorIS2_EEE21__push_back_slow_pathIS2_EEvOT_)
                  00015450    00000064     SPI_command.obj (.text:_ZNSt3__26vectorIP6SpiMsgNS_9allocatorIS2_EEE21__push_back_slow_pathIS2_EEvOT_)
                  000154b4    00000064     menu_page.obj (.text:_ZNSt3__26vectorIP7MenuRowNS_9allocatorIS2_EEE21__push_back_slow_pathIRKS2_EEvOT_)
                  00015518    00000064     rtsv7M4_T_le_v4SPD16_eabi.lib : s_frexp.c.obj (.text:frexp)
                  0001557c    00000064                                   : fseek.c.obj (.text:fseek)
                  000155e0    00000064     usblib.lib : usbdma.obj (.text:uDMAUSBChannelEnable)
                  00015644    00000062     I2C_task.obj (.text:_ZNSt3__26vectorIP6I2cMsgNS_9allocatorIS2_EEE9push_backEOS2_)
                  000156a6    00000062     SPI_command.obj (.text:_ZNSt3__26vectorIP6SpiMsgNS_9allocatorIS2_EEE9push_backEOS2_)
                  00015708    00000062     rtsv7M4_T_le_v4SPD16_eabi.lib : _io_perm.c.obj (.text:__TI_wrt_ok)
                  0001576a    00000002     --HOLE-- [fill = 0]
                  0001576c    00000060                                   : hostopen.c.obj (.text:HOSTopen)
                  000157cc    00000060     usblib.lib : usbdcdc.obj (.text:USBDCDCPacketWrite)
                  0001582c    00000060                : usbdenum.obj (.text:USBDReadAndDispatchRequest)
                  0001588c    00000060     console_task.obj (.text:_ZNSt3__214__split_bufferIP11ConsolePageRNS_9allocatorIS2_EEEC1EjjS5_)
                  000158ec    00000060     I2C_task.obj (.text:_ZNSt3__214__split_bufferIP6I2cMsgRNS_9allocatorIS2_EEEC1EjjS5_)
                  0001594c    00000060     SPI_command.obj (.text:_ZNSt3__214__split_bufferIP6SpiMsgRNS_9allocatorIS2_EEEC1EjjS5_)
                  000159ac    00000060     menu_page.obj (.text:_ZNSt3__214__split_bufferIP7MenuRowRNS_9allocatorIS2_EEEC1EjjS5_)
                  00015a0c    00000060     utils.obj (.text)
                  00015a6c    0000005c     rtsv7M4_T_le_v4SPD16_eabi.lib : close.c.obj (.text:close)
                  00015ac8    00000058                                   : hostread.c.obj (.text:HOSTread)
                  00015b20    00000058                                   : hostwrite.c.obj (.text:HOSTwrite)
                  00015b78    00000056     console_task.obj (.text:_ZNKSt3__26vectorIP11ConsolePageNS_9allocatorIS2_EEE17__annotate_deleteEv)
                  00015bce    00000056     I2C_task.obj (.text:_ZNKSt3__26vectorIP6I2cMsgNS_9allocatorIS2_EEE17__annotate_deleteEv)
                  00015c24    00000056     SPI_command.obj (.text:_ZNKSt3__26vectorIP6SpiMsgNS_9allocatorIS2_EEE17__annotate_deleteEv)
                  00015c7a    00000056     menu_page.obj (.text:_ZNKSt3__26vectorIP7MenuRowNS_9allocatorIS2_EEE17__annotate_deleteEv)
                  00015cd0    00000056     console_task.obj (.text:_ZNSt3__26vectorIP11ConsolePageNS_9allocatorIS2_EEE9push_backERKS2_)
                  00015d26    00000056     menu_page.obj (.text:_ZNSt3__26vectorIP7MenuRowNS_9allocatorIS2_EEE9push_backERKS2_)
                  00015d7c    00000056     rtsv7M4_T_le_v4SPD16_eabi.lib : _printfi.c.obj (.text:_pconv_f)
                  00015dd2    00000056     usblib.lib : usbdma.obj (.text:uDMAUSBChannelRelease)
                  00015e28    00000054     console_task.obj (.text:_ZNKSt3__26vectorIP11ConsolePageNS_9allocatorIS2_EEE14__annotate_newEj)
                  00015e7c    00000054     I2C_monitor.obj (.text:_ZNKSt3__26vectorIP6I2cMsgNS_9allocatorIS2_EEE14__annotate_newEj)
                  00015ed0    00000054     SPI_command.obj (.text:_ZNKSt3__26vectorIP6SpiMsgNS_9allocatorIS2_EEE14__annotate_newEj)
                  00015f24    00000054     menu_page.obj (.text:_ZNKSt3__26vectorIP7MenuRowNS_9allocatorIS2_EEE14__annotate_newEj)
                  00015f78    00000054     rtsv7M4_T_le_v4SPD16_eabi.lib : _ltoa.c.obj (.text:__TI_ltoa)
                  00015fcc    00000052     usblib.lib : usbulpi.obj (.text:ULPIConfigSet)
                  0001601e    00000052     I2C_monitor.obj (.text:_ZNKSt3__26vectorIP6I2cMsgNS_9allocatorIS2_EEE17__annotate_shrinkEj)
                  00016070    00000052     SPI_command.obj (.text:_ZNKSt3__26vectorIP6SpiMsgNS_9allocatorIS2_EEE17__annotate_shrinkEj)
                  000160c2    00000052     rtsv7M4_T_le_v4SPD16_eabi.lib : _printfi.c.obj (.text:_ecpy)
                  00016114    00000050     usblib.lib : usbdcdc.obj (.text:USBDCDCInit)
                  00016164    00000050                : usbdcdesc.obj (.text:USBDCDConfigDescGet)
                  000161b4    00000050                : usbdenum.obj (.text:USBDeviceResumeTickHandler)
                  00016204    0000004c                : usbdconfig.obj (.text:GetEPDescriptorType)
                  00016250    0000004c                : usbdenum.obj (.text:USBDStringIndexFromRequest)
                  0001629c    0000004c     rtsv7M4_T_le_v4SPD16_eabi.lib : fflush.c.obj (.text:__TI_doflush)
                  000162e8    0000004c                                   : atoi.c.obj (.text:atoi)
                  00016334    0000004c     usblib.lib : usbdma.obj (.text:iDMAUSBChannelEnable)
                  00016380    0000004a                : usbdcdesc.obj (.text:ConfigAlternateInterfaceGet)
                  000163ca    0000004a                : usbdcdc.obj (.text:HandleEP0Data)
                  00016414    0000004a                : usbdcdc.obj (.text:HandleEndpoints)
                  0001645e    0000004a     console_task.obj (.text:_ZNKSt3__26vectorIP11ConsolePageNS_9allocatorIS2_EEE11__recommendEj)
                  000164a8    0000004a     I2C_monitor.obj (.text:_ZNKSt3__26vectorIP6I2cMsgNS_9allocatorIS2_EEE11__recommendEj)
                  000164f2    0000004a     SPI_command.obj (.text:_ZNKSt3__26vectorIP6SpiMsgNS_9allocatorIS2_EEE11__recommendEj)
                  0001653c    0000004a     menu_page.obj (.text:_ZNKSt3__26vectorIP7MenuRowNS_9allocatorIS2_EEE11__recommendEj)
                  00016586    0000004a     usblib.lib : usbdma.obj (.text:uDMAUSBChannelDisable)
                  000165d0    00000048                : usbdenum.obj (.text:USBDCDDeviceInfoInit)
                  00016618    00000048                : usbdenum.obj (.text:USBDeviceEnumResetHandler)
                  00016660    00000048     I2C_monitor.obj (.text:_ZNSt3__26vectorIP6I2cMsgNS_9allocatorIS2_EEE8allocateEj)
                  000166a8    00000048     SPI_monitor.obj (.text:_ZNSt3__26vectorIP6SpiMsgNS_9allocatorIS2_EEE8allocateEj)
                  000166f0    00000048     rtsv7M4_T_le_v4SPD16_eabi.lib : exit.c.obj (.text:exit)
                  00016738    00000048                                   : fd_toi_t2.asm.obj (.text)
                  00016780    00000044                                   : hostclose.c.obj (.text:HOSTclose)
                  000167c4    00000044                                   : hostunlink.c.obj (.text:HOSTunlink)
                  00016808    00000044     usblib.lib : usbdenum.obj (.text:USBDGetInterface)
                  0001684c    00000044     rtsv7M4_T_le_v4SPD16_eabi.lib : autoinit.c.obj (.text:__TI_auto_init_nobinit_nopinit:__TI_auto_init_nobinit_nopinit)
                  00016890    00000044                                   : getdevice.c.obj (.text:getdevice)
                  000168d4    00000044                                   : fd_tou_t2.asm.obj (.text)
                  00016918    00000040     I2C_monitor.obj (.text:_ZNSt3__213__vector_baseIP6I2cMsgNS_9allocatorIS2_EEE17__destruct_at_endEPS2_)
                  00016958    00000040     SPI_command.obj (.text:_ZNSt3__213__vector_baseIP6SpiMsgNS_9allocatorIS2_EEE17__destruct_at_endEPS2_)
                  00016998    00000040     I2C_monitor.obj (.text:_ZNSt3__26vectorIP6I2cMsgNS_9allocatorIS2_EEE10deallocateEv)
                  000169d8    00000040     SPI_monitor.obj (.text:_ZNSt3__26vectorIP6SpiMsgNS_9allocatorIS2_EEE10deallocateEv)
                  00016a18    00000040     rtsv7M4_T_le_v4SPD16_eabi.lib : u_divt2.asm.obj (.text)
                  00016a58    00000040                                   : sprintf.c.obj (.text:sprintf)
                  00016a98    0000003e                                   : _printfi.c.obj (.text:_fcpy)
                  00016ad6    0000003e     cpu.obj (.text)
                  00016b14    0000003c     console_task.obj (.text:_ZNSt3__216allocator_traitsINS_9allocatorIP11ConsolePageEEE20__construct_backwardIS3_EENS_9enable_ifIXaaoosr3std3__27is_sameIS4_NS1_IT_EEEE5valuentsr3std3__215__has_constructIS4_PS8_JS8_EEE5valuesr3std3__231is_trivially_move_constructibleIS8_EE5valueEvE4typeERS4_SA_SA_RSA_)
                  00016b50    0000003c     I2C_task.obj (.text:_ZNSt3__216allocator_traitsINS_9allocatorIP6I2cMsgEEE20__construct_backwardIS3_EENS_9enable_ifIXaaoosr3std3__27is_sameIS4_NS1_IT_EEEE5valuentsr3std3__215__has_constructIS4_PS8_JS8_EEE5valuesr3std3__231is_trivially_move_constructibleIS8_EE5valueEvE4typeERS4_SA_SA_RSA_)
                  00016b8c    0000003c     I2C_monitor.obj (.text:_ZNSt3__216allocator_traitsINS_9allocatorIP6I2cMsgEEE25__construct_range_forwardIS3_EENS_9enable_ifIXaaoosr3std3__27is_sameIS4_NS1_IT_EEEE5valuentsr3std3__215__has_constructIS4_PS8_JS8_EEE5valuesr3std3__231is_trivially_move_constructibleIS8_EE5valueEvE4typeERS4_SA_SA_RSA_)
                  00016bc8    0000003c     SPI_command.obj (.text:_ZNSt3__216allocator_traitsINS_9allocatorIP6SpiMsgEEE20__construct_backwardIS3_EENS_9enable_ifIXaaoosr3std3__27is_sameIS4_NS1_IT_EEEE5valuentsr3std3__215__has_constructIS4_PS8_JS8_EEE5valuesr3std3__231is_trivially_move_constructibleIS8_EE5valueEvE4typeERS4_SA_SA_RSA_)
                  00016c04    0000003c     SPI_monitor.obj (.text:_ZNSt3__216allocator_traitsINS_9allocatorIP6SpiMsgEEE25__construct_range_forwardIS3_EENS_9enable_ifIXaaoosr3std3__27is_sameIS4_NS1_IT_EEEE5valuentsr3std3__215__has_constructIS4_PS8_JS8_EEE5valuesr3std3__231is_trivially_move_constructibleIS8_EE5valueEvE4typeERS4_SA_SA_RSA_)
                  00016c40    0000003c     menu_page.obj (.text:_ZNSt3__216allocator_traitsINS_9allocatorIP7MenuRowEEE20__construct_backwardIS3_EENS_9enable_ifIXaaoosr3std3__27is_sameIS4_NS1_IT_EEEE5valuentsr3std3__215__has_constructIS4_PS8_JS8_EEE5valuesr3std3__231is_trivially_move_constructibleIS8_EE5valueEvE4typeERS4_SA_SA_RSA_)
                  00016c7c    0000003c     usblib.lib : usbdma.obj (.text:iDMAUSBChannelRelease)
                  00016cb8    0000003c     main.obj (.text)
                  00016cf4    00000038     usblib.lib : usbtick.obj (.text:InternalUSBRegisterTickHandler)
                  00016d2c    00000038                : usbtick.obj (.text:InternalUSBStartOfFrameTick)
                  00016d64    00000038                : usbdcdc.obj (.text:SendBreak)
                  00016d9c    00000038                : usbdcdesc.obj (.text:USBDCDConfigGetInterfaceEndpoint)
                  00016dd4    00000038                : usbringbuf.obj (.text:USBRingBufAdvanceWrite)
                  00016e0c    00000038     I2C_monitor.obj (.text:_ZNSt3__26vectorIP6I2cMsgNS_9allocatorIS2_EEE18__construct_at_endIPS2_EENS_9enable_ifIXsr3std3__221__is_forward_iteratorIT_EE5valueEvE4typeES9_S9_j)
                  00016e44    00000038     SPI_monitor.obj (.text:_ZNSt3__26vectorIP6SpiMsgNS_9allocatorIS2_EEE18__construct_at_endIPS2_EENS_9enable_ifIXsr3std3__221__is_forward_iteratorIT_EE5valueEvE4typeES9_S9_j)
                  00016e7c    00000038     rtsv7M4_T_le_v4SPD16_eabi.lib : trgmsg.c.obj (.text:__TI_writemsg)
                  00016eb4    00000036     console_task.obj (.text:_ZNSt3__214__split_bufferIP11ConsolePageRNS_9allocatorIS2_EEE17__destruct_at_endEPS2_NS_17integral_constantIbLb0EEE)
                  00016eea    00000036     I2C_task.obj (.text:_ZNSt3__214__split_bufferIP6I2cMsgRNS_9allocatorIS2_EEE17__destruct_at_endEPS2_NS_17integral_constantIbLb0EEE)
                  00016f20    00000036     SPI_command.obj (.text:_ZNSt3__214__split_bufferIP6SpiMsgRNS_9allocatorIS2_EEE17__destruct_at_endEPS2_NS_17integral_constantIbLb0EEE)
                  00016f56    00000036     menu_page.obj (.text:_ZNSt3__214__split_bufferIP7MenuRowRNS_9allocatorIS2_EEE17__destruct_at_endEPS2_NS_17integral_constantIbLb0EEE)
                  00016f8c    00000036     rtsv7M4_T_le_v4SPD16_eabi.lib : strncpy.c.obj (.text:strncpy)
                  00016fc2    00000034     usblib.lib : usbdcdc.obj (.text:HandleConfigChange)
                  00016ff6    00000034                : usbdcdesc.obj (.text:NextConfigDescGet)
                  0001702a    00000002     --HOLE-- [fill = 0]
                  0001702c    00000034     rtsv7M4_T_le_v4SPD16_eabi.lib : fopen.c.obj (.text:__TI_cleanup)
                  00017060    00000034                                   : trgmsg.c.obj (.text:__TI_readmsg)
                  00017094    00000034                                   : boot_cortex_m.c.obj (.text:_c_int00_noargs:_c_int00_noargs)
                  000170c8    00000034     usblib.lib : usbdma.obj (.text:iDMAUSBChannelStatus)
                  000170fc    00000032                : usbdcdc.obj (.text:ProcessNotificationToHost)
                  0001712e    00000032     I2C_monitor.obj (.text:_ZNSt3__26__copyIP6I2cMsgS2_EENS_9enable_ifIXaasr3std3__27is_sameINS_12remove_constIT_E4typeET0_EE5valuesr3std3__228is_trivially_copy_assignableIS8_EE5valueEPS8_E4typeEPS5_SC_S9_)
                  00017160    00000032     SPI_monitor.obj (.text:_ZNSt3__26__copyIP6SpiMsgS2_EENS_9enable_ifIXaasr3std3__27is_sameINS_12remove_constIT_E4typeET0_EE5valuesr3std3__228is_trivially_copy_assignableIS8_EE5valueEPS8_E4typeEPS5_SC_S9_)
                  00017192    00000032     usblib.lib : usbdma.obj (.text:iDMAUSBChannelDisable)
                  000171c4    00000030                : usbdma.obj (.text:DMAUSBIntHandler)
                  000171f4    00000030                : usbtick.obj (.text:InternalUSBTickInit)
                  00017224    00000030                : usbdenum.obj (.text:USBDGetConfiguration)
                  00017254    00000030     rtsv7M4_T_le_v4SPD16_eabi.lib : getdevice.c.obj (.text:finddevice)
                  00017284    00000030     memory_functions.obj (.text)
                  000172b4    0000002e     usblib.lib : usbbuffer.obj (.text:USBBufferWrite)
                  000172e2    0000002e                : usbdcdc.obj (.text:USBDCDCRxPacketAvailable)
                  00017310    0000002e                : usbringbuf.obj (.text:UpdateIndexAtomic)
                  0001733e    0000002e     console_task.obj (.text:_ZNSt3__214__split_bufferIP11ConsolePageRNS_9allocatorIS2_EEED1Ev)
                  0001736c    0000002e     I2C_task.obj (.text:_ZNSt3__214__split_bufferIP6I2cMsgRNS_9allocatorIS2_EEED1Ev)
                  0001739a    0000002e     SPI_command.obj (.text:_ZNSt3__214__split_bufferIP6SpiMsgRNS_9allocatorIS2_EEED1Ev)
                  000173c8    0000002e     menu_page.obj (.text:_ZNSt3__214__split_bufferIP7MenuRowRNS_9allocatorIS2_EEED1Ev)
                  000173f6    0000002e     console_task.obj (.text:_ZNSt3__29allocatorIP11ConsolePageE9constructIS2_JRKS2_EEEvPT_DpOT0_)
                  00017424    0000002e     I2C_task.obj (.text:_ZNSt3__29allocatorIP6I2cMsgE9constructIS2_JS2_EEEvPT_DpOT0_)
                  00017452    0000002e     SPI_command.obj (.text:_ZNSt3__29allocatorIP6SpiMsgE9constructIS2_JS2_EEEvPT_DpOT0_)
                  00017480    0000002e     menu_page.obj (.text:_ZNSt3__29allocatorIP7MenuRowE9constructIS2_JRKS2_EEEvPT_DpOT0_)
                  000174ae    0000002e     rtsv7M4_T_le_v4SPD16_eabi.lib : i_tofd_t2.asm.obj (.text)
                  000174dc    0000002c     usblib.lib : usbdcdesc.obj (.text:USBDCDConfigDescGetNum)
                  00017508    0000002c                : usbdesc.obj (.text:USBDescGet)
                  00017534    0000002c                : usbdma.obj (.text:uDMAUSBIntStatus)
                  00017560    0000002c     rtsv7M4_T_le_v4SPD16_eabi.lib : unlink.c.obj (.text:unlink)
                  0001758c    0000002a     usblib.lib : usbbuffer.obj (.text:HandleRequestBuffer)
                  000175b6    0000002a                : usbdcdc.obj (.text:USBDCDCSerialStateChange)
                  000175e0    0000002a                : usbdesc.obj (.text:USBDescGetNum)
                  0001760a    0000002a     console_task.obj (.text:_ZNSt3__217__compressed_pairIPP11ConsolePageRNS_9allocatorIS2_EEEC1IDnS6_EEOT_OT0_)
                  00017634    0000002a     I2C_task.obj (.text:_ZNSt3__217__compressed_pairIPP6I2cMsgRNS_9allocatorIS2_EEEC1IDnS6_EEOT_OT0_)
                  0001765e    0000002a     SPI_command.obj (.text:_ZNSt3__217__compressed_pairIPP6SpiMsgRNS_9allocatorIS2_EEEC1IDnS6_EEOT_OT0_)
                  00017688    0000002a     menu_page.obj (.text:_ZNSt3__217__compressed_pairIPP7MenuRowRNS_9allocatorIS2_EEEC1IDnS6_EEOT_OT0_)
                  000176b2    0000002a     I2C_monitor.obj (.text:_ZNSt3__24copyIPP6I2cMsgS3_EET0_T_S5_S4_)
                  000176dc    0000002a     SPI_monitor.obj (.text:_ZNSt3__24copyIPP6SpiMsgS3_EET0_T_S5_S4_)
                  00017706    0000002a     console_task.obj (.text:_ZNSt3__24swapIPP11ConsolePageEENS_9enable_ifIXaasr3std3__221is_move_constructibleIT_EE5valuesr3std3__218is_move_assignableIS5_EE5valueEvE4typeERS5_S8_)
                  00017730    0000002a     I2C_task.obj (.text:_ZNSt3__24swapIPP6I2cMsgEENS_9enable_ifIXaasr3std3__221is_move_constructibleIT_EE5valuesr3std3__218is_move_assignableIS5_EE5valueEvE4typeERS5_S8_)
                  0001775a    0000002a     SPI_command.obj (.text:_ZNSt3__24swapIPP6SpiMsgEENS_9enable_ifIXaasr3std3__221is_move_constructibleIT_EE5valuesr3std3__218is_move_assignableIS5_EE5valueEvE4typeERS5_S8_)
                  00017784    0000002a     menu_page.obj (.text:_ZNSt3__24swapIPP7MenuRowEENS_9enable_ifIXaasr3std3__221is_move_constructibleIT_EE5valuesr3std3__218is_move_assignableIS5_EE5valueEvE4typeERS5_S8_)
                  000177ae    0000002a     hooks.obj (.text)
                  000177d8    00000028     usblib.lib : usbbuffer.obj (.text:USBBufferRead)
                  00017800    00000028                : usbdenum.obj (.text:USBDSetAddress)
                  00017828    00000028     console_task.obj (.text:_ZNSt3__213__vector_baseIP11ConsolePageNS_9allocatorIS2_EEEC1Ev)
                  00017850    00000028     I2C_monitor.obj (.text:_ZNSt3__213__vector_baseIP6I2cMsgNS_9allocatorIS2_EEEC1Ev)
                  00017878    00000028     SPI_command.obj (.text:_ZNSt3__213__vector_baseIP6SpiMsgNS_9allocatorIS2_EEEC1Ev)
                  000178a0    00000028     menu_page.obj (.text:_ZNSt3__213__vector_baseIP7MenuRowNS_9allocatorIS2_EEEC1Ev)
                  000178c8    00000028     I2C_monitor.obj (.text:_ZNSt3__26vectorIP6I2cMsgNS_9allocatorIS2_EEE17__destruct_at_endEPS2_)
                  000178f0    00000028     I2C_monitor.obj (.text:_ZNSt3__26vectorIP6I2cMsgNS_9allocatorIS2_EEEaSERKS5_)
                  00017918    00000028     SPI_monitor.obj (.text:_ZNSt3__26vectorIP6SpiMsgNS_9allocatorIS2_EEE17__destruct_at_endEPS2_)
                  00017940    00000028     SPI_monitor.obj (.text:_ZNSt3__26vectorIP6SpiMsgNS_9allocatorIS2_EEEaSERKS5_)
                  00017968    00000028     console_task.obj (.text:_ZNSt3__29allocatorIP11ConsolePageE8allocateEjPKv)
                  00017990    00000028     I2C_monitor.obj (.text:_ZNSt3__29allocatorIP6I2cMsgE8allocateEjPKv)
                  000179b8    00000028     SPI_command.obj (.text:_ZNSt3__29allocatorIP6SpiMsgE8allocateEjPKv)
                  000179e0    00000028     menu_page.obj (.text:_ZNSt3__29allocatorIP7MenuRowE8allocateEjPKv)
                  00017a08    00000028     rtsv7M4_T_le_v4SPD16_eabi.lib : memory.c.obj (.text:free_list_insert)
                  00017a30    00000028                                   : lseek.c.obj (.text:lseek)
                  00017a58    00000028                                   : memmov.c.obj (.text:memmove)
                  00017a80    00000028                                   : write.c.obj (.text:write)
                  00017aa8    00000024     usblib.lib : usbdcdc.obj (.text:HandleDisconnect)
                  00017acc    00000024                : usbdcdc.obj (.text:SendLineStateChange)
                  00017af0    00000024                : usbmode.obj (.text:USBStackModeSet)
                  00017b14    00000024     console_task.obj (.text:_ZNKSt3__26vectorIP11ConsolePageNS_9allocatorIS2_EEE8max_sizeEv)
                  00017b38    00000024     I2C_monitor.obj (.text:_ZNKSt3__26vectorIP6I2cMsgNS_9allocatorIS2_EEE8max_sizeEv)
                  00017b5c    00000024     SPI_command.obj (.text:_ZNKSt3__26vectorIP6SpiMsgNS_9allocatorIS2_EEE8max_sizeEv)
                  00017b80    00000024     menu_page.obj (.text:_ZNKSt3__26vectorIP7MenuRowNS_9allocatorIS2_EEE8max_sizeEv)
                  00017ba4    00000024     console_task.obj (.text:_ZNSt3__216allocator_traitsINS_9allocatorIP11ConsolePageEEE11__constructIS3_JRKS3_EEEvNS_17integral_constantIbLb1EEERS4_PT_DpOT0_)
                  00017bc8    00000024     console_task.obj (.text:_ZNSt3__216allocator_traitsINS_9allocatorIP11ConsolePageEEE9constructIS3_JRKS3_EEEvRS4_PT_DpOT0_)
                  00017bec    00000024     I2C_task.obj (.text:_ZNSt3__216allocator_traitsINS_9allocatorIP6I2cMsgEEE11__constructIS3_JS3_EEEvNS_17integral_constantIbLb1EEERS4_PT_DpOT0_)
                  00017c10    00000024     I2C_task.obj (.text:_ZNSt3__216allocator_traitsINS_9allocatorIP6I2cMsgEEE9constructIS3_JS3_EEEvRS4_PT_DpOT0_)
                  00017c34    00000024     SPI_command.obj (.text:_ZNSt3__216allocator_traitsINS_9allocatorIP6SpiMsgEEE11__constructIS3_JS3_EEEvNS_17integral_constantIbLb1EEERS4_PT_DpOT0_)
                  00017c58    00000024     SPI_command.obj (.text:_ZNSt3__216allocator_traitsINS_9allocatorIP6SpiMsgEEE9constructIS3_JS3_EEEvRS4_PT_DpOT0_)
                  00017c7c    00000024     menu_page.obj (.text:_ZNSt3__216allocator_traitsINS_9allocatorIP7MenuRowEEE11__constructIS3_JRKS3_EEEvNS_17integral_constantIbLb1EEERS4_PT_DpOT0_)
                  00017ca0    00000024     menu_page.obj (.text:_ZNSt3__216allocator_traitsINS_9allocatorIP7MenuRowEEE9constructIS3_JRKS3_EEEvRS4_PT_DpOT0_)
                  00017cc4    00000022     usblib.lib : usbdcdc.obj (.text:SendLineCodingChange)
                  00017ce6    00000022     I2C_monitor.obj (.text:_ZNSt3__26vectorIP6I2cMsgNS_9allocatorIS2_EEE5clearEv)
                  00017d08    00000022     SPI_command.obj (.text:_ZNSt3__26vectorIP6SpiMsgNS_9allocatorIS2_EEE5clearEv)
                  00017d2a    00000022     usblib.lib : usbdma.obj (.text:uDMAUSBChannelStatus)
                  00017d4c    00000020                : usbdcdc.obj (.text:CheckAndSendBreak)
                  00017d6c    00000020                : usbdconfig.obj (.text:GetEndpointFIFOSize)
                  00017d8c    00000020                : usbbuffer.obj (.text:HandleDataRemaining)
                  00017dac    00000020                : usbringbuf.obj (.text:USBRingBufAdvanceRead)
                  00017dcc    00000020     rtsv7M4_T_le_v4SPD16_eabi.lib : memchr.c.obj (.text:memchr)
                  00017dec    00000020                                   : u_tofd_t2.asm.obj (.text)
                  00017e0c    0000001e     usblib.lib : usbringbuf.obj (.text:USBRingBufContigFree)
                  00017e2a    0000001e     I2C_monitor.obj (.text:_ZNKSt3__26__lessIjjEclERKjS3_)
                  00017e48    0000001e     console_task.obj (.text:_ZNSt3__217__compressed_pairIPP11ConsolePageNS_9allocatorIS2_EEEC1IDnLb1EEEOT_)
                  00017e66    0000001e     I2C_monitor.obj (.text:_ZNSt3__217__compressed_pairIPP6I2cMsgNS_9allocatorIS2_EEEC1IDnLb1EEEOT_)
                  00017e84    0000001e     SPI_command.obj (.text:_ZNSt3__217__compressed_pairIPP6SpiMsgNS_9allocatorIS2_EEEC1IDnLb1EEEOT_)
                  00017ea2    0000001e     menu_page.obj (.text:_ZNSt3__217__compressed_pairIPP7MenuRowNS_9allocatorIS2_EEEC1IDnLb1EEEOT_)
                  00017ec0    0000001e     I2C_monitor.obj (.text:_ZNSt3__23maxIjNS_6__lessIjjEEEERKT_S5_S5_T0_)
                  00017ede    0000001e     I2C_monitor.obj (.text:_ZNSt3__23minIjNS_6__lessIjjEEEERKT_S5_S5_T0_)
                  00017efc    0000001c     usblib.lib : usbdcdesc.obj (.text:USBDCDConfigGetInterface)
                  00017f18    0000001c                : usbdenum.obj (.text:USBDCDStallEP0)
                  00017f34    0000001c                : usbringbuf.obj (.text:USBRingBufRead)
                  00017f50    0000001c                : usbringbuf.obj (.text:USBRingBufWrite)
                  00017f6c    0000001c     I2C_monitor.obj (.text:_ZNSt3__29__advanceIPP6I2cMsgEEvRT_NS_15iterator_traitsIS4_E15difference_typeENS_26random_access_iterator_tagE)
                  00017f88    0000001c     SPI_monitor.obj (.text:_ZNSt3__29__advanceIPP6SpiMsgEEvRT_NS_15iterator_traitsIS4_E15difference_typeENS_26random_access_iterator_tagE)
                  00017fa4    0000001c     rtsv7M4_T_le_v4SPD16_eabi.lib : assert.c.obj (.text:_abort_msg)
                  00017fc0    0000001c                                   : memory.c.obj (.text:free_list_remove)
                  00017fdc    0000001c                                   : memccpy.c.obj (.text:memccpy)
                  00017ff8    0000001a     usblib.lib : usbdcdc.obj (.text:DeviceConsumedAllData)
                  00018012    0000001a                : usbdcdesc.obj (.text:USBDCDConfigDescGetSize)
                  0001802c    0000001a     rtsv7M4_T_le_v4SPD16_eabi.lib : s_copysign.c.obj (.text:copysign)
                  00018046    00000018     usblib.lib : usbdcdc.obj (.text:SetDeferredOpFlag)
                  0001805e    00000002     --HOLE-- [fill = 0]
                  00018060    00000018                : usbdhandler.obj (.text:USB0DeviceIntHandler)
                  00018078    00000018                : usbbuffer.obj (.text:USBBufferInit)
                  00018090    00000018                : usbdenum.obj (.text:USBDCDFeatureGet)
                  000180a8    00000018                : usbdenum.obj (.text:USBDSetDescriptor)
                  000180c0    00000018                : usbdenum.obj (.text:USBDSyncFrame)
                  000180d8    00000018     I2C_monitor.obj (.text:_ZNSt3__210__distanceIPP6I2cMsgEENS_15iterator_traitsIT_E15difference_typeES5_S5_NS_26random_access_iterator_tagE)
                  000180f0    00000018     SPI_monitor.obj (.text:_ZNSt3__210__distanceIPP6SpiMsgEENS_15iterator_traitsIT_E15difference_typeES5_S5_NS_26random_access_iterator_tagE)
                  00018108    00000018     rtsv7M4_T_le_v4SPD16_eabi.lib : sprintf.c.obj (.text:_outs)
                  00018120    00000018                                   : strcmp.c.obj (.text:strcmp)
                  00018138    00000016     usblib.lib : usbdcdc.obj (.text:CheckAndSendLineCodingChange)
                  0001814e    00000016                : usbdcdc.obj (.text:CheckAndSendLineStateChange)
                  00018164    00000016                : usbringbuf.obj (.text:USBRingBufFlush)
                  0001817a    00000016                : usbringbuf.obj (.text:USBRingBufReadOne)
                  00018190    00000016                : usbringbuf.obj (.text:USBRingBufUsed)
                  000181a6    00000016     console_task.obj (.text:_ZNKSt3__213__vector_baseIP11ConsolePageNS_9allocatorIS2_EEE8capacityEv)
                  000181bc    00000016     I2C_monitor.obj (.text:_ZNKSt3__213__vector_baseIP6I2cMsgNS_9allocatorIS2_EEE8capacityEv)
                  000181d2    00000016     SPI_command.obj (.text:_ZNKSt3__213__vector_baseIP6SpiMsgNS_9allocatorIS2_EEE8capacityEv)
                  000181e8    00000016     menu_page.obj (.text:_ZNKSt3__213__vector_baseIP7MenuRowNS_9allocatorIS2_EEE8capacityEv)
                  000181fe    00000016     console_task.obj (.text:_ZNKSt3__214__split_bufferIP11ConsolePageRNS_9allocatorIS2_EEE8capacityEv)
                  00018214    00000016     I2C_task.obj (.text:_ZNKSt3__214__split_bufferIP6I2cMsgRNS_9allocatorIS2_EEE8capacityEv)
                  0001822a    00000016     SPI_command.obj (.text:_ZNKSt3__214__split_bufferIP6SpiMsgRNS_9allocatorIS2_EEE8capacityEv)
                  00018240    00000016     menu_page.obj (.text:_ZNKSt3__214__split_bufferIP7MenuRowRNS_9allocatorIS2_EEE8capacityEv)
                  00018256    00000016     console_task.obj (.text:_ZNKSt3__26vectorIP11ConsolePageNS_9allocatorIS2_EEE4sizeEv)
                  0001826c    00000016     I2C_monitor.obj (.text:_ZNKSt3__26vectorIP6I2cMsgNS_9allocatorIS2_EEE4sizeEv)
                  00018282    00000016     SPI_command.obj (.text:_ZNKSt3__26vectorIP6SpiMsgNS_9allocatorIS2_EEE4sizeEv)
                  00018298    00000016     menu_page.obj (.text:_ZNKSt3__26vectorIP7MenuRowNS_9allocatorIS2_EEE4sizeEv)
                  000182ae    00000016     console_task.obj (.text:_ZNSt3__222__compressed_pair_elemIPP11ConsolePageLi0ELb0EEC1IDnvEEOT_)
                  000182c4    00000016     I2C_monitor.obj (.text:_ZNSt3__222__compressed_pair_elemIPP6I2cMsgLi0ELb0EEC1IDnvEEOT_)
                  000182da    00000016     SPI_command.obj (.text:_ZNSt3__222__compressed_pair_elemIPP6SpiMsgLi0ELb0EEC1IDnvEEOT_)
                  000182f0    00000016     menu_page.obj (.text:_ZNSt3__222__compressed_pair_elemIPP7MenuRowLi0ELb0EEC1IDnvEEOT_)
                  00018306    00000016     console_task.obj (.text:_ZNSt3__26vectorIP11ConsolePageNS_9allocatorIS2_EEEixEj)
                  0001831c    00000016     I2C_monitor.obj (.text:_ZNSt3__26vectorIP6I2cMsgNS_9allocatorIS2_EEEixEj)
                  00018332    00000016     SPI_command.obj (.text:_ZNSt3__26vectorIP6SpiMsgNS_9allocatorIS2_EEEixEj)
                  00018348    00000016     menu_page.obj (.text:_ZNSt3__26vectorIP7MenuRowNS_9allocatorIS2_EEEixEj)
                  0001835e    00000016     rtsv7M4_T_le_v4SPD16_eabi.lib : strchr.c.obj (.text:strchr)
                  00018374    00000014     usblib.lib : usbbuffer.obj (.text:HandleTxComplete)
                  00018388    00000014                : usbdcdc.obj (.text:USBDCDCTxPacketAvailable)
                  0001839c    00000014                : usbdenum.obj (.text:USBDCDRequestDataEP0)
                  000183b0    00000014                : usbdenum.obj (.text:USBDCDSendDataEP0)
                  000183c4    00000014     I2C_monitor.obj (.text:_ZNSt3__213__vector_baseIP6I2cMsgNS_9allocatorIS2_EEE19__copy_assign_allocERKS5_)
                  000183d8    00000014     SPI_monitor.obj (.text:_ZNSt3__213__vector_baseIP6SpiMsgNS_9allocatorIS2_EEE19__copy_assign_allocERKS5_)
                  000183ec    00000014     console_task.obj (.text:_ZNSt3__214__split_bufferIP11ConsolePageRNS_9allocatorIS2_EEE17__destruct_at_endEPS2_)
                  00018400    00000014     I2C_task.obj (.text:_ZNSt3__214__split_bufferIP6I2cMsgRNS_9allocatorIS2_EEE17__destruct_at_endEPS2_)
                  00018414    00000014     SPI_command.obj (.text:_ZNSt3__214__split_bufferIP6SpiMsgRNS_9allocatorIS2_EEE17__destruct_at_endEPS2_)
                  00018428    00000014     menu_page.obj (.text:_ZNSt3__214__split_bufferIP7MenuRowRNS_9allocatorIS2_EEE17__destruct_at_endEPS2_)
                  0001843c    00000014     console_task.obj (.text:_ZNSt3__216allocator_traitsINS_9allocatorIP11ConsolePageEEE10deallocateERS4_PS3_j)
                  00018450    00000014     console_task.obj (.text:_ZNSt3__216allocator_traitsINS_9allocatorIP11ConsolePageEEE7destroyIS3_EEvRS4_PT_)
                  00018464    00000014     console_task.obj (.text:_ZNSt3__216allocator_traitsINS_9allocatorIP11ConsolePageEEE9__destroyIS3_EEvNS_17integral_constantIbLb1EEERS4_PT_)
                  00018478    00000014     I2C_monitor.obj (.text:_ZNSt3__216allocator_traitsINS_9allocatorIP6I2cMsgEEE10deallocateERS4_PS3_j)
                  0001848c    00000014     I2C_monitor.obj (.text:_ZNSt3__216allocator_traitsINS_9allocatorIP6I2cMsgEEE7destroyIS3_EEvRS4_PT_)
                  000184a0    00000014     I2C_monitor.obj (.text:_ZNSt3__216allocator_traitsINS_9allocatorIP6I2cMsgEEE9__destroyIS3_EEvNS_17integral_constantIbLb1EEERS4_PT_)
                  000184b4    00000014     SPI_command.obj (.text:_ZNSt3__216allocator_traitsINS_9allocatorIP6SpiMsgEEE10deallocateERS4_PS3_j)
                  000184c8    00000014     SPI_command.obj (.text:_ZNSt3__216allocator_traitsINS_9allocatorIP6SpiMsgEEE7destroyIS3_EEvRS4_PT_)
                  000184dc    00000014     SPI_command.obj (.text:_ZNSt3__216allocator_traitsINS_9allocatorIP6SpiMsgEEE9__destroyIS3_EEvNS_17integral_constantIbLb1EEERS4_PT_)
                  000184f0    00000014     menu_page.obj (.text:_ZNSt3__216allocator_traitsINS_9allocatorIP7MenuRowEEE10deallocateERS4_PS3_j)
                  00018504    00000014     menu_page.obj (.text:_ZNSt3__216allocator_traitsINS_9allocatorIP7MenuRowEEE7destroyIS3_EEvRS4_PT_)
                  00018518    00000014     menu_page.obj (.text:_ZNSt3__216allocator_traitsINS_9allocatorIP7MenuRowEEE9__destroyIS3_EEvNS_17integral_constantIbLb1EEERS4_PT_)
                  0001852c    00000014     console_task.obj (.text:_ZNSt3__222__compressed_pair_elemIRNS_9allocatorIP11ConsolePageEELi1ELb0EEC1IS5_vEEOT_)
                  00018540    00000014     I2C_task.obj (.text:_ZNSt3__222__compressed_pair_elemIRNS_9allocatorIP6I2cMsgEELi1ELb0EEC1IS5_vEEOT_)
                  00018554    00000014     SPI_command.obj (.text:_ZNSt3__222__compressed_pair_elemIRNS_9allocatorIP6SpiMsgEELi1ELb0EEC1IS5_vEEOT_)
                  00018568    00000014     menu_page.obj (.text:_ZNSt3__222__compressed_pair_elemIRNS_9allocatorIP7MenuRowEELi1ELb0EEC1IS5_vEEOT_)
                  0001857c    00000014     I2C_monitor.obj (.text:_ZNSt3__23maxIjEERKT_S3_S3_)
                  00018590    00000014     I2C_monitor.obj (.text:_ZNSt3__23minIjEERKT_S3_S3_)
                  000185a4    00000014     I2C_monitor.obj (.text:_ZNSt3__27advanceIPP6I2cMsgEEvRT_NS_15iterator_traitsIS4_E15difference_typeE)
                  000185b8    00000014     SPI_monitor.obj (.text:_ZNSt3__27advanceIPP6SpiMsgEEvRT_NS_15iterator_traitsIS4_E15difference_typeE)
                  000185cc    00000014     I2C_monitor.obj (.text:_ZNSt3__28distanceIPP6I2cMsgEENS_15iterator_traitsIT_E15difference_typeES5_S5_)
                  000185e0    00000014     SPI_monitor.obj (.text:_ZNSt3__28distanceIPP6SpiMsgEENS_15iterator_traitsIT_E15difference_typeES5_S5_)
                  000185f4    00000014     rtsv7M4_T_le_v4SPD16_eabi.lib : strcpy.c.obj (.text:strcpy)
                  00018608    00000014                                   : strlen.c.obj (.text:strlen)
                  0001861c    00000012     usblib.lib : usbdcdc.obj (.text:HandleResume)
                  0001862e    00000012                : usbdcdc.obj (.text:HandleSuspend)
                  00018640    00000012                : usbringbuf.obj (.text:USBRingBufFree)
                  00018652    00000012     console_task.obj (.text:_ZNSt3__216allocator_traitsINS_9allocatorIP11ConsolePageEEE8allocateERS4_j)
                  00018664    00000012     I2C_monitor.obj (.text:_ZNSt3__216allocator_traitsINS_9allocatorIP6I2cMsgEEE8allocateERS4_j)
                  00018676    00000012     SPI_command.obj (.text:_ZNSt3__216allocator_traitsINS_9allocatorIP6SpiMsgEEE8allocateERS4_j)
                  00018688    00000012     menu_page.obj (.text:_ZNSt3__216allocator_traitsINS_9allocatorIP7MenuRowEEE8allocateERS4_j)
                  0001869a    00000012     rtsv7M4_T_le_v4SPD16_eabi.lib : wcslen.c.obj (.text:wcslen)
                  000186ac    00000010     usblib.lib : usbringbuf.obj (.text:USBRingBufContigUsed)
                  000186bc    00000010                : usbringbuf.obj (.text:USBRingBufWriteOne)
                  000186cc    00000010     console_task.obj (.text:_ZNKSt3__26vectorIP11ConsolePageNS_9allocatorIS2_EEE31__annotate_contiguous_containerEPKvS7_S7_S7_)
                  000186dc    00000010     I2C_monitor.obj (.text:_ZNKSt3__26vectorIP6I2cMsgNS_9allocatorIS2_EEE31__annotate_contiguous_containerEPKvS7_S7_S7_)
                  000186ec    00000010     SPI_command.obj (.text:_ZNKSt3__26vectorIP6SpiMsgNS_9allocatorIS2_EEE31__annotate_contiguous_containerEPKvS7_S7_S7_)
                  000186fc    00000010     menu_page.obj (.text:_ZNKSt3__26vectorIP7MenuRowNS_9allocatorIS2_EEE31__annotate_contiguous_containerEPKvS7_S7_S7_)
                  0001870c    00000010     I2C_monitor.obj (.text:_ZNSt3__213__vector_baseIP6I2cMsgNS_9allocatorIS2_EEE19__copy_assign_allocERKS5_NS_17integral_constantIbLb0EEE)
                  0001871c    00000010     I2C_monitor.obj (.text:_ZNSt3__213__vector_baseIP6I2cMsgNS_9allocatorIS2_EEE5clearEv)
                  0001872c    00000010     SPI_monitor.obj (.text:_ZNSt3__213__vector_baseIP6SpiMsgNS_9allocatorIS2_EEE19__copy_assign_allocERKS5_NS_17integral_constantIbLb0EEE)
                  0001873c    00000010     SPI_command.obj (.text:_ZNSt3__213__vector_baseIP6SpiMsgNS_9allocatorIS2_EEE5clearEv)
                  0001874c    00000010     console_task.obj (.text:_ZNSt3__214__split_bufferIP11ConsolePageRNS_9allocatorIS2_EEE5clearEv)
                  0001875c    00000010     I2C_task.obj (.text:_ZNSt3__214__split_bufferIP6I2cMsgRNS_9allocatorIS2_EEE5clearEv)
                  0001876c    00000010     SPI_command.obj (.text:_ZNSt3__214__split_bufferIP6SpiMsgRNS_9allocatorIS2_EEE5clearEv)
                  0001877c    00000010     menu_page.obj (.text:_ZNSt3__214__split_bufferIP7MenuRowRNS_9allocatorIS2_EEE5clearEv)
                  0001878c    00000010     console_task.obj (.text:_ZNSt3__216allocator_traitsINS_9allocatorIP11ConsolePageEEE10__max_sizeENS_17integral_constantIbLb1EEERKS4_)
                  0001879c    00000010     console_task.obj (.text:_ZNSt3__216allocator_traitsINS_9allocatorIP11ConsolePageEEE8max_sizeERKS4_)
                  000187ac    00000010     I2C_monitor.obj (.text:_ZNSt3__216allocator_traitsINS_9allocatorIP6I2cMsgEEE10__max_sizeENS_17integral_constantIbLb1EEERKS4_)
                  000187bc    00000010     I2C_monitor.obj (.text:_ZNSt3__216allocator_traitsINS_9allocatorIP6I2cMsgEEE8max_sizeERKS4_)
                  000187cc    00000010     SPI_command.obj (.text:_ZNSt3__216allocator_traitsINS_9allocatorIP6SpiMsgEEE10__max_sizeENS_17integral_constantIbLb1EEERKS4_)
                  000187dc    00000010     SPI_command.obj (.text:_ZNSt3__216allocator_traitsINS_9allocatorIP6SpiMsgEEE8max_sizeERKS4_)
                  000187ec    00000010     menu_page.obj (.text:_ZNSt3__216allocator_traitsINS_9allocatorIP7MenuRowEEE10__max_sizeENS_17integral_constantIbLb1EEERKS4_)
                  000187fc    00000010     menu_page.obj (.text:_ZNSt3__216allocator_traitsINS_9allocatorIP7MenuRowEEE8max_sizeERKS4_)
                  0001880c    00000010     console_task.obj (.text:_ZNSt3__222__compressed_pair_elemIPP11ConsolePageLi0ELb0EEC2IDnvEEOT_)
                  0001881c    00000010     I2C_monitor.obj (.text:_ZNSt3__222__compressed_pair_elemIPP6I2cMsgLi0ELb0EEC2IDnvEEOT_)
                  0001882c    00000010     SPI_command.obj (.text:_ZNSt3__222__compressed_pair_elemIPP6SpiMsgLi0ELb0EEC2IDnvEEOT_)
                  0001883c    00000010     menu_page.obj (.text:_ZNSt3__222__compressed_pair_elemIPP7MenuRowLi0ELb0EEC2IDnvEEOT_)
                  0001884c    00000010     console_task.obj (.text:_ZNSt3__222__compressed_pair_elemIRNS_9allocatorIP11ConsolePageEELi1ELb0EEC2IS5_vEEOT_)
                  0001885c    00000010     I2C_task.obj (.text:_ZNSt3__222__compressed_pair_elemIRNS_9allocatorIP6I2cMsgEELi1ELb0EEC2IS5_vEEOT_)
                  0001886c    00000010     SPI_command.obj (.text:_ZNSt3__222__compressed_pair_elemIRNS_9allocatorIP6SpiMsgEELi1ELb0EEC2IS5_vEEOT_)
                  0001887c    00000010     menu_page.obj (.text:_ZNSt3__222__compressed_pair_elemIRNS_9allocatorIP7MenuRowEELi1ELb0EEC2IS5_vEEOT_)
                  0001888c    00000010     console_task.obj (.text:_ZNSt3__26vectorIP11ConsolePageNS_9allocatorIS2_EEE24__RAII_IncreaseAnnotatorC1ERKS5_j)
                  0001889c    00000010     I2C_monitor.obj (.text:_ZNSt3__26vectorIP6I2cMsgNS_9allocatorIS2_EEE24__RAII_IncreaseAnnotatorC1ERKS5_j)
                  000188ac    00000010     SPI_command.obj (.text:_ZNSt3__26vectorIP6SpiMsgNS_9allocatorIS2_EEE24__RAII_IncreaseAnnotatorC1ERKS5_j)
                  000188bc    00000010     menu_page.obj (.text:_ZNSt3__26vectorIP7MenuRowNS_9allocatorIS2_EEE24__RAII_IncreaseAnnotatorC1ERKS5_j)
                  000188cc    00000010     console_task.obj (.text:_ZNSt3__29allocatorIP11ConsolePageE10deallocateEPS2_j)
                  000188dc    00000010     I2C_monitor.obj (.text:_ZNSt3__29allocatorIP6I2cMsgE10deallocateEPS2_j)
                  000188ec    00000010     SPI_command.obj (.text:_ZNSt3__29allocatorIP6SpiMsgE10deallocateEPS2_j)
                  000188fc    00000010     menu_page.obj (.text:_ZNSt3__29allocatorIP7MenuRowE10deallocateEPS2_j)
                  0001890c    0000000e     usblib.lib : usbdma.obj (.text:DMAUSBIntStatusClear)
                  0001891a    0000000e     rtsv7M4_T_le_v4SPD16_eabi.lib : typeinfo.c.obj (.text:_ZN10__cxxabiv117__class_type_infoD0Ev)
                  00018928    0000000e                                   : typeinfo.c.obj (.text:_ZN10__cxxabiv120__si_class_type_infoD0Ev)
                  00018936    0000000e     console_task.obj (.text:_ZNKSt3__213__vector_baseIP11ConsolePageNS_9allocatorIS2_EEE7__allocEv)
                  00018944    0000000e     console_task.obj (.text:_ZNKSt3__213__vector_baseIP11ConsolePageNS_9allocatorIS2_EEE9__end_capEv)
                  00018952    0000000e     I2C_monitor.obj (.text:_ZNKSt3__213__vector_baseIP6I2cMsgNS_9allocatorIS2_EEE7__allocEv)
                  00018960    0000000e     I2C_monitor.obj (.text:_ZNKSt3__213__vector_baseIP6I2cMsgNS_9allocatorIS2_EEE9__end_capEv)
                  0001896e    0000000e     SPI_command.obj (.text:_ZNKSt3__213__vector_baseIP6SpiMsgNS_9allocatorIS2_EEE7__allocEv)
                  0001897c    0000000e     SPI_command.obj (.text:_ZNKSt3__213__vector_baseIP6SpiMsgNS_9allocatorIS2_EEE9__end_capEv)
                  0001898a    0000000e     menu_page.obj (.text:_ZNKSt3__213__vector_baseIP7MenuRowNS_9allocatorIS2_EEE7__allocEv)
                  00018998    0000000e     menu_page.obj (.text:_ZNKSt3__213__vector_baseIP7MenuRowNS_9allocatorIS2_EEE9__end_capEv)
                  000189a6    0000000e     console_task.obj (.text:_ZNKSt3__214__split_bufferIP11ConsolePageRNS_9allocatorIS2_EEE9__end_capEv)
                  000189b4    0000000e     I2C_task.obj (.text:_ZNKSt3__214__split_bufferIP6I2cMsgRNS_9allocatorIS2_EEE9__end_capEv)
                  000189c2    0000000e     SPI_command.obj (.text:_ZNKSt3__214__split_bufferIP6SpiMsgRNS_9allocatorIS2_EEE9__end_capEv)
                  000189d0    0000000e     menu_page.obj (.text:_ZNKSt3__214__split_bufferIP7MenuRowRNS_9allocatorIS2_EEE9__end_capEv)
                  000189de    0000000e     console_task.obj (.text:_ZNKSt3__26vectorIP11ConsolePageNS_9allocatorIS2_EEE4dataEv)
                  000189ec    0000000e     I2C_monitor.obj (.text:_ZNKSt3__26vectorIP6I2cMsgNS_9allocatorIS2_EEE4dataEv)
                  000189fa    0000000e     SPI_command.obj (.text:_ZNKSt3__26vectorIP6SpiMsgNS_9allocatorIS2_EEE4dataEv)
                  00018a08    0000000e     menu_page.obj (.text:_ZNKSt3__26vectorIP7MenuRowNS_9allocatorIS2_EEE4dataEv)
                  00018a16    0000000e     console_task.obj (.text:_ZNKSt3__29allocatorIP11ConsolePageE8max_sizeEv)
                  00018a24    0000000e     I2C_monitor.obj (.text:_ZNKSt3__29allocatorIP6I2cMsgE8max_sizeEv)
                  00018a32    0000000e     SPI_command.obj (.text:_ZNKSt3__29allocatorIP6SpiMsgE8max_sizeEv)
                  00018a40    0000000e     menu_page.obj (.text:_ZNKSt3__29allocatorIP7MenuRowE8max_sizeEv)
                  00018a4e    0000000e     console_task.obj (.text:_ZNSt3__213__vector_baseIP11ConsolePageNS_9allocatorIS2_EEE7__allocEv)
                  00018a5c    0000000e     console_task.obj (.text:_ZNSt3__213__vector_baseIP11ConsolePageNS_9allocatorIS2_EEE9__end_capEv)
                  00018a6a    0000000e     I2C_monitor.obj (.text:_ZNSt3__213__vector_baseIP6I2cMsgNS_9allocatorIS2_EEE7__allocEv)
                  00018a78    0000000e     I2C_monitor.obj (.text:_ZNSt3__213__vector_baseIP6I2cMsgNS_9allocatorIS2_EEE9__end_capEv)
                  00018a86    0000000e     SPI_command.obj (.text:_ZNSt3__213__vector_baseIP6SpiMsgNS_9allocatorIS2_EEE7__allocEv)
                  00018a94    0000000e     SPI_command.obj (.text:_ZNSt3__213__vector_baseIP6SpiMsgNS_9allocatorIS2_EEE9__end_capEv)
                  00018aa2    0000000e     menu_page.obj (.text:_ZNSt3__213__vector_baseIP7MenuRowNS_9allocatorIS2_EEE7__allocEv)
                  00018ab0    0000000e     menu_page.obj (.text:_ZNSt3__213__vector_baseIP7MenuRowNS_9allocatorIS2_EEE9__end_capEv)
                  00018abe    0000000e     console_task.obj (.text:_ZNSt3__214__split_bufferIP11ConsolePageRNS_9allocatorIS2_EEE7__allocEv)
                  00018acc    0000000e     console_task.obj (.text:_ZNSt3__214__split_bufferIP11ConsolePageRNS_9allocatorIS2_EEE9__end_capEv)
                  00018ada    0000000e     I2C_task.obj (.text:_ZNSt3__214__split_bufferIP6I2cMsgRNS_9allocatorIS2_EEE7__allocEv)
                  00018ae8    0000000e     I2C_task.obj (.text:_ZNSt3__214__split_bufferIP6I2cMsgRNS_9allocatorIS2_EEE9__end_capEv)
                  00018af6    0000000e     SPI_command.obj (.text:_ZNSt3__214__split_bufferIP6SpiMsgRNS_9allocatorIS2_EEE7__allocEv)
                  00018b04    0000000e     SPI_command.obj (.text:_ZNSt3__214__split_bufferIP6SpiMsgRNS_9allocatorIS2_EEE9__end_capEv)
                  00018b12    0000000e     menu_page.obj (.text:_ZNSt3__214__split_bufferIP7MenuRowRNS_9allocatorIS2_EEE7__allocEv)
                  00018b20    0000000e     menu_page.obj (.text:_ZNSt3__214__split_bufferIP7MenuRowRNS_9allocatorIS2_EEE9__end_capEv)
                  00018b2e    0000000e     console_task.obj (.text:_ZNSt3__217__compressed_pairIPP11ConsolePageRNS_9allocatorIS2_EEE6secondEv)
                  00018b3c    0000000e     I2C_task.obj (.text:_ZNSt3__217__compressed_pairIPP6I2cMsgRNS_9allocatorIS2_EEE6secondEv)
                  00018b4a    0000000e     SPI_command.obj (.text:_ZNSt3__217__compressed_pairIPP6SpiMsgRNS_9allocatorIS2_EEE6secondEv)
                  00018b58    0000000e     menu_page.obj (.text:_ZNSt3__217__compressed_pairIPP7MenuRowRNS_9allocatorIS2_EEE6secondEv)
                  00018b66    0000000e     console_task.obj (.text:_ZNSt3__222__compressed_pair_elemINS_9allocatorIP11ConsolePageEELi1ELb1EEC1Ev)
                  00018b74    0000000e     I2C_monitor.obj (.text:_ZNSt3__222__compressed_pair_elemINS_9allocatorIP6I2cMsgEELi1ELb1EEC1Ev)
                  00018b82    0000000e     SPI_command.obj (.text:_ZNSt3__222__compressed_pair_elemINS_9allocatorIP6SpiMsgEELi1ELb1EEC1Ev)
                  00018b90    0000000e     menu_page.obj (.text:_ZNSt3__222__compressed_pair_elemINS_9allocatorIP7MenuRowEELi1ELb1EEC1Ev)
                  00018b9e    0000000e     console_task.obj (.text:_ZNSt3__222__compressed_pair_elemIRNS_9allocatorIP11ConsolePageEELi1ELb0EE5__getEv)
                  00018bac    0000000e     I2C_task.obj (.text:_ZNSt3__222__compressed_pair_elemIRNS_9allocatorIP6I2cMsgEELi1ELb0EE5__getEv)
                  00018bba    0000000e     SPI_command.obj (.text:_ZNSt3__222__compressed_pair_elemIRNS_9allocatorIP6SpiMsgEELi1ELb0EE5__getEv)
                  00018bc8    0000000e     menu_page.obj (.text:_ZNSt3__222__compressed_pair_elemIRNS_9allocatorIP7MenuRowEELi1ELb0EE5__getEv)
                  00018bd6    0000000e     console_task.obj (.text:_ZNSt3__26vectorIP11ConsolePageNS_9allocatorIS2_EEEC1Ev)
                  00018be4    0000000e     I2C_monitor.obj (.text:_ZNSt3__26vectorIP6I2cMsgNS_9allocatorIS2_EEEC1Ev)
                  00018bf2    0000000e     SPI_command.obj (.text:_ZNSt3__26vectorIP6SpiMsgNS_9allocatorIS2_EEEC1Ev)
                  00018c00    0000000e     menu_page.obj (.text:_ZNSt3__26vectorIP7MenuRowNS_9allocatorIS2_EEEC1Ev)
                  00018c0e    0000000e     I2C_task.obj (.text:_ZnwjPv)
                  00018c1c    0000000e     rtsv7M4_T_le_v4SPD16_eabi.lib : copy_decompress_none.c.obj (.text:decompress:none:__TI_decompress_none)
                  00018c2a    0000000c     usblib.lib : usbringbuf.obj (.text:USBRingBufInit)
                  00018c36    0000000c     console_task.obj (.text:_ZNKSt3__217__compressed_pairIPP11ConsolePageNS_9allocatorIS2_EEE5firstEv)
                  00018c42    0000000c     console_task.obj (.text:_ZNKSt3__217__compressed_pairIPP11ConsolePageNS_9allocatorIS2_EEE6secondEv)
                  00018c4e    0000000c     console_task.obj (.text:_ZNKSt3__217__compressed_pairIPP11ConsolePageRNS_9allocatorIS2_EEE5firstEv)
                  00018c5a    0000000c     I2C_monitor.obj (.text:_ZNKSt3__217__compressed_pairIPP6I2cMsgNS_9allocatorIS2_EEE5firstEv)
                  00018c66    0000000c     I2C_monitor.obj (.text:_ZNKSt3__217__compressed_pairIPP6I2cMsgNS_9allocatorIS2_EEE6secondEv)
                  00018c72    0000000c     I2C_task.obj (.text:_ZNKSt3__217__compressed_pairIPP6I2cMsgRNS_9allocatorIS2_EEE5firstEv)
                  00018c7e    0000000c     SPI_command.obj (.text:_ZNKSt3__217__compressed_pairIPP6SpiMsgNS_9allocatorIS2_EEE5firstEv)
                  00018c8a    0000000c     SPI_command.obj (.text:_ZNKSt3__217__compressed_pairIPP6SpiMsgNS_9allocatorIS2_EEE6secondEv)
                  00018c96    0000000c     SPI_command.obj (.text:_ZNKSt3__217__compressed_pairIPP6SpiMsgRNS_9allocatorIS2_EEE5firstEv)
                  00018ca2    0000000c     menu_page.obj (.text:_ZNKSt3__217__compressed_pairIPP7MenuRowNS_9allocatorIS2_EEE5firstEv)
                  00018cae    0000000c     menu_page.obj (.text:_ZNKSt3__217__compressed_pairIPP7MenuRowNS_9allocatorIS2_EEE6secondEv)
                  00018cba    0000000c     menu_page.obj (.text:_ZNKSt3__217__compressed_pairIPP7MenuRowRNS_9allocatorIS2_EEE5firstEv)
                  00018cc6    00000002     --HOLE-- [fill = 0]
                  00018cc8    0000000c     rtsv7M4_T_le_v4SPD16_eabi.lib : vector.cpp.obj (.text:_ZNKSt3__220__vector_base_commonILb1EE20__throw_length_errorEv)
                  00018cd4    0000000c     console_task.obj (.text:_ZNKSt3__222__compressed_pair_elemINS_9allocatorIP11ConsolePageEELi1ELb1EE5__getEv)
                  00018ce0    0000000c     I2C_monitor.obj (.text:_ZNKSt3__222__compressed_pair_elemINS_9allocatorIP6I2cMsgEELi1ELb1EE5__getEv)
                  00018cec    0000000c     SPI_command.obj (.text:_ZNKSt3__222__compressed_pair_elemINS_9allocatorIP6SpiMsgEELi1ELb1EE5__getEv)
                  00018cf8    0000000c     menu_page.obj (.text:_ZNKSt3__222__compressed_pair_elemINS_9allocatorIP7MenuRowEELi1ELb1EE5__getEv)
                  00018d04    0000000c     console_task.obj (.text:_ZNKSt3__222__compressed_pair_elemIPP11ConsolePageLi0ELb0EE5__getEv)
                  00018d10    0000000c     I2C_monitor.obj (.text:_ZNKSt3__222__compressed_pair_elemIPP6I2cMsgLi0ELb0EE5__getEv)
                  00018d1c    0000000c     SPI_command.obj (.text:_ZNKSt3__222__compressed_pair_elemIPP6SpiMsgLi0ELb0EE5__getEv)
                  00018d28    0000000c     menu_page.obj (.text:_ZNKSt3__222__compressed_pair_elemIPP7MenuRowLi0ELb0EE5__getEv)
                  00018d34    0000000c     console_task.obj (.text:_ZNKSt3__26vectorIP11ConsolePageNS_9allocatorIS2_EEE8capacityEv)
                  00018d40    0000000c     I2C_monitor.obj (.text:_ZNKSt3__26vectorIP6I2cMsgNS_9allocatorIS2_EEE8capacityEv)
                  00018d4c    0000000c     SPI_command.obj (.text:_ZNKSt3__26vectorIP6SpiMsgNS_9allocatorIS2_EEE8capacityEv)
                  00018d58    0000000c     menu_page.obj (.text:_ZNKSt3__26vectorIP7MenuRowNS_9allocatorIS2_EEE8capacityEv)
                  00018d64    0000000c     I2C_monitor.obj (.text:_ZNSt3__210__allocateEj)
                  00018d70    0000000c     I2C_monitor.obj (.text:_ZNSt3__213__unwrap_iterIPP6I2cMsgEET_S4_)
                  00018d7c    0000000c     SPI_monitor.obj (.text:_ZNSt3__213__unwrap_iterIPP6SpiMsgEET_S4_)
                  00018d88    0000000c     console_task.obj (.text:_ZNSt3__213__vector_baseIP11ConsolePageNS_9allocatorIS2_EEEC2Ev)
                  00018d94    0000000c     I2C_monitor.obj (.text:_ZNSt3__213__vector_baseIP6I2cMsgNS_9allocatorIS2_EEEC2Ev)
                  00018da0    0000000c     SPI_command.obj (.text:_ZNSt3__213__vector_baseIP6SpiMsgNS_9allocatorIS2_EEEC2Ev)
                  00018dac    0000000c     menu_page.obj (.text:_ZNSt3__213__vector_baseIP7MenuRowNS_9allocatorIS2_EEEC2Ev)
                  00018db8    0000000c     console_task.obj (.text:_ZNSt3__216__to_raw_pointerIP11ConsolePageEEPT_S4_)
                  00018dc4    0000000c     I2C_monitor.obj (.text:_ZNSt3__216__to_raw_pointerIP6I2cMsgEEPT_S4_)
                  00018dd0    0000000c     SPI_command.obj (.text:_ZNSt3__216__to_raw_pointerIP6SpiMsgEEPT_S4_)
                  00018ddc    0000000c     menu_page.obj (.text:_ZNSt3__216__to_raw_pointerIP7MenuRowEEPT_S4_)
                  00018de8    0000000c     console_task.obj (.text:_ZNSt3__217__compressed_pairIPP11ConsolePageNS_9allocatorIS2_EEE5firstEv)
                  00018df4    0000000c     console_task.obj (.text:_ZNSt3__217__compressed_pairIPP11ConsolePageNS_9allocatorIS2_EEE6secondEv)
                  00018e00    0000000c     console_task.obj (.text:_ZNSt3__217__compressed_pairIPP11ConsolePageRNS_9allocatorIS2_EEE5firstEv)
                  00018e0c    0000000c     I2C_monitor.obj (.text:_ZNSt3__217__compressed_pairIPP6I2cMsgNS_9allocatorIS2_EEE5firstEv)
                  00018e18    0000000c     I2C_monitor.obj (.text:_ZNSt3__217__compressed_pairIPP6I2cMsgNS_9allocatorIS2_EEE6secondEv)
                  00018e24    0000000c     I2C_task.obj (.text:_ZNSt3__217__compressed_pairIPP6I2cMsgRNS_9allocatorIS2_EEE5firstEv)
                  00018e30    0000000c     SPI_command.obj (.text:_ZNSt3__217__compressed_pairIPP6SpiMsgNS_9allocatorIS2_EEE5firstEv)
                  00018e3c    0000000c     SPI_command.obj (.text:_ZNSt3__217__compressed_pairIPP6SpiMsgNS_9allocatorIS2_EEE6secondEv)
                  00018e48    0000000c     SPI_command.obj (.text:_ZNSt3__217__compressed_pairIPP6SpiMsgRNS_9allocatorIS2_EEE5firstEv)
                  00018e54    0000000c     menu_page.obj (.text:_ZNSt3__217__compressed_pairIPP7MenuRowNS_9allocatorIS2_EEE5firstEv)
                  00018e60    0000000c     menu_page.obj (.text:_ZNSt3__217__compressed_pairIPP7MenuRowNS_9allocatorIS2_EEE6secondEv)
                  00018e6c    0000000c     menu_page.obj (.text:_ZNSt3__217__compressed_pairIPP7MenuRowRNS_9allocatorIS2_EEE5firstEv)
                  00018e78    0000000c     I2C_monitor.obj (.text:_ZNSt3__219__libcpp_deallocateEPv)
                  00018e84    0000000c     console_task.obj (.text:_ZNSt3__222__compressed_pair_elemINS_9allocatorIP11ConsolePageEELi1ELb1EE5__getEv)
                  00018e90    0000000c     console_task.obj (.text:_ZNSt3__222__compressed_pair_elemINS_9allocatorIP11ConsolePageEELi1ELb1EEC2Ev)
                  00018e9c    0000000c     I2C_monitor.obj (.text:_ZNSt3__222__compressed_pair_elemINS_9allocatorIP6I2cMsgEELi1ELb1EE5__getEv)
                  00018ea8    0000000c     I2C_monitor.obj (.text:_ZNSt3__222__compressed_pair_elemINS_9allocatorIP6I2cMsgEELi1ELb1EEC2Ev)
                  00018eb4    0000000c     SPI_command.obj (.text:_ZNSt3__222__compressed_pair_elemINS_9allocatorIP6SpiMsgEELi1ELb1EE5__getEv)
                  00018ec0    0000000c     SPI_command.obj (.text:_ZNSt3__222__compressed_pair_elemINS_9allocatorIP6SpiMsgEELi1ELb1EEC2Ev)
                  00018ecc    0000000c     menu_page.obj (.text:_ZNSt3__222__compressed_pair_elemINS_9allocatorIP7MenuRowEELi1ELb1EE5__getEv)
                  00018ed8    0000000c     menu_page.obj (.text:_ZNSt3__222__compressed_pair_elemINS_9allocatorIP7MenuRowEELi1ELb1EEC2Ev)
                  00018ee4    0000000c     console_task.obj (.text:_ZNSt3__222__compressed_pair_elemIPP11ConsolePageLi0ELb0EE5__getEv)
                  00018ef0    0000000c     I2C_monitor.obj (.text:_ZNSt3__222__compressed_pair_elemIPP6I2cMsgLi0ELb0EE5__getEv)
                  00018efc    0000000c     SPI_command.obj (.text:_ZNSt3__222__compressed_pair_elemIPP6SpiMsgLi0ELb0EE5__getEv)
                  00018f08    0000000c     menu_page.obj (.text:_ZNSt3__222__compressed_pair_elemIPP7MenuRowLi0ELb0EE5__getEv)
                  00018f14    0000000c     I2C_task.obj (.text:_ZNSt3__24moveIRP6I2cMsgEEONS_16remove_referenceIT_E4typeEOS5_)
                  00018f20    0000000c     SPI_command.obj (.text:_ZNSt3__24moveIRP6SpiMsgEEONS_16remove_referenceIT_E4typeEOS5_)
                  00018f2c    0000000c     console_task.obj (.text:_ZNSt3__24moveIRPP11ConsolePageEEONS_16remove_referenceIT_E4typeEOS6_)
                  00018f38    0000000c     I2C_task.obj (.text:_ZNSt3__24moveIRPP6I2cMsgEEONS_16remove_referenceIT_E4typeEOS6_)
                  00018f44    0000000c     SPI_command.obj (.text:_ZNSt3__24moveIRPP6SpiMsgEEONS_16remove_referenceIT_E4typeEOS6_)
                  00018f50    0000000c     menu_page.obj (.text:_ZNSt3__24moveIRPP7MenuRowEEONS_16remove_referenceIT_E4typeEOS6_)
                  00018f5c    0000000c     I2C_monitor.obj (.text:_ZNSt3__26vectorIP6I2cMsgNS_9allocatorIS2_EEE27__invalidate_iterators_pastEPS2_)
                  00018f68    0000000c     SPI_monitor.obj (.text:_ZNSt3__26vectorIP6SpiMsgNS_9allocatorIS2_EEE27__invalidate_iterators_pastEPS2_)
                  00018f74    0000000c     I2C_monitor.obj (.text:_ZNSt3__27forwardIDnEEOT_RNS_16remove_referenceIS1_E4typeE)
                  00018f80    0000000c     I2C_task.obj (.text:_ZNSt3__27forwardIP6I2cMsgEEOT_RNS_16remove_referenceIS3_E4typeE)
                  00018f8c    0000000c     SPI_command.obj (.text:_ZNSt3__27forwardIP6SpiMsgEEOT_RNS_16remove_referenceIS3_E4typeE)
                  00018f98    0000000c     console_task.obj (.text:_ZNSt3__27forwardIRKP11ConsolePageEEOT_RNS_16remove_referenceIS5_E4typeE)
                  00018fa4    0000000c     menu_page.obj (.text:_ZNSt3__27forwardIRKP7MenuRowEEOT_RNS_16remove_referenceIS5_E4typeE)
                  00018fb0    0000000c     console_task.obj (.text:_ZNSt3__27forwardIRNS_9allocatorIP11ConsolePageEEEEOT_RNS_16remove_referenceIS6_E4typeE)
                  00018fbc    0000000c     I2C_task.obj (.text:_ZNSt3__27forwardIRNS_9allocatorIP6I2cMsgEEEEOT_RNS_16remove_referenceIS6_E4typeE)
                  00018fc8    0000000c     SPI_command.obj (.text:_ZNSt3__27forwardIRNS_9allocatorIP6SpiMsgEEEEOT_RNS_16remove_referenceIS6_E4typeE)
                  00018fd4    0000000c     menu_page.obj (.text:_ZNSt3__27forwardIRNS_9allocatorIP7MenuRowEEEEOT_RNS_16remove_referenceIS6_E4typeE)
                  00018fe0    0000000c     console_task.obj (.text:_ZNSt3__29allocatorIP11ConsolePageE7destroyEPS2_)
                  00018fec    0000000c     console_task.obj (.text:_ZNSt3__29allocatorIP11ConsolePageEC1Ev)
                  00018ff8    0000000c     console_task.obj (.text:_ZNSt3__29allocatorIP11ConsolePageEC2Ev)
                  00019004    0000000c     I2C_monitor.obj (.text:_ZNSt3__29allocatorIP6I2cMsgE7destroyEPS2_)
                  00019010    0000000c     I2C_monitor.obj (.text:_ZNSt3__29allocatorIP6I2cMsgEC1Ev)
                  0001901c    0000000c     I2C_monitor.obj (.text:_ZNSt3__29allocatorIP6I2cMsgEC2Ev)
                  00019028    0000000c     SPI_command.obj (.text:_ZNSt3__29allocatorIP6SpiMsgE7destroyEPS2_)
                  00019034    0000000c     SPI_command.obj (.text:_ZNSt3__29allocatorIP6SpiMsgEC1Ev)
                  00019040    0000000c     SPI_command.obj (.text:_ZNSt3__29allocatorIP6SpiMsgEC2Ev)
                  0001904c    0000000c     menu_page.obj (.text:_ZNSt3__29allocatorIP7MenuRowE7destroyEPS2_)
                  00019058    0000000c     menu_page.obj (.text:_ZNSt3__29allocatorIP7MenuRowEC1Ev)
                  00019064    0000000c     menu_page.obj (.text:_ZNSt3__29allocatorIP7MenuRowEC2Ev)
                  00019070    0000000c     rtsv7M4_T_le_v4SPD16_eabi.lib : copy_zero_init.c.obj (.text:decompress:ZI:__TI_zero_init)
                  0001907c    0000000c     tm4c123gh6pm_startup_ccs.obj (.text)
                  00019088    0000000a     I2C_monitor.obj (.text:_ZNSt3__220__throw_length_errorEPKc)
                  00019092    0000000a     console_task.obj (.text:_ZNSt3__26vectorIP11ConsolePageNS_9allocatorIS2_EEE24__RAII_IncreaseAnnotator6__doneEv)
                  0001909c    0000000a     console_task.obj (.text:_ZNSt3__26vectorIP11ConsolePageNS_9allocatorIS2_EEE26__invalidate_all_iteratorsEv)
                  000190a6    0000000a     I2C_monitor.obj (.text:_ZNSt3__26vectorIP6I2cMsgNS_9allocatorIS2_EEE24__RAII_IncreaseAnnotator6__doneEv)
                  000190b0    0000000a     I2C_monitor.obj (.text:_ZNSt3__26vectorIP6I2cMsgNS_9allocatorIS2_EEE26__invalidate_all_iteratorsEv)
                  000190ba    0000000a     SPI_command.obj (.text:_ZNSt3__26vectorIP6SpiMsgNS_9allocatorIS2_EEE24__RAII_IncreaseAnnotator6__doneEv)
                  000190c4    0000000a     SPI_command.obj (.text:_ZNSt3__26vectorIP6SpiMsgNS_9allocatorIS2_EEE26__invalidate_all_iteratorsEv)
                  000190ce    0000000a     menu_page.obj (.text:_ZNSt3__26vectorIP7MenuRowNS_9allocatorIS2_EEE24__RAII_IncreaseAnnotator6__doneEv)
                  000190d8    0000000a     menu_page.obj (.text:_ZNSt3__26vectorIP7MenuRowNS_9allocatorIS2_EEE26__invalidate_all_iteratorsEv)
                  000190e2    0000000a     rtsv7M4_T_le_v4SPD16_eabi.lib : sprintf.c.obj (.text:_outc)
                  000190ec    00000008                                   : errno.c.obj (.text:__aeabi_errno_addr)
                  000190f4    00000008     usblib.lib : usbdma.obj (.text:iDMAUSBChannelIntDisable)
                  000190fc    00000008                : usbdma.obj (.text:iDMAUSBChannelIntEnable)
                  00019104    00000008     rtsv7M4_T_le_v4SPD16_eabi.lib : memory.c.obj (.text:malloc)
                  0001910c    00000006     sysctl.obj (.text:SysCtlDelay)
                  00019112    00000006     usblib.lib : usbbuffer.obj (.text:USBBufferDataAvailable)
                  00019118    00000006                : usbbuffer.obj (.text:USBBufferFlush)
                  0001911e    00000006                : usbbuffer.obj (.text:USBBufferSpaceAvailable)
                  00019124    00000006     rtsv7M4_T_le_v4SPD16_eabi.lib : pure_virt.c.obj (.text:__cxa_pure_virtual)
                  0001912a    00000006     usblib.lib : usbdma.obj (.text:iDMAUSBIntStatus)
                  00019130    00000004                : usbdma.obj (.text:DMAUSBStatus)
                  00019134    00000004     rtsv7M4_T_le_v4SPD16_eabi.lib : typeinfo.c.obj (.text:_ZN10__cxxabiv117__class_type_infoD1Ev)
                  00019138    00000004                                   : typeinfo.c.obj (.text:_ZN10__cxxabiv120__si_class_type_infoD1Ev)
                  0001913c    00000004                                   : new.cpp.obj (.text:_ZdlPvj)
                  00019140    00000004                                   : error.c.obj (.text:__abort_execution)
                  00019144    00000004                                   : pre_init.c.obj (.text:_system_pre_init)
                  00019148    00000004                                   : exit.c.obj (.text:abort:abort)

.const     0    0001914c    000010b8     
                  0001914c    00000120     sysctl.obj (.const:g_pppui32XTALtoVCO)
                  0001926c    00000101     rtsv7M4_T_le_v4SPD16_eabi.lib : ctype.c.obj (.const:.string:_ctypes_)
                  0001936d    00000003     --HOLE-- [fill = 0]
                  00019370    000000fc     no_booster_board.obj (.const:.string)
                  0001946c    000000c0     gpio.obj (.const:g_ppui32GPIOIntMapBlizzard)
                  0001952c    000000c0     gpio.obj (.const:g_ppui32GPIOIntMapSnowflake)
                  000195ec    0000009c     interrupt.obj (.const:g_pui32Regs)
                  00019688    00000090     gpio.obj (.const:g_pui32GPIOBaseAddrs)
                  00019718    0000006c     sysctl.obj (.const:g_pui32Xtals)
                  00019784    00000060     timer.obj (.const:g_ppui32TimerIntMap)
                  000197e4    00000052     GPOs.obj (.const:.string)
                  00019836    00000002     --HOLE-- [fill = 0]
                  00019838    00000050     i2c.obj (.const:g_ppui32I2CIntMapSnowflake)
                  00019888    00000044     console_task.obj (.const:.string:_ZZNSt3__29allocatorIP11ConsolePageE8allocateEjPKvEs)
                  000198cc    00000044     I2C_monitor.obj (.const:.string:_ZZNSt3__29allocatorIP6I2cMsgE8allocateEjPKvEs)
                  00019910    00000044     SPI_command.obj (.const:.string:_ZZNSt3__29allocatorIP6SpiMsgE8allocateEjPKvEs)
                  00019954    00000044     menu_page.obj (.const:.string:_ZZNSt3__29allocatorIP7MenuRowE8allocateEjPKvEs)
                  00019998    00000040     timer.obj (.const:g_ppui32TimerIntMapSnowflake)
                  000199d8    00000040     uart.obj (.const:g_ppui32UARTIntMap)
                  00019a18    00000040     uart.obj (.const:g_ppui32UARTIntMapSnowflake)
                  00019a58    00000036     usb_serial_structs.obj (.const:.string:g_pui8ConfigString)
                  00019a8e    00000002     --HOLE-- [fill = 0]
                  00019a90    00000034     usblib.lib : usbdenum.obj (.const:g_psUSBDStdRequests)
                  00019ac4    00000030     i2c.obj (.const:g_ppui32I2CIntMap)
                  00019af4    00000030     usblib.lib : usbdcdc.obj (.const:g_sCDCHandlers)
                  00019b24    00000030     sysctl.obj (.const:g_sXTALtoMEMTIM)
                  00019b54    0000002c     usb_serial_structs.obj (.const:.string:g_pui8ControlInterfaceString)
                  00019b80    00000025     rtsv7M4_T_le_v4SPD16_eabi.lib : typeinfo.c.obj (.const:.typeinfo:_ZTSN10__cxxabiv120__si_class_type_infoE)
                  00019ba5    00000024     usb_serial_structs.obj (.const:.string:g_pui8ManufacturerString)
                  00019bc9    00000023     usblib.lib : usbdcdc.obj (.const:.string:g_pui8CDCSerCommInterface)
                  00019bec    00000022     usb_serial_structs.obj (.const:.string:g_pui8ProductString)
[...]
20005df8  __stack                                                                                                                                                                                                                                                                          
20005ff8  __STACK_TOP                                                                                                                                                                                                                                                                      
200065f8  __STACK_END                                                                                                                                                                                                                                                                      
200065f8  _ftable                                                                                                                                                                                                                                                                          
200066e8  _device                                                                                                                                                                                                                                                                          
20006760  g_sCDCDevice                                                                                                                                                                                                                                                                     
200067c0  _stream                                                                                                                                                                                                                                                                          
20006810  g_sRxBuffer                                                                                                                                                                                                                                                                      
20006848  g_sTxBuffer                                                                                                                                                                                                                                                                      
20006880  pxCurrentTCB                                                                                                                                                                                                                                                                     
200069cc  i2c_speed_name                                                                                                                                                                                                                                                                   
200069d0  spi_mode_name                                                                                                                                                                                                                                                                    
200069d4  uart_parity_name                                                                                                                                                                                                                                                                 
200069d8  uart_stop_bit_name                                                                                                                                                                                                                                                               
200069dc  uart_mode_name                                                                                                                                                                                                                                                                   
200069e0  power_on_name                                                                                                                                                                                                                                                                    
200069e4  power_select_name                                                                                                                                                                                                                                                                
200069e8  pullup_en_name                                                                                                                                                                                                                                                                   
20006b60  g_ui32UARTTxCount                                                                                                                                                                                                                                                                
20006b64  g_ui32UARTRxCount                                                                                                                                                                                                                                                                
20006b74  gpo_obj                                                                                                                                                                                                                                                                          
20006b78  power_on_pin                                                                                                                                                                                                                                                                     
20006b7c  psel_1v8_pin                                                                                                                                                                                                                                                                     
20006b80  psel_3v3_pin                                                                                                                                                                                                                                                                     
20006b84  psel_5v_pin                                                                                                                                                                                                                                                                      
20006b88  pullup_en_pin                                                                                                                                                                                                                                                                    
20006ba4  spi_mode_menu                                                                                                                                                                                                                                                                    
20006bbc  uart_parity_menu                                                                                                                                                                                                                                                                 
20006bd0  g_pui8CDCSerDeviceDescriptor                                                                                                                                                                                                                                                     
20006c34  g_psCDCCompSerSections                                                                                                                                                                                                                                                           
20006c44  g_psCDCCompSerSectionsHS                                                                                                                                                                                                                                                         
20006c54  __TI_ft_end                                                                                                                                                                                                                                                                      
20006c58  __aeabi_stdin                                                                                                                                                                                                                                                                    
20006c5c  __aeabi_stdout                                                                                                                                                                                                                                                                   
20006c60  __aeabi_stderr                                                                                                                                                                                                                                                                   
20006c64  __TI_cleanup_ptr                                                                                                                                                                                                                                                                 
20006c68  __TI_dtors_ptr                                                                                                                                                                                                                                                                   
20006c6c  __TI_enable_exit_profile_output                                                                                                                                                                                                                                                  
20006c7c  g_psCDCSerSections                                                                                                                                                                                                                                                               
20006c88  g_psCDCSerSectionsHS                                                                                                                                                                                                                                                             
20006ca0  power_select_menu                                                                                                                                                                                                                                                                
20006cac  g_bUSBTimerInitialized                                                                                                                                                                                                                                                           
20006cb0  g_ui32CurrentUSBTick                                                                                                                                                                                                                                                             
20006cb4  g_ui32USBSOFCount                                                                                                                                                                                                                                                                
20006cb8  g_pui8CDCSerDescriptor                                                                                                                                                                                                                                                           
20006cd0  g_iUSBMode                                                                                                                                                                                                                                                                       
20006cd4  g_ui32WaitTicks                                                                                                                                                                                                                                                                  
20006cdc  _lock                                                                                                                                                                                                                                                                            
20006ce0  _unlock                                                                                                                                                                                                                                                                          
20006cec  adc_pin_struct                                                                                                                                                                                                                                                                   
20006cf4  board_gpi_info                                                                                                                                                                                                                                                                   
20006cfc  board_gpo_info                                                                                                                                                                                                                                                                   
20006d04  board_pwm_info                                                                                                                                                                                                                                                                   
20006d10  _ZN11ErrorLogger3objE                                                                                                                                                                                                                                                            
20006d14  g_pui8IADSerDescriptor                                                                                                                                                                                                                                                           
20006d1c  i2c_speed_menu                                                                                                                                                                                                                                                                   
20006d24  power_on_menu                                                                                                                                                                                                                                                                    
20006d2c  pullup_en_menu                                                                                                                                                                                                                                                                   
20006d3c  uart_mode_menu                                                                                                                                                                                                                                                                   
20006d44  uart_stop_bit_menu                                                                                                                                                                                                                                                               
20006d64  errno                                                                                                                                                                                                                                                                            
20006d68  _sys_memory                                                                                                                                                                                                                                                                      
ffffffff  __TI_pprof_out_hndl                                                                                                                                                                                                                                                              
ffffffff  __TI_prof_data_size                                                                                                                                                                                                                                                              
ffffffff  __TI_prof_data_start                                                                                                                                                                                                                                                             
ffffffff  __binit__                                                                                                                                                                                                                                                                        
ffffffff  __c_args__                                                                                                                                                                                                                                                                       
ffffffff  binit                                                                                                                                                                                                                                                                            
UNDEFED   __mpu_init                                                                                                                                                                                                                                                                       
UNDEFED   _system_post_cinit                                                                                                                                                                                                                                                               

[1501 symbols]
