******************************************************************************
                  TI ARM Linker PC v20.2.2                     
******************************************************************************
>> Linked Mon Aug 23 07:02:17 2021

OUTPUT FILE NAME:   <MicroMasterTM4C123G.out>
ENTRY POINT SYMBOL: "_c_int00_noargs"  address: 00010d29


MEMORY CONFIGURATION

         name            origin    length      used     unused   attr    fill
----------------------  --------  ---------  --------  --------  ----  --------
  FLASH                 00000000   00040000  00013434  0002cbcc  R  X
  SRAM                  20000000   00008000  000051f8  00002e08  RW X


SEGMENT ALLOCATION MAP

run origin  load origin   length   init length attrs members
----------  ----------- ---------- ----------- ----- -------
00000000    00000000    00013438   00013438    r-x
  00000000    00000000    0000026c   0000026c    r-- .intvecs
  0000026c    0000026c    00012320   00012320    r-x .text
  0001258c    0001258c    00000d10   00000d10    r-- .const
  000132a0    000132a0    00000198   00000198    r-- .cinit
20000000    20000000    000051f8   00000000    rw-
  20000000    20000000    0000026c   00000000    rw- .vtable
  2000026c    2000026c    000043a4   00000000    rw- .bss
  20004610    20004610    00000800   00000000    rw- .stack
  20004e10    20004e10    000003d8   00000000    rw- .data
  200051e8    200051e8    00000010   00000000    rw- .sysmem


SECTION ALLOCATION MAP

 output                                  attributes/
section   page    origin      length       input sections
--------  ----  ----------  ----------   ----------------
.intvecs   0    00000000    0000026c     
                  00000000    0000026c     tm4c123gh6pm_startup_ccs.obj (.intvecs)

.text      0    0000026c    00012320     
                  0000026c    00001ddc     tasks.obj (.text)
                  00002048    00001238     I2C_task.obj (.text)
                  00003280    000010e8     SPI_command.obj (.text)
                  00004368    00000fa8     queue.obj (.text)
                  00005310    00000ef4     sysctl.obj (.text)
                  00006204    00000b88     gpio.obj (.text)
                  00006d8c    00000a4e     rtsv7M4_T_le_v4SPD16_eabi.lib : _printfi.c.obj (.text:__TI_printfi)
                  000077da    00000002                                   : vector.cpp.obj (.text:_ZNSt3__220__vector_base_commonILb1EEC2Ev)
                  000077dc    000007c2     adc.obj (.text)
                  00007f9e    00000002     rtsv7M4_T_le_v4SPD16_eabi.lib : stdlib_typeinfo.cpp.obj (.text:_ZNSt9type_infoD1Ev)
                  00007fa0    00000718     pwm.obj (.text)
                  000086b8    0000069c     i2c.obj (.text)
                  00008d54    00000662     console_task.obj (.text)
                  000093b6    00000002     rtsv7M4_T_le_v4SPD16_eabi.lib : _lock.c.obj (.text:_nop)
                  000093b8    00000642     timer.obj (.text)
                  000099fa    00000002     rtsv7M4_T_le_v4SPD16_eabi.lib : div0.asm.obj (.text)
                  000099fc    00000618     uart.obj (.text)
                  0000a014    000005dd     I2C_monitor.obj (.text)
                  0000a5f1    00000003     --HOLE-- [fill = 0]
                  0000a5f4    000005a4     I2C_scripter.obj (.text)
                  0000ab98    000004a8     uartstdio.obj (.text)
                  0000b040    0000046b     PWM_page.obj (.text)
                  0000b4ab    00000001     --HOLE-- [fill = 0]
                  0000b4ac    00000454     heap_4.obj (.text)
                  0000b900    00000402     menu_page.obj (.text)
                  0000bd02    00000002     --HOLE-- [fill = 0]
                  0000bd04    000003c0     interrupt.obj (.text)
                  0000c0c4    000003b4     io_control_page.obj (.text)
                  0000c478    00000346     ssi.obj (.text)
                  0000c7be    00000002     --HOLE-- [fill = 0]
                  0000c7c0    000002a4     task_manager.obj (.text)
                  0000ca64    000002a0     error_logger.obj (.text)
                  0000cd04    0000029c     I2C_sniffer.obj (.text)
                  0000cfa0    00000290     no_booster_board.obj (.text)
                  0000d230    0000028c     ADC_task.obj (.text)
                  0000d4bc    0000028c     port.obj (.text)
                  0000d748    00000270     rtsv7M4_T_le_v4SPD16_eabi.lib : _printfi.c.obj (.text:_pconv_a)
                  0000d9b8    00000214     GPIs.obj (.text)
                  0000dbcc    000001d4     GPOs.obj (.text)
                  0000dda0    000001d0     rtsv7M4_T_le_v4SPD16_eabi.lib : _printfi.c.obj (.text:_pconv_g)
                  0000df70    000001b6                                   : fd_add_t2.asm.obj (.text)
                  0000e126    00000002     --HOLE-- [fill = 0]
                  0000e128    0000013c                                   : _printfi.c.obj (.text:_pconv_e)
                  0000e264    00000136                                   : fd_div_t2.asm.obj (.text)
                  0000e39a    0000012a     list.obj (.text)
                  0000e4c4    00000124     rtsv7M4_T_le_v4SPD16_eabi.lib : _printfi.c.obj (.text:fcvt)
                  0000e5e8    00000114                                   : fputs.c.obj (.text:fputs)
                  0000e6fc    00000110                                   : s_scalbn.c.obj (.text:scalbn)
                  0000e80c    00000100                                   : memory.c.obj (.text:aligned_alloc)
                  0000e90c    000000fc     console_uart.obj (.text)
                  0000ea08    000000fc     rtsv7M4_T_le_v4SPD16_eabi.lib : fd_mul_t2.asm.obj (.text)
                  0000eb04    000000f4     test_task.obj (.text)
                  0000ebf8    000000e4     rtsv7M4_T_le_v4SPD16_eabi.lib : memory.c.obj (.text:free)
                  0000ecdc    000000dc                                   : setvbuf.c.obj (.text:setvbuf)
                  0000edb8    000000da     portasm.obj (.text)
                  0000ee92    00000002     --HOLE-- [fill = 0]
                  0000ee94    000000d2     text_controls.obj (.text)
                  0000ef66    00000002     --HOLE-- [fill = 0]
                  0000ef68    000000c0     fpu.obj (.text)
                  0000f028    000000b1     rtsv7M4_T_le_v4SPD16_eabi.lib : _printfi.c.obj (.text:_ltostr)
                  0000f0d9    00000001     --HOLE-- [fill = 0]
                  0000f0da    000000b0     I2C_monitor.obj (.text:_ZNSt3__26vectorIP6I2cMsgNS_9allocatorIS2_EEE6assignIPS2_EENS_9enable_ifIXaasr3std3__221__is_forward_iteratorIT_EE5valuesr3std3__216is_constructibleIS2_JNS_15iterator_traitsIS9_E9referenceEEEE5valueEvE4typeES9_S9_)
                  0000f18a    0000009c     rtsv7M4_T_le_v4SPD16_eabi.lib : memcpy_t2.asm.obj (.text)
                  0000f226    00000096                                   : ull_div_t2.asm.obj (.text)
                  0000f2bc    00000086                                   : fd_cmp_t2.asm.obj (.text:__aeabi_cdcmple)
                  0000f342    00000086                                   : fd_cmp_t2.asm.obj (.text:__aeabi_cdrcmple)
                  0000f3c8    0000007c                                   : fflush.c.obj (.text:fflush)
                  0000f444    0000007a                                   : memset_t2.asm.obj (.text)
                  0000f4be    00000002     --HOLE-- [fill = 0]
                  0000f4c0    00000074                                   : fclose.c.obj (.text:__TI_closefile)
                  0000f534    00000070                                   : memory.c.obj (.text:split)
                  0000f5a4    0000006e                                   : _printfi.c.obj (.text:_mcpy)
                  0000f612    00000002     --HOLE-- [fill = 0]
                  0000f614    0000006c                                   : hostrename.c.obj (.text:HOSTrename)
                  0000f680    0000006c     console_task.obj (.text:_ZNSt3__26vectorIP11ConsolePageNS_9allocatorIS2_EEE26__swap_out_circular_bufferERNS_14__split_bufferIS2_RS4_EE)
                  0000f6ec    0000006c     I2C_task.obj (.text:_ZNSt3__26vectorIP6I2cMsgNS_9allocatorIS2_EEE26__swap_out_circular_bufferERNS_14__split_bufferIS2_RS4_EE)
                  0000f758    0000006c     SPI_command.obj (.text:_ZNSt3__26vectorIP6SpiMsgNS_9allocatorIS2_EEE26__swap_out_circular_bufferERNS_14__split_bufferIS2_RS4_EE)
                  0000f7c4    0000006c     menu_page.obj (.text:_ZNSt3__26vectorIP7MenuRowNS_9allocatorIS2_EEE26__swap_out_circular_bufferERNS_14__split_bufferIS2_RS4_EE)
                  0000f830    00000068     rtsv7M4_T_le_v4SPD16_eabi.lib : hostlseek.c.obj (.text:HOSTlseek)
                  0000f898    00000068                                   : copy_decompress_lzss.c.obj (.text:decompress:lzss:__TI_decompress_lzss)
                  0000f900    00000064     console_task.obj (.text:_ZNSt3__26vectorIP11ConsolePageNS_9allocatorIS2_EEE21__push_back_slow_pathIRKS2_EEvOT_)
                  0000f964    00000064     I2C_task.obj (.text:_ZNSt3__26vectorIP6I2cMsgNS_9allocatorIS2_EEE21__push_back_slow_pathIS2_EEvOT_)
                  0000f9c8    00000064     SPI_command.obj (.text:_ZNSt3__26vectorIP6SpiMsgNS_9allocatorIS2_EEE21__push_back_slow_pathIS2_EEvOT_)
                  0000fa2c    00000064     menu_page.obj (.text:_ZNSt3__26vectorIP7MenuRowNS_9allocatorIS2_EEE21__push_back_slow_pathIRKS2_EEvOT_)
                  0000fa90    00000064     rtsv7M4_T_le_v4SPD16_eabi.lib : s_frexp.c.obj (.text:frexp)
                  0000faf4    00000064                                   : fseek.c.obj (.text:fseek)
                  0000fb58    00000062     I2C_task.obj (.text:_ZNSt3__26vectorIP6I2cMsgNS_9allocatorIS2_EEE9push_backEOS2_)
                  0000fbba    00000062     SPI_command.obj (.text:_ZNSt3__26vectorIP6SpiMsgNS_9allocatorIS2_EEE9push_backEOS2_)
                  0000fc1c    00000062     rtsv7M4_T_le_v4SPD16_eabi.lib : _io_perm.c.obj (.text:__TI_wrt_ok)
                  0000fc7e    00000002     --HOLE-- [fill = 0]
                  0000fc80    00000060                                   : hostopen.c.obj (.text:HOSTopen)
                  0000fce0    00000060     console_task.obj (.text:_ZNSt3__214__split_bufferIP11ConsolePageRNS_9allocatorIS2_EEEC1EjjS5_)
                  0000fd40    00000060     I2C_task.obj (.text:_ZNSt3__214__split_bufferIP6I2cMsgRNS_9allocatorIS2_EEEC1EjjS5_)
                  0000fda0    00000060     SPI_command.obj (.text:_ZNSt3__214__split_bufferIP6SpiMsgRNS_9allocatorIS2_EEEC1EjjS5_)
                  0000fe00    00000060     menu_page.obj (.text:_ZNSt3__214__split_bufferIP7MenuRowRNS_9allocatorIS2_EEEC1EjjS5_)
                  0000fe60    00000060     utils.obj (.text)
                  0000fec0    0000005c     rtsv7M4_T_le_v4SPD16_eabi.lib : close.c.obj (.text:close)
                  0000ff1c    00000058                                   : hostread.c.obj (.text:HOSTread)
                  0000ff74    00000058                                   : hostwrite.c.obj (.text:HOSTwrite)
                  0000ffcc    00000056     console_task.obj (.text:_ZNKSt3__26vectorIP11ConsolePageNS_9allocatorIS2_EEE17__annotate_deleteEv)
                  00010022    00000056     I2C_task.obj (.text:_ZNKSt3__26vectorIP6I2cMsgNS_9allocatorIS2_EEE17__annotate_deleteEv)
                  00010078    00000056     SPI_command.obj (.text:_ZNKSt3__26vectorIP6SpiMsgNS_9allocatorIS2_EEE17__annotate_deleteEv)
                  000100ce    00000056     menu_page.obj (.text:_ZNKSt3__26vectorIP7MenuRowNS_9allocatorIS2_EEE17__annotate_deleteEv)
                  00010124    00000056     console_task.obj (.text:_ZNSt3__26vectorIP11ConsolePageNS_9allocatorIS2_EEE9push_backERKS2_)
                  0001017a    00000056     menu_page.obj (.text:_ZNSt3__26vectorIP7MenuRowNS_9allocatorIS2_EEE9push_backERKS2_)
                  000101d0    00000056     rtsv7M4_T_le_v4SPD16_eabi.lib : _printfi.c.obj (.text:_pconv_f)
                  00010226    00000054     console_task.obj (.text:_ZNKSt3__26vectorIP11ConsolePageNS_9allocatorIS2_EEE14__annotate_newEj)
                  0001027a    00000054     I2C_monitor.obj (.text:_ZNKSt3__26vectorIP6I2cMsgNS_9allocatorIS2_EEE14__annotate_newEj)
                  000102ce    00000054     SPI_command.obj (.text:_ZNKSt3__26vectorIP6SpiMsgNS_9allocatorIS2_EEE14__annotate_newEj)
                  00010322    00000054     menu_page.obj (.text:_ZNKSt3__26vectorIP7MenuRowNS_9allocatorIS2_EEE14__annotate_newEj)
                  00010376    00000054     rtsv7M4_T_le_v4SPD16_eabi.lib : _ltoa.c.obj (.text:__TI_ltoa)
                  000103ca    00000052     I2C_monitor.obj (.text:_ZNKSt3__26vectorIP6I2cMsgNS_9allocatorIS2_EEE17__annotate_shrinkEj)
                  0001041c    00000052     rtsv7M4_T_le_v4SPD16_eabi.lib : _printfi.c.obj (.text:_ecpy)
                  0001046e    0000004c                                   : fflush.c.obj (.text:__TI_doflush)
                  000104ba    00000002     --HOLE-- [fill = 0]
                  000104bc    0000004c                                   : atoi.c.obj (.text:atoi)
                  00010508    0000004a     console_task.obj (.text:_ZNKSt3__26vectorIP11ConsolePageNS_9allocatorIS2_EEE11__recommendEj)
                  00010552    0000004a     I2C_monitor.obj (.text:_ZNKSt3__26vectorIP6I2cMsgNS_9allocatorIS2_EEE11__recommendEj)
                  0001059c    0000004a     SPI_command.obj (.text:_ZNKSt3__26vectorIP6SpiMsgNS_9allocatorIS2_EEE11__recommendEj)
                  000105e6    0000004a     menu_page.obj (.text:_ZNKSt3__26vectorIP7MenuRowNS_9allocatorIS2_EEE11__recommendEj)
                  00010630    00000048     I2C_monitor.obj (.text:_ZNSt3__26vectorIP6I2cMsgNS_9allocatorIS2_EEE8allocateEj)
                  00010678    00000048     rtsv7M4_T_le_v4SPD16_eabi.lib : exit.c.obj (.text:exit)
                  000106c0    00000048                                   : fd_toi_t2.asm.obj (.text)
                  00010708    00000044                                   : hostclose.c.obj (.text:HOSTclose)
                  0001074c    00000044                                   : hostunlink.c.obj (.text:HOSTunlink)
                  00010790    00000044                                   : autoinit.c.obj (.text:__TI_auto_init_nobinit_nopinit:__TI_auto_init_nobinit_nopinit)
                  000107d4    00000044                                   : getdevice.c.obj (.text:getdevice)
                  00010818    00000044                                   : fd_tou_t2.asm.obj (.text)
                  0001085c    00000040     I2C_monitor.obj (.text:_ZNSt3__213__vector_baseIP6I2cMsgNS_9allocatorIS2_EEE17__destruct_at_endEPS2_)
                  0001089c    00000040     I2C_monitor.obj (.text:_ZNSt3__26vectorIP6I2cMsgNS_9allocatorIS2_EEE10deallocateEv)
                  000108dc    00000040     rtsv7M4_T_le_v4SPD16_eabi.lib : u_divt2.asm.obj (.text)
                  0001091c    00000040                                   : sprintf.c.obj (.text:sprintf)
                  0001095c    0000003e                                   : _printfi.c.obj (.text:_fcpy)
                  0001099a    0000003e     cpu.obj (.text)
                  000109d8    0000003c     console_task.obj (.text:_ZNSt3__216allocator_traitsINS_9allocatorIP11ConsolePageEEE20__construct_backwardIS3_EENS_9enable_ifIXaaoosr3std3__27is_sameIS4_NS1_IT_EEEE5valuentsr3std3__215__has_constructIS4_PS8_JS8_EEE5valuesr3std3__231is_trivially_move_constructibleIS8_EE5valueEvE4typeERS4_SA_SA_RSA_)
                  00010a14    0000003c     I2C_task.obj (.text:_ZNSt3__216allocator_traitsINS_9allocatorIP6I2cMsgEEE20__construct_backwardIS3_EENS_9enable_ifIXaaoosr3std3__27is_sameIS4_NS1_IT_EEEE5valuentsr3std3__215__has_constructIS4_PS8_JS8_EEE5valuesr3std3__231is_trivially_move_constructibleIS8_EE5valueEvE4typeERS4_SA_SA_RSA_)
                  00010a50    0000003c     I2C_monitor.obj (.text:_ZNSt3__216allocator_traitsINS_9allocatorIP6I2cMsgEEE25__construct_range_forwardIS3_EENS_9enable_ifIXaaoosr3std3__27is_sameIS4_NS1_IT_EEEE5valuentsr3std3__215__has_constructIS4_PS8_JS8_EEE5valuesr3std3__231is_trivially_move_constructibleIS8_EE5valueEvE4typeERS4_SA_SA_RSA_)
                  00010a8c    0000003c     SPI_command.obj (.text:_ZNSt3__216allocator_traitsINS_9allocatorIP6SpiMsgEEE20__construct_backwardIS3_EENS_9enable_ifIXaaoosr3std3__27is_sameIS4_NS1_IT_EEEE5valuentsr3std3__215__has_constructIS4_PS8_JS8_EEE5valuesr3std3__231is_trivially_move_constructibleIS8_EE5valueEvE4typeERS4_SA_SA_RSA_)
                  00010ac8    0000003c     menu_page.obj (.text:_ZNSt3__216allocator_traitsINS_9allocatorIP7MenuRowEEE20__construct_backwardIS3_EENS_9enable_ifIXaaoosr3std3__27is_sameIS4_NS1_IT_EEEE5valuentsr3std3__215__has_constructIS4_PS8_JS8_EEE5valuesr3std3__231is_trivially_move_constructibleIS8_EE5valueEvE4typeERS4_SA_SA_RSA_)
                  00010b04    0000003c     main.obj (.text)
                  00010b40    00000038     I2C_monitor.obj (.text:_ZNSt3__26vectorIP6I2cMsgNS_9allocatorIS2_EEE18__construct_at_endIPS2_EENS_9enable_ifIXsr3std3__221__is_forward_iteratorIT_EE5valueEvE4typeES9_S9_j)
                  00010b78    00000038     rtsv7M4_T_le_v4SPD16_eabi.lib : trgmsg.c.obj (.text:__TI_writemsg)
                  00010bb0    00000036     console_task.obj (.text:_ZNSt3__214__split_bufferIP11ConsolePageRNS_9allocatorIS2_EEE17__destruct_at_endEPS2_NS_17integral_constantIbLb0EEE)
                  00010be6    00000036     I2C_task.obj (.text:_ZNSt3__214__split_bufferIP6I2cMsgRNS_9allocatorIS2_EEE17__destruct_at_endEPS2_NS_17integral_constantIbLb0EEE)
                  00010c1c    00000036     SPI_command.obj (.text:_ZNSt3__214__split_bufferIP6SpiMsgRNS_9allocatorIS2_EEE17__destruct_at_endEPS2_NS_17integral_constantIbLb0EEE)
                  00010c52    00000036     menu_page.obj (.text:_ZNSt3__214__split_bufferIP7MenuRowRNS_9allocatorIS2_EEE17__destruct_at_endEPS2_NS_17integral_constantIbLb0EEE)
                  00010c88    00000036     rtsv7M4_T_le_v4SPD16_eabi.lib : strncpy.c.obj (.text:strncpy)
                  00010cbe    00000002     --HOLE-- [fill = 0]
                  00010cc0    00000034                                   : fopen.c.obj (.text:__TI_cleanup)
                  00010cf4    00000034                                   : trgmsg.c.obj (.text:__TI_readmsg)
                  00010d28    00000034                                   : boot_cortex_m.c.obj (.text:_c_int00_noargs:_c_int00_noargs)
                  00010d5c    00000032     I2C_monitor.obj (.text:_ZNSt3__26__copyIP6I2cMsgS2_EENS_9enable_ifIXaasr3std3__27is_sameINS_12remove_constIT_E4typeET0_EE5valuesr3std3__228is_trivially_copy_assignableIS8_EE5valueEPS8_E4typeEPS5_SC_S9_)
                  00010d8e    00000002     --HOLE-- [fill = 0]
                  00010d90    00000030     rtsv7M4_T_le_v4SPD16_eabi.lib : getdevice.c.obj (.text:finddevice)
                  00010dc0    00000030     memory_functions.obj (.text)
                  00010df0    0000002e     console_task.obj (.text:_ZNSt3__214__split_bufferIP11ConsolePageRNS_9allocatorIS2_EEED1Ev)
                  00010e1e    0000002e     I2C_task.obj (.text:_ZNSt3__214__split_bufferIP6I2cMsgRNS_9allocatorIS2_EEED1Ev)
                  00010e4c    0000002e     SPI_command.obj (.text:_ZNSt3__214__split_bufferIP6SpiMsgRNS_9allocatorIS2_EEED1Ev)
                  00010e7a    0000002e     menu_page.obj (.text:_ZNSt3__214__split_bufferIP7MenuRowRNS_9allocatorIS2_EEED1Ev)
                  00010ea8    0000002e     console_task.obj (.text:_ZNSt3__29allocatorIP11ConsolePageE9constructIS2_JRKS2_EEEvPT_DpOT0_)
                  00010ed6    0000002e     I2C_task.obj (.text:_ZNSt3__29allocatorIP6I2cMsgE9constructIS2_JS2_EEEvPT_DpOT0_)
                  00010f04    0000002e     SPI_command.obj (.text:_ZNSt3__29allocatorIP6SpiMsgE9constructIS2_JS2_EEEvPT_DpOT0_)
                  00010f32    0000002e     menu_page.obj (.text:_ZNSt3__29allocatorIP7MenuRowE9constructIS2_JRKS2_EEEvPT_DpOT0_)
                  00010f60    0000002e     rtsv7M4_T_le_v4SPD16_eabi.lib : i_tofd_t2.asm.obj (.text)
                  00010f8e    00000002     --HOLE-- [fill = 0]
                  00010f90    0000002c                                   : unlink.c.obj (.text:unlink)
                  00010fbc    0000002a     console_task.obj (.text:_ZNSt3__217__compressed_pairIPP11ConsolePageRNS_9allocatorIS2_EEEC1IDnS6_EEOT_OT0_)
                  00010fe6    0000002a     I2C_task.obj (.text:_ZNSt3__217__compressed_pairIPP6I2cMsgRNS_9allocatorIS2_EEEC1IDnS6_EEOT_OT0_)
                  00011010    0000002a     SPI_command.obj (.text:_ZNSt3__217__compressed_pairIPP6SpiMsgRNS_9allocatorIS2_EEEC1IDnS6_EEOT_OT0_)
                  0001103a    0000002a     menu_page.obj (.text:_ZNSt3__217__compressed_pairIPP7MenuRowRNS_9allocatorIS2_EEEC1IDnS6_EEOT_OT0_)
                  00011064    0000002a     I2C_monitor.obj (.text:_ZNSt3__24copyIPP6I2cMsgS3_EET0_T_S5_S4_)
                  0001108e    0000002a     console_task.obj (.text:_ZNSt3__24swapIPP11ConsolePageEENS_9enable_ifIXaasr3std3__221is_move_constructibleIT_EE5valuesr3std3__218is_move_assignableIS5_EE5valueEvE4typeERS5_S8_)
                  000110b8    0000002a     I2C_task.obj (.text:_ZNSt3__24swapIPP6I2cMsgEENS_9enable_ifIXaasr3std3__221is_move_constructibleIT_EE5valuesr3std3__218is_move_assignableIS5_EE5valueEvE4typeERS5_S8_)
                  000110e2    0000002a     SPI_command.obj (.text:_ZNSt3__24swapIPP6SpiMsgEENS_9enable_ifIXaasr3std3__221is_move_constructibleIT_EE5valuesr3std3__218is_move_assignableIS5_EE5valueEvE4typeERS5_S8_)
                  0001110c    0000002a     menu_page.obj (.text:_ZNSt3__24swapIPP7MenuRowEENS_9enable_ifIXaasr3std3__221is_move_constructibleIT_EE5valuesr3std3__218is_move_assignableIS5_EE5valueEvE4typeERS5_S8_)
                  00011136    0000002a     hooks.obj (.text)
                  00011160    00000028     console_task.obj (.text:_ZNSt3__213__vector_baseIP11ConsolePageNS_9allocatorIS2_EEEC1Ev)
                  00011188    00000028     I2C_monitor.obj (.text:_ZNSt3__213__vector_baseIP6I2cMsgNS_9allocatorIS2_EEEC1Ev)
                  000111b0    00000028     SPI_command.obj (.text:_ZNSt3__213__vector_baseIP6SpiMsgNS_9allocatorIS2_EEEC1Ev)
                  000111d8    00000028     menu_page.obj (.text:_ZNSt3__213__vector_baseIP7MenuRowNS_9allocatorIS2_EEEC1Ev)
                  00011200    00000028     I2C_monitor.obj (.text:_ZNSt3__26vectorIP6I2cMsgNS_9allocatorIS2_EEE17__destruct_at_endEPS2_)
                  00011228    00000028     I2C_monitor.obj (.text:_ZNSt3__26vectorIP6I2cMsgNS_9allocatorIS2_EEEaSERKS5_)
                  00011250    00000028     console_task.obj (.text:_ZNSt3__29allocatorIP11ConsolePageE8allocateEjPKv)
                  00011278    00000028     I2C_monitor.obj (.text:_ZNSt3__29allocatorIP6I2cMsgE8allocateEjPKv)
                  000112a0    00000028     SPI_command.obj (.text:_ZNSt3__29allocatorIP6SpiMsgE8allocateEjPKv)
                  000112c8    00000028     menu_page.obj (.text:_ZNSt3__29allocatorIP7MenuRowE8allocateEjPKv)
                  000112f0    00000028     rtsv7M4_T_le_v4SPD16_eabi.lib : memory.c.obj (.text:free_list_insert)
                  00011318    00000028                                   : lseek.c.obj (.text:lseek)
                  00011340    00000028                                   : memmov.c.obj (.text:memmove)
                  00011368    00000028                                   : write.c.obj (.text:write)
                  00011390    00000024     console_task.obj (.text:_ZNKSt3__26vectorIP11ConsolePageNS_9allocatorIS2_EEE8max_sizeEv)
                  000113b4    00000024     I2C_monitor.obj (.text:_ZNKSt3__26vectorIP6I2cMsgNS_9allocatorIS2_EEE8max_sizeEv)
                  000113d8    00000024     SPI_command.obj (.text:_ZNKSt3__26vectorIP6SpiMsgNS_9allocatorIS2_EEE8max_sizeEv)
                  000113fc    00000024     menu_page.obj (.text:_ZNKSt3__26vectorIP7MenuRowNS_9allocatorIS2_EEE8max_sizeEv)
                  00011420    00000024     console_task.obj (.text:_ZNSt3__216allocator_traitsINS_9allocatorIP11ConsolePageEEE11__constructIS3_JRKS3_EEEvNS_17integral_constantIbLb1EEERS4_PT_DpOT0_)
                  00011444    00000024     console_task.obj (.text:_ZNSt3__216allocator_traitsINS_9allocatorIP11ConsolePageEEE9constructIS3_JRKS3_EEEvRS4_PT_DpOT0_)
                  00011468    00000024     I2C_task.obj (.text:_ZNSt3__216allocator_traitsINS_9allocatorIP6I2cMsgEEE11__constructIS3_JS3_EEEvNS_17integral_constantIbLb1EEERS4_PT_DpOT0_)
                  0001148c    00000024     I2C_task.obj (.text:_ZNSt3__216allocator_traitsINS_9allocatorIP6I2cMsgEEE9constructIS3_JS3_EEEvRS4_PT_DpOT0_)
                  000114b0    00000024     SPI_command.obj (.text:_ZNSt3__216allocator_traitsINS_9allocatorIP6SpiMsgEEE11__constructIS3_JS3_EEEvNS_17integral_constantIbLb1EEERS4_PT_DpOT0_)
                  000114d4    00000024     SPI_command.obj (.text:_ZNSt3__216allocator_traitsINS_9allocatorIP6SpiMsgEEE9constructIS3_JS3_EEEvRS4_PT_DpOT0_)
                  000114f8    00000024     menu_page.obj (.text:_ZNSt3__216allocator_traitsINS_9allocatorIP7MenuRowEEE11__constructIS3_JRKS3_EEEvNS_17integral_constantIbLb1EEERS4_PT_DpOT0_)
                  0001151c    00000024     menu_page.obj (.text:_ZNSt3__216allocator_traitsINS_9allocatorIP7MenuRowEEE9constructIS3_JRKS3_EEEvRS4_PT_DpOT0_)
                  00011540    00000022     I2C_monitor.obj (.text:_ZNSt3__26vectorIP6I2cMsgNS_9allocatorIS2_EEE5clearEv)
                  00011562    00000020     rtsv7M4_T_le_v4SPD16_eabi.lib : memchr.c.obj (.text:memchr)
                  00011582    00000020                                   : u_tofd_t2.asm.obj (.text)
                  000115a2    0000001e     I2C_monitor.obj (.text:_ZNKSt3__26__lessIjjEclERKjS3_)
                  000115c0    0000001e     console_task.obj (.text:_ZNSt3__217__compressed_pairIPP11ConsolePageNS_9allocatorIS2_EEEC1IDnLb1EEEOT_)
                  000115de    0000001e     I2C_monitor.obj (.text:_ZNSt3__217__compressed_pairIPP6I2cMsgNS_9allocatorIS2_EEEC1IDnLb1EEEOT_)
                  000115fc    0000001e     SPI_command.obj (.text:_ZNSt3__217__compressed_pairIPP6SpiMsgNS_9allocatorIS2_EEEC1IDnLb1EEEOT_)
                  0001161a    0000001e     menu_page.obj (.text:_ZNSt3__217__compressed_pairIPP7MenuRowNS_9allocatorIS2_EEEC1IDnLb1EEEOT_)
                  00011638    0000001e     I2C_monitor.obj (.text:_ZNSt3__23maxIjNS_6__lessIjjEEEERKT_S5_S5_T0_)
                  00011656    0000001e     I2C_monitor.obj (.text:_ZNSt3__23minIjNS_6__lessIjjEEEERKT_S5_S5_T0_)
                  00011674    0000001c     I2C_monitor.obj (.text:_ZNSt3__29__advanceIPP6I2cMsgEEvRT_NS_15iterator_traitsIS4_E15difference_typeENS_26random_access_iterator_tagE)
                  00011690    0000001c     rtsv7M4_T_le_v4SPD16_eabi.lib : assert.c.obj (.text:_abort_msg)
                  000116ac    0000001c                                   : memory.c.obj (.text:free_list_remove)
                  000116c8    0000001c                                   : memccpy.c.obj (.text:memccpy)
                  000116e4    0000001a                                   : s_copysign.c.obj (.text:copysign)
                  000116fe    00000018     I2C_monitor.obj (.text:_ZNSt3__210__distanceIPP6I2cMsgEENS_15iterator_traitsIT_E15difference_typeES5_S5_NS_26random_access_iterator_tagE)
                  00011716    00000018     rtsv7M4_T_le_v4SPD16_eabi.lib : sprintf.c.obj (.text:_outs)
                  0001172e    00000018                                   : strcmp.c.obj (.text:strcmp)
                  00011746    00000016     console_task.obj (.text:_ZNKSt3__213__vector_baseIP11ConsolePageNS_9allocatorIS2_EEE8capacityEv)
                  0001175c    00000016     I2C_monitor.obj (.text:_ZNKSt3__213__vector_baseIP6I2cMsgNS_9allocatorIS2_EEE8capacityEv)
                  00011772    00000016     SPI_command.obj (.text:_ZNKSt3__213__vector_baseIP6SpiMsgNS_9allocatorIS2_EEE8capacityEv)
                  00011788    00000016     menu_page.obj (.text:_ZNKSt3__213__vector_baseIP7MenuRowNS_9allocatorIS2_EEE8capacityEv)
                  0001179e    00000016     console_task.obj (.text:_ZNKSt3__214__split_bufferIP11ConsolePageRNS_9allocatorIS2_EEE8capacityEv)
                  000117b4    00000016     I2C_task.obj (.text:_ZNKSt3__214__split_bufferIP6I2cMsgRNS_9allocatorIS2_EEE8capacityEv)
                  000117ca    00000016     SPI_command.obj (.text:_ZNKSt3__214__split_bufferIP6SpiMsgRNS_9allocatorIS2_EEE8capacityEv)
                  000117e0    00000016     menu_page.obj (.text:_ZNKSt3__214__split_bufferIP7MenuRowRNS_9allocatorIS2_EEE8capacityEv)
                  000117f6    00000016     console_task.obj (.text:_ZNKSt3__26vectorIP11ConsolePageNS_9allocatorIS2_EEE4sizeEv)
                  0001180c    00000016     I2C_monitor.obj (.text:_ZNKSt3__26vectorIP6I2cMsgNS_9allocatorIS2_EEE4sizeEv)
                  00011822    00000016     SPI_command.obj (.text:_ZNKSt3__26vectorIP6SpiMsgNS_9allocatorIS2_EEE4sizeEv)
                  00011838    00000016     menu_page.obj (.text:_ZNKSt3__26vectorIP7MenuRowNS_9allocatorIS2_EEE4sizeEv)
                  0001184e    00000016     console_task.obj (.text:_ZNSt3__222__compressed_pair_elemIPP11ConsolePageLi0ELb0EEC1IDnvEEOT_)
                  00011864    00000016     I2C_monitor.obj (.text:_ZNSt3__222__compressed_pair_elemIPP6I2cMsgLi0ELb0EEC1IDnvEEOT_)
                  0001187a    00000016     SPI_command.obj (.text:_ZNSt3__222__compressed_pair_elemIPP6SpiMsgLi0ELb0EEC1IDnvEEOT_)
                  00011890    00000016     menu_page.obj (.text:_ZNSt3__222__compressed_pair_elemIPP7MenuRowLi0ELb0EEC1IDnvEEOT_)
                  000118a6    00000016     console_task.obj (.text:_ZNSt3__26vectorIP11ConsolePageNS_9allocatorIS2_EEEixEj)
                  000118bc    00000016     I2C_monitor.obj (.text:_ZNSt3__26vectorIP6I2cMsgNS_9allocatorIS2_EEEixEj)
                  000118d2    00000016     SPI_command.obj (.text:_ZNSt3__26vectorIP6SpiMsgNS_9allocatorIS2_EEEixEj)
                  000118e8    00000016     menu_page.obj (.text:_ZNSt3__26vectorIP7MenuRowNS_9allocatorIS2_EEEixEj)
                  000118fe    00000016     rtsv7M4_T_le_v4SPD16_eabi.lib : strchr.c.obj (.text:strchr)
                  00011914    00000014     I2C_monitor.obj (.text:_ZNSt3__213__vector_baseIP6I2cMsgNS_9allocatorIS2_EEE19__copy_assign_allocERKS5_)
                  00011928    00000014     console_task.obj (.text:_ZNSt3__214__split_bufferIP11ConsolePageRNS_9allocatorIS2_EEE17__destruct_at_endEPS2_)
                  0001193c    00000014     I2C_task.obj (.text:_ZNSt3__214__split_bufferIP6I2cMsgRNS_9allocatorIS2_EEE17__destruct_at_endEPS2_)
                  00011950    00000014     SPI_command.obj (.text:_ZNSt3__214__split_bufferIP6SpiMsgRNS_9allocatorIS2_EEE17__destruct_at_endEPS2_)
                  00011964    00000014     menu_page.obj (.text:_ZNSt3__214__split_bufferIP7MenuRowRNS_9allocatorIS2_EEE17__destruct_at_endEPS2_)
                  00011978    00000014     console_task.obj (.text:_ZNSt3__216allocator_traitsINS_9allocatorIP11ConsolePageEEE10deallocateERS4_PS3_j)
                  0001198c    00000014     console_task.obj (.text:_ZNSt3__216allocator_traitsINS_9allocatorIP11ConsolePageEEE7destroyIS3_EEvRS4_PT_)
                  000119a0    00000014     console_task.obj (.text:_ZNSt3__216allocator_traitsINS_9allocatorIP11ConsolePageEEE9__destroyIS3_EEvNS_17integral_constantIbLb1EEERS4_PT_)
                  000119b4    00000014     I2C_monitor.obj (.text:_ZNSt3__216allocator_traitsINS_9allocatorIP6I2cMsgEEE10deallocateERS4_PS3_j)
                  000119c8    00000014     I2C_monitor.obj (.text:_ZNSt3__216allocator_traitsINS_9allocatorIP6I2cMsgEEE7destroyIS3_EEvRS4_PT_)
                  000119dc    00000014     I2C_monitor.obj (.text:_ZNSt3__216allocator_traitsINS_9allocatorIP6I2cMsgEEE9__destroyIS3_EEvNS_17integral_constantIbLb1EEERS4_PT_)
                  000119f0    00000014     SPI_command.obj (.text:_ZNSt3__216allocator_traitsINS_9allocatorIP6SpiMsgEEE10deallocateERS4_PS3_j)
                  00011a04    00000014     SPI_command.obj (.text:_ZNSt3__216allocator_traitsINS_9allocatorIP6SpiMsgEEE7destroyIS3_EEvRS4_PT_)
                  00011a18    00000014     SPI_command.obj (.text:_ZNSt3__216allocator_traitsINS_9allocatorIP6SpiMsgEEE9__destroyIS3_EEvNS_17integral_constantIbLb1EEERS4_PT_)
                  00011a2c    00000014     menu_page.obj (.text:_ZNSt3__216allocator_traitsINS_9allocatorIP7MenuRowEEE10deallocateERS4_PS3_j)
                  00011a40    00000014     menu_page.obj (.text:_ZNSt3__216allocator_traitsINS_9allocatorIP7MenuRowEEE7destroyIS3_EEvRS4_PT_)
                  00011a54    00000014     menu_page.obj (.text:_ZNSt3__216allocator_traitsINS_9allocatorIP7MenuRowEEE9__destroyIS3_EEvNS_17integral_constantIbLb1EEERS4_PT_)
                  00011a68    00000014     console_task.obj (.text:_ZNSt3__222__compressed_pair_elemIRNS_9allocatorIP11ConsolePageEELi1ELb0EEC1IS5_vEEOT_)
                  00011a7c    00000014     I2C_task.obj (.text:_ZNSt3__222__compressed_pair_elemIRNS_9allocatorIP6I2cMsgEELi1ELb0EEC1IS5_vEEOT_)
                  00011a90    00000014     SPI_command.obj (.text:_ZNSt3__222__compressed_pair_elemIRNS_9allocatorIP6SpiMsgEELi1ELb0EEC1IS5_vEEOT_)
                  00011aa4    00000014     menu_page.obj (.text:_ZNSt3__222__compressed_pair_elemIRNS_9allocatorIP7MenuRowEELi1ELb0EEC1IS5_vEEOT_)
                  00011ab8    00000014     I2C_monitor.obj (.text:_ZNSt3__23maxIjEERKT_S3_S3_)
                  00011acc    00000014     I2C_monitor.obj (.text:_ZNSt3__23minIjEERKT_S3_S3_)
                  00011ae0    00000014     I2C_monitor.obj (.text:_ZNSt3__27advanceIPP6I2cMsgEEvRT_NS_15iterator_traitsIS4_E15difference_typeE)
                  00011af4    00000014     I2C_monitor.obj (.text:_ZNSt3__28distanceIPP6I2cMsgEENS_15iterator_traitsIT_E15difference_typeES5_S5_)
                  00011b08    00000014     rtsv7M4_T_le_v4SPD16_eabi.lib : strcpy.c.obj (.text:strcpy)
                  00011b1c    00000014                                   : strlen.c.obj (.text:strlen)
                  00011b30    00000012     console_task.obj (.text:_ZNSt3__216allocator_traitsINS_9allocatorIP11ConsolePageEEE8allocateERS4_j)
                  00011b42    00000012     I2C_monitor.obj (.text:_ZNSt3__216allocator_traitsINS_9allocatorIP6I2cMsgEEE8allocateERS4_j)
                  00011b54    00000012     SPI_command.obj (.text:_ZNSt3__216allocator_traitsINS_9allocatorIP6SpiMsgEEE8allocateERS4_j)
                  00011b66    00000012     menu_page.obj (.text:_ZNSt3__216allocator_traitsINS_9allocatorIP7MenuRowEEE8allocateERS4_j)
                  00011b78    00000012     rtsv7M4_T_le_v4SPD16_eabi.lib : wcslen.c.obj (.text:wcslen)
                  00011b8a    00000010     console_task.obj (.text:_ZNKSt3__26vectorIP11ConsolePageNS_9allocatorIS2_EEE31__annotate_contiguous_containerEPKvS7_S7_S7_)
                  00011b9a    00000010     I2C_monitor.obj (.text:_ZNKSt3__26vectorIP6I2cMsgNS_9allocatorIS2_EEE31__annotate_contiguous_containerEPKvS7_S7_S7_)
                  00011baa    00000010     SPI_command.obj (.text:_ZNKSt3__26vectorIP6SpiMsgNS_9allocatorIS2_EEE31__annotate_contiguous_containerEPKvS7_S7_S7_)
                  00011bba    00000010     menu_page.obj (.text:_ZNKSt3__26vectorIP7MenuRowNS_9allocatorIS2_EEE31__annotate_contiguous_containerEPKvS7_S7_S7_)
                  00011bca    00000010     I2C_monitor.obj (.text:_ZNSt3__213__vector_baseIP6I2cMsgNS_9allocatorIS2_EEE19__copy_assign_allocERKS5_NS_17integral_constantIbLb0EEE)
                  00011bda    00000010     I2C_monitor.obj (.text:_ZNSt3__213__vector_baseIP6I2cMsgNS_9allocatorIS2_EEE5clearEv)
                  00011bea    00000010     console_task.obj (.text:_ZNSt3__214__split_bufferIP11ConsolePageRNS_9allocatorIS2_EEE5clearEv)
                  00011bfa    00000010     I2C_task.obj (.text:_ZNSt3__214__split_bufferIP6I2cMsgRNS_9allocatorIS2_EEE5clearEv)
                  00011c0a    00000010     SPI_command.obj (.text:_ZNSt3__214__split_bufferIP6SpiMsgRNS_9allocatorIS2_EEE5clearEv)
                  00011c1a    00000010     menu_page.obj (.text:_ZNSt3__214__split_bufferIP7MenuRowRNS_9allocatorIS2_EEE5clearEv)
                  00011c2a    00000010     console_task.obj (.text:_ZNSt3__216allocator_traitsINS_9allocatorIP11ConsolePageEEE10__max_sizeENS_17integral_constantIbLb1EEERKS4_)
                  00011c3a    00000010     console_task.obj (.text:_ZNSt3__216allocator_traitsINS_9allocatorIP11ConsolePageEEE8max_sizeERKS4_)
                  00011c4a    00000010     I2C_monitor.obj (.text:_ZNSt3__216allocator_traitsINS_9allocatorIP6I2cMsgEEE10__max_sizeENS_17integral_constantIbLb1EEERKS4_)
                  00011c5a    00000010     I2C_monitor.obj (.text:_ZNSt3__216allocator_traitsINS_9allocatorIP6I2cMsgEEE8max_sizeERKS4_)
                  00011c6a    00000010     SPI_command.obj (.text:_ZNSt3__216allocator_traitsINS_9allocatorIP6SpiMsgEEE10__max_sizeENS_17integral_constantIbLb1EEERKS4_)
                  00011c7a    00000010     SPI_command.obj (.text:_ZNSt3__216allocator_traitsINS_9allocatorIP6SpiMsgEEE8max_sizeERKS4_)
                  00011c8a    00000010     menu_page.obj (.text:_ZNSt3__216allocator_traitsINS_9allocatorIP7MenuRowEEE10__max_sizeENS_17integral_constantIbLb1EEERKS4_)
                  00011c9a    00000010     menu_page.obj (.text:_ZNSt3__216allocator_traitsINS_9allocatorIP7MenuRowEEE8max_sizeERKS4_)
                  00011caa    00000010     console_task.obj (.text:_ZNSt3__222__compressed_pair_elemIPP11ConsolePageLi0ELb0EEC2IDnvEEOT_)
                  00011cba    00000010     I2C_monitor.obj (.text:_ZNSt3__222__compressed_pair_elemIPP6I2cMsgLi0ELb0EEC2IDnvEEOT_)
                  00011cca    00000010     SPI_command.obj (.text:_ZNSt3__222__compressed_pair_elemIPP6SpiMsgLi0ELb0EEC2IDnvEEOT_)
                  00011cda    00000010     menu_page.obj (.text:_ZNSt3__222__compressed_pair_elemIPP7MenuRowLi0ELb0EEC2IDnvEEOT_)
                  00011cea    00000010     console_task.obj (.text:_ZNSt3__222__compressed_pair_elemIRNS_9allocatorIP11ConsolePageEELi1ELb0EEC2IS5_vEEOT_)
                  00011cfa    00000010     I2C_task.obj (.text:_ZNSt3__222__compressed_pair_elemIRNS_9allocatorIP6I2cMsgEELi1ELb0EEC2IS5_vEEOT_)
                  00011d0a    00000010     SPI_command.obj (.text:_ZNSt3__222__compressed_pair_elemIRNS_9allocatorIP6SpiMsgEELi1ELb0EEC2IS5_vEEOT_)
                  00011d1a    00000010     menu_page.obj (.text:_ZNSt3__222__compressed_pair_elemIRNS_9allocatorIP7MenuRowEELi1ELb0EEC2IS5_vEEOT_)
                  00011d2a    00000010     console_task.obj (.text:_ZNSt3__26vectorIP11ConsolePageNS_9allocatorIS2_EEE24__RAII_IncreaseAnnotatorC1ERKS5_j)
                  00011d3a    00000010     I2C_monitor.obj (.text:_ZNSt3__26vectorIP6I2cMsgNS_9allocatorIS2_EEE24__RAII_IncreaseAnnotatorC1ERKS5_j)
                  00011d4a    00000010     SPI_command.obj (.text:_ZNSt3__26vectorIP6SpiMsgNS_9allocatorIS2_EEE24__RAII_IncreaseAnnotatorC1ERKS5_j)
                  00011d5a    00000010     menu_page.obj (.text:_ZNSt3__26vectorIP7MenuRowNS_9allocatorIS2_EEE24__RAII_IncreaseAnnotatorC1ERKS5_j)
                  00011d6a    00000010     console_task.obj (.text:_ZNSt3__29allocatorIP11ConsolePageE10deallocateEPS2_j)
                  00011d7a    00000010     I2C_monitor.obj (.text:_ZNSt3__29allocatorIP6I2cMsgE10deallocateEPS2_j)
                  00011d8a    00000010     SPI_command.obj (.text:_ZNSt3__29allocatorIP6SpiMsgE10deallocateEPS2_j)
                  00011d9a    00000010     menu_page.obj (.text:_ZNSt3__29allocatorIP7MenuRowE10deallocateEPS2_j)
                  00011daa    0000000e     rtsv7M4_T_le_v4SPD16_eabi.lib : typeinfo.c.obj (.text:_ZN10__cxxabiv117__class_type_infoD0Ev)
                  00011db8    0000000e                                   : typeinfo.c.obj (.text:_ZN10__cxxabiv120__si_class_type_infoD0Ev)
                  00011dc6    0000000e     console_task.obj (.text:_ZNKSt3__213__vector_baseIP11ConsolePageNS_9allocatorIS2_EEE7__allocEv)
                  00011dd4    0000000e     console_task.obj (.text:_ZNKSt3__213__vector_baseIP11ConsolePageNS_9allocatorIS2_EEE9__end_capEv)
                  00011de2    0000000e     I2C_monitor.obj (.text:_ZNKSt3__213__vector_baseIP6I2cMsgNS_9allocatorIS2_EEE7__allocEv)
                  00011df0    0000000e     I2C_monitor.obj (.text:_ZNKSt3__213__vector_baseIP6I2cMsgNS_9allocatorIS2_EEE9__end_capEv)
                  00011dfe    0000000e     SPI_command.obj (.text:_ZNKSt3__213__vector_baseIP6SpiMsgNS_9allocatorIS2_EEE7__allocEv)
                  00011e0c    0000000e     SPI_command.obj (.text:_ZNKSt3__213__vector_baseIP6SpiMsgNS_9allocatorIS2_EEE9__end_capEv)
                  00011e1a    0000000e     menu_page.obj (.text:_ZNKSt3__213__vector_baseIP7MenuRowNS_9allocatorIS2_EEE7__allocEv)
                  00011e28    0000000e     menu_page.obj (.text:_ZNKSt3__213__vector_baseIP7MenuRowNS_9allocatorIS2_EEE9__end_capEv)
                  00011e36    0000000e     console_task.obj (.text:_ZNKSt3__214__split_bufferIP11ConsolePageRNS_9allocatorIS2_EEE9__end_capEv)
                  00011e44    0000000e     I2C_task.obj (.text:_ZNKSt3__214__split_bufferIP6I2cMsgRNS_9allocatorIS2_EEE9__end_capEv)
                  00011e52    0000000e     SPI_command.obj (.text:_ZNKSt3__214__split_bufferIP6SpiMsgRNS_9allocatorIS2_EEE9__end_capEv)
                  00011e60    0000000e     menu_page.obj (.text:_ZNKSt3__214__split_bufferIP7MenuRowRNS_9allocatorIS2_EEE9__end_capEv)
                  00011e6e    0000000e     console_task.obj (.text:_ZNKSt3__26vectorIP11ConsolePageNS_9allocatorIS2_EEE4dataEv)
                  00011e7c    0000000e     I2C_monitor.obj (.text:_ZNKSt3__26vectorIP6I2cMsgNS_9allocatorIS2_EEE4dataEv)
                  00011e8a    0000000e     SPI_command.obj (.text:_ZNKSt3__26vectorIP6SpiMsgNS_9allocatorIS2_EEE4dataEv)
                  00011e98    0000000e     menu_page.obj (.text:_ZNKSt3__26vectorIP7MenuRowNS_9allocatorIS2_EEE4dataEv)
                  00011ea6    0000000e     console_task.obj (.text:_ZNKSt3__29allocatorIP11ConsolePageE8max_sizeEv)
                  00011eb4    0000000e     I2C_monitor.obj (.text:_ZNKSt3__29allocatorIP6I2cMsgE8max_sizeEv)
                  00011ec2    0000000e     SPI_command.obj (.text:_ZNKSt3__29allocatorIP6SpiMsgE8max_sizeEv)
                  00011ed0    0000000e     menu_page.obj (.text:_ZNKSt3__29allocatorIP7MenuRowE8max_sizeEv)
                  00011ede    0000000e     console_task.obj (.text:_ZNSt3__213__vector_baseIP11ConsolePageNS_9allocatorIS2_EEE7__allocEv)
                  00011eec    0000000e     console_task.obj (.text:_ZNSt3__213__vector_baseIP11ConsolePageNS_9allocatorIS2_EEE9__end_capEv)
                  00011efa    0000000e     I2C_monitor.obj (.text:_ZNSt3__213__vector_baseIP6I2cMsgNS_9allocatorIS2_EEE7__allocEv)
                  00011f08    0000000e     I2C_monitor.obj (.text:_ZNSt3__213__vector_baseIP6I2cMsgNS_9allocatorIS2_EEE9__end_capEv)
                  00011f16    0000000e     SPI_command.obj (.text:_ZNSt3__213__vector_baseIP6SpiMsgNS_9allocatorIS2_EEE7__allocEv)
                  00011f24    0000000e     SPI_command.obj (.text:_ZNSt3__213__vector_baseIP6SpiMsgNS_9allocatorIS2_EEE9__end_capEv)
                  00011f32    0000000e     menu_page.obj (.text:_ZNSt3__213__vector_baseIP7MenuRowNS_9allocatorIS2_EEE7__allocEv)
                  00011f40    0000000e     menu_page.obj (.text:_ZNSt3__213__vector_baseIP7MenuRowNS_9allocatorIS2_EEE9__end_capEv)
                  00011f4e    0000000e     console_task.obj (.text:_ZNSt3__214__split_bufferIP11ConsolePageRNS_9allocatorIS2_EEE7__allocEv)
                  00011f5c    0000000e     console_task.obj (.text:_ZNSt3__214__split_bufferIP11ConsolePageRNS_9allocatorIS2_EEE9__end_capEv)
                  00011f6a    0000000e     I2C_task.obj (.text:_ZNSt3__214__split_bufferIP6I2cMsgRNS_9allocatorIS2_EEE7__allocEv)
                  00011f78    0000000e     I2C_task.obj (.text:_ZNSt3__214__split_bufferIP6I2cMsgRNS_9allocatorIS2_EEE9__end_capEv)
                  00011f86    0000000e     SPI_command.obj (.text:_ZNSt3__214__split_bufferIP6SpiMsgRNS_9allocatorIS2_EEE7__allocEv)
                  00011f94    0000000e     SPI_command.obj (.text:_ZNSt3__214__split_bufferIP6SpiMsgRNS_9allocatorIS2_EEE9__end_capEv)
                  00011fa2    0000000e     menu_page.obj (.text:_ZNSt3__214__split_bufferIP7MenuRowRNS_9allocatorIS2_EEE7__allocEv)
                  00011fb0    0000000e     menu_page.obj (.text:_ZNSt3__214__split_bufferIP7MenuRowRNS_9allocatorIS2_EEE9__end_capEv)
                  00011fbe    0000000e     console_task.obj (.text:_ZNSt3__217__compressed_pairIPP11ConsolePageRNS_9allocatorIS2_EEE6secondEv)
                  00011fcc    0000000e     I2C_task.obj (.text:_ZNSt3__217__compressed_pairIPP6I2cMsgRNS_9allocatorIS2_EEE6secondEv)
                  00011fda    0000000e     SPI_command.obj (.text:_ZNSt3__217__compressed_pairIPP6SpiMsgRNS_9allocatorIS2_EEE6secondEv)
                  00011fe8    0000000e     menu_page.obj (.text:_ZNSt3__217__compressed_pairIPP7MenuRowRNS_9allocatorIS2_EEE6secondEv)
                  00011ff6    0000000e     console_task.obj (.text:_ZNSt3__222__compressed_pair_elemINS_9allocatorIP11ConsolePageEELi1ELb1EEC1Ev)
                  00012004    0000000e     I2C_monitor.obj (.text:_ZNSt3__222__compressed_pair_elemINS_9allocatorIP6I2cMsgEELi1ELb1EEC1Ev)
                  00012012    0000000e     SPI_command.obj (.text:_ZNSt3__222__compressed_pair_elemINS_9allocatorIP6SpiMsgEELi1ELb1EEC1Ev)
                  00012020    0000000e     menu_page.obj (.text:_ZNSt3__222__compressed_pair_elemINS_9allocatorIP7MenuRowEELi1ELb1EEC1Ev)
                  0001202e    0000000e     console_task.obj (.text:_ZNSt3__222__compressed_pair_elemIRNS_9allocatorIP11ConsolePageEELi1ELb0EE5__getEv)
                  0001203c    0000000e     I2C_task.obj (.text:_ZNSt3__222__compressed_pair_elemIRNS_9allocatorIP6I2cMsgEELi1ELb0EE5__getEv)
                  0001204a    0000000e     SPI_command.obj (.text:_ZNSt3__222__compressed_pair_elemIRNS_9allocatorIP6SpiMsgEELi1ELb0EE5__getEv)
                  00012058    0000000e     menu_page.obj (.text:_ZNSt3__222__compressed_pair_elemIRNS_9allocatorIP7MenuRowEELi1ELb0EE5__getEv)
                  00012066    0000000e     console_task.obj (.text:_ZNSt3__26vectorIP11ConsolePageNS_9allocatorIS2_EEEC1Ev)
                  00012074    0000000e     I2C_monitor.obj (.text:_ZNSt3__26vectorIP6I2cMsgNS_9allocatorIS2_EEEC1Ev)
                  00012082    0000000e     SPI_command.obj (.text:_ZNSt3__26vectorIP6SpiMsgNS_9allocatorIS2_EEEC1Ev)
                  00012090    0000000e     menu_page.obj (.text:_ZNSt3__26vectorIP7MenuRowNS_9allocatorIS2_EEEC1Ev)
                  0001209e    0000000e     I2C_task.obj (.text:_ZnwjPv)
                  000120ac    0000000e     rtsv7M4_T_le_v4SPD16_eabi.lib : copy_decompress_none.c.obj (.text:decompress:none:__TI_decompress_none)
                  000120ba    0000000c     console_task.obj (.text:_ZNKSt3__217__compressed_pairIPP11ConsolePageNS_9allocatorIS2_EEE5firstEv)
                  000120c6    0000000c     console_task.obj (.text:_ZNKSt3__217__compressed_pairIPP11ConsolePageNS_9allocatorIS2_EEE6secondEv)
                  000120d2    0000000c     console_task.obj (.text:_ZNKSt3__217__compressed_pairIPP11ConsolePageRNS_9allocatorIS2_EEE5firstEv)
                  000120de    0000000c     I2C_monitor.obj (.text:_ZNKSt3__217__compressed_pairIPP6I2cMsgNS_9allocatorIS2_EEE5firstEv)
                  000120ea    0000000c     I2C_monitor.obj (.text:_ZNKSt3__217__compressed_pairIPP6I2cMsgNS_9allocatorIS2_EEE6secondEv)
                  000120f6    0000000c     I2C_task.obj (.text:_ZNKSt3__217__compressed_pairIPP6I2cMsgRNS_9allocatorIS2_EEE5firstEv)
                  00012102    0000000c     SPI_command.obj (.text:_ZNKSt3__217__compressed_pairIPP6SpiMsgNS_9allocatorIS2_EEE5firstEv)
                  0001210e    0000000c     SPI_command.obj (.text:_ZNKSt3__217__compressed_pairIPP6SpiMsgNS_9allocatorIS2_EEE6secondEv)
                  0001211a    0000000c     SPI_command.obj (.text:_ZNKSt3__217__compressed_pairIPP6SpiMsgRNS_9allocatorIS2_EEE5firstEv)
                  00012126    0000000c     menu_page.obj (.text:_ZNKSt3__217__compressed_pairIPP7MenuRowNS_9allocatorIS2_EEE5firstEv)
                  00012132    0000000c     menu_page.obj (.text:_ZNKSt3__217__compressed_pairIPP7MenuRowNS_9allocatorIS2_EEE6secondEv)
                  0001213e    0000000c     menu_page.obj (.text:_ZNKSt3__217__compressed_pairIPP7MenuRowRNS_9allocatorIS2_EEE5firstEv)
                  0001214a    00000002     --HOLE-- [fill = 0]
                  0001214c    0000000c     rtsv7M4_T_le_v4SPD16_eabi.lib : vector.cpp.obj (.text:_ZNKSt3__220__vector_base_commonILb1EE20__throw_length_errorEv)
                  00012158    0000000c     console_task.obj (.text:_ZNKSt3__222__compressed_pair_elemINS_9allocatorIP11ConsolePageEELi1ELb1EE5__getEv)
                  00012164    0000000c     I2C_monitor.obj (.text:_ZNKSt3__222__compressed_pair_elemINS_9allocatorIP6I2cMsgEELi1ELb1EE5__getEv)
                  00012170    0000000c     SPI_command.obj (.text:_ZNKSt3__222__compressed_pair_elemINS_9allocatorIP6SpiMsgEELi1ELb1EE5__getEv)
                  0001217c    0000000c     menu_page.obj (.text:_ZNKSt3__222__compressed_pair_elemINS_9allocatorIP7MenuRowEELi1ELb1EE5__getEv)
                  00012188    0000000c     console_task.obj (.text:_ZNKSt3__222__compressed_pair_elemIPP11ConsolePageLi0ELb0EE5__getEv)
                  00012194    0000000c     I2C_monitor.obj (.text:_ZNKSt3__222__compressed_pair_elemIPP6I2cMsgLi0ELb0EE5__getEv)
                  000121a0    0000000c     SPI_command.obj (.text:_ZNKSt3__222__compressed_pair_elemIPP6SpiMsgLi0ELb0EE5__getEv)
                  000121ac    0000000c     menu_page.obj (.text:_ZNKSt3__222__compressed_pair_elemIPP7MenuRowLi0ELb0EE5__getEv)
                  000121b8    0000000c     console_task.obj (.text:_ZNKSt3__26vectorIP11ConsolePageNS_9allocatorIS2_EEE8capacityEv)
                  000121c4    0000000c     I2C_monitor.obj (.text:_ZNKSt3__26vectorIP6I2cMsgNS_9allocatorIS2_EEE8capacityEv)
                  000121d0    0000000c     SPI_command.obj (.text:_ZNKSt3__26vectorIP6SpiMsgNS_9allocatorIS2_EEE8capacityEv)
                  000121dc    0000000c     menu_page.obj (.text:_ZNKSt3__26vectorIP7MenuRowNS_9allocatorIS2_EEE8capacityEv)
                  000121e8    0000000c     I2C_monitor.obj (.text:_ZNSt3__210__allocateEj)
                  000121f4    0000000c     I2C_monitor.obj (.text:_ZNSt3__213__unwrap_iterIPP6I2cMsgEET_S4_)
                  00012200    0000000c     console_task.obj (.text:_ZNSt3__213__vector_baseIP11ConsolePageNS_9allocatorIS2_EEEC2Ev)
                  0001220c    0000000c     I2C_monitor.obj (.text:_ZNSt3__213__vector_baseIP6I2cMsgNS_9allocatorIS2_EEEC2Ev)
                  00012218    0000000c     SPI_command.obj (.text:_ZNSt3__213__vector_baseIP6SpiMsgNS_9allocatorIS2_EEEC2Ev)
                  00012224    0000000c     menu_page.obj (.text:_ZNSt3__213__vector_baseIP7MenuRowNS_9allocatorIS2_EEEC2Ev)
                  00012230    0000000c     console_task.obj (.text:_ZNSt3__216__to_raw_pointerIP11ConsolePageEEPT_S4_)
                  0001223c    0000000c     I2C_monitor.obj (.text:_ZNSt3__216__to_raw_pointerIP6I2cMsgEEPT_S4_)
                  00012248    0000000c     SPI_command.obj (.text:_ZNSt3__216__to_raw_pointerIP6SpiMsgEEPT_S4_)
                  00012254    0000000c     menu_page.obj (.text:_ZNSt3__216__to_raw_pointerIP7MenuRowEEPT_S4_)
                  00012260    0000000c     console_task.obj (.text:_ZNSt3__217__compressed_pairIPP11ConsolePageNS_9allocatorIS2_EEE5firstEv)
                  0001226c    0000000c     console_task.obj (.text:_ZNSt3__217__compressed_pairIPP11ConsolePageNS_9allocatorIS2_EEE6secondEv)
                  00012278    0000000c     console_task.obj (.text:_ZNSt3__217__compressed_pairIPP11ConsolePageRNS_9allocatorIS2_EEE5firstEv)
                  00012284    0000000c     I2C_monitor.obj (.text:_ZNSt3__217__compressed_pairIPP6I2cMsgNS_9allocatorIS2_EEE5firstEv)
                  00012290    0000000c     I2C_monitor.obj (.text:_ZNSt3__217__compressed_pairIPP6I2cMsgNS_9allocatorIS2_EEE6secondEv)
                  0001229c    0000000c     I2C_task.obj (.text:_ZNSt3__217__compressed_pairIPP6I2cMsgRNS_9allocatorIS2_EEE5firstEv)
                  000122a8    0000000c     SPI_command.obj (.text:_ZNSt3__217__compressed_pairIPP6SpiMsgNS_9allocatorIS2_EEE5firstEv)
                  000122b4    0000000c     SPI_command.obj (.text:_ZNSt3__217__compressed_pairIPP6SpiMsgNS_9allocatorIS2_EEE6secondEv)
                  000122c0    0000000c     SPI_command.obj (.text:_ZNSt3__217__compressed_pairIPP6SpiMsgRNS_9allocatorIS2_EEE5firstEv)
                  000122cc    0000000c     menu_page.obj (.text:_ZNSt3__217__compressed_pairIPP7MenuRowNS_9allocatorIS2_EEE5firstEv)
                  000122d8    0000000c     menu_page.obj (.text:_ZNSt3__217__compressed_pairIPP7MenuRowNS_9allocatorIS2_EEE6secondEv)
                  000122e4    0000000c     menu_page.obj (.text:_ZNSt3__217__compressed_pairIPP7MenuRowRNS_9allocatorIS2_EEE5firstEv)
                  000122f0    0000000c     I2C_monitor.obj (.text:_ZNSt3__219__libcpp_deallocateEPv)
                  000122fc    0000000c     console_task.obj (.text:_ZNSt3__222__compressed_pair_elemINS_9allocatorIP11ConsolePageEELi1ELb1EE5__getEv)
                  00012308    0000000c     console_task.obj (.text:_ZNSt3__222__compressed_pair_elemINS_9allocatorIP11ConsolePageEELi1ELb1EEC2Ev)
                  00012314    0000000c     I2C_monitor.obj (.text:_ZNSt3__222__compressed_pair_elemINS_9allocatorIP6I2cMsgEELi1ELb1EE5__getEv)
                  00012320    0000000c     I2C_monitor.obj (.text:_ZNSt3__222__compressed_pair_elemINS_9allocatorIP6I2cMsgEELi1ELb1EEC2Ev)
                  0001232c    0000000c     SPI_command.obj (.text:_ZNSt3__222__compressed_pair_elemINS_9allocatorIP6SpiMsgEELi1ELb1EE5__getEv)
                  00012338    0000000c     SPI_command.obj (.text:_ZNSt3__222__compressed_pair_elemINS_9allocatorIP6SpiMsgEELi1ELb1EEC2Ev)
                  00012344    0000000c     menu_page.obj (.text:_ZNSt3__222__compressed_pair_elemINS_9allocatorIP7MenuRowEELi1ELb1EE5__getEv)
                  00012350    0000000c     menu_page.obj (.text:_ZNSt3__222__compressed_pair_elemINS_9allocatorIP7MenuRowEELi1ELb1EEC2Ev)
                  0001235c    0000000c     console_task.obj (.text:_ZNSt3__222__compressed_pair_elemIPP11ConsolePageLi0ELb0EE5__getEv)
                  00012368    0000000c     I2C_monitor.obj (.text:_ZNSt3__222__compressed_pair_elemIPP6I2cMsgLi0ELb0EE5__getEv)
                  00012374    0000000c     SPI_command.obj (.text:_ZNSt3__222__compressed_pair_elemIPP6SpiMsgLi0ELb0EE5__getEv)
                  00012380    0000000c     menu_page.obj (.text:_ZNSt3__222__compressed_pair_elemIPP7MenuRowLi0ELb0EE5__getEv)
                  0001238c    0000000c     I2C_task.obj (.text:_ZNSt3__24moveIRP6I2cMsgEEONS_16remove_referenceIT_E4typeEOS5_)
                  00012398    0000000c     SPI_command.obj (.text:_ZNSt3__24moveIRP6SpiMsgEEONS_16remove_referenceIT_E4typeEOS5_)
                  000123a4    0000000c     console_task.obj (.text:_ZNSt3__24moveIRPP11ConsolePageEEONS_16remove_referenceIT_E4typeEOS6_)
                  000123b0    0000000c     I2C_task.obj (.text:_ZNSt3__24moveIRPP6I2cMsgEEONS_16remove_referenceIT_E4typeEOS6_)
                  000123bc    0000000c     SPI_command.obj (.text:_ZNSt3__24moveIRPP6SpiMsgEEONS_16remove_referenceIT_E4typeEOS6_)
                  000123c8    0000000c     menu_page.obj (.text:_ZNSt3__24moveIRPP7MenuRowEEONS_16remove_referenceIT_E4typeEOS6_)
                  000123d4    0000000c     I2C_monitor.obj (.text:_ZNSt3__26vectorIP6I2cMsgNS_9allocatorIS2_EEE27__invalidate_iterators_pastEPS2_)
                  000123e0    0000000c     I2C_monitor.obj (.text:_ZNSt3__27forwardIDnEEOT_RNS_16remove_referenceIS1_E4typeE)
                  000123ec    0000000c     I2C_task.obj (.text:_ZNSt3__27forwardIP6I2cMsgEEOT_RNS_16remove_referenceIS3_E4typeE)
                  000123f8    0000000c     SPI_command.obj (.text:_ZNSt3__27forwardIP6SpiMsgEEOT_RNS_16remove_referenceIS3_E4typeE)
                  00012404    0000000c     console_task.obj (.text:_ZNSt3__27forwardIRKP11ConsolePageEEOT_RNS_16remove_referenceIS5_E4typeE)
                  00012410    0000000c     menu_page.obj (.text:_ZNSt3__27forwardIRKP7MenuRowEEOT_RNS_16remove_referenceIS5_E4typeE)
                  0001241c    0000000c     console_task.obj (.text:_ZNSt3__27forwardIRNS_9allocatorIP11ConsolePageEEEEOT_RNS_16remove_referenceIS6_E4typeE)
                  00012428    0000000c     I2C_task.obj (.text:_ZNSt3__27forwardIRNS_9allocatorIP6I2cMsgEEEEOT_RNS_16remove_referenceIS6_E4typeE)
                  00012434    0000000c     SPI_command.obj (.text:_ZNSt3__27forwardIRNS_9allocatorIP6SpiMsgEEEEOT_RNS_16remove_referenceIS6_E4typeE)
                  00012440    0000000c     menu_page.obj (.text:_ZNSt3__27forwardIRNS_9allocatorIP7MenuRowEEEEOT_RNS_16remove_referenceIS6_E4typeE)
                  0001244c    0000000c     console_task.obj (.text:_ZNSt3__29allocatorIP11ConsolePageE7destroyEPS2_)
                  00012458    0000000c     console_task.obj (.text:_ZNSt3__29allocatorIP11ConsolePageEC1Ev)
                  00012464    0000000c     console_task.obj (.text:_ZNSt3__29allocatorIP11ConsolePageEC2Ev)
                  00012470    0000000c     I2C_monitor.obj (.text:_ZNSt3__29allocatorIP6I2cMsgE7destroyEPS2_)
                  0001247c    0000000c     I2C_monitor.obj (.text:_ZNSt3__29allocatorIP6I2cMsgEC1Ev)
                  00012488    0000000c     I2C_monitor.obj (.text:_ZNSt3__29allocatorIP6I2cMsgEC2Ev)
                  00012494    0000000c     SPI_command.obj (.text:_ZNSt3__29allocatorIP6SpiMsgE7destroyEPS2_)
                  000124a0    0000000c     SPI_command.obj (.text:_ZNSt3__29allocatorIP6SpiMsgEC1Ev)
                  000124ac    0000000c     SPI_command.obj (.text:_ZNSt3__29allocatorIP6SpiMsgEC2Ev)
                  000124b8    0000000c     menu_page.obj (.text:_ZNSt3__29allocatorIP7MenuRowE7destroyEPS2_)
                  000124c4    0000000c     menu_page.obj (.text:_ZNSt3__29allocatorIP7MenuRowEC1Ev)
                  000124d0    0000000c     menu_page.obj (.text:_ZNSt3__29allocatorIP7MenuRowEC2Ev)
                  000124dc    0000000c     rtsv7M4_T_le_v4SPD16_eabi.lib : copy_zero_init.c.obj (.text:decompress:ZI:__TI_zero_init)
                  000124e8    0000000c     tm4c123gh6pm_startup_ccs.obj (.text)
                  000124f4    0000000a     I2C_monitor.obj (.text:_ZNSt3__220__throw_length_errorEPKc)
                  000124fe    0000000a     console_task.obj (.text:_ZNSt3__26vectorIP11ConsolePageNS_9allocatorIS2_EEE24__RAII_IncreaseAnnotator6__doneEv)
                  00012508    0000000a     console_task.obj (.text:_ZNSt3__26vectorIP11ConsolePageNS_9allocatorIS2_EEE26__invalidate_all_iteratorsEv)
                  00012512    0000000a     I2C_monitor.obj (.text:_ZNSt3__26vectorIP6I2cMsgNS_9allocatorIS2_EEE24__RAII_IncreaseAnnotator6__doneEv)
                  0001251c    0000000a     I2C_monitor.obj (.text:_ZNSt3__26vectorIP6I2cMsgNS_9allocatorIS2_EEE26__invalidate_all_iteratorsEv)
                  00012526    0000000a     SPI_command.obj (.text:_ZNSt3__26vectorIP6SpiMsgNS_9allocatorIS2_EEE24__RAII_IncreaseAnnotator6__doneEv)
                  00012530    0000000a     SPI_command.obj (.text:_ZNSt3__26vectorIP6SpiMsgNS_9allocatorIS2_EEE26__invalidate_all_iteratorsEv)
                  0001253a    0000000a     menu_page.obj (.text:_ZNSt3__26vectorIP7MenuRowNS_9allocatorIS2_EEE24__RAII_IncreaseAnnotator6__doneEv)
                  00012544    0000000a     menu_page.obj (.text:_ZNSt3__26vectorIP7MenuRowNS_9allocatorIS2_EEE26__invalidate_all_iteratorsEv)
                  0001254e    0000000a     rtsv7M4_T_le_v4SPD16_eabi.lib : sprintf.c.obj (.text:_outc)
                  00012558    00000008                                   : errno.c.obj (.text:__aeabi_errno_addr)
                  00012560    00000008                                   : memory.c.obj (.text:malloc)
                  00012568    00000006     sysctl.obj (.text:SysCtlDelay)
                  0001256e    00000006     rtsv7M4_T_le_v4SPD16_eabi.lib : pure_virt.c.obj (.text:__cxa_pure_virtual)
                  00012574    00000004                                   : typeinfo.c.obj (.text:_ZN10__cxxabiv117__class_type_infoD1Ev)
                  00012578    00000004                                   : typeinfo.c.obj (.text:_ZN10__cxxabiv120__si_class_type_infoD1Ev)
                  0001257c    00000004                                   : new.cpp.obj (.text:_ZdlPvj)
                  00012580    00000004                                   : error.c.obj (.text:__abort_execution)
                  00012584    00000004                                   : pre_init.c.obj (.text:_system_pre_init)
                  00012588    00000004                                   : exit.c.obj (.text:abort:abort)

.const     0    0001258c    00000d10     
                  0001258c    00000120     sysctl.obj (.const:g_pppui32XTALtoVCO)
                  000126ac    00000101     rtsv7M4_T_le_v4SPD16_eabi.lib : ctype.c.obj (.const:.string:_ctypes_)
                  000127ad    00000003     --HOLE-- [fill = 0]
                  000127b0    000000c0     gpio.obj (.const:g_ppui32GPIOIntMapBlizzard)
                  00012870    000000c0     gpio.obj (.const:g_ppui32GPIOIntMapSnowflake)
                  00012930    0000009c     interrupt.obj (.const:g_pui32Regs)
                  000129cc    00000090     gpio.obj (.const:g_pui32GPIOBaseAddrs)
                  00012a5c    0000006c     sysctl.obj (.const:g_pui32Xtals)
                  00012ac8    00000060     timer.obj (.const:g_ppui32TimerIntMap)
                  00012b28    00000050     i2c.obj (.const:g_ppui32I2CIntMapSnowflake)
                  00012b78    0000004e     no_booster_board.obj (.const:.string)
                  00012bc6    00000044     console_task.obj (.const:.string:_ZZNSt3__29allocatorIP11ConsolePageE8allocateEjPKvEs)
                  00012c0a    00000044     I2C_monitor.obj (.const:.string:_ZZNSt3__29allocatorIP6I2cMsgE8allocateEjPKvEs)
                  00012c4e    00000044     SPI_command.obj (.const:.string:_ZZNSt3__29allocatorIP6SpiMsgE8allocateEjPKvEs)
                  00012c92    00000044     menu_page.obj (.const:.string:_ZZNSt3__29allocatorIP7MenuRowE8allocateEjPKvEs)
                  00012cd6    00000002     --HOLE-- [fill = 0]
                  00012cd8    00000040     timer.obj (.const:g_ppui32TimerIntMapSnowflake)
                  00012d18    00000040     uart.obj (.const:g_ppui32UARTIntMap)
                  00012d58    00000040     uart.obj (.const:g_ppui32UARTIntMapSnowflake)
                  00012d98    00000030     i2c.obj (.const:g_ppui32I2CIntMap)
                  00012dc8    00000030     sysctl.obj (.const:g_sXTALtoMEMTIM)
                  00012df8    00000025     rtsv7M4_T_le_v4SPD16_eabi.lib : typeinfo.c.obj (.const:.typeinfo:_ZTSN10__cxxabiv120__si_class_type_infoE)
                  00012e1d    00000003     --HOLE-- [fill = 0]
                  00012e20    00000022     GPOs.obj (.const:.string)
                  00012e42    00000022     rtsv7M4_T_le_v4SPD16_eabi.lib : typeinfo.c.obj (.const:.typeinfo:_ZTSN10__cxxabiv117__class_type_infoE)
                  00012e64    00000020     ssi.obj (.const:g_ppui32SSIIntMap)
                  00012e84    00000020     ssi.obj (.const:g_ppui32SSIIntMapSnowflake)
                  00012ea4    00000020     interrupt.obj (.const:g_pui32Priority)
                  00012ec4    0000001c     SPI_command.obj (.const:_ZTV10SpiCmdTask)
                  00012ee0    0000001c     console_task.obj (.const:_ZTV11ConsolePage)
                  00012efc    0000001c     console_task.obj (.const:_ZTV11ConsoleTask)
                  00012f18    0000001c     error_logger.obj (.const:_ZTV11ErrorLogger)
                  00012f34    0000001c     menu_page.obj (.const:_ZTV11MenuOptions)
                  00012f50    0000001c     task_manager.obj (.const:_ZTV11TaskManager)
                  00012f6c    0000001c     I2C_monitor.obj (.const:_ZTV14I2cMonitorTask)
                  00012f88    0000001c     I2C_sniffer.obj (.const:_ZTV14I2cSnifferTask)
                  00012fa4    0000001c     I2C_scripter.obj (.const:_ZTV15I2cScripterTask)
                  00012fc0    0000001c     I2C_task.obj (.const:_ZTV7I2cTask)
                  00012fdc    0000001c     PWM_page.obj (.const:_ZTV7PWMpage)
                  00012ff8    0000001c     test_task.obj (.const:_ZTV8TestTask)
                  00013014    0000001c     io_control_page.obj (.const:_ZTV9IoCtlPage)
                  00013030    00000018     I2C_monitor.obj (.const:.string)
                  00013048    00000014     interrupt.obj (.const:g_pui32Dii16Regs)
                  0001305c    00000014     interrupt.obj (.const:g_pui32EnRegs)
                  00013070    00000014     interrupt.obj (.const:g_pui32PendRegs)
                  00013084    00000014     interrupt.obj (.const:g_pui32UnpendRegs)
                  00013098    00000012     uartstdio.obj (.const:.string)
                  000130aa    00000012     I2C_scripter.obj (.const:.typeinfo:_ZTS15I2cScripterTask)
                  000130bc    00000011     I2C_monitor.obj (.const:.typeinfo:_ZTS14I2cMonitorTask)
                  000130cd    00000011     I2C_sniffer.obj (.const:.typeinfo:_ZTS14I2cSnifferTask)
                  000130de    00000002     --HOLE-- [fill = 0]
                  000130e0    00000010     rtsv7M4_T_le_v4SPD16_eabi.lib : typeinfo.c.obj (.const:_ZTVN10__cxxabiv117__class_type_infoE)
                  000130f0    00000010                                   : typeinfo.c.obj (.const:_ZTVN10__cxxabiv120__si_class_type_infoE)
                  00013100    0000000e     ADC_task.obj (.const:.string)
                  0001310e    00000002     --HOLE-- [fill = 0]
                  00013110    0000000e     GPIs.obj (.const:.string)
                  0001311e    0000000e     I2C_monitor.obj (.const:.typeinfo:_ZTS11ConsolePage)
                  0001312c    0000000e     console_task.obj (.const:.typeinfo:_ZTS11ConsoleTask)
                  0001313a    0000000e     error_logger.obj (.const:.typeinfo:_ZTS11ErrorLogger)
                  00013148    0000000e     menu_page.obj (.const:.typeinfo:_ZTS11MenuOptions)
                  00013156    0000000e     task_manager.obj (.const:.typeinfo:_ZTS11TaskManager)
                  00013164    0000000d     SPI_command.obj (.const:.typeinfo:_ZTS10SpiCmdTask)
                  00013171    0000000d     rtsv7M4_T_le_v4SPD16_eabi.lib : stdlib_typeinfo.cpp.obj (.const:.typeinfo:_ZTSSt9type_info)
                  0001317e    00000002     --HOLE-- [fill = 0]
                  00013180    0000000c     SPI_command.obj (.const:.typeinfo:_ZTI10SpiCmdTask)
                  0001318c    0000000c     console_task.obj (.const:.typeinfo:_ZTI11ConsoleTask)
                  00013198    0000000c     error_logger.obj (.const:.typeinfo:_ZTI11ErrorLogger)
                  000131a4    0000000c     menu_page.obj (.const:.typeinfo:_ZTI11MenuOptions)
                  000131b0    0000000c     task_manager.obj (.const:.typeinfo:_ZTI11TaskManager)
                  000131bc    0000000c     I2C_monitor.obj (.const:.typeinfo:_ZTI14I2cMonitorTask)
                  000131c8    0000000c     I2C_sniffer.obj (.const:.typeinfo:_ZTI14I2cSnifferTask)
                  000131d4    0000000c     I2C_scripter.obj (.const:.typeinfo:_ZTI15I2cScripterTask)
                  000131e0    0000000c     I2C_task.obj (.const:.typeinfo:_ZTI7I2cTask)
                  000131ec    0000000c     PWM_page.obj (.const:.typeinfo:_ZTI7PWMpage)
                  000131f8    0000000c     test_task.obj (.const:.typeinfo:_ZTI8TestTask)
                  00013204    0000000c     io_control_page.obj (.const:.typeinfo:_ZTI9IoCtlPage)
                  00013210    0000000c     rtsv7M4_T_le_v4SPD16_eabi.lib : typeinfo.c.obj (.const:.typeinfo:_ZTIN10__cxxabiv117__class_type_infoE)
                  0001321c    0000000c                                   : typeinfo.c.obj (.const:.typeinfo:_ZTIN10__cxxabiv120__si_class_type_infoE)
                  00013228    0000000c     uartstdio.obj (.const:g_ui32UARTBase)
                  00013234    0000000c     uartstdio.obj (.const:g_ui32UARTPeriph)
                  00013240    0000000b     io_control_page.obj (.const:.typeinfo:_ZTS9IoCtlPage)
                  0001324b    0000000a     test_task.obj (.const:.typeinfo:_ZTS8TestTask)
                  00013255    00000009     I2C_task.obj (.const:.typeinfo:_ZTS7I2cTask)
                  0001325e    00000009     PWM_page.obj (.const:.typeinfo:_ZTS7PWMpage)
                  00013267    00000001     --HOLE-- [fill = 0]
                  00013268    00000008     I2C_monitor.obj (.const:.typeinfo:_ZTI11ConsolePage)
                  00013270    00000008     rtsv7M4_T_le_v4SPD16_eabi.lib : stdlib_typeinfo.cpp.obj (.const:.typeinfo:_ZTISt9type_info)
                  00013278    00000008     sysctl.obj (.const:g_pui32VCOFrequencies)
                  00013280    00000008     port.obj (.const)
                  00013288    00000007     rtsv7M4_T_le_v4SPD16_eabi.lib : vector.cpp.obj (.const:.string:_ZZNKSt3__220__vector_base_commonILb1EE20__throw_length_errorEvEs)
                  0001328f    00000001     --HOLE-- [fill = 0]
                  00013290    00000006     PWM_page.obj (.const:.string)
                  00013296    00000002     --HOLE-- [fill = 0]
                  00013298    00000004     uartstdio.obj (.const)

.cinit     0    000132a0    00000198     
                  000132a0    00000164     (.cinit..data.load) [load image, compression = lzss]
                  00013404    0000000c     (__TI_handler_table)
                  00013410    00000008     (.cinit..bss.load) [load image, compression = zero_init]
                  00013418    00000008     (.cinit..vtable.load) [load image, compression = zero_init]
                  00013420    00000018     (__TI_cinit_table)

.init_array 
*          0    00000000    00000000     UNINITIALIZED

.vtable    0    20000000    0000026c     UNINITIALIZED
                  20000000    0000026c     interrupt.obj (.vtable)

.bss       0    2000026c    000043a4     UNINITIALIZED
                  2000026c    00003c00     (.common:ucHeap)
                  20003e6c    000004b0     error_logger.obj (.bss:errors)
                  2000431c    00000120     rtsv7M4_T_le_v4SPD16_eabi.lib : trgmsg.c.obj (.bss:_CIOBUF_)
                  2000443c    000000a0     (.common:__TI_tmpnams)
                  200044dc    00000064     tasks.obj (.bss:pxReadyTasksLists)
                  20004540    00000040     (.common:xQueueRegistry)
                  20004580    00000014     tasks.obj (.bss:xDelayedTaskList1)
                  20004594    00000014     tasks.obj (.bss:xDelayedTaskList2)
                  200045a8    00000014     tasks.obj (.bss:xPendingReadyList)
                  200045bc    00000014     tasks.obj (.bss:xSuspendedTaskList)
                  200045d0    00000014     tasks.obj (.bss:xTasksWaitingTermination)
                  200045e4    0000000c     I2C_monitor.obj (.bss:bin_string)
                  200045f0    00000008     tasks.obj (.bss)
                  200045f8    00000008     heap_4.obj (.bss:xStart)
                  20004600    00000008     (.common:parmbuf)
                  20004608    00000004     console_uart.obj (.bss)
                  2000460c    00000004     adc.obj (.bss:g_pui8OversampleFactor)

.stack     0    20004610    00000800     UNINITIALIZED
                  20004610    00000004     rtsv7M4_T_le_v4SPD16_eabi.lib : boot_cortex_m.c.obj (.stack)
                  20004614    000007fc     --HOLE--

.data      0    20004e10    000003d8     UNINITIALIZED
                  20004e10    000000f0     rtsv7M4_T_le_v4SPD16_eabi.lib : defs.c.obj (.data:_ftable)
                  20004f00    00000078                                   : host_device.c.obj (.data:_device)
                  20004f78    00000050                                   : host_device.c.obj (.data:_stream)
                  20004fc8    00000034     tasks.obj (.data)
                  20004ffc    00000028     PWM_page.obj (.data:pwm1)
                  20005024    00000024     no_booster_board.obj (.data:i2c0)
                  20005048    00000020     ADC_task.obj (.data:adc1)
                  20005068    00000020     ADC_task.obj (.data:adc2)
                  20005088    00000018     GPOs.obj (.data:blue_led)
                  200050a0    00000018     GPIs.obj (.data:gpi_1)
                  200050b8    00000018     GPIs.obj (.data:gpi_2)
                  200050d0    00000018     GPOs.obj (.data:green_led)
                  200050e8    00000018     heap_4.obj (.data)
                  20005100    00000018     GPOs.obj (.data:red_led)
                  20005118    00000010     SPI_command.obj (.data)
                  20005128    00000010     I2C_monitor.obj (.data:format_types)
                  20005138    00000010     rtsv7M4_T_le_v4SPD16_eabi.lib : defs.c.obj (.data)
                  20005148    00000010     no_booster_board.obj (.data:spi_mode_menu)
                  20005158    0000000c     rtsv7M4_T_le_v4SPD16_eabi.lib : exit.c.obj (.data:$O1$$)
                  20005164    0000000c     GPOs.obj (.data:gpos)
                  20005170    0000000c     port.obj (.data)
                  2000517c    00000008     rtsv7M4_T_le_v4SPD16_eabi.lib : _lock.c.obj (.data:$O1$$)
                  20005184    00000008                                   : memory.c.obj (.data:$O1$$)
                  2000518c    00000008     ADC_task.obj (.data:adc_pin_struct)
                  20005194    00000008     ADC_task.obj (.data:board_adc_pins)
                  2000519c    00000008     GPIs.obj (.data:board_gpi_info)
                  200051a4    00000008     GPIs.obj (.data:board_gpi_pins)
                  200051ac    00000008     GPOs.obj (.data:board_gpo_info)
                  200051b4    00000008     PWM_page.obj (.data:board_pwm_info)
                  200051bc    00000008     error_logger.obj (.data)
                  200051c4    00000008     no_booster_board.obj (.data:i2c_speed_menu)
                  200051cc    00000008     no_booster_board.obj (.data)
                  200051d4    00000005     uartstdio.obj (.data)
                  200051d9    00000001     I2C_sniffer.obj (.data)
                  200051da    00000002     --HOLE--
                  200051dc    00000004     ADC_task.obj (.data)
                  200051e0    00000004     PWM_page.obj (.data:pwm_pins)
                  200051e4    00000004     rtsv7M4_T_le_v4SPD16_eabi.lib : errno.c.obj (.data)

.sysmem    0    200051e8    00000010     UNINITIALIZED
                  200051e8    00000010     rtsv7M4_T_le_v4SPD16_eabi.lib : memory.c.obj (.sysmem)

__llvm_prf_cnts 
*          0    20000000    00000000     UNINITIALIZED

MODULE SUMMARY

       Module                         code    ro data   rw data
       ------                         ----    -------   -------
    .\
       ADC_task.obj                   652     14        15444  
       SPI_command.obj                6292    121       16     
       I2C_task.obj                   5764    49        0      
       console_task.obj               3574    150       0      
       I2C_monitor.obj                3503    171       28     
       menu_page.obj                  2966    122       0      
       error_logger.obj               672     54        1208   
       I2C_scripter.obj               1444    58        0      
       PWM_page.obj                   1131    55        52     
       heap_4.obj                     1108    0         32     
       io_control_page.obj            948     51        0      
       no_booster_board.obj           656     78        68     
       task_manager.obj               676     54        0      
       I2C_sniffer.obj                668     57        1      
       tm4c123gh6pm_startup_ccs.obj   12      620       0      
       GPIs.obj                       532     14        64     
       GPOs.obj                       468     34        92     
       test_task.obj                  244     50        0      
       console_uart.obj               252     0         4      
       text_controls.obj              210     0         0      
       utils.obj                      96      0         0      
       main.obj                       60      0         0      
       memory_functions.obj           48      0         0      
       hooks.obj                      42      0         0      
    +--+------------------------------+-------+---------+---------+
       Total:                         32018   1752      17009  
                                                               
    .\FreeRTOS\
       tasks.obj                      7644    0         260    
       queue.obj                      4008    0         64     
       list.obj                       298     0         0      
    +--+------------------------------+-------+---------+---------+
       Total:                         11950   0         324    
                                                               
    .\FreeRTOS\portable\CCS\ARM_CM4F\
       port.obj                       652     8         12     
       portasm.obj                    218     0         0      
    +--+------------------------------+-------+---------+---------+
       Total:                         870     8         12     
                                                               
    .\driverlib\
       sysctl.obj                     3834    452       0      
       gpio.obj                       2952    528       0      
       adc.obj                        1986    0         4      
       interrupt.obj                  960     268       620    
       i2c.obj                        1692    128       0      
       pwm.obj                        1816    0         0      
       timer.obj                      1602    160       0      
       uart.obj                       1560    128       0      
       ssi.obj                        838     64        0      
       fpu.obj                        192     0         0      
       cpu.obj                        62      0         0      
    +--+------------------------------+-------+---------+---------+
       Total:                         17494   1728      624    
                                                               
    .\utils\
       uartstdio.obj                  1192    46        5      
    +--+------------------------------+-------+---------+---------+
       Total:                         1192    46        5      
                                                               
    C:\ti\ccs1020\ccs\tools\compiler\ti-cgt-arm_20.2.2.LTS\lib\rtsv7M4_T_le_v4SPD16_eabi.lib
       _printfi.c.obj                 4851    0         0      
       memory.c.obj                   672     0         8      
       fd_add_t2.asm.obj              438     0         0      
       defs.c.obj                     0       0         416    
       trgmsg.c.obj                   108     0         288    
       fd_div_t2.asm.obj              310     0         0      
       fputs.c.obj                    276     0         0      
       s_scalbn.c.obj                 272     0         0      
       fd_cmp_t2.asm.obj              268     0         0      
[...]
00013171  _ZTSSt9type_info                                                                                                                                                                                                                                                                 
00013180  _ZTI10SpiCmdTask                                                                                                                                                                                                                                                                 
0001318c  _ZTI11ConsoleTask                                                                                                                                                                                                                                                                
00013198  _ZTI11ErrorLogger                                                                                                                                                                                                                                                                
000131a4  _ZTI11MenuOptions                                                                                                                                                                                                                                                                
000131b0  _ZTI11TaskManager                                                                                                                                                                                                                                                                
000131bc  _ZTI14I2cMonitorTask                                                                                                                                                                                                                                                             
000131c8  _ZTI14I2cSnifferTask                                                                                                                                                                                                                                                             
000131d4  _ZTI15I2cScripterTask                                                                                                                                                                                                                                                            
000131e0  _ZTI7I2cTask                                                                                                                                                                                                                                                                     
000131ec  _ZTI7PWMpage                                                                                                                                                                                                                                                                     
000131f8  _ZTI8TestTask                                                                                                                                                                                                                                                                    
00013204  _ZTI9IoCtlPage                                                                                                                                                                                                                                                                   
00013210  _ZTIN10__cxxabiv117__class_type_infoE                                                                                                                                                                                                                                            
0001321c  _ZTIN10__cxxabiv120__si_class_type_infoE                                                                                                                                                                                                                                         
00013240  _ZTS9IoCtlPage                                                                                                                                                                                                                                                                   
0001324b  _ZTS8TestTask                                                                                                                                                                                                                                                                    
00013255  _ZTS7I2cTask                                                                                                                                                                                                                                                                     
0001325e  _ZTS7PWMpage                                                                                                                                                                                                                                                                     
00013268  _ZTI11ConsolePage                                                                                                                                                                                                                                                                
00013270  _ZTISt9type_info                                                                                                                                                                                                                                                                 
00013280  ulMaxSyscallInterruptPriority                                                                                                                                                                                                                                                    
00013288  _ZZNKSt3__220__vector_base_commonILb1EE20__throw_length_errorEvEs                                                                                                                                                                                                                
00013404  __TI_Handler_Table_Base                                                                                                                                                                                                                                                          
00013410  __TI_Handler_Table_Limit                                                                                                                                                                                                                                                         
00013420  __TI_CINIT_Base                                                                                                                                                                                                                                                                  
00013438  __TI_CINIT_Limit                                                                                                                                                                                                                                                                 
20000000  __start___llvm_prf_cnts                                                                                                                                                                                                                                                          
20000000  __stop___llvm_prf_cnts                                                                                                                                                                                                                                                           
20000000  g_pfnRAMVectors                                                                                                                                                                                                                                                                  
2000026c  ucHeap                                                                                                                                                                                                                                                                           
2000431c  __CIOBUF_                                                                                                                                                                                                                                                                        
2000443c  __TI_tmpnams                                                                                                                                                                                                                                                                     
20004540  xQueueRegistry                                                                                                                                                                                                                                                                   
20004600  parmbuf                                                                                                                                                                                                                                                                          
20004610  __stack                                                                                                                                                                                                                                                                          
20004810  __STACK_TOP                                                                                                                                                                                                                                                                      
20004e10  __STACK_END                                                                                                                                                                                                                                                                      
20004e10  _ftable                                                                                                                                                                                                                                                                          
20004f00  _device                                                                                                                                                                                                                                                                          
20004f78  _stream                                                                                                                                                                                                                                                                          
20004fc8  pxCurrentTCB                                                                                                                                                                                                                                                                     
20005138  __TI_ft_end                                                                                                                                                                                                                                                                      
2000513c  __aeabi_stdin                                                                                                                                                                                                                                                                    
20005140  __aeabi_stdout                                                                                                                                                                                                                                                                   
20005144  __aeabi_stderr                                                                                                                                                                                                                                                                   
20005148  spi_mode_menu                                                                                                                                                                                                                                                                    
20005158  __TI_cleanup_ptr                                                                                                                                                                                                                                                                 
2000515c  __TI_dtors_ptr                                                                                                                                                                                                                                                                   
20005160  __TI_enable_exit_profile_output                                                                                                                                                                                                                                                  
2000517c  _lock                                                                                                                                                                                                                                                                            
20005180  _unlock                                                                                                                                                                                                                                                                          
2000518c  adc_pin_struct                                                                                                                                                                                                                                                                   
2000519c  board_gpi_info                                                                                                                                                                                                                                                                   
200051ac  board_gpo_info                                                                                                                                                                                                                                                                   
200051b4  board_pwm_info                                                                                                                                                                                                                                                                   
200051c0  _ZN11ErrorLogger3objE                                                                                                                                                                                                                                                            
200051c4  i2c_speed_menu                                                                                                                                                                                                                                                                   
200051cc  i2c_speed_name                                                                                                                                                                                                                                                                   
200051d0  spi_mode_name                                                                                                                                                                                                                                                                    
200051e4  errno                                                                                                                                                                                                                                                                            
200051e8  _sys_memory                                                                                                                                                                                                                                                                      
ffffffff  __TI_pprof_out_hndl                                                                                                                                                                                                                                                              
ffffffff  __TI_prof_data_size                                                                                                                                                                                                                                                              
ffffffff  __TI_prof_data_start                                                                                                                                                                                                                                                             
ffffffff  __binit__                                                                                                                                                                                                                                                                        
ffffffff  __c_args__                                                                                                                                                                                                                                                                       
ffffffff  binit                                                                                                                                                                                                                                                                            
UNDEFED   __mpu_init                                                                                                                                                                                                                                                                       
UNDEFED   _system_post_cinit                                                                                                                                                                                                                                                               

[1176 symbols]
