******************************************************************************
                  TI ARM Linker PC v20.2.2                     
******************************************************************************
>> Linked Mon Aug 23 11:08:15 2021

OUTPUT FILE NAME:   <MicroMasterTM4C123G.out>
ENTRY POINT SYMBOL: "_c_int00_noargs"  address: 00011699


MEMORY CONFIGURATION

         name            origin    length      used     unused   attr    fill
----------------------  --------  ---------  --------  --------  ----  --------
  FLASH                 00000000   00040000  00013f7c  0002c084  R  X
  SRAM                  20000000   00008000  00006614  000019ec  RW X


SEGMENT ALLOCATION MAP

run origin  load origin   length   init length attrs members
----------  ----------- ---------- ----------- ----- -------
00000000    00000000    00013f80   00013f80    r-x
  00000000    00000000    0000026c   0000026c    r-- .intvecs
  0000026c    0000026c    00012e08   00012e08    r-x .text
  00013074    00013074    00000d60   00000d60    r-- .const
  00013dd8    00013dd8    000001a8   000001a8    r-- .cinit
20000000    20000000    00006618   00000000    rw-
  20000000    20000000    0000026c   00000000    rw- .vtable
  2000026c    2000026c    000057b0   00000000    rw- .bss
  20005a20    20005a20    00000800   00000000    rw- .stack
  20006220    20006220    000003e8   00000000    rw- .data
  20006608    20006608    00000010   00000000    rw- .sysmem


SECTION ALLOCATION MAP

 output                                  attributes/
section   page    origin      length       input sections
--------  ----  ----------  ----------   ----------------
.intvecs   0    00000000    0000026c     
                  00000000    0000026c     tm4c123gh6pm_startup_ccs.obj (.intvecs)

.text      0    0000026c    00012e08     
                  0000026c    00001ddc     tasks.obj (.text)
                  00002048    00001238     I2C_task.obj (.text)
                  00003280    00001164     SPI_command.obj (.text)
                  000043e4    00000fa8     queue.obj (.text)
                  0000538c    00000ef4     sysctl.obj (.text)
                  00006280    00000b88     gpio.obj (.text)
                  00006e08    00000a4e     rtsv7M4_T_le_v4SPD16_eabi.lib : _printfi.c.obj (.text:__TI_printfi)
                  00007856    00000002                                   : vector.cpp.obj (.text:_ZNSt3__220__vector_base_commonILb1EEC2Ev)
                  00007858    000007c2     adc.obj (.text)
                  0000801a    00000002     rtsv7M4_T_le_v4SPD16_eabi.lib : stdlib_typeinfo.cpp.obj (.text:_ZNSt9type_infoD1Ev)
                  0000801c    00000718     pwm.obj (.text)
                  00008734    0000069c     i2c.obj (.text)
                  00008dd0    00000662     console_task.obj (.text)
                  00009432    00000002     rtsv7M4_T_le_v4SPD16_eabi.lib : _lock.c.obj (.text:_nop)
                  00009434    00000642     timer.obj (.text)
                  00009a76    00000002     rtsv7M4_T_le_v4SPD16_eabi.lib : div0.asm.obj (.text)
                  00009a78    00000635     I2C_monitor.obj (.text)
                  0000a0ad    00000003     --HOLE-- [fill = 0]
                  0000a0b0    00000631     SPI_monitor.obj (.text)
                  0000a6e1    00000003     --HOLE-- [fill = 0]
                  0000a6e4    00000618     uart.obj (.text)
                  0000acfc    000005a4     I2C_scripter.obj (.text)
                  0000b2a0    000004a8     uartstdio.obj (.text)
                  0000b748    0000046b     PWM_page.obj (.text)
                  0000bbb3    00000001     --HOLE-- [fill = 0]
                  0000bbb4    00000454     heap_4.obj (.text)
                  0000c008    00000402     menu_page.obj (.text)
                  0000c40a    00000002     --HOLE-- [fill = 0]
                  0000c40c    000003c0     interrupt.obj (.text)
                  0000c7cc    000003b4     io_control_page.obj (.text)
                  0000cb80    00000346     ssi.obj (.text)
                  0000cec6    00000002     --HOLE-- [fill = 0]
                  0000cec8    000002bc     no_booster_board.obj (.text)
                  0000d184    000002a4     task_manager.obj (.text)
                  0000d428    000002a0     error_logger.obj (.text)
                  0000d6c8    0000029c     I2C_sniffer.obj (.text)
                  0000d964    0000028c     ADC_task.obj (.text)
                  0000dbf0    0000028c     port.obj (.text)
                  0000de7c    00000270     rtsv7M4_T_le_v4SPD16_eabi.lib : _printfi.c.obj (.text:_pconv_a)
                  0000e0ec    00000214     GPIs.obj (.text)
                  0000e300    000001d4     GPOs.obj (.text)
                  0000e4d4    000001d0     rtsv7M4_T_le_v4SPD16_eabi.lib : _printfi.c.obj (.text:_pconv_g)
                  0000e6a4    000001b6                                   : fd_add_t2.asm.obj (.text)
                  0000e85a    00000002     --HOLE-- [fill = 0]
                  0000e85c    0000013c                                   : _printfi.c.obj (.text:_pconv_e)
                  0000e998    00000136                                   : fd_div_t2.asm.obj (.text)
                  0000eace    0000012a     list.obj (.text)
                  0000ebf8    00000124     rtsv7M4_T_le_v4SPD16_eabi.lib : _printfi.c.obj (.text:fcvt)
                  0000ed1c    00000114                                   : fputs.c.obj (.text:fputs)
                  0000ee30    00000110                                   : s_scalbn.c.obj (.text:scalbn)
                  0000ef40    00000100                                   : memory.c.obj (.text:aligned_alloc)
                  0000f040    000000fc     console_uart.obj (.text)
                  0000f13c    000000fc     rtsv7M4_T_le_v4SPD16_eabi.lib : fd_mul_t2.asm.obj (.text)
                  0000f238    000000f4     test_task.obj (.text)
                  0000f32c    000000e4     rtsv7M4_T_le_v4SPD16_eabi.lib : memory.c.obj (.text:free)
                  0000f410    000000dc                                   : setvbuf.c.obj (.text:setvbuf)
                  0000f4ec    000000da     portasm.obj (.text)
                  0000f5c6    00000002     --HOLE-- [fill = 0]
                  0000f5c8    000000d2     text_controls.obj (.text)
                  0000f69a    00000002     --HOLE-- [fill = 0]
                  0000f69c    000000c0     fpu.obj (.text)
                  0000f75c    000000b1     rtsv7M4_T_le_v4SPD16_eabi.lib : _printfi.c.obj (.text:_ltostr)
                  0000f80d    00000001     --HOLE-- [fill = 0]
                  0000f80e    000000b0     I2C_monitor.obj (.text:_ZNSt3__26vectorIP6I2cMsgNS_9allocatorIS2_EEE6assignIPS2_EENS_9enable_ifIXaasr3std3__221__is_forward_iteratorIT_EE5valuesr3std3__216is_constructibleIS2_JNS_15iterator_traitsIS9_E9referenceEEEE5valueEvE4typeES9_S9_)
                  0000f8be    000000b0     SPI_monitor.obj (.text:_ZNSt3__26vectorIP6SpiMsgNS_9allocatorIS2_EEE6assignIPS2_EENS_9enable_ifIXaasr3std3__221__is_forward_iteratorIT_EE5valuesr3std3__216is_constructibleIS2_JNS_15iterator_traitsIS9_E9referenceEEEE5valueEvE4typeES9_S9_)
                  0000f96e    0000009c     rtsv7M4_T_le_v4SPD16_eabi.lib : memcpy_t2.asm.obj (.text)
                  0000fa0a    00000096                                   : ull_div_t2.asm.obj (.text)
                  0000faa0    00000086                                   : fd_cmp_t2.asm.obj (.text:__aeabi_cdcmple)
                  0000fb26    00000086                                   : fd_cmp_t2.asm.obj (.text:__aeabi_cdrcmple)
                  0000fbac    0000007c                                   : fflush.c.obj (.text:fflush)
                  0000fc28    0000007a                                   : memset_t2.asm.obj (.text)
                  0000fca2    00000002     --HOLE-- [fill = 0]
                  0000fca4    00000074                                   : fclose.c.obj (.text:__TI_closefile)
                  0000fd18    00000070                                   : memory.c.obj (.text:split)
                  0000fd88    0000006e                                   : _printfi.c.obj (.text:_mcpy)
                  0000fdf6    00000002     --HOLE-- [fill = 0]
                  0000fdf8    0000006c                                   : hostrename.c.obj (.text:HOSTrename)
                  0000fe64    0000006c     console_task.obj (.text:_ZNSt3__26vectorIP11ConsolePageNS_9allocatorIS2_EEE26__swap_out_circular_bufferERNS_14__split_bufferIS2_RS4_EE)
                  0000fed0    0000006c     I2C_task.obj (.text:_ZNSt3__26vectorIP6I2cMsgNS_9allocatorIS2_EEE26__swap_out_circular_bufferERNS_14__split_bufferIS2_RS4_EE)
                  0000ff3c    0000006c     SPI_command.obj (.text:_ZNSt3__26vectorIP6SpiMsgNS_9allocatorIS2_EEE26__swap_out_circular_bufferERNS_14__split_bufferIS2_RS4_EE)
                  0000ffa8    0000006c     menu_page.obj (.text:_ZNSt3__26vectorIP7MenuRowNS_9allocatorIS2_EEE26__swap_out_circular_bufferERNS_14__split_bufferIS2_RS4_EE)
                  00010014    00000068     rtsv7M4_T_le_v4SPD16_eabi.lib : hostlseek.c.obj (.text:HOSTlseek)
                  0001007c    00000068                                   : copy_decompress_lzss.c.obj (.text:decompress:lzss:__TI_decompress_lzss)
                  000100e4    00000064     console_task.obj (.text:_ZNSt3__26vectorIP11ConsolePageNS_9allocatorIS2_EEE21__push_back_slow_pathIRKS2_EEvOT_)
                  00010148    00000064     I2C_task.obj (.text:_ZNSt3__26vectorIP6I2cMsgNS_9allocatorIS2_EEE21__push_back_slow_pathIS2_EEvOT_)
                  000101ac    00000064     SPI_command.obj (.text:_ZNSt3__26vectorIP6SpiMsgNS_9allocatorIS2_EEE21__push_back_slow_pathIS2_EEvOT_)
                  00010210    00000064     menu_page.obj (.text:_ZNSt3__26vectorIP7MenuRowNS_9allocatorIS2_EEE21__push_back_slow_pathIRKS2_EEvOT_)
                  00010274    00000064     rtsv7M4_T_le_v4SPD16_eabi.lib : s_frexp.c.obj (.text:frexp)
                  000102d8    00000064                                   : fseek.c.obj (.text:fseek)
                  0001033c    00000062     I2C_task.obj (.text:_ZNSt3__26vectorIP6I2cMsgNS_9allocatorIS2_EEE9push_backEOS2_)
                  0001039e    00000062     SPI_command.obj (.text:_ZNSt3__26vectorIP6SpiMsgNS_9allocatorIS2_EEE9push_backEOS2_)
                  00010400    00000062     rtsv7M4_T_le_v4SPD16_eabi.lib : _io_perm.c.obj (.text:__TI_wrt_ok)
                  00010462    00000002     --HOLE-- [fill = 0]
                  00010464    00000060                                   : hostopen.c.obj (.text:HOSTopen)
                  000104c4    00000060     console_task.obj (.text:_ZNSt3__214__split_bufferIP11ConsolePageRNS_9allocatorIS2_EEEC1EjjS5_)
                  00010524    00000060     I2C_task.obj (.text:_ZNSt3__214__split_bufferIP6I2cMsgRNS_9allocatorIS2_EEEC1EjjS5_)
                  00010584    00000060     SPI_command.obj (.text:_ZNSt3__214__split_bufferIP6SpiMsgRNS_9allocatorIS2_EEEC1EjjS5_)
                  000105e4    00000060     menu_page.obj (.text:_ZNSt3__214__split_bufferIP7MenuRowRNS_9allocatorIS2_EEEC1EjjS5_)
                  00010644    00000060     utils.obj (.text)
                  000106a4    0000005c     rtsv7M4_T_le_v4SPD16_eabi.lib : close.c.obj (.text:close)
                  00010700    00000058                                   : hostread.c.obj (.text:HOSTread)
                  00010758    00000058                                   : hostwrite.c.obj (.text:HOSTwrite)
                  000107b0    00000056     console_task.obj (.text:_ZNKSt3__26vectorIP11ConsolePageNS_9allocatorIS2_EEE17__annotate_deleteEv)
                  00010806    00000056     I2C_task.obj (.text:_ZNKSt3__26vectorIP6I2cMsgNS_9allocatorIS2_EEE17__annotate_deleteEv)
                  0001085c    00000056     SPI_command.obj (.text:_ZNKSt3__26vectorIP6SpiMsgNS_9allocatorIS2_EEE17__annotate_deleteEv)
                  000108b2    00000056     menu_page.obj (.text:_ZNKSt3__26vectorIP7MenuRowNS_9allocatorIS2_EEE17__annotate_deleteEv)
                  00010908    00000056     console_task.obj (.text:_ZNSt3__26vectorIP11ConsolePageNS_9allocatorIS2_EEE9push_backERKS2_)
                  0001095e    00000056     menu_page.obj (.text:_ZNSt3__26vectorIP7MenuRowNS_9allocatorIS2_EEE9push_backERKS2_)
                  000109b4    00000056     rtsv7M4_T_le_v4SPD16_eabi.lib : _printfi.c.obj (.text:_pconv_f)
                  00010a0a    00000054     console_task.obj (.text:_ZNKSt3__26vectorIP11ConsolePageNS_9allocatorIS2_EEE14__annotate_newEj)
                  00010a5e    00000054     I2C_monitor.obj (.text:_ZNKSt3__26vectorIP6I2cMsgNS_9allocatorIS2_EEE14__annotate_newEj)
                  00010ab2    00000054     SPI_command.obj (.text:_ZNKSt3__26vectorIP6SpiMsgNS_9allocatorIS2_EEE14__annotate_newEj)
                  00010b06    00000054     menu_page.obj (.text:_ZNKSt3__26vectorIP7MenuRowNS_9allocatorIS2_EEE14__annotate_newEj)
                  00010b5a    00000054     rtsv7M4_T_le_v4SPD16_eabi.lib : _ltoa.c.obj (.text:__TI_ltoa)
                  00010bae    00000052     I2C_monitor.obj (.text:_ZNKSt3__26vectorIP6I2cMsgNS_9allocatorIS2_EEE17__annotate_shrinkEj)
                  00010c00    00000052     SPI_monitor.obj (.text:_ZNKSt3__26vectorIP6SpiMsgNS_9allocatorIS2_EEE17__annotate_shrinkEj)
                  00010c52    00000052     rtsv7M4_T_le_v4SPD16_eabi.lib : _printfi.c.obj (.text:_ecpy)
                  00010ca4    0000004c                                   : fflush.c.obj (.text:__TI_doflush)
                  00010cf0    0000004c                                   : atoi.c.obj (.text:atoi)
                  00010d3c    0000004a     console_task.obj (.text:_ZNKSt3__26vectorIP11ConsolePageNS_9allocatorIS2_EEE11__recommendEj)
                  00010d86    0000004a     I2C_monitor.obj (.text:_ZNKSt3__26vectorIP6I2cMsgNS_9allocatorIS2_EEE11__recommendEj)
                  00010dd0    0000004a     SPI_command.obj (.text:_ZNKSt3__26vectorIP6SpiMsgNS_9allocatorIS2_EEE11__recommendEj)
                  00010e1a    0000004a     menu_page.obj (.text:_ZNKSt3__26vectorIP7MenuRowNS_9allocatorIS2_EEE11__recommendEj)
                  00010e64    00000048     I2C_monitor.obj (.text:_ZNSt3__26vectorIP6I2cMsgNS_9allocatorIS2_EEE8allocateEj)
                  00010eac    00000048     SPI_monitor.obj (.text:_ZNSt3__26vectorIP6SpiMsgNS_9allocatorIS2_EEE8allocateEj)
                  00010ef4    00000048     rtsv7M4_T_le_v4SPD16_eabi.lib : exit.c.obj (.text:exit)
                  00010f3c    00000048                                   : fd_toi_t2.asm.obj (.text)
                  00010f84    00000044                                   : hostclose.c.obj (.text:HOSTclose)
                  00010fc8    00000044                                   : hostunlink.c.obj (.text:HOSTunlink)
                  0001100c    00000044                                   : autoinit.c.obj (.text:__TI_auto_init_nobinit_nopinit:__TI_auto_init_nobinit_nopinit)
                  00011050    00000044                                   : getdevice.c.obj (.text:getdevice)
                  00011094    00000044                                   : fd_tou_t2.asm.obj (.text)
                  000110d8    00000040     I2C_monitor.obj (.text:_ZNSt3__213__vector_baseIP6I2cMsgNS_9allocatorIS2_EEE17__destruct_at_endEPS2_)
                  00011118    00000040     SPI_monitor.obj (.text:_ZNSt3__213__vector_baseIP6SpiMsgNS_9allocatorIS2_EEE17__destruct_at_endEPS2_)
                  00011158    00000040     I2C_monitor.obj (.text:_ZNSt3__26vectorIP6I2cMsgNS_9allocatorIS2_EEE10deallocateEv)
                  00011198    00000040     SPI_monitor.obj (.text:_ZNSt3__26vectorIP6SpiMsgNS_9allocatorIS2_EEE10deallocateEv)
                  000111d8    00000040     rtsv7M4_T_le_v4SPD16_eabi.lib : u_divt2.asm.obj (.text)
                  00011218    00000040                                   : sprintf.c.obj (.text:sprintf)
                  00011258    0000003e                                   : _printfi.c.obj (.text:_fcpy)
                  00011296    0000003e     cpu.obj (.text)
                  000112d4    0000003c     console_task.obj (.text:_ZNSt3__216allocator_traitsINS_9allocatorIP11ConsolePageEEE20__construct_backwardIS3_EENS_9enable_ifIXaaoosr3std3__27is_sameIS4_NS1_IT_EEEE5valuentsr3std3__215__has_constructIS4_PS8_JS8_EEE5valuesr3std3__231is_trivially_move_constructibleIS8_EE5valueEvE4typeERS4_SA_SA_RSA_)
                  00011310    0000003c     I2C_task.obj (.text:_ZNSt3__216allocator_traitsINS_9allocatorIP6I2cMsgEEE20__construct_backwardIS3_EENS_9enable_ifIXaaoosr3std3__27is_sameIS4_NS1_IT_EEEE5valuentsr3std3__215__has_constructIS4_PS8_JS8_EEE5valuesr3std3__231is_trivially_move_constructibleIS8_EE5valueEvE4typeERS4_SA_SA_RSA_)
                  0001134c    0000003c     I2C_monitor.obj (.text:_ZNSt3__216allocator_traitsINS_9allocatorIP6I2cMsgEEE25__construct_range_forwardIS3_EENS_9enable_ifIXaaoosr3std3__27is_sameIS4_NS1_IT_EEEE5valuentsr3std3__215__has_constructIS4_PS8_JS8_EEE5valuesr3std3__231is_trivially_move_constructibleIS8_EE5valueEvE4typeERS4_SA_SA_RSA_)
                  00011388    0000003c     SPI_command.obj (.text:_ZNSt3__216allocator_traitsINS_9allocatorIP6SpiMsgEEE20__construct_backwardIS3_EENS_9enable_ifIXaaoosr3std3__27is_sameIS4_NS1_IT_EEEE5valuentsr3std3__215__has_constructIS4_PS8_JS8_EEE5valuesr3std3__231is_trivially_move_constructibleIS8_EE5valueEvE4typeERS4_SA_SA_RSA_)
                  000113c4    0000003c     SPI_monitor.obj (.text:_ZNSt3__216allocator_traitsINS_9allocatorIP6SpiMsgEEE25__construct_range_forwardIS3_EENS_9enable_ifIXaaoosr3std3__27is_sameIS4_NS1_IT_EEEE5valuentsr3std3__215__has_constructIS4_PS8_JS8_EEE5valuesr3std3__231is_trivially_move_constructibleIS8_EE5valueEvE4typeERS4_SA_SA_RSA_)
                  00011400    0000003c     menu_page.obj (.text:_ZNSt3__216allocator_traitsINS_9allocatorIP7MenuRowEEE20__construct_backwardIS3_EENS_9enable_ifIXaaoosr3std3__27is_sameIS4_NS1_IT_EEEE5valuentsr3std3__215__has_constructIS4_PS8_JS8_EEE5valuesr3std3__231is_trivially_move_constructibleIS8_EE5valueEvE4typeERS4_SA_SA_RSA_)
                  0001143c    0000003c     main.obj (.text)
                  00011478    00000038     I2C_monitor.obj (.text:_ZNSt3__26vectorIP6I2cMsgNS_9allocatorIS2_EEE18__construct_at_endIPS2_EENS_9enable_ifIXsr3std3__221__is_forward_iteratorIT_EE5valueEvE4typeES9_S9_j)
                  000114b0    00000038     SPI_monitor.obj (.text:_ZNSt3__26vectorIP6SpiMsgNS_9allocatorIS2_EEE18__construct_at_endIPS2_EENS_9enable_ifIXsr3std3__221__is_forward_iteratorIT_EE5valueEvE4typeES9_S9_j)
                  000114e8    00000038     rtsv7M4_T_le_v4SPD16_eabi.lib : trgmsg.c.obj (.text:__TI_writemsg)
                  00011520    00000036     console_task.obj (.text:_ZNSt3__214__split_bufferIP11ConsolePageRNS_9allocatorIS2_EEE17__destruct_at_endEPS2_NS_17integral_constantIbLb0EEE)
                  00011556    00000036     I2C_task.obj (.text:_ZNSt3__214__split_bufferIP6I2cMsgRNS_9allocatorIS2_EEE17__destruct_at_endEPS2_NS_17integral_constantIbLb0EEE)
                  0001158c    00000036     SPI_command.obj (.text:_ZNSt3__214__split_bufferIP6SpiMsgRNS_9allocatorIS2_EEE17__destruct_at_endEPS2_NS_17integral_constantIbLb0EEE)
                  000115c2    00000036     menu_page.obj (.text:_ZNSt3__214__split_bufferIP7MenuRowRNS_9allocatorIS2_EEE17__destruct_at_endEPS2_NS_17integral_constantIbLb0EEE)
                  000115f8    00000036     rtsv7M4_T_le_v4SPD16_eabi.lib : strncpy.c.obj (.text:strncpy)
                  0001162e    00000002     --HOLE-- [fill = 0]
                  00011630    00000034                                   : fopen.c.obj (.text:__TI_cleanup)
                  00011664    00000034                                   : trgmsg.c.obj (.text:__TI_readmsg)
                  00011698    00000034                                   : boot_cortex_m.c.obj (.text:_c_int00_noargs:_c_int00_noargs)
                  000116cc    00000032     I2C_monitor.obj (.text:_ZNSt3__26__copyIP6I2cMsgS2_EENS_9enable_ifIXaasr3std3__27is_sameINS_12remove_constIT_E4typeET0_EE5valuesr3std3__228is_trivially_copy_assignableIS8_EE5valueEPS8_E4typeEPS5_SC_S9_)
                  000116fe    00000032     SPI_monitor.obj (.text:_ZNSt3__26__copyIP6SpiMsgS2_EENS_9enable_ifIXaasr3std3__27is_sameINS_12remove_constIT_E4typeET0_EE5valuesr3std3__228is_trivially_copy_assignableIS8_EE5valueEPS8_E4typeEPS5_SC_S9_)
                  00011730    00000030     rtsv7M4_T_le_v4SPD16_eabi.lib : getdevice.c.obj (.text:finddevice)
                  00011760    00000030     memory_functions.obj (.text)
                  00011790    0000002e     console_task.obj (.text:_ZNSt3__214__split_bufferIP11ConsolePageRNS_9allocatorIS2_EEED1Ev)
                  000117be    0000002e     I2C_task.obj (.text:_ZNSt3__214__split_bufferIP6I2cMsgRNS_9allocatorIS2_EEED1Ev)
                  000117ec    0000002e     SPI_command.obj (.text:_ZNSt3__214__split_bufferIP6SpiMsgRNS_9allocatorIS2_EEED1Ev)
                  0001181a    0000002e     menu_page.obj (.text:_ZNSt3__214__split_bufferIP7MenuRowRNS_9allocatorIS2_EEED1Ev)
                  00011848    0000002e     console_task.obj (.text:_ZNSt3__29allocatorIP11ConsolePageE9constructIS2_JRKS2_EEEvPT_DpOT0_)
                  00011876    0000002e     I2C_task.obj (.text:_ZNSt3__29allocatorIP6I2cMsgE9constructIS2_JS2_EEEvPT_DpOT0_)
                  000118a4    0000002e     SPI_command.obj (.text:_ZNSt3__29allocatorIP6SpiMsgE9constructIS2_JS2_EEEvPT_DpOT0_)
                  000118d2    0000002e     menu_page.obj (.text:_ZNSt3__29allocatorIP7MenuRowE9constructIS2_JRKS2_EEEvPT_DpOT0_)
                  00011900    0000002e     rtsv7M4_T_le_v4SPD16_eabi.lib : i_tofd_t2.asm.obj (.text)
                  0001192e    00000002     --HOLE-- [fill = 0]
                  00011930    0000002c                                   : unlink.c.obj (.text:unlink)
                  0001195c    0000002a     console_task.obj (.text:_ZNSt3__217__compressed_pairIPP11ConsolePageRNS_9allocatorIS2_EEEC1IDnS6_EEOT_OT0_)
                  00011986    0000002a     I2C_task.obj (.text:_ZNSt3__217__compressed_pairIPP6I2cMsgRNS_9allocatorIS2_EEEC1IDnS6_EEOT_OT0_)
                  000119b0    0000002a     SPI_command.obj (.text:_ZNSt3__217__compressed_pairIPP6SpiMsgRNS_9allocatorIS2_EEEC1IDnS6_EEOT_OT0_)
                  000119da    0000002a     menu_page.obj (.text:_ZNSt3__217__compressed_pairIPP7MenuRowRNS_9allocatorIS2_EEEC1IDnS6_EEOT_OT0_)
                  00011a04    0000002a     I2C_monitor.obj (.text:_ZNSt3__24copyIPP6I2cMsgS3_EET0_T_S5_S4_)
                  00011a2e    0000002a     SPI_monitor.obj (.text:_ZNSt3__24copyIPP6SpiMsgS3_EET0_T_S5_S4_)
                  00011a58    0000002a     console_task.obj (.text:_ZNSt3__24swapIPP11ConsolePageEENS_9enable_ifIXaasr3std3__221is_move_constructibleIT_EE5valuesr3std3__218is_move_assignableIS5_EE5valueEvE4typeERS5_S8_)
                  00011a82    0000002a     I2C_task.obj (.text:_ZNSt3__24swapIPP6I2cMsgEENS_9enable_ifIXaasr3std3__221is_move_constructibleIT_EE5valuesr3std3__218is_move_assignableIS5_EE5valueEvE4typeERS5_S8_)
                  00011aac    0000002a     SPI_command.obj (.text:_ZNSt3__24swapIPP6SpiMsgEENS_9enable_ifIXaasr3std3__221is_move_constructibleIT_EE5valuesr3std3__218is_move_assignableIS5_EE5valueEvE4typeERS5_S8_)
                  00011ad6    0000002a     menu_page.obj (.text:_ZNSt3__24swapIPP7MenuRowEENS_9enable_ifIXaasr3std3__221is_move_constructibleIT_EE5valuesr3std3__218is_move_assignableIS5_EE5valueEvE4typeERS5_S8_)
                  00011b00    0000002a     hooks.obj (.text)
                  00011b2a    00000028     console_task.obj (.text:_ZNSt3__213__vector_baseIP11ConsolePageNS_9allocatorIS2_EEEC1Ev)
                  00011b52    00000028     I2C_monitor.obj (.text:_ZNSt3__213__vector_baseIP6I2cMsgNS_9allocatorIS2_EEEC1Ev)
                  00011b7a    00000028     SPI_command.obj (.text:_ZNSt3__213__vector_baseIP6SpiMsgNS_9allocatorIS2_EEEC1Ev)
                  00011ba2    00000028     menu_page.obj (.text:_ZNSt3__213__vector_baseIP7MenuRowNS_9allocatorIS2_EEEC1Ev)
                  00011bca    00000028     I2C_monitor.obj (.text:_ZNSt3__26vectorIP6I2cMsgNS_9allocatorIS2_EEE17__destruct_at_endEPS2_)
                  00011bf2    00000028     I2C_monitor.obj (.text:_ZNSt3__26vectorIP6I2cMsgNS_9allocatorIS2_EEEaSERKS5_)
                  00011c1a    00000028     SPI_monitor.obj (.text:_ZNSt3__26vectorIP6SpiMsgNS_9allocatorIS2_EEE17__destruct_at_endEPS2_)
                  00011c42    00000028     SPI_monitor.obj (.text:_ZNSt3__26vectorIP6SpiMsgNS_9allocatorIS2_EEEaSERKS5_)
                  00011c6a    00000002     --HOLE-- [fill = 0]
                  00011c6c    00000028     console_task.obj (.text:_ZNSt3__29allocatorIP11ConsolePageE8allocateEjPKv)
                  00011c94    00000028     I2C_monitor.obj (.text:_ZNSt3__29allocatorIP6I2cMsgE8allocateEjPKv)
                  00011cbc    00000028     SPI_command.obj (.text:_ZNSt3__29allocatorIP6SpiMsgE8allocateEjPKv)
                  00011ce4    00000028     menu_page.obj (.text:_ZNSt3__29allocatorIP7MenuRowE8allocateEjPKv)
                  00011d0c    00000028     rtsv7M4_T_le_v4SPD16_eabi.lib : memory.c.obj (.text:free_list_insert)
                  00011d34    00000028                                   : lseek.c.obj (.text:lseek)
                  00011d5c    00000028                                   : memmov.c.obj (.text:memmove)
                  00011d84    00000028                                   : write.c.obj (.text:write)
                  00011dac    00000024     console_task.obj (.text:_ZNKSt3__26vectorIP11ConsolePageNS_9allocatorIS2_EEE8max_sizeEv)
                  00011dd0    00000024     I2C_monitor.obj (.text:_ZNKSt3__26vectorIP6I2cMsgNS_9allocatorIS2_EEE8max_sizeEv)
                  00011df4    00000024     SPI_command.obj (.text:_ZNKSt3__26vectorIP6SpiMsgNS_9allocatorIS2_EEE8max_sizeEv)
                  00011e18    00000024     menu_page.obj (.text:_ZNKSt3__26vectorIP7MenuRowNS_9allocatorIS2_EEE8max_sizeEv)
                  00011e3c    00000024     console_task.obj (.text:_ZNSt3__216allocator_traitsINS_9allocatorIP11ConsolePageEEE11__constructIS3_JRKS3_EEEvNS_17integral_constantIbLb1EEERS4_PT_DpOT0_)
                  00011e60    00000024     console_task.obj (.text:_ZNSt3__216allocator_traitsINS_9allocatorIP11ConsolePageEEE9constructIS3_JRKS3_EEEvRS4_PT_DpOT0_)
                  00011e84    00000024     I2C_task.obj (.text:_ZNSt3__216allocator_traitsINS_9allocatorIP6I2cMsgEEE11__constructIS3_JS3_EEEvNS_17integral_constantIbLb1EEERS4_PT_DpOT0_)
                  00011ea8    00000024     I2C_task.obj (.text:_ZNSt3__216allocator_traitsINS_9allocatorIP6I2cMsgEEE9constructIS3_JS3_EEEvRS4_PT_DpOT0_)
                  00011ecc    00000024     SPI_command.obj (.text:_ZNSt3__216allocator_traitsINS_9allocatorIP6SpiMsgEEE11__constructIS3_JS3_EEEvNS_17integral_constantIbLb1EEERS4_PT_DpOT0_)
                  00011ef0    00000024     SPI_command.obj (.text:_ZNSt3__216allocator_traitsINS_9allocatorIP6SpiMsgEEE9constructIS3_JS3_EEEvRS4_PT_DpOT0_)
                  00011f14    00000024     menu_page.obj (.text:_ZNSt3__216allocator_traitsINS_9allocatorIP7MenuRowEEE11__constructIS3_JRKS3_EEEvNS_17integral_constantIbLb1EEERS4_PT_DpOT0_)
                  00011f38    00000024     menu_page.obj (.text:_ZNSt3__216allocator_traitsINS_9allocatorIP7MenuRowEEE9constructIS3_JRKS3_EEEvRS4_PT_DpOT0_)
                  00011f5c    00000022     I2C_monitor.obj (.text:_ZNSt3__26vectorIP6I2cMsgNS_9allocatorIS2_EEE5clearEv)
                  00011f7e    00000022     SPI_monitor.obj (.text:_ZNSt3__26vectorIP6SpiMsgNS_9allocatorIS2_EEE5clearEv)
                  00011fa0    00000020     rtsv7M4_T_le_v4SPD16_eabi.lib : memchr.c.obj (.text:memchr)
                  00011fc0    00000020                                   : u_tofd_t2.asm.obj (.text)
                  00011fe0    0000001e     I2C_monitor.obj (.text:_ZNKSt3__26__lessIjjEclERKjS3_)
                  00011ffe    0000001e     console_task.obj (.text:_ZNSt3__217__compressed_pairIPP11ConsolePageNS_9allocatorIS2_EEEC1IDnLb1EEEOT_)
                  0001201c    0000001e     I2C_monitor.obj (.text:_ZNSt3__217__compressed_pairIPP6I2cMsgNS_9allocatorIS2_EEEC1IDnLb1EEEOT_)
                  0001203a    0000001e     SPI_command.obj (.text:_ZNSt3__217__compressed_pairIPP6SpiMsgNS_9allocatorIS2_EEEC1IDnLb1EEEOT_)
                  00012058    0000001e     menu_page.obj (.text:_ZNSt3__217__compressed_pairIPP7MenuRowNS_9allocatorIS2_EEEC1IDnLb1EEEOT_)
                  00012076    0000001e     I2C_monitor.obj (.text:_ZNSt3__23maxIjNS_6__lessIjjEEEERKT_S5_S5_T0_)
                  00012094    0000001e     I2C_monitor.obj (.text:_ZNSt3__23minIjNS_6__lessIjjEEEERKT_S5_S5_T0_)
                  000120b2    0000001c     I2C_monitor.obj (.text:_ZNSt3__29__advanceIPP6I2cMsgEEvRT_NS_15iterator_traitsIS4_E15difference_typeENS_26random_access_iterator_tagE)
                  000120ce    0000001c     SPI_monitor.obj (.text:_ZNSt3__29__advanceIPP6SpiMsgEEvRT_NS_15iterator_traitsIS4_E15difference_typeENS_26random_access_iterator_tagE)
                  000120ea    00000002     --HOLE-- [fill = 0]
                  000120ec    0000001c     rtsv7M4_T_le_v4SPD16_eabi.lib : assert.c.obj (.text:_abort_msg)
                  00012108    0000001c                                   : memory.c.obj (.text:free_list_remove)
                  00012124    0000001c                                   : memccpy.c.obj (.text:memccpy)
                  00012140    0000001a                                   : s_copysign.c.obj (.text:copysign)
                  0001215a    00000018     I2C_monitor.obj (.text:_ZNSt3__210__distanceIPP6I2cMsgEENS_15iterator_traitsIT_E15difference_typeES5_S5_NS_26random_access_iterator_tagE)
                  00012172    00000018     SPI_monitor.obj (.text:_ZNSt3__210__distanceIPP6SpiMsgEENS_15iterator_traitsIT_E15difference_typeES5_S5_NS_26random_access_iterator_tagE)
                  0001218a    00000018     rtsv7M4_T_le_v4SPD16_eabi.lib : sprintf.c.obj (.text:_outs)
                  000121a2    00000018                                   : strcmp.c.obj (.text:strcmp)
                  000121ba    00000016     console_task.obj (.text:_ZNKSt3__213__vector_baseIP11ConsolePageNS_9allocatorIS2_EEE8capacityEv)
                  000121d0    00000016     I2C_monitor.obj (.text:_ZNKSt3__213__vector_baseIP6I2cMsgNS_9allocatorIS2_EEE8capacityEv)
                  000121e6    00000016     SPI_command.obj (.text:_ZNKSt3__213__vector_baseIP6SpiMsgNS_9allocatorIS2_EEE8capacityEv)
                  000121fc    00000016     menu_page.obj (.text:_ZNKSt3__213__vector_baseIP7MenuRowNS_9allocatorIS2_EEE8capacityEv)
                  00012212    00000016     console_task.obj (.text:_ZNKSt3__214__split_bufferIP11ConsolePageRNS_9allocatorIS2_EEE8capacityEv)
                  00012228    00000016     I2C_task.obj (.text:_ZNKSt3__214__split_bufferIP6I2cMsgRNS_9allocatorIS2_EEE8capacityEv)
                  0001223e    00000016     SPI_command.obj (.text:_ZNKSt3__214__split_bufferIP6SpiMsgRNS_9allocatorIS2_EEE8capacityEv)
                  00012254    00000016     menu_page.obj (.text:_ZNKSt3__214__split_bufferIP7MenuRowRNS_9allocatorIS2_EEE8capacityEv)
                  0001226a    00000016     console_task.obj (.text:_ZNKSt3__26vectorIP11ConsolePageNS_9allocatorIS2_EEE4sizeEv)
                  00012280    00000016     I2C_monitor.obj (.text:_ZNKSt3__26vectorIP6I2cMsgNS_9allocatorIS2_EEE4sizeEv)
                  00012296    00000016     SPI_command.obj (.text:_ZNKSt3__26vectorIP6SpiMsgNS_9allocatorIS2_EEE4sizeEv)
                  000122ac    00000016     menu_page.obj (.text:_ZNKSt3__26vectorIP7MenuRowNS_9allocatorIS2_EEE4sizeEv)
                  000122c2    00000016     console_task.obj (.text:_ZNSt3__222__compressed_pair_elemIPP11ConsolePageLi0ELb0EEC1IDnvEEOT_)
                  000122d8    00000016     I2C_monitor.obj (.text:_ZNSt3__222__compressed_pair_elemIPP6I2cMsgLi0ELb0EEC1IDnvEEOT_)
                  000122ee    00000016     SPI_command.obj (.text:_ZNSt3__222__compressed_pair_elemIPP6SpiMsgLi0ELb0EEC1IDnvEEOT_)
                  00012304    00000016     menu_page.obj (.text:_ZNSt3__222__compressed_pair_elemIPP7MenuRowLi0ELb0EEC1IDnvEEOT_)
                  0001231a    00000016     console_task.obj (.text:_ZNSt3__26vectorIP11ConsolePageNS_9allocatorIS2_EEEixEj)
                  00012330    00000016     I2C_monitor.obj (.text:_ZNSt3__26vectorIP6I2cMsgNS_9allocatorIS2_EEEixEj)
                  00012346    00000016     SPI_command.obj (.text:_ZNSt3__26vectorIP6SpiMsgNS_9allocatorIS2_EEEixEj)
                  0001235c    00000016     menu_page.obj (.text:_ZNSt3__26vectorIP7MenuRowNS_9allocatorIS2_EEEixEj)
                  00012372    00000016     rtsv7M4_T_le_v4SPD16_eabi.lib : strchr.c.obj (.text:strchr)
                  00012388    00000014     I2C_monitor.obj (.text:_ZNSt3__213__vector_baseIP6I2cMsgNS_9allocatorIS2_EEE19__copy_assign_allocERKS5_)
                  0001239c    00000014     SPI_monitor.obj (.text:_ZNSt3__213__vector_baseIP6SpiMsgNS_9allocatorIS2_EEE19__copy_assign_allocERKS5_)
                  000123b0    00000014     console_task.obj (.text:_ZNSt3__214__split_bufferIP11ConsolePageRNS_9allocatorIS2_EEE17__destruct_at_endEPS2_)
                  000123c4    00000014     I2C_task.obj (.text:_ZNSt3__214__split_bufferIP6I2cMsgRNS_9allocatorIS2_EEE17__destruct_at_endEPS2_)
                  000123d8    00000014     SPI_command.obj (.text:_ZNSt3__214__split_bufferIP6SpiMsgRNS_9allocatorIS2_EEE17__destruct_at_endEPS2_)
                  000123ec    00000014     menu_page.obj (.text:_ZNSt3__214__split_bufferIP7MenuRowRNS_9allocatorIS2_EEE17__destruct_at_endEPS2_)
                  00012400    00000014     console_task.obj (.text:_ZNSt3__216allocator_traitsINS_9allocatorIP11ConsolePageEEE10deallocateERS4_PS3_j)
                  00012414    00000014     console_task.obj (.text:_ZNSt3__216allocator_traitsINS_9allocatorIP11ConsolePageEEE7destroyIS3_EEvRS4_PT_)
                  00012428    00000014     console_task.obj (.text:_ZNSt3__216allocator_traitsINS_9allocatorIP11ConsolePageEEE9__destroyIS3_EEvNS_17integral_constantIbLb1EEERS4_PT_)
                  0001243c    00000014     I2C_monitor.obj (.text:_ZNSt3__216allocator_traitsINS_9allocatorIP6I2cMsgEEE10deallocateERS4_PS3_j)
                  00012450    00000014     I2C_monitor.obj (.text:_ZNSt3__216allocator_traitsINS_9allocatorIP6I2cMsgEEE7destroyIS3_EEvRS4_PT_)
                  00012464    00000014     I2C_monitor.obj (.text:_ZNSt3__216allocator_traitsINS_9allocatorIP6I2cMsgEEE9__destroyIS3_EEvNS_17integral_constantIbLb1EEERS4_PT_)
                  00012478    00000014     SPI_command.obj (.text:_ZNSt3__216allocator_traitsINS_9allocatorIP6SpiMsgEEE10deallocateERS4_PS3_j)
                  0001248c    00000014     SPI_command.obj (.text:_ZNSt3__216allocator_traitsINS_9allocatorIP6SpiMsgEEE7destroyIS3_EEvRS4_PT_)
                  000124a0    00000014     SPI_command.obj (.text:_ZNSt3__216allocator_traitsINS_9allocatorIP6SpiMsgEEE9__destroyIS3_EEvNS_17integral_constantIbLb1EEERS4_PT_)
                  000124b4    00000014     menu_page.obj (.text:_ZNSt3__216allocator_traitsINS_9allocatorIP7MenuRowEEE10deallocateERS4_PS3_j)
                  000124c8    00000014     menu_page.obj (.text:_ZNSt3__216allocator_traitsINS_9allocatorIP7MenuRowEEE7destroyIS3_EEvRS4_PT_)
                  000124dc    00000014     menu_page.obj (.text:_ZNSt3__216allocator_traitsINS_9allocatorIP7MenuRowEEE9__destroyIS3_EEvNS_17integral_constantIbLb1EEERS4_PT_)
                  000124f0    00000014     console_task.obj (.text:_ZNSt3__222__compressed_pair_elemIRNS_9allocatorIP11ConsolePageEELi1ELb0EEC1IS5_vEEOT_)
                  00012504    00000014     I2C_task.obj (.text:_ZNSt3__222__compressed_pair_elemIRNS_9allocatorIP6I2cMsgEELi1ELb0EEC1IS5_vEEOT_)
                  00012518    00000014     SPI_command.obj (.text:_ZNSt3__222__compressed_pair_elemIRNS_9allocatorIP6SpiMsgEELi1ELb0EEC1IS5_vEEOT_)
                  0001252c    00000014     menu_page.obj (.text:_ZNSt3__222__compressed_pair_elemIRNS_9allocatorIP7MenuRowEELi1ELb0EEC1IS5_vEEOT_)
                  00012540    00000014     I2C_monitor.obj (.text:_ZNSt3__23maxIjEERKT_S3_S3_)
                  00012554    00000014     I2C_monitor.obj (.text:_ZNSt3__23minIjEERKT_S3_S3_)
                  00012568    00000014     I2C_monitor.obj (.text:_ZNSt3__27advanceIPP6I2cMsgEEvRT_NS_15iterator_traitsIS4_E15difference_typeE)
                  0001257c    00000014     SPI_monitor.obj (.text:_ZNSt3__27advanceIPP6SpiMsgEEvRT_NS_15iterator_traitsIS4_E15difference_typeE)
                  00012590    00000014     I2C_monitor.obj (.text:_ZNSt3__28distanceIPP6I2cMsgEENS_15iterator_traitsIT_E15difference_typeES5_S5_)
                  000125a4    00000014     SPI_monitor.obj (.text:_ZNSt3__28distanceIPP6SpiMsgEENS_15iterator_traitsIT_E15difference_typeES5_S5_)
                  000125b8    00000014     rtsv7M4_T_le_v4SPD16_eabi.lib : strcpy.c.obj (.text:strcpy)
                  000125cc    00000014                                   : strlen.c.obj (.text:strlen)
                  000125e0    00000012     console_task.obj (.text:_ZNSt3__216allocator_traitsINS_9allocatorIP11ConsolePageEEE8allocateERS4_j)
                  000125f2    00000012     I2C_monitor.obj (.text:_ZNSt3__216allocator_traitsINS_9allocatorIP6I2cMsgEEE8allocateERS4_j)
                  00012604    00000012     SPI_command.obj (.text:_ZNSt3__216allocator_traitsINS_9allocatorIP6SpiMsgEEE8allocateERS4_j)
                  00012616    00000012     menu_page.obj (.text:_ZNSt3__216allocator_traitsINS_9allocatorIP7MenuRowEEE8allocateERS4_j)
                  00012628    00000012     rtsv7M4_T_le_v4SPD16_eabi.lib : wcslen.c.obj (.text:wcslen)
                  0001263a    00000010     console_task.obj (.text:_ZNKSt3__26vectorIP11ConsolePageNS_9allocatorIS2_EEE31__annotate_contiguous_containerEPKvS7_S7_S7_)
                  0001264a    00000010     I2C_monitor.obj (.text:_ZNKSt3__26vectorIP6I2cMsgNS_9allocatorIS2_EEE31__annotate_contiguous_containerEPKvS7_S7_S7_)
                  0001265a    00000010     SPI_command.obj (.text:_ZNKSt3__26vectorIP6SpiMsgNS_9allocatorIS2_EEE31__annotate_contiguous_containerEPKvS7_S7_S7_)
                  0001266a    00000010     menu_page.obj (.text:_ZNKSt3__26vectorIP7MenuRowNS_9allocatorIS2_EEE31__annotate_contiguous_containerEPKvS7_S7_S7_)
                  0001267a    00000010     I2C_monitor.obj (.text:_ZNSt3__213__vector_baseIP6I2cMsgNS_9allocatorIS2_EEE19__copy_assign_allocERKS5_NS_17integral_constantIbLb0EEE)
                  0001268a    00000010     I2C_monitor.obj (.text:_ZNSt3__213__vector_baseIP6I2cMsgNS_9allocatorIS2_EEE5clearEv)
                  0001269a    00000010     SPI_monitor.obj (.text:_ZNSt3__213__vector_baseIP6SpiMsgNS_9allocatorIS2_EEE19__copy_assign_allocERKS5_NS_17integral_constantIbLb0EEE)
                  000126aa    00000010     SPI_monitor.obj (.text:_ZNSt3__213__vector_baseIP6SpiMsgNS_9allocatorIS2_EEE5clearEv)
                  000126ba    00000010     console_task.obj (.text:_ZNSt3__214__split_bufferIP11ConsolePageRNS_9allocatorIS2_EEE5clearEv)
                  000126ca    00000010     I2C_task.obj (.text:_ZNSt3__214__split_bufferIP6I2cMsgRNS_9allocatorIS2_EEE5clearEv)
                  000126da    00000010     SPI_command.obj (.text:_ZNSt3__214__split_bufferIP6SpiMsgRNS_9allocatorIS2_EEE5clearEv)
                  000126ea    00000010     menu_page.obj (.text:_ZNSt3__214__split_bufferIP7MenuRowRNS_9allocatorIS2_EEE5clearEv)
                  000126fa    00000010     console_task.obj (.text:_ZNSt3__216allocator_traitsINS_9allocatorIP11ConsolePageEEE10__max_sizeENS_17integral_constantIbLb1EEERKS4_)
                  0001270a    00000010     console_task.obj (.text:_ZNSt3__216allocator_traitsINS_9allocatorIP11ConsolePageEEE8max_sizeERKS4_)
                  0001271a    00000010     I2C_monitor.obj (.text:_ZNSt3__216allocator_traitsINS_9allocatorIP6I2cMsgEEE10__max_sizeENS_17integral_constantIbLb1EEERKS4_)
                  0001272a    00000010     I2C_monitor.obj (.text:_ZNSt3__216allocator_traitsINS_9allocatorIP6I2cMsgEEE8max_sizeERKS4_)
                  0001273a    00000010     SPI_command.obj (.text:_ZNSt3__216allocator_traitsINS_9allocatorIP6SpiMsgEEE10__max_sizeENS_17integral_constantIbLb1EEERKS4_)
                  0001274a    00000010     SPI_command.obj (.text:_ZNSt3__216allocator_traitsINS_9allocatorIP6SpiMsgEEE8max_sizeERKS4_)
                  0001275a    00000010     menu_page.obj (.text:_ZNSt3__216allocator_traitsINS_9allocatorIP7MenuRowEEE10__max_sizeENS_17integral_constantIbLb1EEERKS4_)
                  0001276a    00000010     menu_page.obj (.text:_ZNSt3__216allocator_traitsINS_9allocatorIP7MenuRowEEE8max_sizeERKS4_)
                  0001277a    00000010     console_task.obj (.text:_ZNSt3__222__compressed_pair_elemIPP11ConsolePageLi0ELb0EEC2IDnvEEOT_)
                  0001278a    00000010     I2C_monitor.obj (.text:_ZNSt3__222__compressed_pair_elemIPP6I2cMsgLi0ELb0EEC2IDnvEEOT_)
                  0001279a    00000010     SPI_command.obj (.text:_ZNSt3__222__compressed_pair_elemIPP6SpiMsgLi0ELb0EEC2IDnvEEOT_)
                  000127aa    00000010     menu_page.obj (.text:_ZNSt3__222__compressed_pair_elemIPP7MenuRowLi0ELb0EEC2IDnvEEOT_)
                  000127ba    00000010     console_task.obj (.text:_ZNSt3__222__compressed_pair_elemIRNS_9allocatorIP11ConsolePageEELi1ELb0EEC2IS5_vEEOT_)
                  000127ca    00000010     I2C_task.obj (.text:_ZNSt3__222__compressed_pair_elemIRNS_9allocatorIP6I2cMsgEELi1ELb0EEC2IS5_vEEOT_)
                  000127da    00000010     SPI_command.obj (.text:_ZNSt3__222__compressed_pair_elemIRNS_9allocatorIP6SpiMsgEELi1ELb0EEC2IS5_vEEOT_)
                  000127ea    00000010     menu_page.obj (.text:_ZNSt3__222__compressed_pair_elemIRNS_9allocatorIP7MenuRowEELi1ELb0EEC2IS5_vEEOT_)
                  000127fa    00000010     console_task.obj (.text:_ZNSt3__26vectorIP11ConsolePageNS_9allocatorIS2_EEE24__RAII_IncreaseAnnotatorC1ERKS5_j)
                  0001280a    00000010     I2C_monitor.obj (.text:_ZNSt3__26vectorIP6I2cMsgNS_9allocatorIS2_EEE24__RAII_IncreaseAnnotatorC1ERKS5_j)
                  0001281a    00000010     SPI_command.obj (.text:_ZNSt3__26vectorIP6SpiMsgNS_9allocatorIS2_EEE24__RAII_IncreaseAnnotatorC1ERKS5_j)
                  0001282a    00000010     menu_page.obj (.text:_ZNSt3__26vectorIP7MenuRowNS_9allocatorIS2_EEE24__RAII_IncreaseAnnotatorC1ERKS5_j)
                  0001283a    00000010     console_task.obj (.text:_ZNSt3__29allocatorIP11ConsolePageE10deallocateEPS2_j)
                  0001284a    00000010     I2C_monitor.obj (.text:_ZNSt3__29allocatorIP6I2cMsgE10deallocateEPS2_j)
                  0001285a    00000010     SPI_command.obj (.text:_ZNSt3__29allocatorIP6SpiMsgE10deallocateEPS2_j)
                  0001286a    00000010     menu_page.obj (.text:_ZNSt3__29allocatorIP7MenuRowE10deallocateEPS2_j)
                  0001287a    0000000e     rtsv7M4_T_le_v4SPD16_eabi.lib : typeinfo.c.obj (.text:_ZN10__cxxabiv117__class_type_infoD0Ev)
                  00012888    0000000e                                   : typeinfo.c.obj (.text:_ZN10__cxxabiv120__si_class_type_infoD0Ev)
                  00012896    0000000e     console_task.obj (.text:_ZNKSt3__213__vector_baseIP11ConsolePageNS_9allocatorIS2_EEE7__allocEv)
                  000128a4    0000000e     console_task.obj (.text:_ZNKSt3__213__vector_baseIP11ConsolePageNS_9allocatorIS2_EEE9__end_capEv)
                  000128b2    0000000e     I2C_monitor.obj (.text:_ZNKSt3__213__vector_baseIP6I2cMsgNS_9allocatorIS2_EEE7__allocEv)
                  000128c0    0000000e     I2C_monitor.obj (.text:_ZNKSt3__213__vector_baseIP6I2cMsgNS_9allocatorIS2_EEE9__end_capEv)
                  000128ce    0000000e     SPI_command.obj (.text:_ZNKSt3__213__vector_baseIP6SpiMsgNS_9allocatorIS2_EEE7__allocEv)
                  000128dc    0000000e     SPI_command.obj (.text:_ZNKSt3__213__vector_baseIP6SpiMsgNS_9allocatorIS2_EEE9__end_capEv)
                  000128ea    0000000e     menu_page.obj (.text:_ZNKSt3__213__vector_baseIP7MenuRowNS_9allocatorIS2_EEE7__allocEv)
                  000128f8    0000000e     menu_page.obj (.text:_ZNKSt3__213__vector_baseIP7MenuRowNS_9allocatorIS2_EEE9__end_capEv)
                  00012906    0000000e     console_task.obj (.text:_ZNKSt3__214__split_bufferIP11ConsolePageRNS_9allocatorIS2_EEE9__end_capEv)
                  00012914    0000000e     I2C_task.obj (.text:_ZNKSt3__214__split_bufferIP6I2cMsgRNS_9allocatorIS2_EEE9__end_capEv)
                  00012922    0000000e     SPI_command.obj (.text:_ZNKSt3__214__split_bufferIP6SpiMsgRNS_9allocatorIS2_EEE9__end_capEv)
                  00012930    0000000e     menu_page.obj (.text:_ZNKSt3__214__split_bufferIP7MenuRowRNS_9allocatorIS2_EEE9__end_capEv)
                  0001293e    0000000e     console_task.obj (.text:_ZNKSt3__26vectorIP11ConsolePageNS_9allocatorIS2_EEE4dataEv)
                  0001294c    0000000e     I2C_monitor.obj (.text:_ZNKSt3__26vectorIP6I2cMsgNS_9allocatorIS2_EEE4dataEv)
                  0001295a    0000000e     SPI_command.obj (.text:_ZNKSt3__26vectorIP6SpiMsgNS_9allocatorIS2_EEE4dataEv)
                  00012968    0000000e     menu_page.obj (.text:_ZNKSt3__26vectorIP7MenuRowNS_9allocatorIS2_EEE4dataEv)
                  00012976    0000000e     console_task.obj (.text:_ZNKSt3__29allocatorIP11ConsolePageE8max_sizeEv)
                  00012984    0000000e     I2C_monitor.obj (.text:_ZNKSt3__29allocatorIP6I2cMsgE8max_sizeEv)
                  00012992    0000000e     SPI_command.obj (.text:_ZNKSt3__29allocatorIP6SpiMsgE8max_sizeEv)
                  000129a0    0000000e     menu_page.obj (.text:_ZNKSt3__29allocatorIP7MenuRowE8max_sizeEv)
                  000129ae    0000000e     console_task.obj (.text:_ZNSt3__213__vector_baseIP11ConsolePageNS_9allocatorIS2_EEE7__allocEv)
                  000129bc    0000000e     console_task.obj (.text:_ZNSt3__213__vector_baseIP11ConsolePageNS_9allocatorIS2_EEE9__end_capEv)
                  000129ca    0000000e     I2C_monitor.obj (.text:_ZNSt3__213__vector_baseIP6I2cMsgNS_9allocatorIS2_EEE7__allocEv)
                  000129d8    0000000e     I2C_monitor.obj (.text:_ZNSt3__213__vector_baseIP6I2cMsgNS_9allocatorIS2_EEE9__end_capEv)
                  000129e6    0000000e     SPI_command.obj (.text:_ZNSt3__213__vector_baseIP6SpiMsgNS_9allocatorIS2_EEE7__allocEv)
                  000129f4    0000000e     SPI_command.obj (.text:_ZNSt3__213__vector_baseIP6SpiMsgNS_9allocatorIS2_EEE9__end_capEv)
                  00012a02    0000000e     menu_page.obj (.text:_ZNSt3__213__vector_baseIP7MenuRowNS_9allocatorIS2_EEE7__allocEv)
                  00012a10    0000000e     menu_page.obj (.text:_ZNSt3__213__vector_baseIP7MenuRowNS_9allocatorIS2_EEE9__end_capEv)
                  00012a1e    0000000e     console_task.obj (.text:_ZNSt3__214__split_bufferIP11ConsolePageRNS_9allocatorIS2_EEE7__allocEv)
                  00012a2c    0000000e     console_task.obj (.text:_ZNSt3__214__split_bufferIP11ConsolePageRNS_9allocatorIS2_EEE9__end_capEv)
                  00012a3a    0000000e     I2C_task.obj (.text:_ZNSt3__214__split_bufferIP6I2cMsgRNS_9allocatorIS2_EEE7__allocEv)
                  00012a48    0000000e     I2C_task.obj (.text:_ZNSt3__214__split_bufferIP6I2cMsgRNS_9allocatorIS2_EEE9__end_capEv)
                  00012a56    0000000e     SPI_command.obj (.text:_ZNSt3__214__split_bufferIP6SpiMsgRNS_9allocatorIS2_EEE7__allocEv)
                  00012a64    0000000e     SPI_command.obj (.text:_ZNSt3__214__split_bufferIP6SpiMsgRNS_9allocatorIS2_EEE9__end_capEv)
                  00012a72    0000000e     menu_page.obj (.text:_ZNSt3__214__split_bufferIP7MenuRowRNS_9allocatorIS2_EEE7__allocEv)
                  00012a80    0000000e     menu_page.obj (.text:_ZNSt3__214__split_bufferIP7MenuRowRNS_9allocatorIS2_EEE9__end_capEv)
                  00012a8e    0000000e     console_task.obj (.text:_ZNSt3__217__compressed_pairIPP11ConsolePageRNS_9allocatorIS2_EEE6secondEv)
                  00012a9c    0000000e     I2C_task.obj (.text:_ZNSt3__217__compressed_pairIPP6I2cMsgRNS_9allocatorIS2_EEE6secondEv)
                  00012aaa    0000000e     SPI_command.obj (.text:_ZNSt3__217__compressed_pairIPP6SpiMsgRNS_9allocatorIS2_EEE6secondEv)
                  00012ab8    0000000e     menu_page.obj (.text:_ZNSt3__217__compressed_pairIPP7MenuRowRNS_9allocatorIS2_EEE6secondEv)
                  00012ac6    0000000e     console_task.obj (.text:_ZNSt3__222__compressed_pair_elemINS_9allocatorIP11ConsolePageEELi1ELb1EEC1Ev)
                  00012ad4    0000000e     I2C_monitor.obj (.text:_ZNSt3__222__compressed_pair_elemINS_9allocatorIP6I2cMsgEELi1ELb1EEC1Ev)
                  00012ae2    0000000e     SPI_command.obj (.text:_ZNSt3__222__compressed_pair_elemINS_9allocatorIP6SpiMsgEELi1ELb1EEC1Ev)
                  00012af0    0000000e     menu_page.obj (.text:_ZNSt3__222__compressed_pair_elemINS_9allocatorIP7MenuRowEELi1ELb1EEC1Ev)
                  00012afe    0000000e     console_task.obj (.text:_ZNSt3__222__compressed_pair_elemIRNS_9allocatorIP11ConsolePageEELi1ELb0EE5__getEv)
                  00012b0c    0000000e     I2C_task.obj (.text:_ZNSt3__222__compressed_pair_elemIRNS_9allocatorIP6I2cMsgEELi1ELb0EE5__getEv)
                  00012b1a    0000000e     SPI_command.obj (.text:_ZNSt3__222__compressed_pair_elemIRNS_9allocatorIP6SpiMsgEELi1ELb0EE5__getEv)
                  00012b28    0000000e     menu_page.obj (.text:_ZNSt3__222__compressed_pair_elemIRNS_9allocatorIP7MenuRowEELi1ELb0EE5__getEv)
                  00012b36    0000000e     console_task.obj (.text:_ZNSt3__26vectorIP11ConsolePageNS_9allocatorIS2_EEEC1Ev)
                  00012b44    0000000e     I2C_monitor.obj (.text:_ZNSt3__26vectorIP6I2cMsgNS_9allocatorIS2_EEEC1Ev)
                  00012b52    0000000e     SPI_command.obj (.text:_ZNSt3__26vectorIP6SpiMsgNS_9allocatorIS2_EEEC1Ev)
                  00012b60    0000000e     menu_page.obj (.text:_ZNSt3__26vectorIP7MenuRowNS_9allocatorIS2_EEEC1Ev)
                  00012b6e    0000000e     I2C_task.obj (.text:_ZnwjPv)
                  00012b7c    0000000e     rtsv7M4_T_le_v4SPD16_eabi.lib : copy_decompress_none.c.obj (.text:decompress:none:__TI_decompress_none)
                  00012b8a    0000000c     console_task.obj (.text:_ZNKSt3__217__compressed_pairIPP11ConsolePageNS_9allocatorIS2_EEE5firstEv)
                  00012b96    0000000c     console_task.obj (.text:_ZNKSt3__217__compressed_pairIPP11ConsolePageNS_9allocatorIS2_EEE6secondEv)
                  00012ba2    0000000c     console_task.obj (.text:_ZNKSt3__217__compressed_pairIPP11ConsolePageRNS_9allocatorIS2_EEE5firstEv)
                  00012bae    0000000c     I2C_monitor.obj (.text:_ZNKSt3__217__compressed_pairIPP6I2cMsgNS_9allocatorIS2_EEE5firstEv)
                  00012bba    0000000c     I2C_monitor.obj (.text:_ZNKSt3__217__compressed_pairIPP6I2cMsgNS_9allocatorIS2_EEE6secondEv)
                  00012bc6    0000000c     I2C_task.obj (.text:_ZNKSt3__217__compressed_pairIPP6I2cMsgRNS_9allocatorIS2_EEE5firstEv)
                  00012bd2    0000000c     SPI_command.obj (.text:_ZNKSt3__217__compressed_pairIPP6SpiMsgNS_9allocatorIS2_EEE5firstEv)
                  00012bde    0000000c     SPI_command.obj (.text:_ZNKSt3__217__compressed_pairIPP6SpiMsgNS_9allocatorIS2_EEE6secondEv)
                  00012bea    0000000c     SPI_command.obj (.text:_ZNKSt3__217__compressed_pairIPP6SpiMsgRNS_9allocatorIS2_EEE5firstEv)
                  00012bf6    0000000c     menu_page.obj (.text:_ZNKSt3__217__compressed_pairIPP7MenuRowNS_9allocatorIS2_EEE5firstEv)
                  00012c02    0000000c     menu_page.obj (.text:_ZNKSt3__217__compressed_pairIPP7MenuRowNS_9allocatorIS2_EEE6secondEv)
                  00012c0e    0000000c     menu_page.obj (.text:_ZNKSt3__217__compressed_pairIPP7MenuRowRNS_9allocatorIS2_EEE5firstEv)
                  00012c1a    00000002     --HOLE-- [fill = 0]
                  00012c1c    0000000c     rtsv7M4_T_le_v4SPD16_eabi.lib : vector.cpp.obj (.text:_ZNKSt3__220__vector_base_commonILb1EE20__throw_length_errorEv)
                  00012c28    0000000c     console_task.obj (.text:_ZNKSt3__222__compressed_pair_elemINS_9allocatorIP11ConsolePageEELi1ELb1EE5__getEv)
                  00012c34    0000000c     I2C_monitor.obj (.text:_ZNKSt3__222__compressed_pair_elemINS_9allocatorIP6I2cMsgEELi1ELb1EE5__getEv)
                  00012c40    0000000c     SPI_command.obj (.text:_ZNKSt3__222__compressed_pair_elemINS_9allocatorIP6SpiMsgEELi1ELb1EE5__getEv)
                  00012c4c    0000000c     menu_page.obj (.text:_ZNKSt3__222__compressed_pair_elemINS_9allocatorIP7MenuRowEELi1ELb1EE5__getEv)
                  00012c58    0000000c     console_task.obj (.text:_ZNKSt3__222__compressed_pair_elemIPP11ConsolePageLi0ELb0EE5__getEv)
                  00012c64    0000000c     I2C_monitor.obj (.text:_ZNKSt3__222__compressed_pair_elemIPP6I2cMsgLi0ELb0EE5__getEv)
                  00012c70    0000000c     SPI_command.obj (.text:_ZNKSt3__222__compressed_pair_elemIPP6SpiMsgLi0ELb0EE5__getEv)
                  00012c7c    0000000c     menu_page.obj (.text:_ZNKSt3__222__compressed_pair_elemIPP7MenuRowLi0ELb0EE5__getEv)
                  00012c88    0000000c     console_task.obj (.text:_ZNKSt3__26vectorIP11ConsolePageNS_9allocatorIS2_EEE8capacityEv)
                  00012c94    0000000c     I2C_monitor.obj (.text:_ZNKSt3__26vectorIP6I2cMsgNS_9allocatorIS2_EEE8capacityEv)
                  00012ca0    0000000c     SPI_command.obj (.text:_ZNKSt3__26vectorIP6SpiMsgNS_9allocatorIS2_EEE8capacityEv)
                  00012cac    0000000c     menu_page.obj (.text:_ZNKSt3__26vectorIP7MenuRowNS_9allocatorIS2_EEE8capacityEv)
                  00012cb8    0000000c     I2C_monitor.obj (.text:_ZNSt3__210__allocateEj)
                  00012cc4    0000000c     I2C_monitor.obj (.text:_ZNSt3__213__unwrap_iterIPP6I2cMsgEET_S4_)
                  00012cd0    0000000c     SPI_monitor.obj (.text:_ZNSt3__213__unwrap_iterIPP6SpiMsgEET_S4_)
                  00012cdc    0000000c     console_task.obj (.text:_ZNSt3__213__vector_baseIP11ConsolePageNS_9allocatorIS2_EEEC2Ev)
                  00012ce8    0000000c     I2C_monitor.obj (.text:_ZNSt3__213__vector_baseIP6I2cMsgNS_9allocatorIS2_EEEC2Ev)
                  00012cf4    0000000c     SPI_command.obj (.text:_ZNSt3__213__vector_baseIP6SpiMsgNS_9allocatorIS2_EEEC2Ev)
                  00012d00    0000000c     menu_page.obj (.text:_ZNSt3__213__vector_baseIP7MenuRowNS_9allocatorIS2_EEEC2Ev)
                  00012d0c    0000000c     console_task.obj (.text:_ZNSt3__216__to_raw_pointerIP11ConsolePageEEPT_S4_)
                  00012d18    0000000c     I2C_monitor.obj (.text:_ZNSt3__216__to_raw_pointerIP6I2cMsgEEPT_S4_)
                  00012d24    0000000c     SPI_command.obj (.text:_ZNSt3__216__to_raw_pointerIP6SpiMsgEEPT_S4_)
                  00012d30    0000000c     menu_page.obj (.text:_ZNSt3__216__to_raw_pointerIP7MenuRowEEPT_S4_)
                  00012d3c    0000000c     console_task.obj (.text:_ZNSt3__217__compressed_pairIPP11ConsolePageNS_9allocatorIS2_EEE5firstEv)
                  00012d48    0000000c     console_task.obj (.text:_ZNSt3__217__compressed_pairIPP11ConsolePageNS_9allocatorIS2_EEE6secondEv)
                  00012d54    0000000c     console_task.obj (.text:_ZNSt3__217__compressed_pairIPP11ConsolePageRNS_9allocatorIS2_EEE5firstEv)
                  00012d60    0000000c     I2C_monitor.obj (.text:_ZNSt3__217__compressed_pairIPP6I2cMsgNS_9allocatorIS2_EEE5firstEv)
                  00012d6c    0000000c     I2C_monitor.obj (.text:_ZNSt3__217__compressed_pairIPP6I2cMsgNS_9allocatorIS2_EEE6secondEv)
                  00012d78    0000000c     I2C_task.obj (.text:_ZNSt3__217__compressed_pairIPP6I2cMsgRNS_9allocatorIS2_EEE5firstEv)
                  00012d84    0000000c     SPI_command.obj (.text:_ZNSt3__217__compressed_pairIPP6SpiMsgNS_9allocatorIS2_EEE5firstEv)
                  00012d90    0000000c     SPI_command.obj (.text:_ZNSt3__217__compressed_pairIPP6SpiMsgNS_9allocatorIS2_EEE6secondEv)
                  00012d9c    0000000c     SPI_command.obj (.text:_ZNSt3__217__compressed_pairIPP6SpiMsgRNS_9allocatorIS2_EEE5firstEv)
                  00012da8    0000000c     menu_page.obj (.text:_ZNSt3__217__compressed_pairIPP7MenuRowNS_9allocatorIS2_EEE5firstEv)
                  00012db4    0000000c     menu_page.obj (.text:_ZNSt3__217__compressed_pairIPP7MenuRowNS_9allocatorIS2_EEE6secondEv)
                  00012dc0    0000000c     menu_page.obj (.text:_ZNSt3__217__compressed_pairIPP7MenuRowRNS_9allocatorIS2_EEE5firstEv)
                  00012dcc    0000000c     I2C_monitor.obj (.text:_ZNSt3__219__libcpp_deallocateEPv)
                  00012dd8    0000000c     console_task.obj (.text:_ZNSt3__222__compressed_pair_elemINS_9allocatorIP11ConsolePageEELi1ELb1EE5__getEv)
                  00012de4    0000000c     console_task.obj (.text:_ZNSt3__222__compressed_pair_elemINS_9allocatorIP11ConsolePageEELi1ELb1EEC2Ev)
                  00012df0    0000000c     I2C_monitor.obj (.text:_ZNSt3__222__compressed_pair_elemINS_9allocatorIP6I2cMsgEELi1ELb1EE5__getEv)
                  00012dfc    0000000c     I2C_monitor.obj (.text:_ZNSt3__222__compressed_pair_elemINS_9allocatorIP6I2cMsgEELi1ELb1EEC2Ev)
                  00012e08    0000000c     SPI_command.obj (.text:_ZNSt3__222__compressed_pair_elemINS_9allocatorIP6SpiMsgEELi1ELb1EE5__getEv)
                  00012e14    0000000c     SPI_command.obj (.text:_ZNSt3__222__compressed_pair_elemINS_9allocatorIP6SpiMsgEELi1ELb1EEC2Ev)
                  00012e20    0000000c     menu_page.obj (.text:_ZNSt3__222__compressed_pair_elemINS_9allocatorIP7MenuRowEELi1ELb1EE5__getEv)
                  00012e2c    0000000c     menu_page.obj (.text:_ZNSt3__222__compressed_pair_elemINS_9allocatorIP7MenuRowEELi1ELb1EEC2Ev)
                  00012e38    0000000c     console_task.obj (.text:_ZNSt3__222__compressed_pair_elemIPP11ConsolePageLi0ELb0EE5__getEv)
                  00012e44    0000000c     I2C_monitor.obj (.text:_ZNSt3__222__compressed_pair_elemIPP6I2cMsgLi0ELb0EE5__getEv)
                  00012e50    0000000c     SPI_command.obj (.text:_ZNSt3__222__compressed_pair_elemIPP6SpiMsgLi0ELb0EE5__getEv)
                  00012e5c    0000000c     menu_page.obj (.text:_ZNSt3__222__compressed_pair_elemIPP7MenuRowLi0ELb0EE5__getEv)
                  00012e68    0000000c     I2C_task.obj (.text:_ZNSt3__24moveIRP6I2cMsgEEONS_16remove_referenceIT_E4typeEOS5_)
                  00012e74    0000000c     SPI_command.obj (.text:_ZNSt3__24moveIRP6SpiMsgEEONS_16remove_referenceIT_E4typeEOS5_)
                  00012e80    0000000c     console_task.obj (.text:_ZNSt3__24moveIRPP11ConsolePageEEONS_16remove_referenceIT_E4typeEOS6_)
                  00012e8c    0000000c     I2C_task.obj (.text:_ZNSt3__24moveIRPP6I2cMsgEEONS_16remove_referenceIT_E4typeEOS6_)
                  00012e98    0000000c     SPI_command.obj (.text:_ZNSt3__24moveIRPP6SpiMsgEEONS_16remove_referenceIT_E4typeEOS6_)
                  00012ea4    0000000c     menu_page.obj (.text:_ZNSt3__24moveIRPP7MenuRowEEONS_16remove_referenceIT_E4typeEOS6_)
                  00012eb0    0000000c     I2C_monitor.obj (.text:_ZNSt3__26vectorIP6I2cMsgNS_9allocatorIS2_EEE27__invalidate_iterators_pastEPS2_)
                  00012ebc    0000000c     SPI_monitor.obj (.text:_ZNSt3__26vectorIP6SpiMsgNS_9allocatorIS2_EEE27__invalidate_iterators_pastEPS2_)
                  00012ec8    0000000c     I2C_monitor.obj (.text:_ZNSt3__27forwardIDnEEOT_RNS_16remove_referenceIS1_E4typeE)
                  00012ed4    0000000c     I2C_task.obj (.text:_ZNSt3__27forwardIP6I2cMsgEEOT_RNS_16remove_referenceIS3_E4typeE)
                  00012ee0    0000000c     SPI_command.obj (.text:_ZNSt3__27forwardIP6SpiMsgEEOT_RNS_16remove_referenceIS3_E4typeE)
                  00012eec    0000000c     console_task.obj (.text:_ZNSt3__27forwardIRKP11ConsolePageEEOT_RNS_16remove_referenceIS5_E4typeE)
                  00012ef8    0000000c     menu_page.obj (.text:_ZNSt3__27forwardIRKP7MenuRowEEOT_RNS_16remove_referenceIS5_E4typeE)
                  00012f04    0000000c     console_task.obj (.text:_ZNSt3__27forwardIRNS_9allocatorIP11ConsolePageEEEEOT_RNS_16remove_referenceIS6_E4typeE)
                  00012f10    0000000c     I2C_task.obj (.text:_ZNSt3__27forwardIRNS_9allocatorIP6I2cMsgEEEEOT_RNS_16remove_referenceIS6_E4typeE)
                  00012f1c    0000000c     SPI_command.obj (.text:_ZNSt3__27forwardIRNS_9allocatorIP6SpiMsgEEEEOT_RNS_16remove_referenceIS6_E4typeE)
                  00012f28    0000000c     menu_page.obj (.text:_ZNSt3__27forwardIRNS_9allocatorIP7MenuRowEEEEOT_RNS_16remove_referenceIS6_E4typeE)
                  00012f34    0000000c     console_task.obj (.text:_ZNSt3__29allocatorIP11ConsolePageE7destroyEPS2_)
                  00012f40    0000000c     console_task.obj (.text:_ZNSt3__29allocatorIP11ConsolePageEC1Ev)
                  00012f4c    0000000c     console_task.obj (.text:_ZNSt3__29allocatorIP11ConsolePageEC2Ev)
                  00012f58    0000000c     I2C_monitor.obj (.text:_ZNSt3__29allocatorIP6I2cMsgE7destroyEPS2_)
                  00012f64    0000000c     I2C_monitor.obj (.text:_ZNSt3__29allocatorIP6I2cMsgEC1Ev)
                  00012f70    0000000c     I2C_monitor.obj (.text:_ZNSt3__29allocatorIP6I2cMsgEC2Ev)
                  00012f7c    0000000c     SPI_command.obj (.text:_ZNSt3__29allocatorIP6SpiMsgE7destroyEPS2_)
                  00012f88    0000000c     SPI_command.obj (.text:_ZNSt3__29allocatorIP6SpiMsgEC1Ev)
                  00012f94    0000000c     SPI_command.obj (.text:_ZNSt3__29allocatorIP6SpiMsgEC2Ev)
                  00012fa0    0000000c     menu_page.obj (.text:_ZNSt3__29allocatorIP7MenuRowE7destroyEPS2_)
                  00012fac    0000000c     menu_page.obj (.text:_ZNSt3__29allocatorIP7MenuRowEC1Ev)
                  00012fb8    0000000c     menu_page.obj (.text:_ZNSt3__29allocatorIP7MenuRowEC2Ev)
                  00012fc4    0000000c     rtsv7M4_T_le_v4SPD16_eabi.lib : copy_zero_init.c.obj (.text:decompress:ZI:__TI_zero_init)
                  00012fd0    0000000c     tm4c123gh6pm_startup_ccs.obj (.text)
                  00012fdc    0000000a     I2C_monitor.obj (.text:_ZNSt3__220__throw_length_errorEPKc)
                  00012fe6    0000000a     console_task.obj (.text:_ZNSt3__26vectorIP11ConsolePageNS_9allocatorIS2_EEE24__RAII_IncreaseAnnotator6__doneEv)
                  00012ff0    0000000a     console_task.obj (.text:_ZNSt3__26vectorIP11ConsolePageNS_9allocatorIS2_EEE26__invalidate_all_iteratorsEv)
                  00012ffa    0000000a     I2C_monitor.obj (.text:_ZNSt3__26vectorIP6I2cMsgNS_9allocatorIS2_EEE24__RAII_IncreaseAnnotator6__doneEv)
                  00013004    0000000a     I2C_monitor.obj (.text:_ZNSt3__26vectorIP6I2cMsgNS_9allocatorIS2_EEE26__invalidate_all_iteratorsEv)
                  0001300e    0000000a     SPI_command.obj (.text:_ZNSt3__26vectorIP6SpiMsgNS_9allocatorIS2_EEE24__RAII_IncreaseAnnotator6__doneEv)
                  00013018    0000000a     SPI_command.obj (.text:_ZNSt3__26vectorIP6SpiMsgNS_9allocatorIS2_EEE26__invalidate_all_iteratorsEv)
                  00013022    0000000a     menu_page.obj (.text:_ZNSt3__26vectorIP7MenuRowNS_9allocatorIS2_EEE24__RAII_IncreaseAnnotator6__doneEv)
                  0001302c    0000000a     menu_page.obj (.text:_ZNSt3__26vectorIP7MenuRowNS_9allocatorIS2_EEE26__invalidate_all_iteratorsEv)
                  00013036    0000000a     rtsv7M4_T_le_v4SPD16_eabi.lib : sprintf.c.obj (.text:_outc)
                  00013040    00000008                                   : errno.c.obj (.text:__aeabi_errno_addr)
                  00013048    00000008                                   : memory.c.obj (.text:malloc)
                  00013050    00000006     sysctl.obj (.text:SysCtlDelay)
                  00013056    00000006     rtsv7M4_T_le_v4SPD16_eabi.lib : pure_virt.c.obj (.text:__cxa_pure_virtual)
                  0001305c    00000004                                   : typeinfo.c.obj (.text:_ZN10__cxxabiv117__class_type_infoD1Ev)
                  00013060    00000004                                   : typeinfo.c.obj (.text:_ZN10__cxxabiv120__si_class_type_infoD1Ev)
                  00013064    00000004                                   : new.cpp.obj (.text:_ZdlPvj)
                  00013068    00000004                                   : error.c.obj (.text:__abort_execution)
                  0001306c    00000004                                   : pre_init.c.obj (.text:_system_pre_init)
                  00013070    00000004                                   : exit.c.obj (.text:abort:abort)

.const     0    00013074    00000d60     
                  00013074    00000120     sysctl.obj (.const:g_pppui32XTALtoVCO)
                  00013194    00000101     rtsv7M4_T_le_v4SPD16_eabi.lib : ctype.c.obj (.const:.string:_ctypes_)
                  00013295    00000003     --HOLE-- [fill = 0]
                  00013298    000000c0     gpio.obj (.const:g_ppui32GPIOIntMapBlizzard)
                  00013358    000000c0     gpio.obj (.const:g_ppui32GPIOIntMapSnowflake)
                  00013418    0000009c     interrupt.obj (.const:g_pui32Regs)
                  000134b4    00000090     gpio.obj (.const:g_pui32GPIOBaseAddrs)
                  00013544    0000006c     sysctl.obj (.const:g_pui32Xtals)
                  000135b0    00000060     timer.obj (.const:g_ppui32TimerIntMap)
                  00013610    00000050     i2c.obj (.const:g_ppui32I2CIntMapSnowflake)
                  00013660    0000004e     no_booster_board.obj (.const:.string)
                  000136ae    00000044     console_task.obj (.const:.string:_ZZNSt3__29allocatorIP11ConsolePageE8allocateEjPKvEs)
                  000136f2    00000044     I2C_monitor.obj (.const:.string:_ZZNSt3__29allocatorIP6I2cMsgE8allocateEjPKvEs)
                  00013736    00000044     SPI_command.obj (.const:.string:_ZZNSt3__29allocatorIP6SpiMsgE8allocateEjPKvEs)
                  0001377a    00000044     menu_page.obj (.const:.string:_ZZNSt3__29allocatorIP7MenuRowE8allocateEjPKvEs)
                  000137be    00000002     --HOLE-- [fill = 0]
                  000137c0    00000040     timer.obj (.const:g_ppui32TimerIntMapSnowflake)
                  00013800    00000040     uart.obj (.const:g_ppui32UARTIntMap)
                  00013840    00000040     uart.obj (.const:g_ppui32UARTIntMapSnowflake)
                  00013880    00000030     i2c.obj (.const:g_ppui32I2CIntMap)
                  000138b0    00000030     sysctl.obj (.const:g_sXTALtoMEMTIM)
                  000138e0    00000025     rtsv7M4_T_le_v4SPD16_eabi.lib : typeinfo.c.obj (.const:.typeinfo:_ZTSN10__cxxabiv120__si_class_type_infoE)
                  00013905    00000003     --HOLE-- [fill = 0]
                  00013908    00000022     GPOs.obj (.const:.string)
                  0001392a    00000022     rtsv7M4_T_le_v4SPD16_eabi.lib : typeinfo.c.obj (.const:.typeinfo:_ZTSN10__cxxabiv117__class_type_infoE)
                  0001394c    00000020     ssi.obj (.const:g_ppui32SSIIntMap)
                  0001396c    00000020     ssi.obj (.const:g_ppui32SSIIntMapSnowflake)
                  0001398c    00000020     interrupt.obj (.const:g_pui32Priority)
                  000139ac    0000001c     SPI_command.obj (.const:_ZTV10SpiCmdTask)
                  000139c8    0000001c     console_task.obj (.const:_ZTV11ConsolePage)
                  000139e4    0000001c     console_task.obj (.const:_ZTV11ConsoleTask)
                  00013a00    0000001c     error_logger.obj (.const:_ZTV11ErrorLogger)
                  00013a1c    0000001c     menu_page.obj (.const:_ZTV11MenuOptions)
                  00013a38    0000001c     task_manager.obj (.const:_ZTV11TaskManager)
                  00013a54    0000001c     I2C_monitor.obj (.const:_ZTV14I2cMonitorTask)
                  00013a70    0000001c     I2C_sniffer.obj (.const:_ZTV14I2cSnifferTask)
                  00013a8c    0000001c     SPI_monitor.obj (.const:_ZTV14SpiMonitorTask)
                  00013aa8    0000001c     I2C_scripter.obj (.const:_ZTV15I2cScripterTask)
                  00013ac4    0000001c     I2C_task.obj (.const:_ZTV7I2cTask)
                  00013ae0    0000001c     PWM_page.obj (.const:_ZTV7PWMpage)
                  00013afc    0000001c     test_task.obj (.const:_ZTV8TestTask)
                  00013b18    0000001c     io_control_page.obj (.const:_ZTV9IoCtlPage)
                  00013b34    00000018     I2C_monitor.obj (.const:.string)
                  00013b4c    00000018     SPI_monitor.obj (.const:.string)
                  00013b64    00000014     interrupt.obj (.const:g_pui32Dii16Regs)
                  00013b78    00000014     interrupt.obj (.const:g_pui32EnRegs)
                  00013b8c    00000014     interrupt.obj (.const:g_pui32PendRegs)
                  00013ba0    00000014     interrupt.obj (.const:g_pui32UnpendRegs)
                  00013bb4    00000012     uartstdio.obj (.const:.string)
                  00013bc6    00000012     I2C_scripter.obj (.const:.typeinfo:_ZTS15I2cScripterTask)
                  00013bd8    00000011     I2C_monitor.obj (.const:.typeinfo:_ZTS14I2cMonitorTask)
                  00013be9    00000011     I2C_sniffer.obj (.const:.typeinfo:_ZTS14I2cSnifferTask)
                  00013bfa    00000011     SPI_monitor.obj (.const:.typeinfo:_ZTS14SpiMonitorTask)
                  00013c0b    00000001     --HOLE-- [fill = 0]
                  00013c0c    00000010     rtsv7M4_T_le_v4SPD16_eabi.lib : typeinfo.c.obj (.const:_ZTVN10__cxxabiv117__class_type_infoE)
                  00013c1c    00000010                                   : typeinfo.c.obj (.const:_ZTVN10__cxxabiv120__si_class_type_infoE)
                  00013c2c    0000000e     ADC_task.obj (.const:.string)
                  00013c3a    00000002     --HOLE-- [fill = 0]
                  00013c3c    0000000e     GPIs.obj (.const:.string)
                  00013c4a    0000000e     I2C_monitor.obj (.const:.typeinfo:_ZTS11ConsolePage)
                  00013c58    0000000e     console_task.obj (.const:.typeinfo:_ZTS11ConsoleTask)
                  00013c66    0000000e     error_logger.obj (.const:.typeinfo:_ZTS11ErrorLogger)
                  00013c74    0000000e     menu_page.obj (.const:.typeinfo:_ZTS11MenuOptions)
                  00013c82    0000000e     task_manager.obj (.const:.typeinfo:_ZTS11TaskManager)
                  00013c90    0000000d     SPI_command.obj (.const:.typeinfo:_ZTS10SpiCmdTask)
                  00013c9d    0000000d     rtsv7M4_T_le_v4SPD16_eabi.lib : stdlib_typeinfo.cpp.obj (.const:.typeinfo:_ZTSSt9type_info)
                  00013caa    00000002     --HOLE-- [fill = 0]
                  00013cac    0000000c     SPI_command.obj (.const:.typeinfo:_ZTI10SpiCmdTask)
                  00013cb8    0000000c     console_task.obj (.const:.typeinfo:_ZTI11ConsoleTask)
                  00013cc4    0000000c     error_logger.obj (.const:.typeinfo:_ZTI11ErrorLogger)
                  00013cd0    0000000c     menu_page.obj (.const:.typeinfo:_ZTI11MenuOptions)
                  00013cdc    0000000c     task_manager.obj (.const:.typeinfo:_ZTI11TaskManager)
                  00013ce8    0000000c     I2C_monitor.obj (.const:.typeinfo:_ZTI14I2cMonitorTask)
                  00013cf4    0000000c     I2C_sniffer.obj (.const:.typeinfo:_ZTI14I2cSnifferTask)
                  00013d00    0000000c     SPI_monitor.obj (.const:.typeinfo:_ZTI14SpiMonitorTask)
                  00013d0c    0000000c     I2C_scripter.obj (.const:.typeinfo:_ZTI15I2cScripterTask)
                  00013d18    0000000c     I2C_task.obj (.const:.typeinfo:_ZTI7I2cTask)
                  00013d24    0000000c     PWM_page.obj (.const:.typeinfo:_ZTI7PWMpage)
                  00013d30    0000000c     test_task.obj (.const:.typeinfo:_ZTI8TestTask)
                  00013d3c    0000000c     io_control_page.obj (.const:.typeinfo:_ZTI9IoCtlPage)
                  00013d48    0000000c     rtsv7M4_T_le_v4SPD16_eabi.lib : typeinfo.c.obj (.const:.typeinfo:_ZTIN10__cxxabiv117__class_type_infoE)
                  00013d54    0000000c                                   : typeinfo.c.obj (.const:.typeinfo:_ZTIN10__cxxabiv120__si_class_type_infoE)
                  00013d60    0000000c     uartstdio.obj (.const:g_ui32UARTBase)
                  00013d6c    0000000c     uartstdio.obj (.const:g_ui32UARTPeriph)
                  00013d78    0000000b     io_control_page.obj (.const:.typeinfo:_ZTS9IoCtlPage)
                  00013d83    0000000a     test_task.obj (.const:.typeinfo:_ZTS8TestTask)
                  00013d8d    00000009     I2C_task.obj (.const:.typeinfo:_ZTS7I2cTask)
                  00013d96    00000009     PWM_page.obj (.const:.typeinfo:_ZTS7PWMpage)
                  00013d9f    00000001     --HOLE-- [fill = 0]
                  00013da0    00000008     I2C_monitor.obj (.const:.typeinfo:_ZTI11ConsolePage)
                  00013da8    00000008     rtsv7M4_T_le_v4SPD16_eabi.lib : stdlib_typeinfo.cpp.obj (.const:.typeinfo:_ZTISt9type_info)
                  00013db0    00000008     sysctl.obj (.const:g_pui32VCOFrequencies)
                  00013db8    00000008     port.obj (.const)
                  00013dc0    00000007     rtsv7M4_T_le_v4SPD16_eabi.lib : vector.cpp.obj (.const:.string:_ZZNKSt3__220__vector_base_commonILb1EE20__throw_length_errorEvEs)
                  00013dc7    00000001     --HOLE-- [fill = 0]
                  00013dc8    00000006     PWM_page.obj (.const:.string)
                  00013dce    00000002     --HOLE-- [fill = 0]
                  00013dd0    00000004     uartstdio.obj (.const)

.cinit     0    00013dd8    000001a8     
                  00013dd8    00000173     (.cinit..data.load) [load image, compression = lzss]
                  00013f4b    00000001     --HOLE-- [fill = 0]
                  00013f4c    0000000c     (__TI_handler_table)
                  00013f58    00000008     (.cinit..bss.load) [load image, compression = zero_init]
                  00013f60    00000008     (.cinit..vtable.load) [load image, compression = zero_init]
                  00013f68    00000018     (__TI_cinit_table)

.init_array 
*          0    00000000    00000000     UNINITIALIZED

.vtable    0    20000000    0000026c     UNINITIALIZED
                  20000000    0000026c     interrupt.obj (.vtable)

.bss       0    2000026c    000057b0     UNINITIALIZED
                  2000026c    00005000     (.common:ucHeap)
                  2000526c    000004b0     error_logger.obj (.bss:errors)
                  2000571c    00000120     rtsv7M4_T_le_v4SPD16_eabi.lib : trgmsg.c.obj (.bss:_CIOBUF_)
                  2000583c    000000a0     (.common:__TI_tmpnams)
                  200058dc    00000064     tasks.obj (.bss:pxReadyTasksLists)
                  20005940    00000040     (.common:xQueueRegistry)
                  20005980    00000014     tasks.obj (.bss:xDelayedTaskList1)
                  20005994    00000014     tasks.obj (.bss:xDelayedTaskList2)
                  200059a8    00000014     tasks.obj (.bss:xPendingReadyList)
                  200059bc    00000014     tasks.obj (.bss:xSuspendedTaskList)
                  200059d0    00000014     tasks.obj (.bss:xTasksWaitingTermination)
                  200059e4    0000000c     I2C_monitor.obj (.bss:bin_string)
                  200059f0    0000000c     SPI_monitor.obj (.bss:bin_string)
                  200059fc    00000008     tasks.obj (.bss)
                  20005a04    00000008     heap_4.obj (.bss:xStart)
                  20005a0c    00000008     (.common:parmbuf)
                  20005a14    00000004     console_uart.obj (.bss)
                  20005a18    00000004     adc.obj (.bss:g_pui8OversampleFactor)

.stack     0    20005a20    00000800     UNINITIALIZED
                  20005a20    00000004     rtsv7M4_T_le_v4SPD16_eabi.lib : boot_cortex_m.c.obj (.stack)
                  20005a24    000007fc     --HOLE--

.data      0    20006220    000003e8     UNINITIALIZED
                  20006220    000000f0     rtsv7M4_T_le_v4SPD16_eabi.lib : defs.c.obj (.data:_ftable)
                  20006310    00000078                                   : host_device.c.obj (.data:_device)
                  20006388    00000050                                   : host_device.c.obj (.data:_stream)
                  200063d8    00000034     tasks.obj (.data)
                  2000640c    00000028     PWM_page.obj (.data:pwm1)
                  20006434    00000024     no_booster_board.obj (.data:i2c0)
                  20006458    00000020     ADC_task.obj (.data:adc1)
                  20006478    00000020     ADC_task.obj (.data:adc2)
                  20006498    00000018     GPOs.obj (.data:blue_led)
                  200064b0    00000018     GPIs.obj (.data:gpi_1)
                  200064c8    00000018     GPIs.obj (.data:gpi_2)
                  200064e0    00000018     GPOs.obj (.data:green_led)
                  200064f8    00000018     heap_4.obj (.data)
                  20006510    00000018     GPOs.obj (.data:red_led)
                  20006528    00000010     SPI_command.obj (.data)
                  20006538    00000010     I2C_monitor.obj (.data:format_types)
                  20006548    00000010     SPI_monitor.obj (.data:format_types)
                  20006558    00000010     rtsv7M4_T_le_v4SPD16_eabi.lib : defs.c.obj (.data)
                  20006568    00000010     no_booster_board.obj (.data:spi_mode_menu)
                  20006578    0000000c     rtsv7M4_T_le_v4SPD16_eabi.lib : exit.c.obj (.data:$O1$$)
                  20006584    0000000c     GPOs.obj (.data:gpos)
                  20006590    0000000c     port.obj (.data)
                  2000659c    00000008     rtsv7M4_T_le_v4SPD16_eabi.lib : _lock.c.obj (.data:$O1$$)
                  200065a4    00000008                                   : memory.c.obj (.data:$O1$$)
                  200065ac    00000008     ADC_task.obj (.data:adc_pin_struct)
                  200065b4    00000008     ADC_task.obj (.data:board_adc_pins)
                  200065bc    00000008     GPIs.obj (.data:board_gpi_info)
                  200065c4    00000008     GPIs.obj (.data:board_gpi_pins)
                  200065cc    00000008     GPOs.obj (.data:board_gpo_info)
                  200065d4    00000008     PWM_page.obj (.data:board_pwm_info)
                  200065dc    00000008     error_logger.obj (.data)
                  200065e4    00000008     no_booster_board.obj (.data:i2c_speed_menu)
                  200065ec    00000008     no_booster_board.obj (.data)
                  200065f4    00000005     uartstdio.obj (.data)
                  200065f9    00000001     I2C_sniffer.obj (.data)
                  200065fa    00000002     --HOLE--
                  200065fc    00000004     ADC_task.obj (.data)
                  20006600    00000004     PWM_page.obj (.data:pwm_pins)
                  20006604    00000004     rtsv7M4_T_le_v4SPD16_eabi.lib : errno.c.obj (.data)

.sysmem    0    20006608    00000010     UNINITIALIZED
                  20006608    00000010     rtsv7M4_T_le_v4SPD16_eabi.lib : memory.c.obj (.sysmem)

__llvm_prf_cnts 
*          0    20000000    00000000     UNINITIALIZED

MODULE SUMMARY

       Module                         code    ro data   rw data
       ------                         ----    -------   -------
    .\
       ADC_task.obj                   652     14        20564  
       SPI_command.obj                6416    121       16     
       I2C_task.obj                   5764    49        0      
[...]
00013cac  _ZTI10SpiCmdTask                                                                                                                                                                                                                                                                 
00013cb8  _ZTI11ConsoleTask                                                                                                                                                                                                                                                                
00013cc4  _ZTI11ErrorLogger                                                                                                                                                                                                                                                                
00013cd0  _ZTI11MenuOptions                                                                                                                                                                                                                                                                
00013cdc  _ZTI11TaskManager                                                                                                                                                                                                                                                                
00013ce8  _ZTI14I2cMonitorTask                                                                                                                                                                                                                                                             
00013cf4  _ZTI14I2cSnifferTask                                                                                                                                                                                                                                                             
00013d00  _ZTI14SpiMonitorTask                                                                                                                                                                                                                                                             
00013d0c  _ZTI15I2cScripterTask                                                                                                                                                                                                                                                            
00013d18  _ZTI7I2cTask                                                                                                                                                                                                                                                                     
00013d24  _ZTI7PWMpage                                                                                                                                                                                                                                                                     
00013d30  _ZTI8TestTask                                                                                                                                                                                                                                                                    
00013d3c  _ZTI9IoCtlPage                                                                                                                                                                                                                                                                   
00013d48  _ZTIN10__cxxabiv117__class_type_infoE                                                                                                                                                                                                                                            
00013d54  _ZTIN10__cxxabiv120__si_class_type_infoE                                                                                                                                                                                                                                         
00013d78  _ZTS9IoCtlPage                                                                                                                                                                                                                                                                   
00013d83  _ZTS8TestTask                                                                                                                                                                                                                                                                    
00013d8d  _ZTS7I2cTask                                                                                                                                                                                                                                                                     
00013d96  _ZTS7PWMpage                                                                                                                                                                                                                                                                     
00013da0  _ZTI11ConsolePage                                                                                                                                                                                                                                                                
00013da8  _ZTISt9type_info                                                                                                                                                                                                                                                                 
00013db8  ulMaxSyscallInterruptPriority                                                                                                                                                                                                                                                    
00013dc0  _ZZNKSt3__220__vector_base_commonILb1EE20__throw_length_errorEvEs                                                                                                                                                                                                                
00013f4c  __TI_Handler_Table_Base                                                                                                                                                                                                                                                          
00013f58  __TI_Handler_Table_Limit                                                                                                                                                                                                                                                         
00013f68  __TI_CINIT_Base                                                                                                                                                                                                                                                                  
00013f80  __TI_CINIT_Limit                                                                                                                                                                                                                                                                 
20000000  __start___llvm_prf_cnts                                                                                                                                                                                                                                                          
20000000  __stop___llvm_prf_cnts                                                                                                                                                                                                                                                           
20000000  g_pfnRAMVectors                                                                                                                                                                                                                                                                  
2000026c  ucHeap                                                                                                                                                                                                                                                                           
2000571c  __CIOBUF_                                                                                                                                                                                                                                                                        
2000583c  __TI_tmpnams                                                                                                                                                                                                                                                                     
20005940  xQueueRegistry                                                                                                                                                                                                                                                                   
20005a0c  parmbuf                                                                                                                                                                                                                                                                          
20005a20  __stack                                                                                                                                                                                                                                                                          
20005c20  __STACK_TOP                                                                                                                                                                                                                                                                      
20006220  __STACK_END                                                                                                                                                                                                                                                                      
20006220  _ftable                                                                                                                                                                                                                                                                          
20006310  _device                                                                                                                                                                                                                                                                          
20006388  _stream                                                                                                                                                                                                                                                                          
200063d8  pxCurrentTCB                                                                                                                                                                                                                                                                     
20006558  __TI_ft_end                                                                                                                                                                                                                                                                      
2000655c  __aeabi_stdin                                                                                                                                                                                                                                                                    
20006560  __aeabi_stdout                                                                                                                                                                                                                                                                   
20006564  __aeabi_stderr                                                                                                                                                                                                                                                                   
20006568  spi_mode_menu                                                                                                                                                                                                                                                                    
20006578  __TI_cleanup_ptr                                                                                                                                                                                                                                                                 
2000657c  __TI_dtors_ptr                                                                                                                                                                                                                                                                   
20006580  __TI_enable_exit_profile_output                                                                                                                                                                                                                                                  
2000659c  _lock                                                                                                                                                                                                                                                                            
200065a0  _unlock                                                                                                                                                                                                                                                                          
200065ac  adc_pin_struct                                                                                                                                                                                                                                                                   
200065bc  board_gpi_info                                                                                                                                                                                                                                                                   
200065cc  board_gpo_info                                                                                                                                                                                                                                                                   
200065d4  board_pwm_info                                                                                                                                                                                                                                                                   
200065e0  _ZN11ErrorLogger3objE                                                                                                                                                                                                                                                            
200065e4  i2c_speed_menu                                                                                                                                                                                                                                                                   
200065ec  i2c_speed_name                                                                                                                                                                                                                                                                   
200065f0  spi_mode_name                                                                                                                                                                                                                                                                    
20006604  errno                                                                                                                                                                                                                                                                            
20006608  _sys_memory                                                                                                                                                                                                                                                                      
ffffffff  __TI_pprof_out_hndl                                                                                                                                                                                                                                                              
ffffffff  __TI_prof_data_size                                                                                                                                                                                                                                                              
ffffffff  __TI_prof_data_start                                                                                                                                                                                                                                                             
ffffffff  __binit__                                                                                                                                                                                                                                                                        
ffffffff  __c_args__                                                                                                                                                                                                                                                                       
ffffffff  binit                                                                                                                                                                                                                                                                            
UNDEFED   __mpu_init                                                                                                                                                                                                                                                                       
UNDEFED   _system_post_cinit                                                                                                                                                                                                                                                               

[1213 symbols]
