******************************************************************************
                  TI ARM Linker PC v20.2.2                     
******************************************************************************
>> Linked Wed Aug  4 10:26:58 2021

OUTPUT FILE NAME:   <MicroMasterTM4C123G.out>
ENTRY POINT SYMBOL: "_c_int00_noargs"  address: 0000e659


MEMORY CONFIGURATION

         name            origin    length      used     unused   attr    fill
----------------------  --------  ---------  --------  --------  ----  --------
  FLASH                 00000000   00040000  00010768  0002f898  R  X
  SRAM                  20000000   00008000  00005260  00002da0  RW X


SEGMENT ALLOCATION MAP

run origin  load origin   length   init length attrs members
----------  ----------- ---------- ----------- ----- -------
00000000    00000000    00010768   00010768    r-x
  00000000    00000000    0000026c   0000026c    r-- .intvecs
  0000026c    0000026c    0000f77c   0000f77c    r-x .text
  0000f9e8    0000f9e8    00000bc8   00000bc8    r-- .const
  000105b0    000105b0    000001b8   000001b8    r-- .cinit
20000000    20000000    00005260   00000000    rw-
  20000000    20000000    0000026c   00000000    rw- .vtable
  2000026c    2000026c    000043a4   00000000    rw- .bss
  20004610    20004610    00000800   00000000    rw- .stack
  20004e10    20004e10    00000440   00000000    rw- .data
  20005250    20005250    00000010   00000000    rw- .sysmem


SECTION ALLOCATION MAP

 output                                  attributes/
section   page    origin      length       input sections
--------  ----  ----------  ----------   ----------------
.intvecs   0    00000000    0000026c     
                  00000000    0000026c     tm4c123gh6pm_startup_ccs.obj (.intvecs)

.text      0    0000026c    0000f77c     
                  0000026c    00001ddc     tasks.obj (.text)
                  00002048    000011b4     I2C_task.obj (.text)
                  000031fc    00000fa8     queue.obj (.text)
                  000041a4    00000ef4     sysctl.obj (.text)
                  00005098    00000b88     gpio.obj (.text)
                  00005c20    00000a4e     rtsv7M4_T_le_v4SPD16_eabi.lib : _printfi.c.obj (.text:__TI_printfi)
                  0000666e    00000002                                   : vector.cpp.obj (.text:_ZNSt3__220__vector_base_commonILb1EEC2Ev)
                  00006670    000007c2     adc.obj (.text)
                  00006e32    00000002     rtsv7M4_T_le_v4SPD16_eabi.lib : stdlib_typeinfo.cpp.obj (.text:_ZNSt9type_infoD1Ev)
                  00006e34    0000069c     i2c.obj (.text)
                  000074d0    00000642     timer.obj (.text)
                  00007b12    00000002     rtsv7M4_T_le_v4SPD16_eabi.lib : _lock.c.obj (.text:_nop)
                  00007b14    00000618     uart.obj (.text)
                  0000812c    00000595     I2C_monitor.obj (.text)
                  000086c1    00000001     --HOLE-- [fill = 0]
                  000086c2    00000002     rtsv7M4_T_le_v4SPD16_eabi.lib : div0.asm.obj (.text)
                  000086c4    0000057a     console_task.obj (.text)
                  00008c3e    00000002     --HOLE-- [fill = 0]
                  00008c40    000004f8     I2C_scripter.obj (.text)
                  00009138    000004a8     uartstdio.obj (.text)
                  000095e0    00000454     heap_4.obj (.text)
                  00009a34    000003fa     menu_page.obj (.text)
                  00009e2e    00000002     --HOLE-- [fill = 0]
                  00009e30    000003c0     interrupt.obj (.text)
                  0000a1f0    0000039c     io_control_page.obj (.text)
                  0000a58c    00000290     task_manager.obj (.text)
                  0000a81c    0000028c     ADC_task.obj (.text)
                  0000aaa8    0000028c     port.obj (.text)
                  0000ad34    00000288     I2C_sniffer.obj (.text)
                  0000afbc    00000270     rtsv7M4_T_le_v4SPD16_eabi.lib : _printfi.c.obj (.text:_pconv_a)
                  0000b22c    00000240     no_booster_board.obj (.text)
                  0000b46c    0000022c     error_logger.obj (.text)
                  0000b698    00000214     GPIs.obj (.text)
                  0000b8ac    000001d4     GPOs.obj (.text)
                  0000ba80    000001d0     rtsv7M4_T_le_v4SPD16_eabi.lib : _printfi.c.obj (.text:_pconv_g)
                  0000bc50    000001b6                                   : fd_add_t2.asm.obj (.text)
                  0000be06    00000002     --HOLE-- [fill = 0]
                  0000be08    0000013c                                   : _printfi.c.obj (.text:_pconv_e)
                  0000bf44    00000136                                   : fd_div_t2.asm.obj (.text)
                  0000c07a    0000012a     list.obj (.text)
                  0000c1a4    00000124     rtsv7M4_T_le_v4SPD16_eabi.lib : _printfi.c.obj (.text:fcvt)
                  0000c2c8    00000114                                   : fputs.c.obj (.text:fputs)
                  0000c3dc    00000110                                   : s_scalbn.c.obj (.text:scalbn)
                  0000c4ec    00000100                                   : memory.c.obj (.text:aligned_alloc)
                  0000c5ec    000000fc     console_uart.obj (.text)
                  0000c6e8    000000fc     rtsv7M4_T_le_v4SPD16_eabi.lib : fd_mul_t2.asm.obj (.text)
                  0000c7e4    000000e4                                   : memory.c.obj (.text:free)
                  0000c8c8    000000dc                                   : setvbuf.c.obj (.text:setvbuf)
                  0000c9a4    000000da     portasm.obj (.text)
                  0000ca7e    00000002     --HOLE-- [fill = 0]
                  0000ca80    000000d2     text_controls.obj (.text)
                  0000cb52    00000002     --HOLE-- [fill = 0]
                  0000cb54    000000c0     fpu.obj (.text)
                  0000cc14    000000b1     rtsv7M4_T_le_v4SPD16_eabi.lib : _printfi.c.obj (.text:_ltostr)
                  0000ccc5    00000001     --HOLE-- [fill = 0]
                  0000ccc6    000000b0     I2C_monitor.obj (.text:_ZNSt3__26vectorIP6I2cMsgNS_9allocatorIS2_EEE6assignIPS2_EENS_9enable_ifIXaasr3std3__221__is_forward_iteratorIT_EE5valuesr3std3__216is_constructibleIS2_JNS_15iterator_traitsIS9_E9referenceEEEE5valueEvE4typeES9_S9_)
                  0000cd76    0000009c     rtsv7M4_T_le_v4SPD16_eabi.lib : memcpy_t2.asm.obj (.text)
                  0000ce12    00000096                                   : ull_div_t2.asm.obj (.text)
                  0000cea8    00000090     test_task.obj (.text)
                  0000cf38    00000086     rtsv7M4_T_le_v4SPD16_eabi.lib : fd_cmp_t2.asm.obj (.text:__aeabi_cdcmple)
                  0000cfbe    00000086                                   : fd_cmp_t2.asm.obj (.text:__aeabi_cdrcmple)
                  0000d044    0000007c                                   : fflush.c.obj (.text:fflush)
                  0000d0c0    0000007a                                   : memset_t2.asm.obj (.text)
                  0000d13a    00000002     --HOLE-- [fill = 0]
                  0000d13c    00000074                                   : fclose.c.obj (.text:__TI_closefile)
                  0000d1b0    00000070                                   : memory.c.obj (.text:split)
                  0000d220    0000006e                                   : _printfi.c.obj (.text:_mcpy)
                  0000d28e    00000002     --HOLE-- [fill = 0]
                  0000d290    0000006c                                   : hostrename.c.obj (.text:HOSTrename)
                  0000d2fc    0000006c     console_task.obj (.text:_ZNSt3__26vectorIP11ConsolePageNS_9allocatorIS2_EEE26__swap_out_circular_bufferERNS_14__split_bufferIS2_RS4_EE)
                  0000d368    0000006c     I2C_task.obj (.text:_ZNSt3__26vectorIP6I2cMsgNS_9allocatorIS2_EEE26__swap_out_circular_bufferERNS_14__split_bufferIS2_RS4_EE)
                  0000d3d4    0000006c     menu_page.obj (.text:_ZNSt3__26vectorIP7MenuRowNS_9allocatorIS2_EEE26__swap_out_circular_bufferERNS_14__split_bufferIS2_RS4_EE)
                  0000d440    00000068     rtsv7M4_T_le_v4SPD16_eabi.lib : hostlseek.c.obj (.text:HOSTlseek)
                  0000d4a8    00000068                                   : copy_decompress_lzss.c.obj (.text:decompress:lzss:__TI_decompress_lzss)
                  0000d510    00000064     console_task.obj (.text:_ZNSt3__26vectorIP11ConsolePageNS_9allocatorIS2_EEE21__push_back_slow_pathIRKS2_EEvOT_)
                  0000d574    00000064     I2C_task.obj (.text:_ZNSt3__26vectorIP6I2cMsgNS_9allocatorIS2_EEE21__push_back_slow_pathIS2_EEvOT_)
                  0000d5d8    00000064     menu_page.obj (.text:_ZNSt3__26vectorIP7MenuRowNS_9allocatorIS2_EEE21__push_back_slow_pathIRKS2_EEvOT_)
                  0000d63c    00000064     rtsv7M4_T_le_v4SPD16_eabi.lib : s_frexp.c.obj (.text:frexp)
                  0000d6a0    00000064                                   : fseek.c.obj (.text:fseek)
                  0000d704    00000062     I2C_task.obj (.text:_ZNSt3__26vectorIP6I2cMsgNS_9allocatorIS2_EEE9push_backEOS2_)
                  0000d766    00000062     rtsv7M4_T_le_v4SPD16_eabi.lib : _io_perm.c.obj (.text:__TI_wrt_ok)
                  0000d7c8    00000060                                   : hostopen.c.obj (.text:HOSTopen)
                  0000d828    00000060     console_task.obj (.text:_ZNSt3__214__split_bufferIP11ConsolePageRNS_9allocatorIS2_EEEC1EjjS5_)
                  0000d888    00000060     I2C_task.obj (.text:_ZNSt3__214__split_bufferIP6I2cMsgRNS_9allocatorIS2_EEEC1EjjS5_)
                  0000d8e8    00000060     menu_page.obj (.text:_ZNSt3__214__split_bufferIP7MenuRowRNS_9allocatorIS2_EEEC1EjjS5_)
                  0000d948    0000005c     rtsv7M4_T_le_v4SPD16_eabi.lib : close.c.obj (.text:close)
                  0000d9a4    00000058                                   : hostread.c.obj (.text:HOSTread)
                  0000d9fc    00000058                                   : hostwrite.c.obj (.text:HOSTwrite)
                  0000da54    00000056     console_task.obj (.text:_ZNKSt3__26vectorIP11ConsolePageNS_9allocatorIS2_EEE17__annotate_deleteEv)
                  0000daaa    00000056     I2C_task.obj (.text:_ZNKSt3__26vectorIP6I2cMsgNS_9allocatorIS2_EEE17__annotate_deleteEv)
                  0000db00    00000056     menu_page.obj (.text:_ZNKSt3__26vectorIP7MenuRowNS_9allocatorIS2_EEE17__annotate_deleteEv)
                  0000db56    00000056     console_task.obj (.text:_ZNSt3__26vectorIP11ConsolePageNS_9allocatorIS2_EEE9push_backERKS2_)
                  0000dbac    00000056     menu_page.obj (.text:_ZNSt3__26vectorIP7MenuRowNS_9allocatorIS2_EEE9push_backERKS2_)
                  0000dc02    00000056     rtsv7M4_T_le_v4SPD16_eabi.lib : _printfi.c.obj (.text:_pconv_f)
                  0000dc58    00000054     console_task.obj (.text:_ZNKSt3__26vectorIP11ConsolePageNS_9allocatorIS2_EEE14__annotate_newEj)
                  0000dcac    00000054     I2C_monitor.obj (.text:_ZNKSt3__26vectorIP6I2cMsgNS_9allocatorIS2_EEE14__annotate_newEj)
                  0000dd00    00000054     menu_page.obj (.text:_ZNKSt3__26vectorIP7MenuRowNS_9allocatorIS2_EEE14__annotate_newEj)
                  0000dd54    00000054     rtsv7M4_T_le_v4SPD16_eabi.lib : _ltoa.c.obj (.text:__TI_ltoa)
                  0000dda8    00000052     I2C_monitor.obj (.text:_ZNKSt3__26vectorIP6I2cMsgNS_9allocatorIS2_EEE17__annotate_shrinkEj)
                  0000ddfa    00000052     rtsv7M4_T_le_v4SPD16_eabi.lib : _printfi.c.obj (.text:_ecpy)
                  0000de4c    00000052     utils.obj (.text)
                  0000de9e    0000004c     rtsv7M4_T_le_v4SPD16_eabi.lib : fflush.c.obj (.text:__TI_doflush)
                  0000deea    00000002     --HOLE-- [fill = 0]
                  0000deec    0000004c                                   : atoi.c.obj (.text:atoi)
                  0000df38    0000004a     console_task.obj (.text:_ZNKSt3__26vectorIP11ConsolePageNS_9allocatorIS2_EEE11__recommendEj)
                  0000df82    0000004a     I2C_monitor.obj (.text:_ZNKSt3__26vectorIP6I2cMsgNS_9allocatorIS2_EEE11__recommendEj)
                  0000dfcc    0000004a     menu_page.obj (.text:_ZNKSt3__26vectorIP7MenuRowNS_9allocatorIS2_EEE11__recommendEj)
                  0000e016    00000048     I2C_monitor.obj (.text:_ZNSt3__26vectorIP6I2cMsgNS_9allocatorIS2_EEE8allocateEj)
                  0000e05e    00000002     --HOLE-- [fill = 0]
                  0000e060    00000048     rtsv7M4_T_le_v4SPD16_eabi.lib : exit.c.obj (.text:exit)
                  0000e0a8    00000048                                   : fd_toi_t2.asm.obj (.text)
                  0000e0f0    00000044                                   : hostclose.c.obj (.text:HOSTclose)
                  0000e134    00000044                                   : hostunlink.c.obj (.text:HOSTunlink)
                  0000e178    00000044                                   : autoinit.c.obj (.text:__TI_auto_init_nobinit_nopinit:__TI_auto_init_nobinit_nopinit)
                  0000e1bc    00000044                                   : getdevice.c.obj (.text:getdevice)
                  0000e200    00000040     I2C_monitor.obj (.text:_ZNSt3__213__vector_baseIP6I2cMsgNS_9allocatorIS2_EEE17__destruct_at_endEPS2_)
                  0000e240    00000040     I2C_monitor.obj (.text:_ZNSt3__26vectorIP6I2cMsgNS_9allocatorIS2_EEE10deallocateEv)
                  0000e280    00000040     rtsv7M4_T_le_v4SPD16_eabi.lib : u_divt2.asm.obj (.text)
                  0000e2c0    00000040                                   : sprintf.c.obj (.text:sprintf)
                  0000e300    0000003e                                   : _printfi.c.obj (.text:_fcpy)
                  0000e33e    0000003e     cpu.obj (.text)
                  0000e37c    0000003c     console_task.obj (.text:_ZNSt3__216allocator_traitsINS_9allocatorIP11ConsolePageEEE20__construct_backwardIS3_EENS_9enable_ifIXaaoosr3std3__27is_sameIS4_NS1_IT_EEEE5valuentsr3std3__215__has_constructIS4_PS8_JS8_EEE5valuesr3std3__231is_trivially_move_constructibleIS8_EE5valueEvE4typeERS4_SA_SA_RSA_)
                  0000e3b8    0000003c     I2C_task.obj (.text:_ZNSt3__216allocator_traitsINS_9allocatorIP6I2cMsgEEE20__construct_backwardIS3_EENS_9enable_ifIXaaoosr3std3__27is_sameIS4_NS1_IT_EEEE5valuentsr3std3__215__has_constructIS4_PS8_JS8_EEE5valuesr3std3__231is_trivially_move_constructibleIS8_EE5valueEvE4typeERS4_SA_SA_RSA_)
                  0000e3f4    0000003c     I2C_monitor.obj (.text:_ZNSt3__216allocator_traitsINS_9allocatorIP6I2cMsgEEE25__construct_range_forwardIS3_EENS_9enable_ifIXaaoosr3std3__27is_sameIS4_NS1_IT_EEEE5valuentsr3std3__215__has_constructIS4_PS8_JS8_EEE5valuesr3std3__231is_trivially_move_constructibleIS8_EE5valueEvE4typeERS4_SA_SA_RSA_)
                  0000e430    0000003c     menu_page.obj (.text:_ZNSt3__216allocator_traitsINS_9allocatorIP7MenuRowEEE20__construct_backwardIS3_EENS_9enable_ifIXaaoosr3std3__27is_sameIS4_NS1_IT_EEEE5valuentsr3std3__215__has_constructIS4_PS8_JS8_EEE5valuesr3std3__231is_trivially_move_constructibleIS8_EE5valueEvE4typeERS4_SA_SA_RSA_)
                  0000e46c    0000003c     main.obj (.text)
                  0000e4a8    00000038     I2C_monitor.obj (.text:_ZNSt3__26vectorIP6I2cMsgNS_9allocatorIS2_EEE18__construct_at_endIPS2_EENS_9enable_ifIXsr3std3__221__is_forward_iteratorIT_EE5valueEvE4typeES9_S9_j)
                  0000e4e0    00000038     rtsv7M4_T_le_v4SPD16_eabi.lib : trgmsg.c.obj (.text:__TI_writemsg)
                  0000e518    00000036     console_task.obj (.text:_ZNSt3__214__split_bufferIP11ConsolePageRNS_9allocatorIS2_EEE17__destruct_at_endEPS2_NS_17integral_constantIbLb0EEE)
                  0000e54e    00000036     I2C_task.obj (.text:_ZNSt3__214__split_bufferIP6I2cMsgRNS_9allocatorIS2_EEE17__destruct_at_endEPS2_NS_17integral_constantIbLb0EEE)
                  0000e584    00000036     menu_page.obj (.text:_ZNSt3__214__split_bufferIP7MenuRowRNS_9allocatorIS2_EEE17__destruct_at_endEPS2_NS_17integral_constantIbLb0EEE)
                  0000e5ba    00000036     rtsv7M4_T_le_v4SPD16_eabi.lib : strncpy.c.obj (.text:strncpy)
                  0000e5f0    00000034                                   : fopen.c.obj (.text:__TI_cleanup)
                  0000e624    00000034                                   : trgmsg.c.obj (.text:__TI_readmsg)
                  0000e658    00000034                                   : boot_cortex_m.c.obj (.text:_c_int00_noargs:_c_int00_noargs)
                  0000e68c    00000032     I2C_monitor.obj (.text:_ZNSt3__26__copyIP6I2cMsgS2_EENS_9enable_ifIXaasr3std3__27is_sameINS_12remove_constIT_E4typeET0_EE5valuesr3std3__228is_trivially_copy_assignableIS8_EE5valueEPS8_E4typeEPS5_SC_S9_)
                  0000e6be    00000002     --HOLE-- [fill = 0]
                  0000e6c0    00000030     rtsv7M4_T_le_v4SPD16_eabi.lib : getdevice.c.obj (.text:finddevice)
                  0000e6f0    00000030     memory_functions.obj (.text)
                  0000e720    0000002e     console_task.obj (.text:_ZNSt3__214__split_bufferIP11ConsolePageRNS_9allocatorIS2_EEED1Ev)
                  0000e74e    0000002e     I2C_task.obj (.text:_ZNSt3__214__split_bufferIP6I2cMsgRNS_9allocatorIS2_EEED1Ev)
                  0000e77c    0000002e     menu_page.obj (.text:_ZNSt3__214__split_bufferIP7MenuRowRNS_9allocatorIS2_EEED1Ev)
                  0000e7aa    0000002e     console_task.obj (.text:_ZNSt3__29allocatorIP11ConsolePageE9constructIS2_JRKS2_EEEvPT_DpOT0_)
                  0000e7d8    0000002e     I2C_task.obj (.text:_ZNSt3__29allocatorIP6I2cMsgE9constructIS2_JS2_EEEvPT_DpOT0_)
                  0000e806    0000002e     menu_page.obj (.text:_ZNSt3__29allocatorIP7MenuRowE9constructIS2_JRKS2_EEEvPT_DpOT0_)
                  0000e834    0000002e     rtsv7M4_T_le_v4SPD16_eabi.lib : i_tofd_t2.asm.obj (.text)
                  0000e862    00000002     --HOLE-- [fill = 0]
                  0000e864    0000002c                                   : unlink.c.obj (.text:unlink)
                  0000e890    0000002a     console_task.obj (.text:_ZNSt3__217__compressed_pairIPP11ConsolePageRNS_9allocatorIS2_EEEC1IDnS6_EEOT_OT0_)
                  0000e8ba    0000002a     I2C_task.obj (.text:_ZNSt3__217__compressed_pairIPP6I2cMsgRNS_9allocatorIS2_EEEC1IDnS6_EEOT_OT0_)
                  0000e8e4    0000002a     menu_page.obj (.text:_ZNSt3__217__compressed_pairIPP7MenuRowRNS_9allocatorIS2_EEEC1IDnS6_EEOT_OT0_)
                  0000e90e    0000002a     I2C_monitor.obj (.text:_ZNSt3__24copyIPP6I2cMsgS3_EET0_T_S5_S4_)
                  0000e938    0000002a     console_task.obj (.text:_ZNSt3__24swapIPP11ConsolePageEENS_9enable_ifIXaasr3std3__221is_move_constructibleIT_EE5valuesr3std3__218is_move_assignableIS5_EE5valueEvE4typeERS5_S8_)
                  0000e962    0000002a     I2C_task.obj (.text:_ZNSt3__24swapIPP6I2cMsgEENS_9enable_ifIXaasr3std3__221is_move_constructibleIT_EE5valuesr3std3__218is_move_assignableIS5_EE5valueEvE4typeERS5_S8_)
                  0000e98c    0000002a     menu_page.obj (.text:_ZNSt3__24swapIPP7MenuRowEENS_9enable_ifIXaasr3std3__221is_move_constructibleIT_EE5valuesr3std3__218is_move_assignableIS5_EE5valueEvE4typeERS5_S8_)
                  0000e9b6    0000002a     hooks.obj (.text)
                  0000e9e0    00000028     console_task.obj (.text:_ZNSt3__213__vector_baseIP11ConsolePageNS_9allocatorIS2_EEEC1Ev)
                  0000ea08    00000028     I2C_monitor.obj (.text:_ZNSt3__213__vector_baseIP6I2cMsgNS_9allocatorIS2_EEEC1Ev)
                  0000ea30    00000028     menu_page.obj (.text:_ZNSt3__213__vector_baseIP7MenuRowNS_9allocatorIS2_EEEC1Ev)
                  0000ea58    00000028     I2C_monitor.obj (.text:_ZNSt3__26vectorIP6I2cMsgNS_9allocatorIS2_EEE17__destruct_at_endEPS2_)
                  0000ea80    00000028     I2C_monitor.obj (.text:_ZNSt3__26vectorIP6I2cMsgNS_9allocatorIS2_EEEaSERKS5_)
                  0000eaa8    00000028     console_task.obj (.text:_ZNSt3__29allocatorIP11ConsolePageE8allocateEjPKv)
                  0000ead0    00000028     I2C_monitor.obj (.text:_ZNSt3__29allocatorIP6I2cMsgE8allocateEjPKv)
                  0000eaf8    00000028     menu_page.obj (.text:_ZNSt3__29allocatorIP7MenuRowE8allocateEjPKv)
                  0000eb20    00000028     rtsv7M4_T_le_v4SPD16_eabi.lib : memory.c.obj (.text:free_list_insert)
                  0000eb48    00000028                                   : lseek.c.obj (.text:lseek)
                  0000eb70    00000028                                   : memmov.c.obj (.text:memmove)
                  0000eb98    00000028                                   : write.c.obj (.text:write)
                  0000ebc0    00000024     console_task.obj (.text:_ZNKSt3__26vectorIP11ConsolePageNS_9allocatorIS2_EEE8max_sizeEv)
                  0000ebe4    00000024     I2C_monitor.obj (.text:_ZNKSt3__26vectorIP6I2cMsgNS_9allocatorIS2_EEE8max_sizeEv)
                  0000ec08    00000024     menu_page.obj (.text:_ZNKSt3__26vectorIP7MenuRowNS_9allocatorIS2_EEE8max_sizeEv)
                  0000ec2c    00000024     console_task.obj (.text:_ZNSt3__216allocator_traitsINS_9allocatorIP11ConsolePageEEE11__constructIS3_JRKS3_EEEvNS_17integral_constantIbLb1EEERS4_PT_DpOT0_)
                  0000ec50    00000024     console_task.obj (.text:_ZNSt3__216allocator_traitsINS_9allocatorIP11ConsolePageEEE9constructIS3_JRKS3_EEEvRS4_PT_DpOT0_)
                  0000ec74    00000024     I2C_task.obj (.text:_ZNSt3__216allocator_traitsINS_9allocatorIP6I2cMsgEEE11__constructIS3_JS3_EEEvNS_17integral_constantIbLb1EEERS4_PT_DpOT0_)
                  0000ec98    00000024     I2C_task.obj (.text:_ZNSt3__216allocator_traitsINS_9allocatorIP6I2cMsgEEE9constructIS3_JS3_EEEvRS4_PT_DpOT0_)
                  0000ecbc    00000024     menu_page.obj (.text:_ZNSt3__216allocator_traitsINS_9allocatorIP7MenuRowEEE11__constructIS3_JRKS3_EEEvNS_17integral_constantIbLb1EEERS4_PT_DpOT0_)
                  0000ece0    00000024     menu_page.obj (.text:_ZNSt3__216allocator_traitsINS_9allocatorIP7MenuRowEEE9constructIS3_JRKS3_EEEvRS4_PT_DpOT0_)
                  0000ed04    00000022     I2C_monitor.obj (.text:_ZNSt3__26vectorIP6I2cMsgNS_9allocatorIS2_EEE5clearEv)
                  0000ed26    00000020     rtsv7M4_T_le_v4SPD16_eabi.lib : memchr.c.obj (.text:memchr)
                  0000ed46    0000001e     I2C_monitor.obj (.text:_ZNKSt3__26__lessIjjEclERKjS3_)
                  0000ed64    0000001e     console_task.obj (.text:_ZNSt3__217__compressed_pairIPP11ConsolePageNS_9allocatorIS2_EEEC1IDnLb1EEEOT_)
                  0000ed82    0000001e     I2C_monitor.obj (.text:_ZNSt3__217__compressed_pairIPP6I2cMsgNS_9allocatorIS2_EEEC1IDnLb1EEEOT_)
                  0000eda0    0000001e     menu_page.obj (.text:_ZNSt3__217__compressed_pairIPP7MenuRowNS_9allocatorIS2_EEEC1IDnLb1EEEOT_)
                  0000edbe    0000001e     I2C_monitor.obj (.text:_ZNSt3__23maxIjNS_6__lessIjjEEEERKT_S5_S5_T0_)
                  0000eddc    0000001e     I2C_monitor.obj (.text:_ZNSt3__23minIjNS_6__lessIjjEEEERKT_S5_S5_T0_)
                  0000edfa    0000001c     I2C_monitor.obj (.text:_ZNSt3__29__advanceIPP6I2cMsgEEvRT_NS_15iterator_traitsIS4_E15difference_typeENS_26random_access_iterator_tagE)
                  0000ee16    00000002     --HOLE-- [fill = 0]
                  0000ee18    0000001c     rtsv7M4_T_le_v4SPD16_eabi.lib : assert.c.obj (.text:_abort_msg)
                  0000ee34    0000001c                                   : memory.c.obj (.text:free_list_remove)
                  0000ee50    0000001c                                   : memccpy.c.obj (.text:memccpy)
                  0000ee6c    0000001a                                   : s_copysign.c.obj (.text:copysign)
                  0000ee86    00000018     I2C_monitor.obj (.text:_ZNSt3__210__distanceIPP6I2cMsgEENS_15iterator_traitsIT_E15difference_typeES5_S5_NS_26random_access_iterator_tagE)
                  0000ee9e    00000018     rtsv7M4_T_le_v4SPD16_eabi.lib : sprintf.c.obj (.text:_outs)
                  0000eeb6    00000018                                   : strcmp.c.obj (.text:strcmp)
                  0000eece    00000016     console_task.obj (.text:_ZNKSt3__213__vector_baseIP11ConsolePageNS_9allocatorIS2_EEE8capacityEv)
                  0000eee4    00000016     I2C_monitor.obj (.text:_ZNKSt3__213__vector_baseIP6I2cMsgNS_9allocatorIS2_EEE8capacityEv)
                  0000eefa    00000016     menu_page.obj (.text:_ZNKSt3__213__vector_baseIP7MenuRowNS_9allocatorIS2_EEE8capacityEv)
                  0000ef10    00000016     console_task.obj (.text:_ZNKSt3__214__split_bufferIP11ConsolePageRNS_9allocatorIS2_EEE8capacityEv)
                  0000ef26    00000016     I2C_task.obj (.text:_ZNKSt3__214__split_bufferIP6I2cMsgRNS_9allocatorIS2_EEE8capacityEv)
                  0000ef3c    00000016     menu_page.obj (.text:_ZNKSt3__214__split_bufferIP7MenuRowRNS_9allocatorIS2_EEE8capacityEv)
                  0000ef52    00000016     console_task.obj (.text:_ZNKSt3__26vectorIP11ConsolePageNS_9allocatorIS2_EEE4sizeEv)
                  0000ef68    00000016     I2C_monitor.obj (.text:_ZNKSt3__26vectorIP6I2cMsgNS_9allocatorIS2_EEE4sizeEv)
                  0000ef7e    00000016     menu_page.obj (.text:_ZNKSt3__26vectorIP7MenuRowNS_9allocatorIS2_EEE4sizeEv)
                  0000ef94    00000016     console_task.obj (.text:_ZNSt3__222__compressed_pair_elemIPP11ConsolePageLi0ELb0EEC1IDnvEEOT_)
                  0000efaa    00000016     I2C_monitor.obj (.text:_ZNSt3__222__compressed_pair_elemIPP6I2cMsgLi0ELb0EEC1IDnvEEOT_)
                  0000efc0    00000016     menu_page.obj (.text:_ZNSt3__222__compressed_pair_elemIPP7MenuRowLi0ELb0EEC1IDnvEEOT_)
                  0000efd6    00000016     console_task.obj (.text:_ZNSt3__26vectorIP11ConsolePageNS_9allocatorIS2_EEEixEj)
                  0000efec    00000016     I2C_monitor.obj (.text:_ZNSt3__26vectorIP6I2cMsgNS_9allocatorIS2_EEEixEj)
                  0000f002    00000016     menu_page.obj (.text:_ZNSt3__26vectorIP7MenuRowNS_9allocatorIS2_EEEixEj)
                  0000f018    00000016     rtsv7M4_T_le_v4SPD16_eabi.lib : strchr.c.obj (.text:strchr)
                  0000f02e    00000014     I2C_monitor.obj (.text:_ZNSt3__213__vector_baseIP6I2cMsgNS_9allocatorIS2_EEE19__copy_assign_allocERKS5_)
                  0000f042    00000014     console_task.obj (.text:_ZNSt3__214__split_bufferIP11ConsolePageRNS_9allocatorIS2_EEE17__destruct_at_endEPS2_)
                  0000f056    00000014     I2C_task.obj (.text:_ZNSt3__214__split_bufferIP6I2cMsgRNS_9allocatorIS2_EEE17__destruct_at_endEPS2_)
                  0000f06a    00000014     menu_page.obj (.text:_ZNSt3__214__split_bufferIP7MenuRowRNS_9allocatorIS2_EEE17__destruct_at_endEPS2_)
                  0000f07e    00000014     console_task.obj (.text:_ZNSt3__216allocator_traitsINS_9allocatorIP11ConsolePageEEE10deallocateERS4_PS3_j)
                  0000f092    00000014     console_task.obj (.text:_ZNSt3__216allocator_traitsINS_9allocatorIP11ConsolePageEEE7destroyIS3_EEvRS4_PT_)
                  0000f0a6    00000014     console_task.obj (.text:_ZNSt3__216allocator_traitsINS_9allocatorIP11ConsolePageEEE9__destroyIS3_EEvNS_17integral_constantIbLb1EEERS4_PT_)
                  0000f0ba    00000014     I2C_monitor.obj (.text:_ZNSt3__216allocator_traitsINS_9allocatorIP6I2cMsgEEE10deallocateERS4_PS3_j)
                  0000f0ce    00000014     I2C_monitor.obj (.text:_ZNSt3__216allocator_traitsINS_9allocatorIP6I2cMsgEEE7destroyIS3_EEvRS4_PT_)
                  0000f0e2    00000014     I2C_monitor.obj (.text:_ZNSt3__216allocator_traitsINS_9allocatorIP6I2cMsgEEE9__destroyIS3_EEvNS_17integral_constantIbLb1EEERS4_PT_)
                  0000f0f6    00000014     menu_page.obj (.text:_ZNSt3__216allocator_traitsINS_9allocatorIP7MenuRowEEE10deallocateERS4_PS3_j)
                  0000f10a    00000014     menu_page.obj (.text:_ZNSt3__216allocator_traitsINS_9allocatorIP7MenuRowEEE7destroyIS3_EEvRS4_PT_)
                  0000f11e    00000014     menu_page.obj (.text:_ZNSt3__216allocator_traitsINS_9allocatorIP7MenuRowEEE9__destroyIS3_EEvNS_17integral_constantIbLb1EEERS4_PT_)
                  0000f132    00000014     console_task.obj (.text:_ZNSt3__222__compressed_pair_elemIRNS_9allocatorIP11ConsolePageEELi1ELb0EEC1IS5_vEEOT_)
                  0000f146    00000014     I2C_task.obj (.text:_ZNSt3__222__compressed_pair_elemIRNS_9allocatorIP6I2cMsgEELi1ELb0EEC1IS5_vEEOT_)
                  0000f15a    00000014     menu_page.obj (.text:_ZNSt3__222__compressed_pair_elemIRNS_9allocatorIP7MenuRowEELi1ELb0EEC1IS5_vEEOT_)
                  0000f16e    00000014     I2C_monitor.obj (.text:_ZNSt3__23maxIjEERKT_S3_S3_)
                  0000f182    00000014     I2C_monitor.obj (.text:_ZNSt3__23minIjEERKT_S3_S3_)
                  0000f196    00000014     I2C_monitor.obj (.text:_ZNSt3__27advanceIPP6I2cMsgEEvRT_NS_15iterator_traitsIS4_E15difference_typeE)
                  0000f1aa    00000014     I2C_monitor.obj (.text:_ZNSt3__28distanceIPP6I2cMsgEENS_15iterator_traitsIT_E15difference_typeES5_S5_)
                  0000f1be    00000014     rtsv7M4_T_le_v4SPD16_eabi.lib : strcpy.c.obj (.text:strcpy)
                  0000f1d2    00000014                                   : strlen.c.obj (.text:strlen)
                  0000f1e6    00000012     console_task.obj (.text:_ZNSt3__216allocator_traitsINS_9allocatorIP11ConsolePageEEE8allocateERS4_j)
                  0000f1f8    00000012     I2C_monitor.obj (.text:_ZNSt3__216allocator_traitsINS_9allocatorIP6I2cMsgEEE8allocateERS4_j)
                  0000f20a    00000012     menu_page.obj (.text:_ZNSt3__216allocator_traitsINS_9allocatorIP7MenuRowEEE8allocateERS4_j)
                  0000f21c    00000012     rtsv7M4_T_le_v4SPD16_eabi.lib : wcslen.c.obj (.text:wcslen)
                  0000f22e    00000010     console_task.obj (.text:_ZNKSt3__26vectorIP11ConsolePageNS_9allocatorIS2_EEE31__annotate_contiguous_containerEPKvS7_S7_S7_)
                  0000f23e    00000010     I2C_monitor.obj (.text:_ZNKSt3__26vectorIP6I2cMsgNS_9allocatorIS2_EEE31__annotate_contiguous_containerEPKvS7_S7_S7_)
                  0000f24e    00000010     menu_page.obj (.text:_ZNKSt3__26vectorIP7MenuRowNS_9allocatorIS2_EEE31__annotate_contiguous_containerEPKvS7_S7_S7_)
                  0000f25e    00000010     I2C_monitor.obj (.text:_ZNSt3__213__vector_baseIP6I2cMsgNS_9allocatorIS2_EEE19__copy_assign_allocERKS5_NS_17integral_constantIbLb0EEE)
                  0000f26e    00000010     I2C_monitor.obj (.text:_ZNSt3__213__vector_baseIP6I2cMsgNS_9allocatorIS2_EEE5clearEv)
                  0000f27e    00000010     console_task.obj (.text:_ZNSt3__214__split_bufferIP11ConsolePageRNS_9allocatorIS2_EEE5clearEv)
                  0000f28e    00000010     I2C_task.obj (.text:_ZNSt3__214__split_bufferIP6I2cMsgRNS_9allocatorIS2_EEE5clearEv)
                  0000f29e    00000010     menu_page.obj (.text:_ZNSt3__214__split_bufferIP7MenuRowRNS_9allocatorIS2_EEE5clearEv)
                  0000f2ae    00000010     console_task.obj (.text:_ZNSt3__216allocator_traitsINS_9allocatorIP11ConsolePageEEE10__max_sizeENS_17integral_constantIbLb1EEERKS4_)
                  0000f2be    00000010     console_task.obj (.text:_ZNSt3__216allocator_traitsINS_9allocatorIP11ConsolePageEEE8max_sizeERKS4_)
                  0000f2ce    00000010     I2C_monitor.obj (.text:_ZNSt3__216allocator_traitsINS_9allocatorIP6I2cMsgEEE10__max_sizeENS_17integral_constantIbLb1EEERKS4_)
                  0000f2de    00000010     I2C_monitor.obj (.text:_ZNSt3__216allocator_traitsINS_9allocatorIP6I2cMsgEEE8max_sizeERKS4_)
                  0000f2ee    00000010     menu_page.obj (.text:_ZNSt3__216allocator_traitsINS_9allocatorIP7MenuRowEEE10__max_sizeENS_17integral_constantIbLb1EEERKS4_)
                  0000f2fe    00000010     menu_page.obj (.text:_ZNSt3__216allocator_traitsINS_9allocatorIP7MenuRowEEE8max_sizeERKS4_)
                  0000f30e    00000010     console_task.obj (.text:_ZNSt3__222__compressed_pair_elemIPP11ConsolePageLi0ELb0EEC2IDnvEEOT_)
                  0000f31e    00000010     I2C_monitor.obj (.text:_ZNSt3__222__compressed_pair_elemIPP6I2cMsgLi0ELb0EEC2IDnvEEOT_)
                  0000f32e    00000010     menu_page.obj (.text:_ZNSt3__222__compressed_pair_elemIPP7MenuRowLi0ELb0EEC2IDnvEEOT_)
                  0000f33e    00000010     console_task.obj (.text:_ZNSt3__222__compressed_pair_elemIRNS_9allocatorIP11ConsolePageEELi1ELb0EEC2IS5_vEEOT_)
                  0000f34e    00000010     I2C_task.obj (.text:_ZNSt3__222__compressed_pair_elemIRNS_9allocatorIP6I2cMsgEELi1ELb0EEC2IS5_vEEOT_)
                  0000f35e    00000010     menu_page.obj (.text:_ZNSt3__222__compressed_pair_elemIRNS_9allocatorIP7MenuRowEELi1ELb0EEC2IS5_vEEOT_)
                  0000f36e    00000010     console_task.obj (.text:_ZNSt3__26vectorIP11ConsolePageNS_9allocatorIS2_EEE24__RAII_IncreaseAnnotatorC1ERKS5_j)
                  0000f37e    00000010     I2C_monitor.obj (.text:_ZNSt3__26vectorIP6I2cMsgNS_9allocatorIS2_EEE24__RAII_IncreaseAnnotatorC1ERKS5_j)
                  0000f38e    00000010     menu_page.obj (.text:_ZNSt3__26vectorIP7MenuRowNS_9allocatorIS2_EEE24__RAII_IncreaseAnnotatorC1ERKS5_j)
                  0000f39e    00000010     console_task.obj (.text:_ZNSt3__29allocatorIP11ConsolePageE10deallocateEPS2_j)
                  0000f3ae    00000010     I2C_monitor.obj (.text:_ZNSt3__29allocatorIP6I2cMsgE10deallocateEPS2_j)
                  0000f3be    00000010     menu_page.obj (.text:_ZNSt3__29allocatorIP7MenuRowE10deallocateEPS2_j)
                  0000f3ce    0000000e     rtsv7M4_T_le_v4SPD16_eabi.lib : typeinfo.c.obj (.text:_ZN10__cxxabiv117__class_type_infoD0Ev)
                  0000f3dc    0000000e                                   : typeinfo.c.obj (.text:_ZN10__cxxabiv120__si_class_type_infoD0Ev)
                  0000f3ea    0000000e     console_task.obj (.text:_ZNKSt3__213__vector_baseIP11ConsolePageNS_9allocatorIS2_EEE7__allocEv)
                  0000f3f8    0000000e     console_task.obj (.text:_ZNKSt3__213__vector_baseIP11ConsolePageNS_9allocatorIS2_EEE9__end_capEv)
                  0000f406    0000000e     I2C_monitor.obj (.text:_ZNKSt3__213__vector_baseIP6I2cMsgNS_9allocatorIS2_EEE7__allocEv)
                  0000f414    0000000e     I2C_monitor.obj (.text:_ZNKSt3__213__vector_baseIP6I2cMsgNS_9allocatorIS2_EEE9__end_capEv)
                  0000f422    0000000e     menu_page.obj (.text:_ZNKSt3__213__vector_baseIP7MenuRowNS_9allocatorIS2_EEE7__allocEv)
                  0000f430    0000000e     menu_page.obj (.text:_ZNKSt3__213__vector_baseIP7MenuRowNS_9allocatorIS2_EEE9__end_capEv)
                  0000f43e    0000000e     console_task.obj (.text:_ZNKSt3__214__split_bufferIP11ConsolePageRNS_9allocatorIS2_EEE9__end_capEv)
                  0000f44c    0000000e     I2C_task.obj (.text:_ZNKSt3__214__split_bufferIP6I2cMsgRNS_9allocatorIS2_EEE9__end_capEv)
                  0000f45a    0000000e     menu_page.obj (.text:_ZNKSt3__214__split_bufferIP7MenuRowRNS_9allocatorIS2_EEE9__end_capEv)
                  0000f468    0000000e     console_task.obj (.text:_ZNKSt3__26vectorIP11ConsolePageNS_9allocatorIS2_EEE4dataEv)
                  0000f476    0000000e     I2C_monitor.obj (.text:_ZNKSt3__26vectorIP6I2cMsgNS_9allocatorIS2_EEE4dataEv)
                  0000f484    0000000e     menu_page.obj (.text:_ZNKSt3__26vectorIP7MenuRowNS_9allocatorIS2_EEE4dataEv)
                  0000f492    0000000e     console_task.obj (.text:_ZNKSt3__29allocatorIP11ConsolePageE8max_sizeEv)
                  0000f4a0    0000000e     I2C_monitor.obj (.text:_ZNKSt3__29allocatorIP6I2cMsgE8max_sizeEv)
                  0000f4ae    0000000e     menu_page.obj (.text:_ZNKSt3__29allocatorIP7MenuRowE8max_sizeEv)
                  0000f4bc    0000000e     console_task.obj (.text:_ZNSt3__213__vector_baseIP11ConsolePageNS_9allocatorIS2_EEE7__allocEv)
                  0000f4ca    0000000e     console_task.obj (.text:_ZNSt3__213__vector_baseIP11ConsolePageNS_9allocatorIS2_EEE9__end_capEv)
                  0000f4d8    0000000e     I2C_monitor.obj (.text:_ZNSt3__213__vector_baseIP6I2cMsgNS_9allocatorIS2_EEE7__allocEv)
                  0000f4e6    0000000e     I2C_monitor.obj (.text:_ZNSt3__213__vector_baseIP6I2cMsgNS_9allocatorIS2_EEE9__end_capEv)
                  0000f4f4    0000000e     menu_page.obj (.text:_ZNSt3__213__vector_baseIP7MenuRowNS_9allocatorIS2_EEE7__allocEv)
                  0000f502    0000000e     menu_page.obj (.text:_ZNSt3__213__vector_baseIP7MenuRowNS_9allocatorIS2_EEE9__end_capEv)
                  0000f510    0000000e     console_task.obj (.text:_ZNSt3__214__split_bufferIP11ConsolePageRNS_9allocatorIS2_EEE7__allocEv)
                  0000f51e    0000000e     console_task.obj (.text:_ZNSt3__214__split_bufferIP11ConsolePageRNS_9allocatorIS2_EEE9__end_capEv)
                  0000f52c    0000000e     I2C_task.obj (.text:_ZNSt3__214__split_bufferIP6I2cMsgRNS_9allocatorIS2_EEE7__allocEv)
                  0000f53a    0000000e     I2C_task.obj (.text:_ZNSt3__214__split_bufferIP6I2cMsgRNS_9allocatorIS2_EEE9__end_capEv)
                  0000f548    0000000e     menu_page.obj (.text:_ZNSt3__214__split_bufferIP7MenuRowRNS_9allocatorIS2_EEE7__allocEv)
                  0000f556    0000000e     menu_page.obj (.text:_ZNSt3__214__split_bufferIP7MenuRowRNS_9allocatorIS2_EEE9__end_capEv)
                  0000f564    0000000e     console_task.obj (.text:_ZNSt3__217__compressed_pairIPP11ConsolePageRNS_9allocatorIS2_EEE6secondEv)
                  0000f572    0000000e     I2C_task.obj (.text:_ZNSt3__217__compressed_pairIPP6I2cMsgRNS_9allocatorIS2_EEE6secondEv)
                  0000f580    0000000e     menu_page.obj (.text:_ZNSt3__217__compressed_pairIPP7MenuRowRNS_9allocatorIS2_EEE6secondEv)
                  0000f58e    0000000e     console_task.obj (.text:_ZNSt3__222__compressed_pair_elemINS_9allocatorIP11ConsolePageEELi1ELb1EEC1Ev)
                  0000f59c    0000000e     I2C_monitor.obj (.text:_ZNSt3__222__compressed_pair_elemINS_9allocatorIP6I2cMsgEELi1ELb1EEC1Ev)
                  0000f5aa    0000000e     menu_page.obj (.text:_ZNSt3__222__compressed_pair_elemINS_9allocatorIP7MenuRowEELi1ELb1EEC1Ev)
                  0000f5b8    0000000e     console_task.obj (.text:_ZNSt3__222__compressed_pair_elemIRNS_9allocatorIP11ConsolePageEELi1ELb0EE5__getEv)
                  0000f5c6    0000000e     I2C_task.obj (.text:_ZNSt3__222__compressed_pair_elemIRNS_9allocatorIP6I2cMsgEELi1ELb0EE5__getEv)
                  0000f5d4    0000000e     menu_page.obj (.text:_ZNSt3__222__compressed_pair_elemIRNS_9allocatorIP7MenuRowEELi1ELb0EE5__getEv)
                  0000f5e2    0000000e     console_task.obj (.text:_ZNSt3__26vectorIP11ConsolePageNS_9allocatorIS2_EEEC1Ev)
                  0000f5f0    0000000e     I2C_monitor.obj (.text:_ZNSt3__26vectorIP6I2cMsgNS_9allocatorIS2_EEEC1Ev)
                  0000f5fe    0000000e     menu_page.obj (.text:_ZNSt3__26vectorIP7MenuRowNS_9allocatorIS2_EEEC1Ev)
                  0000f60c    0000000e     I2C_task.obj (.text:_ZnwjPv)
                  0000f61a    0000000e     rtsv7M4_T_le_v4SPD16_eabi.lib : copy_decompress_none.c.obj (.text:decompress:none:__TI_decompress_none)
                  0000f628    0000000c     console_task.obj (.text:_ZNKSt3__217__compressed_pairIPP11ConsolePageNS_9allocatorIS2_EEE5firstEv)
                  0000f634    0000000c     console_task.obj (.text:_ZNKSt3__217__compressed_pairIPP11ConsolePageNS_9allocatorIS2_EEE6secondEv)
                  0000f640    0000000c     console_task.obj (.text:_ZNKSt3__217__compressed_pairIPP11ConsolePageRNS_9allocatorIS2_EEE5firstEv)
                  0000f64c    0000000c     I2C_monitor.obj (.text:_ZNKSt3__217__compressed_pairIPP6I2cMsgNS_9allocatorIS2_EEE5firstEv)
                  0000f658    0000000c     I2C_monitor.obj (.text:_ZNKSt3__217__compressed_pairIPP6I2cMsgNS_9allocatorIS2_EEE6secondEv)
                  0000f664    0000000c     I2C_task.obj (.text:_ZNKSt3__217__compressed_pairIPP6I2cMsgRNS_9allocatorIS2_EEE5firstEv)
                  0000f670    0000000c     menu_page.obj (.text:_ZNKSt3__217__compressed_pairIPP7MenuRowNS_9allocatorIS2_EEE5firstEv)
                  0000f67c    0000000c     menu_page.obj (.text:_ZNKSt3__217__compressed_pairIPP7MenuRowNS_9allocatorIS2_EEE6secondEv)
                  0000f688    0000000c     menu_page.obj (.text:_ZNKSt3__217__compressed_pairIPP7MenuRowRNS_9allocatorIS2_EEE5firstEv)
                  0000f694    0000000c     rtsv7M4_T_le_v4SPD16_eabi.lib : vector.cpp.obj (.text:_ZNKSt3__220__vector_base_commonILb1EE20__throw_length_errorEv)
                  0000f6a0    0000000c     console_task.obj (.text:_ZNKSt3__222__compressed_pair_elemINS_9allocatorIP11ConsolePageEELi1ELb1EE5__getEv)
                  0000f6ac    0000000c     I2C_monitor.obj (.text:_ZNKSt3__222__compressed_pair_elemINS_9allocatorIP6I2cMsgEELi1ELb1EE5__getEv)
                  0000f6b8    0000000c     menu_page.obj (.text:_ZNKSt3__222__compressed_pair_elemINS_9allocatorIP7MenuRowEELi1ELb1EE5__getEv)
                  0000f6c4    0000000c     console_task.obj (.text:_ZNKSt3__222__compressed_pair_elemIPP11ConsolePageLi0ELb0EE5__getEv)
                  0000f6d0    0000000c     I2C_monitor.obj (.text:_ZNKSt3__222__compressed_pair_elemIPP6I2cMsgLi0ELb0EE5__getEv)
                  0000f6dc    0000000c     menu_page.obj (.text:_ZNKSt3__222__compressed_pair_elemIPP7MenuRowLi0ELb0EE5__getEv)
                  0000f6e8    0000000c     console_task.obj (.text:_ZNKSt3__26vectorIP11ConsolePageNS_9allocatorIS2_EEE8capacityEv)
                  0000f6f4    0000000c     I2C_monitor.obj (.text:_ZNKSt3__26vectorIP6I2cMsgNS_9allocatorIS2_EEE8capacityEv)
                  0000f700    0000000c     menu_page.obj (.text:_ZNKSt3__26vectorIP7MenuRowNS_9allocatorIS2_EEE8capacityEv)
                  0000f70c    0000000c     I2C_monitor.obj (.text:_ZNSt3__210__allocateEj)
                  0000f718    0000000c     I2C_monitor.obj (.text:_ZNSt3__213__unwrap_iterIPP6I2cMsgEET_S4_)
                  0000f724    0000000c     console_task.obj (.text:_ZNSt3__213__vector_baseIP11ConsolePageNS_9allocatorIS2_EEEC2Ev)
                  0000f730    0000000c     I2C_monitor.obj (.text:_ZNSt3__213__vector_baseIP6I2cMsgNS_9allocatorIS2_EEEC2Ev)
                  0000f73c    0000000c     menu_page.obj (.text:_ZNSt3__213__vector_baseIP7MenuRowNS_9allocatorIS2_EEEC2Ev)
                  0000f748    0000000c     console_task.obj (.text:_ZNSt3__216__to_raw_pointerIP11ConsolePageEEPT_S4_)
                  0000f754    0000000c     I2C_monitor.obj (.text:_ZNSt3__216__to_raw_pointerIP6I2cMsgEEPT_S4_)
                  0000f760    0000000c     menu_page.obj (.text:_ZNSt3__216__to_raw_pointerIP7MenuRowEEPT_S4_)
                  0000f76c    0000000c     console_task.obj (.text:_ZNSt3__217__compressed_pairIPP11ConsolePageNS_9allocatorIS2_EEE5firstEv)
                  0000f778    0000000c     console_task.obj (.text:_ZNSt3__217__compressed_pairIPP11ConsolePageNS_9allocatorIS2_EEE6secondEv)
                  0000f784    0000000c     console_task.obj (.text:_ZNSt3__217__compressed_pairIPP11ConsolePageRNS_9allocatorIS2_EEE5firstEv)
                  0000f790    0000000c     I2C_monitor.obj (.text:_ZNSt3__217__compressed_pairIPP6I2cMsgNS_9allocatorIS2_EEE5firstEv)
                  0000f79c    0000000c     I2C_monitor.obj (.text:_ZNSt3__217__compressed_pairIPP6I2cMsgNS_9allocatorIS2_EEE6secondEv)
                  0000f7a8    0000000c     I2C_task.obj (.text:_ZNSt3__217__compressed_pairIPP6I2cMsgRNS_9allocatorIS2_EEE5firstEv)
                  0000f7b4    0000000c     menu_page.obj (.text:_ZNSt3__217__compressed_pairIPP7MenuRowNS_9allocatorIS2_EEE5firstEv)
                  0000f7c0    0000000c     menu_page.obj (.text:_ZNSt3__217__compressed_pairIPP7MenuRowNS_9allocatorIS2_EEE6secondEv)
                  0000f7cc    0000000c     menu_page.obj (.text:_ZNSt3__217__compressed_pairIPP7MenuRowRNS_9allocatorIS2_EEE5firstEv)
                  0000f7d8    0000000c     I2C_monitor.obj (.text:_ZNSt3__219__libcpp_deallocateEPv)
                  0000f7e4    0000000c     console_task.obj (.text:_ZNSt3__222__compressed_pair_elemINS_9allocatorIP11ConsolePageEELi1ELb1EE5__getEv)
                  0000f7f0    0000000c     console_task.obj (.text:_ZNSt3__222__compressed_pair_elemINS_9allocatorIP11ConsolePageEELi1ELb1EEC2Ev)
                  0000f7fc    0000000c     I2C_monitor.obj (.text:_ZNSt3__222__compressed_pair_elemINS_9allocatorIP6I2cMsgEELi1ELb1EE5__getEv)
                  0000f808    0000000c     I2C_monitor.obj (.text:_ZNSt3__222__compressed_pair_elemINS_9allocatorIP6I2cMsgEELi1ELb1EEC2Ev)
                  0000f814    0000000c     menu_page.obj (.text:_ZNSt3__222__compressed_pair_elemINS_9allocatorIP7MenuRowEELi1ELb1EE5__getEv)
                  0000f820    0000000c     menu_page.obj (.text:_ZNSt3__222__compressed_pair_elemINS_9allocatorIP7MenuRowEELi1ELb1EEC2Ev)
                  0000f82c    0000000c     console_task.obj (.text:_ZNSt3__222__compressed_pair_elemIPP11ConsolePageLi0ELb0EE5__getEv)
                  0000f838    0000000c     I2C_monitor.obj (.text:_ZNSt3__222__compressed_pair_elemIPP6I2cMsgLi0ELb0EE5__getEv)
                  0000f844    0000000c     menu_page.obj (.text:_ZNSt3__222__compressed_pair_elemIPP7MenuRowLi0ELb0EE5__getEv)
                  0000f850    0000000c     I2C_task.obj (.text:_ZNSt3__24moveIRP6I2cMsgEEONS_16remove_referenceIT_E4typeEOS5_)
                  0000f85c    0000000c     console_task.obj (.text:_ZNSt3__24moveIRPP11ConsolePageEEONS_16remove_referenceIT_E4typeEOS6_)
                  0000f868    0000000c     I2C_task.obj (.text:_ZNSt3__24moveIRPP6I2cMsgEEONS_16remove_referenceIT_E4typeEOS6_)
                  0000f874    0000000c     menu_page.obj (.text:_ZNSt3__24moveIRPP7MenuRowEEONS_16remove_referenceIT_E4typeEOS6_)
                  0000f880    0000000c     I2C_monitor.obj (.text:_ZNSt3__26vectorIP6I2cMsgNS_9allocatorIS2_EEE27__invalidate_iterators_pastEPS2_)
                  0000f88c    0000000c     I2C_monitor.obj (.text:_ZNSt3__27forwardIDnEEOT_RNS_16remove_referenceIS1_E4typeE)
                  0000f898    0000000c     I2C_task.obj (.text:_ZNSt3__27forwardIP6I2cMsgEEOT_RNS_16remove_referenceIS3_E4typeE)
                  0000f8a4    0000000c     console_task.obj (.text:_ZNSt3__27forwardIRKP11ConsolePageEEOT_RNS_16remove_referenceIS5_E4typeE)
                  0000f8b0    0000000c     menu_page.obj (.text:_ZNSt3__27forwardIRKP7MenuRowEEOT_RNS_16remove_referenceIS5_E4typeE)
                  0000f8bc    0000000c     console_task.obj (.text:_ZNSt3__27forwardIRNS_9allocatorIP11ConsolePageEEEEOT_RNS_16remove_referenceIS6_E4typeE)
                  0000f8c8    0000000c     I2C_task.obj (.text:_ZNSt3__27forwardIRNS_9allocatorIP6I2cMsgEEEEOT_RNS_16remove_referenceIS6_E4typeE)
                  0000f8d4    0000000c     menu_page.obj (.text:_ZNSt3__27forwardIRNS_9allocatorIP7MenuRowEEEEOT_RNS_16remove_referenceIS6_E4typeE)
                  0000f8e0    0000000c     console_task.obj (.text:_ZNSt3__29allocatorIP11ConsolePageE7destroyEPS2_)
                  0000f8ec    0000000c     console_task.obj (.text:_ZNSt3__29allocatorIP11ConsolePageEC1Ev)
                  0000f8f8    0000000c     console_task.obj (.text:_ZNSt3__29allocatorIP11ConsolePageEC2Ev)
                  0000f904    0000000c     I2C_monitor.obj (.text:_ZNSt3__29allocatorIP6I2cMsgE7destroyEPS2_)
                  0000f910    0000000c     I2C_monitor.obj (.text:_ZNSt3__29allocatorIP6I2cMsgEC1Ev)
                  0000f91c    0000000c     I2C_monitor.obj (.text:_ZNSt3__29allocatorIP6I2cMsgEC2Ev)
                  0000f928    0000000c     menu_page.obj (.text:_ZNSt3__29allocatorIP7MenuRowE7destroyEPS2_)
                  0000f934    0000000c     menu_page.obj (.text:_ZNSt3__29allocatorIP7MenuRowEC1Ev)
                  0000f940    0000000c     menu_page.obj (.text:_ZNSt3__29allocatorIP7MenuRowEC2Ev)
                  0000f94c    0000000c     rtsv7M4_T_le_v4SPD16_eabi.lib : copy_zero_init.c.obj (.text:decompress:ZI:__TI_zero_init)
                  0000f958    0000000c     tm4c123gh6pm_startup_ccs.obj (.text)
                  0000f964    0000000a     I2C_monitor.obj (.text:_ZNSt3__220__throw_length_errorEPKc)
                  0000f96e    0000000a     console_task.obj (.text:_ZNSt3__26vectorIP11ConsolePageNS_9allocatorIS2_EEE24__RAII_IncreaseAnnotator6__doneEv)
                  0000f978    0000000a     console_task.obj (.text:_ZNSt3__26vectorIP11ConsolePageNS_9allocatorIS2_EEE26__invalidate_all_iteratorsEv)
                  0000f982    0000000a     I2C_monitor.obj (.text:_ZNSt3__26vectorIP6I2cMsgNS_9allocatorIS2_EEE24__RAII_IncreaseAnnotator6__doneEv)
                  0000f98c    0000000a     I2C_monitor.obj (.text:_ZNSt3__26vectorIP6I2cMsgNS_9allocatorIS2_EEE26__invalidate_all_iteratorsEv)
                  0000f996    0000000a     menu_page.obj (.text:_ZNSt3__26vectorIP7MenuRowNS_9allocatorIS2_EEE24__RAII_IncreaseAnnotator6__doneEv)
                  0000f9a0    0000000a     menu_page.obj (.text:_ZNSt3__26vectorIP7MenuRowNS_9allocatorIS2_EEE26__invalidate_all_iteratorsEv)
                  0000f9aa    0000000a     rtsv7M4_T_le_v4SPD16_eabi.lib : sprintf.c.obj (.text:_outc)
                  0000f9b4    00000008                                   : errno.c.obj (.text:__aeabi_errno_addr)
                  0000f9bc    00000008                                   : memory.c.obj (.text:malloc)
                  0000f9c4    00000006     sysctl.obj (.text:SysCtlDelay)
                  0000f9ca    00000006     rtsv7M4_T_le_v4SPD16_eabi.lib : pure_virt.c.obj (.text:__cxa_pure_virtual)
                  0000f9d0    00000004                                   : typeinfo.c.obj (.text:_ZN10__cxxabiv117__class_type_infoD1Ev)
                  0000f9d4    00000004                                   : typeinfo.c.obj (.text:_ZN10__cxxabiv120__si_class_type_infoD1Ev)
                  0000f9d8    00000004                                   : new.cpp.obj (.text:_ZdlPvj)
                  0000f9dc    00000004                                   : error.c.obj (.text:__abort_execution)
                  0000f9e0    00000004                                   : pre_init.c.obj (.text:_system_pre_init)
                  0000f9e4    00000004                                   : exit.c.obj (.text:abort:abort)

.const     0    0000f9e8    00000bc8     
                  0000f9e8    00000120     sysctl.obj (.const:g_pppui32XTALtoVCO)
                  0000fb08    00000101     rtsv7M4_T_le_v4SPD16_eabi.lib : ctype.c.obj (.const:.string:_ctypes_)
                  0000fc09    00000003     --HOLE-- [fill = 0]
                  0000fc0c    000000c0     gpio.obj (.const:g_ppui32GPIOIntMapBlizzard)
                  0000fccc    000000c0     gpio.obj (.const:g_ppui32GPIOIntMapSnowflake)
                  0000fd8c    0000009c     interrupt.obj (.const:g_pui32Regs)
                  0000fe28    00000090     gpio.obj (.const:g_pui32GPIOBaseAddrs)
                  0000feb8    0000006c     sysctl.obj (.const:g_pui32Xtals)
                  0000ff24    00000060     timer.obj (.const:g_ppui32TimerIntMap)
                  0000ff84    00000050     i2c.obj (.const:g_ppui32I2CIntMapSnowflake)
                  0000ffd4    00000044     console_task.obj (.const:.string:_ZZNSt3__29allocatorIP11ConsolePageE8allocateEjPKvEs)
                  00010018    00000044     I2C_monitor.obj (.const:.string:_ZZNSt3__29allocatorIP6I2cMsgE8allocateEjPKvEs)
                  0001005c    00000044     menu_page.obj (.const:.string:_ZZNSt3__29allocatorIP7MenuRowE8allocateEjPKvEs)
                  000100a0    00000040     timer.obj (.const:g_ppui32TimerIntMapSnowflake)
                  000100e0    00000040     uart.obj (.const:g_ppui32UARTIntMap)
                  00010120    00000040     uart.obj (.const:g_ppui32UARTIntMapSnowflake)
                  00010160    00000030     i2c.obj (.const:g_ppui32I2CIntMap)
                  00010190    00000030     sysctl.obj (.const:g_sXTALtoMEMTIM)
                  000101c0    00000026     ADC_task.obj (.const:.string)
                  000101e6    00000002     --HOLE-- [fill = 0]
                  000101e8    00000026     GPIs.obj (.const:.string)
                  0001020e    00000025     rtsv7M4_T_le_v4SPD16_eabi.lib : typeinfo.c.obj (.const:.typeinfo:_ZTSN10__cxxabiv120__si_class_type_infoE)
                  00010233    00000001     --HOLE-- [fill = 0]
                  00010234    00000024     no_booster_board.obj (.const:.string)
                  00010258    00000022     GPOs.obj (.const:.string)
                  0001027a    00000022     rtsv7M4_T_le_v4SPD16_eabi.lib : typeinfo.c.obj (.const:.typeinfo:_ZTSN10__cxxabiv117__class_type_infoE)
                  0001029c    00000020     interrupt.obj (.const:g_pui32Priority)
                  000102bc    00000018     I2C_monitor.obj (.const:.string)
                  000102d4    00000014     console_task.obj (.const:_ZTV11ConsolePage)
                  000102e8    00000014     console_task.obj (.const:_ZTV11ConsoleTask)
                  000102fc    00000014     error_logger.obj (.const:_ZTV11ErrorLogger)
                  00010310    00000014     menu_page.obj (.const:_ZTV11MenuOptions)
                  00010324    00000014     task_manager.obj (.const:_ZTV11TaskManager)
                  00010338    00000014     I2C_monitor.obj (.const:_ZTV14I2cMonitorTask)
                  0001034c    00000014     I2C_sniffer.obj (.const:_ZTV14I2cSnifferTask)
                  00010360    00000014     I2C_scripter.obj (.const:_ZTV15I2cScripterTask)
                  00010374    00000014     I2C_task.obj (.const:_ZTV7I2cTask)
                  00010388    00000014     test_task.obj (.const:_ZTV8TestTask)
                  0001039c    00000014     io_control_page.obj (.const:_ZTV9IoCtlPage)
                  000103b0    00000014     interrupt.obj (.const:g_pui32Dii16Regs)
                  000103c4    00000014     interrupt.obj (.const:g_pui32EnRegs)
                  000103d8    00000014     interrupt.obj (.const:g_pui32PendRegs)
                  000103ec    00000014     interrupt.obj (.const:g_pui32UnpendRegs)
                  00010400    00000012     uartstdio.obj (.const:.string)
                  00010412    00000012     I2C_scripter.obj (.const:.typeinfo:_ZTS15I2cScripterTask)
                  00010424    00000011     I2C_monitor.obj (.const:.typeinfo:_ZTS14I2cMonitorTask)
                  00010435    00000011     I2C_sniffer.obj (.const:.typeinfo:_ZTS14I2cSnifferTask)
                  00010446    00000002     --HOLE-- [fill = 0]
                  00010448    00000010     rtsv7M4_T_le_v4SPD16_eabi.lib : typeinfo.c.obj (.const:_ZTVN10__cxxabiv117__class_type_infoE)
                  00010458    00000010                                   : typeinfo.c.obj (.const:_ZTVN10__cxxabiv120__si_class_type_infoE)
                  00010468    0000000e     I2C_monitor.obj (.const:.typeinfo:_ZTS11ConsolePage)
                  00010476    0000000e     console_task.obj (.const:.typeinfo:_ZTS11ConsoleTask)
                  00010484    0000000e     error_logger.obj (.const:.typeinfo:_ZTS11ErrorLogger)
                  00010492    0000000e     menu_page.obj (.const:.typeinfo:_ZTS11MenuOptions)
                  000104a0    0000000e     task_manager.obj (.const:.typeinfo:_ZTS11TaskManager)
                  000104ae    0000000d     rtsv7M4_T_le_v4SPD16_eabi.lib : stdlib_typeinfo.cpp.obj (.const:.typeinfo:_ZTSSt9type_info)
                  000104bb    00000001     --HOLE-- [fill = 0]
                  000104bc    0000000c     console_task.obj (.const:.typeinfo:_ZTI11ConsoleTask)
                  000104c8    0000000c     error_logger.obj (.const:.typeinfo:_ZTI11ErrorLogger)
                  000104d4    0000000c     menu_page.obj (.const:.typeinfo:_ZTI11MenuOptions)
                  000104e0    0000000c     task_manager.obj (.const:.typeinfo:_ZTI11TaskManager)
                  000104ec    0000000c     I2C_monitor.obj (.const:.typeinfo:_ZTI14I2cMonitorTask)
                  000104f8    0000000c     I2C_sniffer.obj (.const:.typeinfo:_ZTI14I2cSnifferTask)
                  00010504    0000000c     I2C_scripter.obj (.const:.typeinfo:_ZTI15I2cScripterTask)
                  00010510    0000000c     I2C_task.obj (.const:.typeinfo:_ZTI7I2cTask)
                  0001051c    0000000c     test_task.obj (.const:.typeinfo:_ZTI8TestTask)
                  00010528    0000000c     io_control_page.obj (.const:.typeinfo:_ZTI9IoCtlPage)
                  00010534    0000000c     rtsv7M4_T_le_v4SPD16_eabi.lib : typeinfo.c.obj (.const:.typeinfo:_ZTIN10__cxxabiv117__class_type_infoE)
                  00010540    0000000c                                   : typeinfo.c.obj (.const:.typeinfo:_ZTIN10__cxxabiv120__si_class_type_infoE)
                  0001054c    0000000c     uartstdio.obj (.const:g_ui32UARTBase)
                  00010558    0000000c     uartstdio.obj (.const:g_ui32UARTPeriph)
                  00010564    0000000b     io_control_page.obj (.const:.typeinfo:_ZTS9IoCtlPage)
                  0001056f    0000000a     test_task.obj (.const:.typeinfo:_ZTS8TestTask)
                  00010579    00000009     I2C_task.obj (.const:.typeinfo:_ZTS7I2cTask)
                  00010582    00000002     --HOLE-- [fill = 0]
                  00010584    00000008     I2C_monitor.obj (.const:.typeinfo:_ZTI11ConsolePage)
                  0001058c    00000008     rtsv7M4_T_le_v4SPD16_eabi.lib : stdlib_typeinfo.cpp.obj (.const:.typeinfo:_ZTISt9type_info)
                  00010594    00000008     sysctl.obj (.const:g_pui32VCOFrequencies)
                  0001059c    00000008     port.obj (.const)
                  000105a4    00000007     rtsv7M4_T_le_v4SPD16_eabi.lib : vector.cpp.obj (.const:.string:_ZZNKSt3__220__vector_base_commonILb1EE20__throw_length_errorEvEs)
                  000105ab    00000001     --HOLE-- [fill = 0]
                  000105ac    00000004     uartstdio.obj (.const)

.cinit     0    000105b0    000001b8     
                  000105b0    00000180     (.cinit..data.load) [load image, compression = lzss]
                  00010730    0000000c     (__TI_handler_table)
                  0001073c    00000004     --HOLE-- [fill = 0]
                  00010740    00000008     (.cinit..bss.load) [load image, compression = zero_init]
                  00010748    00000008     (.cinit..vtable.load) [load image, compression = zero_init]
                  00010750    00000018     (__TI_cinit_table)

.init_array 
*          0    00000000    00000000     UNINITIALIZED

.vtable    0    20000000    0000026c     UNINITIALIZED
                  20000000    0000026c     interrupt.obj (.vtable)

.bss       0    2000026c    000043a4     UNINITIALIZED
                  2000026c    00003c00     (.common:ucHeap)
                  20003e6c    000004b0     error_logger.obj (.bss:errors)
                  2000431c    00000120     rtsv7M4_T_le_v4SPD16_eabi.lib : trgmsg.c.obj (.bss:_CIOBUF_)
                  2000443c    000000a0     (.common:__TI_tmpnams)
                  200044dc    00000064     tasks.obj (.bss:pxReadyTasksLists)
                  20004540    00000040     (.common:xQueueRegistry)
                  20004580    00000014     tasks.obj (.bss:xDelayedTaskList1)
                  20004594    00000014     tasks.obj (.bss:xDelayedTaskList2)
                  200045a8    00000014     tasks.obj (.bss:xPendingReadyList)
                  200045bc    00000014     tasks.obj (.bss:xSuspendedTaskList)
                  200045d0    00000014     tasks.obj (.bss:xTasksWaitingTermination)
                  200045e4    0000000c     (.common:bin_string)
                  200045f0    00000008     tasks.obj (.bss)
                  200045f8    00000008     heap_4.obj (.bss:xStart)
                  20004600    00000008     (.common:parmbuf)
                  20004608    00000004     console_uart.obj (.bss)
                  2000460c    00000004     adc.obj (.bss:g_pui8OversampleFactor)

.stack     0    20004610    00000800     UNINITIALIZED
                  20004610    00000004     rtsv7M4_T_le_v4SPD16_eabi.lib : boot_cortex_m.c.obj (.stack)
                  20004614    000007fc     --HOLE--

.data      0    20004e10    00000440     UNINITIALIZED
                  20004e10    000000f0     rtsv7M4_T_le_v4SPD16_eabi.lib : defs.c.obj (.data:_ftable)
                  20004f00    00000078                                   : host_device.c.obj (.data:_device)
                  20004f78    00000050                                   : host_device.c.obj (.data:_stream)
                  20004fc8    00000034     tasks.obj (.data)
                  20004ffc    00000024     no_booster_board.obj (.data:i2c0)
                  20005020    00000020     ADC_task.obj (.data:adc1)
                  20005040    00000020     ADC_task.obj (.data:adc2)
                  20005060    00000020     ADC_task.obj (.data:adc3)
                  20005080    00000020     ADC_task.obj (.data:adc4)
                  200050a0    00000020     ADC_task.obj (.data:adc5)
                  200050c0    00000018     GPOs.obj (.data:blue_led)
                  200050d8    00000018     GPIs.obj (.data:gpi_1)
                  200050f0    00000018     GPIs.obj (.data:gpi_2)
                  20005108    00000018     GPIs.obj (.data:gpi_3)
                  20005120    00000018     GPIs.obj (.data:gpi_4)
                  20005138    00000018     GPIs.obj (.data:gpi_5)
                  20005150    00000018     GPOs.obj (.data:green_led)
                  20005168    00000018     heap_4.obj (.data)
                  20005180    00000018     GPOs.obj (.data:red_led)
                  20005198    00000014     ADC_task.obj (.data:board_adc_pins)
                  200051ac    00000014     GPIs.obj (.data:board_gpi_pins)
                  200051c0    00000010     I2C_monitor.obj (.data:format_types)
                  200051d0    00000010     rtsv7M4_T_le_v4SPD16_eabi.lib : defs.c.obj (.data)
                  200051e0    0000000c                                   : exit.c.obj (.data:$O1$$)
                  200051ec    0000000c     GPOs.obj (.data:gpos)
                  200051f8    0000000c     port.obj (.data)
                  20005204    00000008     rtsv7M4_T_le_v4SPD16_eabi.lib : _lock.c.obj (.data:$O1$$)
                  2000520c    00000008                                   : memory.c.obj (.data:$O1$$)
                  20005214    00000008     ADC_task.obj (.data:adc_pin_struct)
                  2000521c    00000008     GPIs.obj (.data:board_gpi_info)
                  20005224    00000008     GPOs.obj (.data:board_gpo_info)
                  2000522c    00000008     error_logger.obj (.data)
                  20005234    00000008     no_booster_board.obj (.data:i2c_speed_menu)
                  2000523c    00000005     uartstdio.obj (.data)
                  20005241    00000001     I2C_sniffer.obj (.data)
                  20005242    00000002     --HOLE--
                  20005244    00000004     ADC_task.obj (.data)
                  20005248    00000004     no_booster_board.obj (.data)
                  2000524c    00000004     rtsv7M4_T_le_v4SPD16_eabi.lib : errno.c.obj (.data)

.sysmem    0    20005250    00000010     UNINITIALIZED
                  20005250    00000010     rtsv7M4_T_le_v4SPD16_eabi.lib : memory.c.obj (.sysmem)

__llvm_prf_cnts 
*          0    20000000    00000000     UNINITIALIZED

MODULE SUMMARY

       Module                         code    ro data   rw data
       ------                         ----    -------   -------
    .\
       ADC_task.obj                   652     38        15552  
       I2C_task.obj                   5632    41        0      
       I2C_monitor.obj                3431    163       28     
       console_task.obj               3342    134       0      
       menu_page.obj                  2958    114       0      
       error_logger.obj               556     46        1208   
       I2C_scripter.obj               1272    50        0      
       heap_4.obj                     1108    0         32     
       io_control_page.obj            924     43        0      
       GPIs.obj                       532     38        148    
       task_manager.obj               656     46        0      
       I2C_sniffer.obj                648     49        1      
       no_booster_board.obj           576     36        48     
       tm4c123gh6pm_startup_ccs.obj   12      620       0      
       GPOs.obj                       468     34        92     
       console_uart.obj               252     0         4      
       text_controls.obj              210     0         0      
       test_task.obj                  144     42        0      
       utils.obj                      82      0         0      
       main.obj                       60      0         0      
       memory_functions.obj           48      0         0      
       hooks.obj                      42      0         0      
    +--+------------------------------+-------+---------+---------+
       Total:                         23605   1494      17113  
                                                               
    .\FreeRTOS\
       tasks.obj                      7644    0         260    
       queue.obj                      4008    0         64     
       list.obj                       298     0         0      
    +--+------------------------------+-------+---------+---------+
       Total:                         11950   0         324    
                                                               
    .\FreeRTOS\portable\CCS\ARM_CM4F\
       port.obj                       652     8         12     
       portasm.obj                    218     0         0      
    +--+------------------------------+-------+---------+---------+
       Total:                         870     8         12     
                                                               
    .\driverlib\
       sysctl.obj                     3834    452       0      
       gpio.obj                       2952    528       0      
       adc.obj                        1986    0         4      
       interrupt.obj                  960     268       620    
       i2c.obj                        1692    128       0      
       timer.obj                      1602    160       0      
       uart.obj                       1560    128       0      
       fpu.obj                        192     0         0      
       cpu.obj                        62      0         0      
    +--+------------------------------+-------+---------+---------+
       Total:                         14840   1664      624    
                                                               
    .\utils\
       uartstdio.obj                  1192    46        5      
    +--+------------------------------+-------+---------+---------+
       Total:                         1192    46        5      
                                                               
    C:\ti\ccs1020\ccs\tools\compiler\ti-cgt-arm_20.2.2.LTS\lib\rtsv7M4_T_le_v4SPD16_eabi.lib
       _printfi.c.obj                 4851    0         0      
       memory.c.obj                   672     0         8      
       fd_add_t2.asm.obj              438     0         0      
       defs.c.obj                     0       0         416    
       trgmsg.c.obj                   108     0         288    
       fd_div_t2.asm.obj              310     0         0      
       fputs.c.obj                    276     0         0      
       s_scalbn.c.obj                 272     0         0      
       fd_cmp_t2.asm.obj              268     0         0      
       ctype.c.obj                    0       257       0      
       fd_mul_t2.asm.obj              252     0         0      
       setvbuf.c.obj                  220     0         0      
       fflush.c.obj                   200     0         0      
       host_device.c.obj              0       0         200    
       typeinfo.c.obj                 36      127       0      
       memcpy_t2.asm.obj              156     0         0      
       ull_div_t2.asm.obj             150     0         0      
       memset_t2.asm.obj              122     0         0      
       fclose.c.obj                   116     0         0      
       getdevice.c.obj                116     0         0      
       hostrename.c.obj               108     0         0      
       copy_decompress_lzss.c.obj     104     0         0      
       hostlseek.c.obj                104     0         0      
       hostopen.c.obj                 96      0         8      
       fseek.c.obj                    100     0         0      
       s_frexp.c.obj                  100     0         0      
       _io_perm.c.obj                 98      0         0      
       sprintf.c.obj                  98      0         0      
       close.c.obj                    92      0         0      
       exit.c.obj                     76      0         12     
       hostread.c.obj                 88      0         0      
       hostwrite.c.obj                88      0         0      
       _ltoa.c.obj                    84      0         0      
       atoi.c.obj                     76      0         0      
       fd_toi_t2.asm.obj              72      0         0      
       autoinit.c.obj                 68      0         0      
       hostclose.c.obj                68      0         0      
       hostunlink.c.obj               68      0         0      
       u_divt2.asm.obj                64      0         0      
       strncpy.c.obj                  54      0         0      
       boot_cortex_m.c.obj            52      0         0      
       fopen.c.obj                    52      0         0      
       i_tofd_t2.asm.obj              46      0         0      
       unlink.c.obj                   44      0         0      
       lseek.c.obj                    40      0         0      
       memmov.c.obj                   40      0         0      
       write.c.obj                    40      0         0      
       memchr.c.obj                   32      0         0      
       assert.c.obj                   28      0         0      
       memccpy.c.obj                  28      0         0      
       s_copysign.c.obj               26      0         0      
       strcmp.c.obj                   24      0         0      
       stdlib_typeinfo.cpp.obj        2       21        0      
       strchr.c.obj                   22      0         0      
       vector.cpp.obj                 14      7         0      
       strcpy.c.obj                   20      0         0      
       strlen.c.obj                   20      0         0      
       wcslen.c.obj                   18      0         0      
       copy_decompress_none.c.obj     14      0         0      
       copy_zero_init.c.obj           12      0         0      
       errno.c.obj                    8       0         4      
       _lock.c.obj                    2       0         8      
       pure_virt.c.obj                6       0         0      
       error.c.obj                    4       0         0      
       new.cpp.obj                    4       0         0      
       pre_init.c.obj                 4       0         0      
       div0.asm.obj                   2       0         0      
    +--+------------------------------+-------+---------+---------+
       Total:                         10873   412       944    
                                                               
       Heap:                          0       0         16     
       Stack:                         0       0         2048   
       Linker Generated:              0       436       0      
    +--+------------------------------+-------+---------+---------+
       Grand Total:                   63330   4060      21086  


LINKER GENERATED COPY TABLES

__TI_cinit_table @ 00010750 records: 3, size/record: 8, table size: 24
	.data: load addr=000105b0, load size=00000180 bytes, run addr=20004e10, run size=00000440 bytes, compression=lzss
	.bss: load addr=00010740, load size=00000008 bytes, run addr=2000026c, run size=000043a4 bytes, compression=zero_init
	.vtable: load addr=00010748, load size=00000008 bytes, run addr=20000000, run size=0000026c bytes, compression=zero_init


LINKER GENERATED HANDLER TABLE

__TI_handler_table @ 00010730 records: 3, size/record: 4, table size: 12
	index: 0, handler: __TI_zero_init
	index: 1, handler: __TI_decompress_lzss
	index: 2, handler: __TI_decompress_none


GLOBAL SYMBOLS: SORTED ALPHABETICALLY BY Name 

address   name                                                                                                                                                                                                                                                                             
-------   ----                                                                                                                                                                                                                                                                             
00006dad  ADCBusy                                                                                                                                                                                                                                                                          
00006df5  ADCClockConfigGet                                                                                                                                                                                                                                                                
00006dcb  ADCClockConfigSet                                                                                                                                                                                                                                                                
00006bc7  ADCComparatorConfigure                                                                                                                                                                                                                                                           
00006c97  ADCComparatorIntClear                                                                                                                                                                                                                                                            
00006c4d  ADCComparatorIntDisable                                                                                                                                                                                                                                                          
00006c6b  ADCComparatorIntEnable                                                                                                                                                                                                                                                           
00006c89  ADCComparatorIntStatus                                                                                                                                                                                                                                                           
00006be3  ADCComparatorRegionSet                                                                                                                                                                                                                                                           
00006c07  ADCComparatorReset                                                                                                                                                                                                                                                               
00006b95  ADCHardwareOversampleConfigure                                                                                                                                                                                                                                                   
000067ab  ADCIntClear                                                                                                                                                                                                                                                                      
00006d0f  ADCIntClearEx                                                                                                                                                                                                                                                                    
00006711  ADCIntDisable                                                                                                                                                                                                                                                                    
00006ca9  ADCIntDisableEx                                                                                                                                                                                                                                                                  
0000672d  ADCIntEnable                                                                                                                                                                                                                                                                     
00006cc1  ADCIntEnableEx                                                                                                                                                                                                                                                                   
000066cb  ADCIntRegister                                                                                                                                                                                                                                                                   
00006753  ADCIntStatus                                                                                                                                                                                                                                                                     
00006cdd  ADCIntStatusEx                                                                                                                                                                                                                                                                   
000066f3  ADCIntUnregister                                                                                                                                                                                                                                                                 
00006d67  ADCPhaseDelayGet                                                                                                                                                                                                                                                                 
00006d55  ADCPhaseDelaySet                                                                                                                                                                                                                                                                 
[...]
00010468  _ZTS11ConsolePage                                                                                                                                                                                                                                                                
00010476  _ZTS11ConsoleTask                                                                                                                                                                                                                                                                
00010484  _ZTS11ErrorLogger                                                                                                                                                                                                                                                                
00010492  _ZTS11MenuOptions                                                                                                                                                                                                                                                                
000104a0  _ZTS11TaskManager                                                                                                                                                                                                                                                                
000104ae  _ZTSSt9type_info                                                                                                                                                                                                                                                                 
000104bc  _ZTI11ConsoleTask                                                                                                                                                                                                                                                                
000104c8  _ZTI11ErrorLogger                                                                                                                                                                                                                                                                
000104d4  _ZTI11MenuOptions                                                                                                                                                                                                                                                                
000104e0  _ZTI11TaskManager                                                                                                                                                                                                                                                                
000104ec  _ZTI14I2cMonitorTask                                                                                                                                                                                                                                                             
000104f8  _ZTI14I2cSnifferTask                                                                                                                                                                                                                                                             
00010504  _ZTI15I2cScripterTask                                                                                                                                                                                                                                                            
00010510  _ZTI7I2cTask                                                                                                                                                                                                                                                                     
0001051c  _ZTI8TestTask                                                                                                                                                                                                                                                                    
00010528  _ZTI9IoCtlPage                                                                                                                                                                                                                                                                   
00010534  _ZTIN10__cxxabiv117__class_type_infoE                                                                                                                                                                                                                                            
00010540  _ZTIN10__cxxabiv120__si_class_type_infoE                                                                                                                                                                                                                                         
00010564  _ZTS9IoCtlPage                                                                                                                                                                                                                                                                   
0001056f  _ZTS8TestTask                                                                                                                                                                                                                                                                    
00010579  _ZTS7I2cTask                                                                                                                                                                                                                                                                     
00010584  _ZTI11ConsolePage                                                                                                                                                                                                                                                                
0001058c  _ZTISt9type_info                                                                                                                                                                                                                                                                 
0001059c  ulMaxSyscallInterruptPriority                                                                                                                                                                                                                                                    
000105a4  _ZZNKSt3__220__vector_base_commonILb1EE20__throw_length_errorEvEs                                                                                                                                                                                                                
00010730  __TI_Handler_Table_Base                                                                                                                                                                                                                                                          
0001073c  __TI_Handler_Table_Limit                                                                                                                                                                                                                                                         
00010750  __TI_CINIT_Base                                                                                                                                                                                                                                                                  
00010768  __TI_CINIT_Limit                                                                                                                                                                                                                                                                 
20000000  __start___llvm_prf_cnts                                                                                                                                                                                                                                                          
20000000  __stop___llvm_prf_cnts                                                                                                                                                                                                                                                           
20000000  g_pfnRAMVectors                                                                                                                                                                                                                                                                  
2000026c  ucHeap                                                                                                                                                                                                                                                                           
2000431c  __CIOBUF_                                                                                                                                                                                                                                                                        
2000443c  __TI_tmpnams                                                                                                                                                                                                                                                                     
20004540  xQueueRegistry                                                                                                                                                                                                                                                                   
200045e4  bin_string                                                                                                                                                                                                                                                                       
20004600  parmbuf                                                                                                                                                                                                                                                                          
20004610  __stack                                                                                                                                                                                                                                                                          
20004810  __STACK_TOP                                                                                                                                                                                                                                                                      
20004e10  __STACK_END                                                                                                                                                                                                                                                                      
20004e10  _ftable                                                                                                                                                                                                                                                                          
20004f00  _device                                                                                                                                                                                                                                                                          
20004f78  _stream                                                                                                                                                                                                                                                                          
20004fc8  pxCurrentTCB                                                                                                                                                                                                                                                                     
200051d0  __TI_ft_end                                                                                                                                                                                                                                                                      
200051d4  __aeabi_stdin                                                                                                                                                                                                                                                                    
200051d8  __aeabi_stdout                                                                                                                                                                                                                                                                   
200051dc  __aeabi_stderr                                                                                                                                                                                                                                                                   
200051e0  __TI_cleanup_ptr                                                                                                                                                                                                                                                                 
200051e4  __TI_dtors_ptr                                                                                                                                                                                                                                                                   
200051e8  __TI_enable_exit_profile_output                                                                                                                                                                                                                                                  
20005204  _lock                                                                                                                                                                                                                                                                            
20005208  _unlock                                                                                                                                                                                                                                                                          
20005214  adc_pin_struct                                                                                                                                                                                                                                                                   
2000521c  board_gpi_info                                                                                                                                                                                                                                                                   
20005224  board_gpo_info                                                                                                                                                                                                                                                                   
20005230  _ZN11ErrorLogger3objE                                                                                                                                                                                                                                                            
20005234  i2c_speed_menu                                                                                                                                                                                                                                                                   
20005248  i2c_speed_name                                                                                                                                                                                                                                                                   
2000524c  errno                                                                                                                                                                                                                                                                            
20005250  _sys_memory                                                                                                                                                                                                                                                                      
ffffffff  __TI_pprof_out_hndl                                                                                                                                                                                                                                                              
ffffffff  __TI_prof_data_size                                                                                                                                                                                                                                                              
ffffffff  __TI_prof_data_start                                                                                                                                                                                                                                                             
ffffffff  __binit__                                                                                                                                                                                                                                                                        
ffffffff  __c_args__                                                                                                                                                                                                                                                                       
ffffffff  binit                                                                                                                                                                                                                                                                            
UNDEFED   __mpu_init                                                                                                                                                                                                                                                                       
UNDEFED   _system_post_cinit                                                                                                                                                                                                                                                               

[988 symbols]
