******************************************************************************
                  TI ARM Linker PC v20.2.2                     
******************************************************************************
>> Linked Tue Aug  3 18:44:44 2021

OUTPUT FILE NAME:   <MicroMasterTM4C123G.out>
ENTRY POINT SYMBOL: "_c_int00_noargs"  address: 0000dbc1


MEMORY CONFIGURATION

         name            origin    length      used     unused   attr    fill
----------------------  --------  ---------  --------  --------  ----  --------
  FLASH                 00000000   00040000  0000f78c  00030874  R  X
  SRAM                  20000000   00008000  0000524c  00002db4  RW X


SEGMENT ALLOCATION MAP

run origin  load origin   length   init length attrs members
----------  ----------- ---------- ----------- ----- -------
00000000    00000000    0000f790   0000f790    r-x
  00000000    00000000    0000026c   0000026c    r-- .intvecs
  0000026c    0000026c    0000e83c   0000e83c    r-x .text
  0000eaa8    0000eaa8    00000b3c   00000b3c    r-- .const
  0000f5e8    0000f5e8    000001a8   000001a8    r-- .cinit
20000000    20000000    00005250   00000000    rw-
  20000000    20000000    0000026c   00000000    rw- .vtable
  2000026c    2000026c    000043ac   00000000    rw- .bss
  20004618    20004618    00000800   00000000    rw- .stack
  20004e18    20004e18    00000424   00000000    rw- .data
  20005240    20005240    00000010   00000000    rw- .sysmem


SECTION ALLOCATION MAP

 output                                  attributes/
section   page    origin      length       input sections
--------  ----  ----------  ----------   ----------------
.intvecs   0    00000000    0000026c     
                  00000000    0000026c     tm4c123gh6pm_startup_ccs.obj (.intvecs)

.text      0    0000026c    0000e83c     
                  0000026c    00001ddc     tasks.obj (.text)
                  00002048    0000113c     I2C_task.obj (.text)
                  00003184    00000fa8     queue.obj (.text)
                  0000412c    00000ef4     sysctl.obj (.text)
                  00005020    00000b88     gpio.obj (.text)
                  00005ba8    00000a4e     rtsv7M4_T_le_v4SPD16_eabi.lib : _printfi.c.obj (.text:__TI_printfi)
                  000065f6    00000002                                   : vector.cpp.obj (.text:_ZNSt3__220__vector_base_commonILb1EEC2Ev)
                  000065f8    000007c2     adc.obj (.text)
                  00006dba    00000002     rtsv7M4_T_le_v4SPD16_eabi.lib : stdlib_typeinfo.cpp.obj (.text:_ZNSt9type_infoD1Ev)
                  00006dbc    0000069c     i2c.obj (.text)
                  00007458    00000642     timer.obj (.text)
                  00007a9a    00000002     rtsv7M4_T_le_v4SPD16_eabi.lib : _lock.c.obj (.text:_nop)
                  00007a9c    00000618     uart.obj (.text)
                  000080b4    00000595     I2C_monitor.obj (.text)
                  00008649    00000001     --HOLE-- [fill = 0]
                  0000864a    00000002     rtsv7M4_T_le_v4SPD16_eabi.lib : div0.asm.obj (.text)
                  0000864c    0000057a     console_task.obj (.text)
                  00008bc6    00000002     --HOLE-- [fill = 0]
                  00008bc8    000004f0     I2C_scripter.obj (.text)
                  000090b8    000004a8     uartstdio.obj (.text)
                  00009560    000003c0     interrupt.obj (.text)
                  00009920    0000039c     io_control_page.obj (.text)
                  00009cbc    00000290     task_manager.obj (.text)
                  00009f4c    0000028c     ADC_task.obj (.text)
                  0000a1d8    0000028c     port.obj (.text)
                  0000a464    00000288     I2C_sniffer.obj (.text)
                  0000a6ec    00000270     rtsv7M4_T_le_v4SPD16_eabi.lib : _printfi.c.obj (.text:_pconv_a)
                  0000a95c    0000022c     error_logger.obj (.text)
                  0000ab88    00000214     GPIs.obj (.text)
                  0000ad9c    000001fc     heap_2.obj (.text)
                  0000af98    000001d0     rtsv7M4_T_le_v4SPD16_eabi.lib : _printfi.c.obj (.text:_pconv_g)
                  0000b168    000001b8     no_booster_board.obj (.text)
                  0000b320    000001b6     rtsv7M4_T_le_v4SPD16_eabi.lib : fd_add_t2.asm.obj (.text)
                  0000b4d6    00000002     --HOLE-- [fill = 0]
                  0000b4d8    00000184     GPOs.obj (.text)
                  0000b65c    0000013c     rtsv7M4_T_le_v4SPD16_eabi.lib : _printfi.c.obj (.text:_pconv_e)
                  0000b798    00000136                                   : fd_div_t2.asm.obj (.text)
                  0000b8ce    0000012a     list.obj (.text)
                  0000b9f8    00000124     rtsv7M4_T_le_v4SPD16_eabi.lib : _printfi.c.obj (.text:fcvt)
                  0000bb1c    00000114                                   : fputs.c.obj (.text:fputs)
                  0000bc30    00000110                                   : s_scalbn.c.obj (.text:scalbn)
                  0000bd40    00000100                                   : memory.c.obj (.text:aligned_alloc)
                  0000be40    000000fc     console_uart.obj (.text)
                  0000bf3c    000000fc     rtsv7M4_T_le_v4SPD16_eabi.lib : fd_mul_t2.asm.obj (.text)
                  0000c038    000000e4                                   : memory.c.obj (.text:free)
                  0000c11c    000000dc                                   : setvbuf.c.obj (.text:setvbuf)
                  0000c1f8    000000da     portasm.obj (.text)
                  0000c2d2    00000002     --HOLE-- [fill = 0]
                  0000c2d4    000000d2     text_controls.obj (.text)
                  0000c3a6    00000002     --HOLE-- [fill = 0]
                  0000c3a8    000000c0     fpu.obj (.text)
                  0000c468    000000b1     rtsv7M4_T_le_v4SPD16_eabi.lib : _printfi.c.obj (.text:_ltostr)
                  0000c519    00000001     --HOLE-- [fill = 0]
                  0000c51a    000000b0     I2C_monitor.obj (.text:_ZNSt3__26vectorIP6I2cMsgNS_9allocatorIS2_EEE6assignIPS2_EENS_9enable_ifIXaasr3std3__221__is_forward_iteratorIT_EE5valuesr3std3__216is_constructibleIS2_JNS_15iterator_traitsIS9_E9referenceEEEE5valueEvE4typeES9_S9_)
                  0000c5ca    0000009c     rtsv7M4_T_le_v4SPD16_eabi.lib : memcpy_t2.asm.obj (.text)
                  0000c666    00000096                                   : ull_div_t2.asm.obj (.text)
                  0000c6fc    00000090     test_task.obj (.text)
                  0000c78c    00000086     rtsv7M4_T_le_v4SPD16_eabi.lib : fd_cmp_t2.asm.obj (.text:__aeabi_cdcmple)
                  0000c812    00000086                                   : fd_cmp_t2.asm.obj (.text:__aeabi_cdrcmple)
                  0000c898    0000007c                                   : fflush.c.obj (.text:fflush)
                  0000c914    0000007a                                   : memset_t2.asm.obj (.text)
                  0000c98e    00000002     --HOLE-- [fill = 0]
                  0000c990    00000074                                   : fclose.c.obj (.text:__TI_closefile)
                  0000ca04    00000070                                   : memory.c.obj (.text:split)
                  0000ca74    0000006e                                   : _printfi.c.obj (.text:_mcpy)
                  0000cae2    00000002     --HOLE-- [fill = 0]
                  0000cae4    0000006c                                   : hostrename.c.obj (.text:HOSTrename)
                  0000cb50    0000006c     console_task.obj (.text:_ZNSt3__26vectorIP11ConsolePageNS_9allocatorIS2_EEE26__swap_out_circular_bufferERNS_14__split_bufferIS2_RS4_EE)
                  0000cbbc    0000006c     I2C_task.obj (.text:_ZNSt3__26vectorIP6I2cMsgNS_9allocatorIS2_EEE26__swap_out_circular_bufferERNS_14__split_bufferIS2_RS4_EE)
                  0000cc28    00000068     rtsv7M4_T_le_v4SPD16_eabi.lib : hostlseek.c.obj (.text:HOSTlseek)
                  0000cc90    00000068                                   : copy_decompress_lzss.c.obj (.text:decompress:lzss:__TI_decompress_lzss)
                  0000ccf8    00000064     console_task.obj (.text:_ZNSt3__26vectorIP11ConsolePageNS_9allocatorIS2_EEE21__push_back_slow_pathIRKS2_EEvOT_)
                  0000cd5c    00000064     I2C_task.obj (.text:_ZNSt3__26vectorIP6I2cMsgNS_9allocatorIS2_EEE21__push_back_slow_pathIS2_EEvOT_)
                  0000cdc0    00000064     rtsv7M4_T_le_v4SPD16_eabi.lib : s_frexp.c.obj (.text:frexp)
                  0000ce24    00000064                                   : fseek.c.obj (.text:fseek)
                  0000ce88    00000062     I2C_task.obj (.text:_ZNSt3__26vectorIP6I2cMsgNS_9allocatorIS2_EEE9push_backEOS2_)
                  0000ceea    00000062     rtsv7M4_T_le_v4SPD16_eabi.lib : _io_perm.c.obj (.text:__TI_wrt_ok)
                  0000cf4c    00000060                                   : hostopen.c.obj (.text:HOSTopen)
                  0000cfac    00000060     console_task.obj (.text:_ZNSt3__214__split_bufferIP11ConsolePageRNS_9allocatorIS2_EEEC1EjjS5_)
                  0000d00c    00000060     I2C_task.obj (.text:_ZNSt3__214__split_bufferIP6I2cMsgRNS_9allocatorIS2_EEEC1EjjS5_)
                  0000d06c    0000005c     rtsv7M4_T_le_v4SPD16_eabi.lib : close.c.obj (.text:close)
                  0000d0c8    00000058                                   : hostread.c.obj (.text:HOSTread)
                  0000d120    00000058                                   : hostwrite.c.obj (.text:HOSTwrite)
                  0000d178    00000056     console_task.obj (.text:_ZNKSt3__26vectorIP11ConsolePageNS_9allocatorIS2_EEE17__annotate_deleteEv)
                  0000d1ce    00000056     I2C_task.obj (.text:_ZNKSt3__26vectorIP6I2cMsgNS_9allocatorIS2_EEE17__annotate_deleteEv)
                  0000d224    00000056     console_task.obj (.text:_ZNSt3__26vectorIP11ConsolePageNS_9allocatorIS2_EEE9push_backERKS2_)
                  0000d27a    00000056     rtsv7M4_T_le_v4SPD16_eabi.lib : _printfi.c.obj (.text:_pconv_f)
                  0000d2d0    00000054     console_task.obj (.text:_ZNKSt3__26vectorIP11ConsolePageNS_9allocatorIS2_EEE14__annotate_newEj)
                  0000d324    00000054     I2C_monitor.obj (.text:_ZNKSt3__26vectorIP6I2cMsgNS_9allocatorIS2_EEE14__annotate_newEj)
                  0000d378    00000054     rtsv7M4_T_le_v4SPD16_eabi.lib : _ltoa.c.obj (.text:__TI_ltoa)
                  0000d3cc    00000052     I2C_monitor.obj (.text:_ZNKSt3__26vectorIP6I2cMsgNS_9allocatorIS2_EEE17__annotate_shrinkEj)
                  0000d41e    00000052     rtsv7M4_T_le_v4SPD16_eabi.lib : _printfi.c.obj (.text:_ecpy)
                  0000d470    00000052     utils.obj (.text)
                  0000d4c2    0000004c     rtsv7M4_T_le_v4SPD16_eabi.lib : fflush.c.obj (.text:__TI_doflush)
                  0000d50e    00000002     --HOLE-- [fill = 0]
                  0000d510    0000004c                                   : atoi.c.obj (.text:atoi)
                  0000d55c    0000004a     console_task.obj (.text:_ZNKSt3__26vectorIP11ConsolePageNS_9allocatorIS2_EEE11__recommendEj)
                  0000d5a6    0000004a     I2C_monitor.obj (.text:_ZNKSt3__26vectorIP6I2cMsgNS_9allocatorIS2_EEE11__recommendEj)
                  0000d5f0    00000048     I2C_monitor.obj (.text:_ZNSt3__26vectorIP6I2cMsgNS_9allocatorIS2_EEE8allocateEj)
                  0000d638    00000048     rtsv7M4_T_le_v4SPD16_eabi.lib : exit.c.obj (.text:exit)
                  0000d680    00000048                                   : fd_toi_t2.asm.obj (.text)
                  0000d6c8    00000044                                   : hostclose.c.obj (.text:HOSTclose)
                  0000d70c    00000044                                   : hostunlink.c.obj (.text:HOSTunlink)
                  0000d750    00000044                                   : autoinit.c.obj (.text:__TI_auto_init_nobinit_nopinit:__TI_auto_init_nobinit_nopinit)
                  0000d794    00000044                                   : getdevice.c.obj (.text:getdevice)
                  0000d7d8    00000040     I2C_monitor.obj (.text:_ZNSt3__213__vector_baseIP6I2cMsgNS_9allocatorIS2_EEE17__destruct_at_endEPS2_)
                  0000d818    00000040     I2C_monitor.obj (.text:_ZNSt3__26vectorIP6I2cMsgNS_9allocatorIS2_EEE10deallocateEv)
                  0000d858    00000040     rtsv7M4_T_le_v4SPD16_eabi.lib : u_divt2.asm.obj (.text)
                  0000d898    00000040                                   : sprintf.c.obj (.text:sprintf)
                  0000d8d8    0000003e                                   : _printfi.c.obj (.text:_fcpy)
                  0000d916    0000003e     cpu.obj (.text)
                  0000d954    0000003c     console_task.obj (.text:_ZNSt3__216allocator_traitsINS_9allocatorIP11ConsolePageEEE20__construct_backwardIS3_EENS_9enable_ifIXaaoosr3std3__27is_sameIS4_NS1_IT_EEEE5valuentsr3std3__215__has_constructIS4_PS8_JS8_EEE5valuesr3std3__231is_trivially_move_constructibleIS8_EE5valueEvE4typeERS4_SA_SA_RSA_)
                  0000d990    0000003c     I2C_task.obj (.text:_ZNSt3__216allocator_traitsINS_9allocatorIP6I2cMsgEEE20__construct_backwardIS3_EENS_9enable_ifIXaaoosr3std3__27is_sameIS4_NS1_IT_EEEE5valuentsr3std3__215__has_constructIS4_PS8_JS8_EEE5valuesr3std3__231is_trivially_move_constructibleIS8_EE5valueEvE4typeERS4_SA_SA_RSA_)
                  0000d9cc    0000003c     I2C_monitor.obj (.text:_ZNSt3__216allocator_traitsINS_9allocatorIP6I2cMsgEEE25__construct_range_forwardIS3_EENS_9enable_ifIXaaoosr3std3__27is_sameIS4_NS1_IT_EEEE5valuentsr3std3__215__has_constructIS4_PS8_JS8_EEE5valuesr3std3__231is_trivially_move_constructibleIS8_EE5valueEvE4typeERS4_SA_SA_RSA_)
                  0000da08    0000003c     main.obj (.text)
                  0000da44    00000038     I2C_monitor.obj (.text:_ZNSt3__26vectorIP6I2cMsgNS_9allocatorIS2_EEE18__construct_at_endIPS2_EENS_9enable_ifIXsr3std3__221__is_forward_iteratorIT_EE5valueEvE4typeES9_S9_j)
                  0000da7c    00000038     rtsv7M4_T_le_v4SPD16_eabi.lib : trgmsg.c.obj (.text:__TI_writemsg)
                  0000dab4    00000036     console_task.obj (.text:_ZNSt3__214__split_bufferIP11ConsolePageRNS_9allocatorIS2_EEE17__destruct_at_endEPS2_NS_17integral_constantIbLb0EEE)
                  0000daea    00000036     I2C_task.obj (.text:_ZNSt3__214__split_bufferIP6I2cMsgRNS_9allocatorIS2_EEE17__destruct_at_endEPS2_NS_17integral_constantIbLb0EEE)
                  0000db20    00000036     rtsv7M4_T_le_v4SPD16_eabi.lib : strncpy.c.obj (.text:strncpy)
                  0000db56    00000002     --HOLE-- [fill = 0]
                  0000db58    00000034                                   : fopen.c.obj (.text:__TI_cleanup)
                  0000db8c    00000034                                   : trgmsg.c.obj (.text:__TI_readmsg)
                  0000dbc0    00000034                                   : boot_cortex_m.c.obj (.text:_c_int00_noargs:_c_int00_noargs)
                  0000dbf4    00000032     I2C_monitor.obj (.text:_ZNSt3__26__copyIP6I2cMsgS2_EENS_9enable_ifIXaasr3std3__27is_sameINS_12remove_constIT_E4typeET0_EE5valuesr3std3__228is_trivially_copy_assignableIS8_EE5valueEPS8_E4typeEPS5_SC_S9_)
                  0000dc26    00000002     --HOLE-- [fill = 0]
                  0000dc28    00000030     rtsv7M4_T_le_v4SPD16_eabi.lib : getdevice.c.obj (.text:finddevice)
                  0000dc58    00000030     memory_functions.obj (.text)
                  0000dc88    0000002e     console_task.obj (.text:_ZNSt3__214__split_bufferIP11ConsolePageRNS_9allocatorIS2_EEED1Ev)
                  0000dcb6    0000002e     I2C_task.obj (.text:_ZNSt3__214__split_bufferIP6I2cMsgRNS_9allocatorIS2_EEED1Ev)
                  0000dce4    0000002e     console_task.obj (.text:_ZNSt3__29allocatorIP11ConsolePageE9constructIS2_JRKS2_EEEvPT_DpOT0_)
                  0000dd12    0000002e     I2C_task.obj (.text:_ZNSt3__29allocatorIP6I2cMsgE9constructIS2_JS2_EEEvPT_DpOT0_)
                  0000dd40    0000002e     rtsv7M4_T_le_v4SPD16_eabi.lib : i_tofd_t2.asm.obj (.text)
                  0000dd6e    00000002     --HOLE-- [fill = 0]
                  0000dd70    0000002c                                   : unlink.c.obj (.text:unlink)
                  0000dd9c    0000002a     console_task.obj (.text:_ZNSt3__217__compressed_pairIPP11ConsolePageRNS_9allocatorIS2_EEEC1IDnS6_EEOT_OT0_)
                  0000ddc6    0000002a     I2C_task.obj (.text:_ZNSt3__217__compressed_pairIPP6I2cMsgRNS_9allocatorIS2_EEEC1IDnS6_EEOT_OT0_)
                  0000ddf0    0000002a     I2C_monitor.obj (.text:_ZNSt3__24copyIPP6I2cMsgS3_EET0_T_S5_S4_)
                  0000de1a    0000002a     console_task.obj (.text:_ZNSt3__24swapIPP11ConsolePageEENS_9enable_ifIXaasr3std3__221is_move_constructibleIT_EE5valuesr3std3__218is_move_assignableIS5_EE5valueEvE4typeERS5_S8_)
                  0000de44    0000002a     I2C_task.obj (.text:_ZNSt3__24swapIPP6I2cMsgEENS_9enable_ifIXaasr3std3__221is_move_constructibleIT_EE5valuesr3std3__218is_move_assignableIS5_EE5valueEvE4typeERS5_S8_)
                  0000de6e    0000002a     hooks.obj (.text)
                  0000de98    00000028     console_task.obj (.text:_ZNSt3__213__vector_baseIP11ConsolePageNS_9allocatorIS2_EEEC1Ev)
                  0000dec0    00000028     I2C_monitor.obj (.text:_ZNSt3__213__vector_baseIP6I2cMsgNS_9allocatorIS2_EEEC1Ev)
                  0000dee8    00000028     I2C_monitor.obj (.text:_ZNSt3__26vectorIP6I2cMsgNS_9allocatorIS2_EEE17__destruct_at_endEPS2_)
                  0000df10    00000028     I2C_monitor.obj (.text:_ZNSt3__26vectorIP6I2cMsgNS_9allocatorIS2_EEEaSERKS5_)
                  0000df38    00000028     console_task.obj (.text:_ZNSt3__29allocatorIP11ConsolePageE8allocateEjPKv)
                  0000df60    00000028     I2C_monitor.obj (.text:_ZNSt3__29allocatorIP6I2cMsgE8allocateEjPKv)
                  0000df88    00000028     rtsv7M4_T_le_v4SPD16_eabi.lib : memory.c.obj (.text:free_list_insert)
                  0000dfb0    00000028                                   : lseek.c.obj (.text:lseek)
                  0000dfd8    00000028                                   : memmov.c.obj (.text:memmove)
                  0000e000    00000028                                   : write.c.obj (.text:write)
                  0000e028    00000024     console_task.obj (.text:_ZNKSt3__26vectorIP11ConsolePageNS_9allocatorIS2_EEE8max_sizeEv)
                  0000e04c    00000024     I2C_monitor.obj (.text:_ZNKSt3__26vectorIP6I2cMsgNS_9allocatorIS2_EEE8max_sizeEv)
                  0000e070    00000024     console_task.obj (.text:_ZNSt3__216allocator_traitsINS_9allocatorIP11ConsolePageEEE11__constructIS3_JRKS3_EEEvNS_17integral_constantIbLb1EEERS4_PT_DpOT0_)
                  0000e094    00000024     console_task.obj (.text:_ZNSt3__216allocator_traitsINS_9allocatorIP11ConsolePageEEE9constructIS3_JRKS3_EEEvRS4_PT_DpOT0_)
                  0000e0b8    00000024     I2C_task.obj (.text:_ZNSt3__216allocator_traitsINS_9allocatorIP6I2cMsgEEE11__constructIS3_JS3_EEEvNS_17integral_constantIbLb1EEERS4_PT_DpOT0_)
                  0000e0dc    00000024     I2C_task.obj (.text:_ZNSt3__216allocator_traitsINS_9allocatorIP6I2cMsgEEE9constructIS3_JS3_EEEvRS4_PT_DpOT0_)
                  0000e100    00000022     I2C_monitor.obj (.text:_ZNSt3__26vectorIP6I2cMsgNS_9allocatorIS2_EEE5clearEv)
                  0000e122    00000020     rtsv7M4_T_le_v4SPD16_eabi.lib : memchr.c.obj (.text:memchr)
                  0000e142    0000001e     I2C_monitor.obj (.text:_ZNKSt3__26__lessIjjEclERKjS3_)
                  0000e160    0000001e     console_task.obj (.text:_ZNSt3__217__compressed_pairIPP11ConsolePageNS_9allocatorIS2_EEEC1IDnLb1EEEOT_)
                  0000e17e    0000001e     I2C_monitor.obj (.text:_ZNSt3__217__compressed_pairIPP6I2cMsgNS_9allocatorIS2_EEEC1IDnLb1EEEOT_)
                  0000e19c    0000001e     I2C_monitor.obj (.text:_ZNSt3__23maxIjNS_6__lessIjjEEEERKT_S5_S5_T0_)
                  0000e1ba    0000001e     I2C_monitor.obj (.text:_ZNSt3__23minIjNS_6__lessIjjEEEERKT_S5_S5_T0_)
                  0000e1d8    0000001c     I2C_monitor.obj (.text:_ZNSt3__29__advanceIPP6I2cMsgEEvRT_NS_15iterator_traitsIS4_E15difference_typeENS_26random_access_iterator_tagE)
                  0000e1f4    0000001c     rtsv7M4_T_le_v4SPD16_eabi.lib : assert.c.obj (.text:_abort_msg)
                  0000e210    0000001c                                   : memory.c.obj (.text:free_list_remove)
                  0000e22c    0000001c                                   : memccpy.c.obj (.text:memccpy)
                  0000e248    0000001a                                   : s_copysign.c.obj (.text:copysign)
                  0000e262    00000018     I2C_monitor.obj (.text:_ZNSt3__210__distanceIPP6I2cMsgEENS_15iterator_traitsIT_E15difference_typeES5_S5_NS_26random_access_iterator_tagE)
                  0000e27a    00000018     rtsv7M4_T_le_v4SPD16_eabi.lib : sprintf.c.obj (.text:_outs)
                  0000e292    00000018                                   : strcmp.c.obj (.text:strcmp)
                  0000e2aa    00000016     console_task.obj (.text:_ZNKSt3__213__vector_baseIP11ConsolePageNS_9allocatorIS2_EEE8capacityEv)
                  0000e2c0    00000016     I2C_monitor.obj (.text:_ZNKSt3__213__vector_baseIP6I2cMsgNS_9allocatorIS2_EEE8capacityEv)
                  0000e2d6    00000016     console_task.obj (.text:_ZNKSt3__214__split_bufferIP11ConsolePageRNS_9allocatorIS2_EEE8capacityEv)
                  0000e2ec    00000016     I2C_task.obj (.text:_ZNKSt3__214__split_bufferIP6I2cMsgRNS_9allocatorIS2_EEE8capacityEv)
                  0000e302    00000016     console_task.obj (.text:_ZNKSt3__26vectorIP11ConsolePageNS_9allocatorIS2_EEE4sizeEv)
                  0000e318    00000016     I2C_monitor.obj (.text:_ZNKSt3__26vectorIP6I2cMsgNS_9allocatorIS2_EEE4sizeEv)
                  0000e32e    00000016     console_task.obj (.text:_ZNSt3__222__compressed_pair_elemIPP11ConsolePageLi0ELb0EEC1IDnvEEOT_)
                  0000e344    00000016     I2C_monitor.obj (.text:_ZNSt3__222__compressed_pair_elemIPP6I2cMsgLi0ELb0EEC1IDnvEEOT_)
                  0000e35a    00000016     console_task.obj (.text:_ZNSt3__26vectorIP11ConsolePageNS_9allocatorIS2_EEEixEj)
                  0000e370    00000016     I2C_monitor.obj (.text:_ZNSt3__26vectorIP6I2cMsgNS_9allocatorIS2_EEEixEj)
                  0000e386    00000016     rtsv7M4_T_le_v4SPD16_eabi.lib : strchr.c.obj (.text:strchr)
                  0000e39c    00000014     I2C_monitor.obj (.text:_ZNSt3__213__vector_baseIP6I2cMsgNS_9allocatorIS2_EEE19__copy_assign_allocERKS5_)
                  0000e3b0    00000014     console_task.obj (.text:_ZNSt3__214__split_bufferIP11ConsolePageRNS_9allocatorIS2_EEE17__destruct_at_endEPS2_)
                  0000e3c4    00000014     I2C_task.obj (.text:_ZNSt3__214__split_bufferIP6I2cMsgRNS_9allocatorIS2_EEE17__destruct_at_endEPS2_)
                  0000e3d8    00000014     console_task.obj (.text:_ZNSt3__216allocator_traitsINS_9allocatorIP11ConsolePageEEE10deallocateERS4_PS3_j)
                  0000e3ec    00000014     console_task.obj (.text:_ZNSt3__216allocator_traitsINS_9allocatorIP11ConsolePageEEE7destroyIS3_EEvRS4_PT_)
                  0000e400    00000014     console_task.obj (.text:_ZNSt3__216allocator_traitsINS_9allocatorIP11ConsolePageEEE9__destroyIS3_EEvNS_17integral_constantIbLb1EEERS4_PT_)
                  0000e414    00000014     I2C_monitor.obj (.text:_ZNSt3__216allocator_traitsINS_9allocatorIP6I2cMsgEEE10deallocateERS4_PS3_j)
                  0000e428    00000014     I2C_monitor.obj (.text:_ZNSt3__216allocator_traitsINS_9allocatorIP6I2cMsgEEE7destroyIS3_EEvRS4_PT_)
                  0000e43c    00000014     I2C_monitor.obj (.text:_ZNSt3__216allocator_traitsINS_9allocatorIP6I2cMsgEEE9__destroyIS3_EEvNS_17integral_constantIbLb1EEERS4_PT_)
                  0000e450    00000014     console_task.obj (.text:_ZNSt3__222__compressed_pair_elemIRNS_9allocatorIP11ConsolePageEELi1ELb0EEC1IS5_vEEOT_)
                  0000e464    00000014     I2C_task.obj (.text:_ZNSt3__222__compressed_pair_elemIRNS_9allocatorIP6I2cMsgEELi1ELb0EEC1IS5_vEEOT_)
                  0000e478    00000014     I2C_monitor.obj (.text:_ZNSt3__23maxIjEERKT_S3_S3_)
                  0000e48c    00000014     I2C_monitor.obj (.text:_ZNSt3__23minIjEERKT_S3_S3_)
                  0000e4a0    00000014     I2C_monitor.obj (.text:_ZNSt3__27advanceIPP6I2cMsgEEvRT_NS_15iterator_traitsIS4_E15difference_typeE)
                  0000e4b4    00000014     I2C_monitor.obj (.text:_ZNSt3__28distanceIPP6I2cMsgEENS_15iterator_traitsIT_E15difference_typeES5_S5_)
                  0000e4c8    00000014     rtsv7M4_T_le_v4SPD16_eabi.lib : strcpy.c.obj (.text:strcpy)
                  0000e4dc    00000014                                   : strlen.c.obj (.text:strlen)
                  0000e4f0    00000012     console_task.obj (.text:_ZNSt3__216allocator_traitsINS_9allocatorIP11ConsolePageEEE8allocateERS4_j)
                  0000e502    00000012     I2C_monitor.obj (.text:_ZNSt3__216allocator_traitsINS_9allocatorIP6I2cMsgEEE8allocateERS4_j)
                  0000e514    00000012     rtsv7M4_T_le_v4SPD16_eabi.lib : wcslen.c.obj (.text:wcslen)
                  0000e526    00000010     console_task.obj (.text:_ZNKSt3__26vectorIP11ConsolePageNS_9allocatorIS2_EEE31__annotate_contiguous_containerEPKvS7_S7_S7_)
                  0000e536    00000010     I2C_monitor.obj (.text:_ZNKSt3__26vectorIP6I2cMsgNS_9allocatorIS2_EEE31__annotate_contiguous_containerEPKvS7_S7_S7_)
                  0000e546    00000010     I2C_monitor.obj (.text:_ZNSt3__213__vector_baseIP6I2cMsgNS_9allocatorIS2_EEE19__copy_assign_allocERKS5_NS_17integral_constantIbLb0EEE)
                  0000e556    00000010     I2C_monitor.obj (.text:_ZNSt3__213__vector_baseIP6I2cMsgNS_9allocatorIS2_EEE5clearEv)
                  0000e566    00000010     console_task.obj (.text:_ZNSt3__214__split_bufferIP11ConsolePageRNS_9allocatorIS2_EEE5clearEv)
                  0000e576    00000010     I2C_task.obj (.text:_ZNSt3__214__split_bufferIP6I2cMsgRNS_9allocatorIS2_EEE5clearEv)
                  0000e586    00000010     console_task.obj (.text:_ZNSt3__216allocator_traitsINS_9allocatorIP11ConsolePageEEE10__max_sizeENS_17integral_constantIbLb1EEERKS4_)
                  0000e596    00000010     console_task.obj (.text:_ZNSt3__216allocator_traitsINS_9allocatorIP11ConsolePageEEE8max_sizeERKS4_)
                  0000e5a6    00000010     I2C_monitor.obj (.text:_ZNSt3__216allocator_traitsINS_9allocatorIP6I2cMsgEEE10__max_sizeENS_17integral_constantIbLb1EEERKS4_)
                  0000e5b6    00000010     I2C_monitor.obj (.text:_ZNSt3__216allocator_traitsINS_9allocatorIP6I2cMsgEEE8max_sizeERKS4_)
                  0000e5c6    00000010     console_task.obj (.text:_ZNSt3__222__compressed_pair_elemIPP11ConsolePageLi0ELb0EEC2IDnvEEOT_)
                  0000e5d6    00000010     I2C_monitor.obj (.text:_ZNSt3__222__compressed_pair_elemIPP6I2cMsgLi0ELb0EEC2IDnvEEOT_)
                  0000e5e6    00000010     console_task.obj (.text:_ZNSt3__222__compressed_pair_elemIRNS_9allocatorIP11ConsolePageEELi1ELb0EEC2IS5_vEEOT_)
                  0000e5f6    00000010     I2C_task.obj (.text:_ZNSt3__222__compressed_pair_elemIRNS_9allocatorIP6I2cMsgEELi1ELb0EEC2IS5_vEEOT_)
                  0000e606    00000010     console_task.obj (.text:_ZNSt3__26vectorIP11ConsolePageNS_9allocatorIS2_EEE24__RAII_IncreaseAnnotatorC1ERKS5_j)
                  0000e616    00000010     I2C_monitor.obj (.text:_ZNSt3__26vectorIP6I2cMsgNS_9allocatorIS2_EEE24__RAII_IncreaseAnnotatorC1ERKS5_j)
                  0000e626    00000010     console_task.obj (.text:_ZNSt3__29allocatorIP11ConsolePageE10deallocateEPS2_j)
                  0000e636    00000010     I2C_monitor.obj (.text:_ZNSt3__29allocatorIP6I2cMsgE10deallocateEPS2_j)
                  0000e646    0000000e     rtsv7M4_T_le_v4SPD16_eabi.lib : typeinfo.c.obj (.text:_ZN10__cxxabiv117__class_type_infoD0Ev)
                  0000e654    0000000e                                   : typeinfo.c.obj (.text:_ZN10__cxxabiv120__si_class_type_infoD0Ev)
                  0000e662    0000000e     console_task.obj (.text:_ZNKSt3__213__vector_baseIP11ConsolePageNS_9allocatorIS2_EEE7__allocEv)
                  0000e670    0000000e     console_task.obj (.text:_ZNKSt3__213__vector_baseIP11ConsolePageNS_9allocatorIS2_EEE9__end_capEv)
                  0000e67e    0000000e     I2C_monitor.obj (.text:_ZNKSt3__213__vector_baseIP6I2cMsgNS_9allocatorIS2_EEE7__allocEv)
                  0000e68c    0000000e     I2C_monitor.obj (.text:_ZNKSt3__213__vector_baseIP6I2cMsgNS_9allocatorIS2_EEE9__end_capEv)
                  0000e69a    0000000e     console_task.obj (.text:_ZNKSt3__214__split_bufferIP11ConsolePageRNS_9allocatorIS2_EEE9__end_capEv)
                  0000e6a8    0000000e     I2C_task.obj (.text:_ZNKSt3__214__split_bufferIP6I2cMsgRNS_9allocatorIS2_EEE9__end_capEv)
                  0000e6b6    0000000e     console_task.obj (.text:_ZNKSt3__26vectorIP11ConsolePageNS_9allocatorIS2_EEE4dataEv)
                  0000e6c4    0000000e     I2C_monitor.obj (.text:_ZNKSt3__26vectorIP6I2cMsgNS_9allocatorIS2_EEE4dataEv)
                  0000e6d2    0000000e     console_task.obj (.text:_ZNKSt3__29allocatorIP11ConsolePageE8max_sizeEv)
                  0000e6e0    0000000e     I2C_monitor.obj (.text:_ZNKSt3__29allocatorIP6I2cMsgE8max_sizeEv)
                  0000e6ee    0000000e     console_task.obj (.text:_ZNSt3__213__vector_baseIP11ConsolePageNS_9allocatorIS2_EEE7__allocEv)
                  0000e6fc    0000000e     console_task.obj (.text:_ZNSt3__213__vector_baseIP11ConsolePageNS_9allocatorIS2_EEE9__end_capEv)
                  0000e70a    0000000e     I2C_monitor.obj (.text:_ZNSt3__213__vector_baseIP6I2cMsgNS_9allocatorIS2_EEE7__allocEv)
                  0000e718    0000000e     I2C_monitor.obj (.text:_ZNSt3__213__vector_baseIP6I2cMsgNS_9allocatorIS2_EEE9__end_capEv)
                  0000e726    0000000e     console_task.obj (.text:_ZNSt3__214__split_bufferIP11ConsolePageRNS_9allocatorIS2_EEE7__allocEv)
                  0000e734    0000000e     console_task.obj (.text:_ZNSt3__214__split_bufferIP11ConsolePageRNS_9allocatorIS2_EEE9__end_capEv)
                  0000e742    0000000e     I2C_task.obj (.text:_ZNSt3__214__split_bufferIP6I2cMsgRNS_9allocatorIS2_EEE7__allocEv)
                  0000e750    0000000e     I2C_task.obj (.text:_ZNSt3__214__split_bufferIP6I2cMsgRNS_9allocatorIS2_EEE9__end_capEv)
                  0000e75e    0000000e     console_task.obj (.text:_ZNSt3__217__compressed_pairIPP11ConsolePageRNS_9allocatorIS2_EEE6secondEv)
                  0000e76c    0000000e     I2C_task.obj (.text:_ZNSt3__217__compressed_pairIPP6I2cMsgRNS_9allocatorIS2_EEE6secondEv)
                  0000e77a    0000000e     console_task.obj (.text:_ZNSt3__222__compressed_pair_elemINS_9allocatorIP11ConsolePageEELi1ELb1EEC1Ev)
                  0000e788    0000000e     I2C_monitor.obj (.text:_ZNSt3__222__compressed_pair_elemINS_9allocatorIP6I2cMsgEELi1ELb1EEC1Ev)
                  0000e796    0000000e     console_task.obj (.text:_ZNSt3__222__compressed_pair_elemIRNS_9allocatorIP11ConsolePageEELi1ELb0EE5__getEv)
                  0000e7a4    0000000e     I2C_task.obj (.text:_ZNSt3__222__compressed_pair_elemIRNS_9allocatorIP6I2cMsgEELi1ELb0EE5__getEv)
                  0000e7b2    0000000e     console_task.obj (.text:_ZNSt3__26vectorIP11ConsolePageNS_9allocatorIS2_EEEC1Ev)
                  0000e7c0    0000000e     I2C_monitor.obj (.text:_ZNSt3__26vectorIP6I2cMsgNS_9allocatorIS2_EEEC1Ev)
                  0000e7ce    0000000e     I2C_task.obj (.text:_ZnwjPv)
                  0000e7dc    0000000e     rtsv7M4_T_le_v4SPD16_eabi.lib : copy_decompress_none.c.obj (.text:decompress:none:__TI_decompress_none)
                  0000e7ea    0000000c     console_task.obj (.text:_ZNKSt3__217__compressed_pairIPP11ConsolePageNS_9allocatorIS2_EEE5firstEv)
                  0000e7f6    0000000c     console_task.obj (.text:_ZNKSt3__217__compressed_pairIPP11ConsolePageNS_9allocatorIS2_EEE6secondEv)
                  0000e802    0000000c     console_task.obj (.text:_ZNKSt3__217__compressed_pairIPP11ConsolePageRNS_9allocatorIS2_EEE5firstEv)
                  0000e80e    0000000c     I2C_monitor.obj (.text:_ZNKSt3__217__compressed_pairIPP6I2cMsgNS_9allocatorIS2_EEE5firstEv)
                  0000e81a    0000000c     I2C_monitor.obj (.text:_ZNKSt3__217__compressed_pairIPP6I2cMsgNS_9allocatorIS2_EEE6secondEv)
                  0000e826    0000000c     I2C_task.obj (.text:_ZNKSt3__217__compressed_pairIPP6I2cMsgRNS_9allocatorIS2_EEE5firstEv)
                  0000e832    00000002     --HOLE-- [fill = 0]
                  0000e834    0000000c     rtsv7M4_T_le_v4SPD16_eabi.lib : vector.cpp.obj (.text:_ZNKSt3__220__vector_base_commonILb1EE20__throw_length_errorEv)
                  0000e840    0000000c     console_task.obj (.text:_ZNKSt3__222__compressed_pair_elemINS_9allocatorIP11ConsolePageEELi1ELb1EE5__getEv)
                  0000e84c    0000000c     I2C_monitor.obj (.text:_ZNKSt3__222__compressed_pair_elemINS_9allocatorIP6I2cMsgEELi1ELb1EE5__getEv)
                  0000e858    0000000c     console_task.obj (.text:_ZNKSt3__222__compressed_pair_elemIPP11ConsolePageLi0ELb0EE5__getEv)
                  0000e864    0000000c     I2C_monitor.obj (.text:_ZNKSt3__222__compressed_pair_elemIPP6I2cMsgLi0ELb0EE5__getEv)
                  0000e870    0000000c     console_task.obj (.text:_ZNKSt3__26vectorIP11ConsolePageNS_9allocatorIS2_EEE8capacityEv)
                  0000e87c    0000000c     I2C_monitor.obj (.text:_ZNKSt3__26vectorIP6I2cMsgNS_9allocatorIS2_EEE8capacityEv)
                  0000e888    0000000c     I2C_monitor.obj (.text:_ZNSt3__210__allocateEj)
                  0000e894    0000000c     I2C_monitor.obj (.text:_ZNSt3__213__unwrap_iterIPP6I2cMsgEET_S4_)
                  0000e8a0    0000000c     console_task.obj (.text:_ZNSt3__213__vector_baseIP11ConsolePageNS_9allocatorIS2_EEEC2Ev)
                  0000e8ac    0000000c     I2C_monitor.obj (.text:_ZNSt3__213__vector_baseIP6I2cMsgNS_9allocatorIS2_EEEC2Ev)
                  0000e8b8    0000000c     console_task.obj (.text:_ZNSt3__216__to_raw_pointerIP11ConsolePageEEPT_S4_)
                  0000e8c4    0000000c     I2C_monitor.obj (.text:_ZNSt3__216__to_raw_pointerIP6I2cMsgEEPT_S4_)
                  0000e8d0    0000000c     console_task.obj (.text:_ZNSt3__217__compressed_pairIPP11ConsolePageNS_9allocatorIS2_EEE5firstEv)
                  0000e8dc    0000000c     console_task.obj (.text:_ZNSt3__217__compressed_pairIPP11ConsolePageNS_9allocatorIS2_EEE6secondEv)
                  0000e8e8    0000000c     console_task.obj (.text:_ZNSt3__217__compressed_pairIPP11ConsolePageRNS_9allocatorIS2_EEE5firstEv)
                  0000e8f4    0000000c     I2C_monitor.obj (.text:_ZNSt3__217__compressed_pairIPP6I2cMsgNS_9allocatorIS2_EEE5firstEv)
                  0000e900    0000000c     I2C_monitor.obj (.text:_ZNSt3__217__compressed_pairIPP6I2cMsgNS_9allocatorIS2_EEE6secondEv)
                  0000e90c    0000000c     I2C_task.obj (.text:_ZNSt3__217__compressed_pairIPP6I2cMsgRNS_9allocatorIS2_EEE5firstEv)
                  0000e918    0000000c     I2C_monitor.obj (.text:_ZNSt3__219__libcpp_deallocateEPv)
                  0000e924    0000000c     console_task.obj (.text:_ZNSt3__222__compressed_pair_elemINS_9allocatorIP11ConsolePageEELi1ELb1EE5__getEv)
                  0000e930    0000000c     console_task.obj (.text:_ZNSt3__222__compressed_pair_elemINS_9allocatorIP11ConsolePageEELi1ELb1EEC2Ev)
                  0000e93c    0000000c     I2C_monitor.obj (.text:_ZNSt3__222__compressed_pair_elemINS_9allocatorIP6I2cMsgEELi1ELb1EE5__getEv)
                  0000e948    0000000c     I2C_monitor.obj (.text:_ZNSt3__222__compressed_pair_elemINS_9allocatorIP6I2cMsgEELi1ELb1EEC2Ev)
                  0000e954    0000000c     console_task.obj (.text:_ZNSt3__222__compressed_pair_elemIPP11ConsolePageLi0ELb0EE5__getEv)
                  0000e960    0000000c     I2C_monitor.obj (.text:_ZNSt3__222__compressed_pair_elemIPP6I2cMsgLi0ELb0EE5__getEv)
                  0000e96c    0000000c     I2C_task.obj (.text:_ZNSt3__24moveIRP6I2cMsgEEONS_16remove_referenceIT_E4typeEOS5_)
                  0000e978    0000000c     console_task.obj (.text:_ZNSt3__24moveIRPP11ConsolePageEEONS_16remove_referenceIT_E4typeEOS6_)
                  0000e984    0000000c     I2C_task.obj (.text:_ZNSt3__24moveIRPP6I2cMsgEEONS_16remove_referenceIT_E4typeEOS6_)
                  0000e990    0000000c     I2C_monitor.obj (.text:_ZNSt3__26vectorIP6I2cMsgNS_9allocatorIS2_EEE27__invalidate_iterators_pastEPS2_)
                  0000e99c    0000000c     I2C_monitor.obj (.text:_ZNSt3__27forwardIDnEEOT_RNS_16remove_referenceIS1_E4typeE)
                  0000e9a8    0000000c     I2C_task.obj (.text:_ZNSt3__27forwardIP6I2cMsgEEOT_RNS_16remove_referenceIS3_E4typeE)
                  0000e9b4    0000000c     console_task.obj (.text:_ZNSt3__27forwardIRKP11ConsolePageEEOT_RNS_16remove_referenceIS5_E4typeE)
                  0000e9c0    0000000c     console_task.obj (.text:_ZNSt3__27forwardIRNS_9allocatorIP11ConsolePageEEEEOT_RNS_16remove_referenceIS6_E4typeE)
                  0000e9cc    0000000c     I2C_task.obj (.text:_ZNSt3__27forwardIRNS_9allocatorIP6I2cMsgEEEEOT_RNS_16remove_referenceIS6_E4typeE)
                  0000e9d8    0000000c     console_task.obj (.text:_ZNSt3__29allocatorIP11ConsolePageE7destroyEPS2_)
                  0000e9e4    0000000c     console_task.obj (.text:_ZNSt3__29allocatorIP11ConsolePageEC1Ev)
                  0000e9f0    0000000c     console_task.obj (.text:_ZNSt3__29allocatorIP11ConsolePageEC2Ev)
                  0000e9fc    0000000c     I2C_monitor.obj (.text:_ZNSt3__29allocatorIP6I2cMsgE7destroyEPS2_)
                  0000ea08    0000000c     I2C_monitor.obj (.text:_ZNSt3__29allocatorIP6I2cMsgEC1Ev)
                  0000ea14    0000000c     I2C_monitor.obj (.text:_ZNSt3__29allocatorIP6I2cMsgEC2Ev)
                  0000ea20    0000000c     rtsv7M4_T_le_v4SPD16_eabi.lib : copy_zero_init.c.obj (.text:decompress:ZI:__TI_zero_init)
                  0000ea2c    0000000c     tm4c123gh6pm_startup_ccs.obj (.text)
                  0000ea38    0000000a     I2C_monitor.obj (.text:_ZNSt3__220__throw_length_errorEPKc)
                  0000ea42    0000000a     console_task.obj (.text:_ZNSt3__26vectorIP11ConsolePageNS_9allocatorIS2_EEE24__RAII_IncreaseAnnotator6__doneEv)
                  0000ea4c    0000000a     console_task.obj (.text:_ZNSt3__26vectorIP11ConsolePageNS_9allocatorIS2_EEE26__invalidate_all_iteratorsEv)
                  0000ea56    0000000a     I2C_monitor.obj (.text:_ZNSt3__26vectorIP6I2cMsgNS_9allocatorIS2_EEE24__RAII_IncreaseAnnotator6__doneEv)
                  0000ea60    0000000a     I2C_monitor.obj (.text:_ZNSt3__26vectorIP6I2cMsgNS_9allocatorIS2_EEE26__invalidate_all_iteratorsEv)
                  0000ea6a    0000000a     rtsv7M4_T_le_v4SPD16_eabi.lib : sprintf.c.obj (.text:_outc)
                  0000ea74    00000008                                   : errno.c.obj (.text:__aeabi_errno_addr)
                  0000ea7c    00000008                                   : memory.c.obj (.text:malloc)
                  0000ea84    00000006     sysctl.obj (.text:SysCtlDelay)
                  0000ea8a    00000006     rtsv7M4_T_le_v4SPD16_eabi.lib : pure_virt.c.obj (.text:__cxa_pure_virtual)
                  0000ea90    00000004                                   : typeinfo.c.obj (.text:_ZN10__cxxabiv117__class_type_infoD1Ev)
                  0000ea94    00000004                                   : typeinfo.c.obj (.text:_ZN10__cxxabiv120__si_class_type_infoD1Ev)
                  0000ea98    00000004                                   : new.cpp.obj (.text:_ZdlPvj)
                  0000ea9c    00000004                                   : error.c.obj (.text:__abort_execution)
                  0000eaa0    00000004                                   : pre_init.c.obj (.text:_system_pre_init)
                  0000eaa4    00000004                                   : exit.c.obj (.text:abort:abort)

.const     0    0000eaa8    00000b3c     
                  0000eaa8    00000120     sysctl.obj (.const:g_pppui32XTALtoVCO)
                  0000ebc8    00000101     rtsv7M4_T_le_v4SPD16_eabi.lib : ctype.c.obj (.const:.string:_ctypes_)
                  0000ecc9    00000003     --HOLE-- [fill = 0]
                  0000eccc    000000c0     gpio.obj (.const:g_ppui32GPIOIntMapBlizzard)
                  0000ed8c    000000c0     gpio.obj (.const:g_ppui32GPIOIntMapSnowflake)
                  0000ee4c    0000009c     interrupt.obj (.const:g_pui32Regs)
                  0000eee8    00000090     gpio.obj (.const:g_pui32GPIOBaseAddrs)
                  0000ef78    0000006c     sysctl.obj (.const:g_pui32Xtals)
                  0000efe4    00000060     timer.obj (.const:g_ppui32TimerIntMap)
                  0000f044    00000050     i2c.obj (.const:g_ppui32I2CIntMapSnowflake)
                  0000f094    00000044     console_task.obj (.const:.string:_ZZNSt3__29allocatorIP11ConsolePageE8allocateEjPKvEs)
                  0000f0d8    00000044     I2C_monitor.obj (.const:.string:_ZZNSt3__29allocatorIP6I2cMsgE8allocateEjPKvEs)
                  0000f11c    00000040     timer.obj (.const:g_ppui32TimerIntMapSnowflake)
                  0000f15c    00000040     uart.obj (.const:g_ppui32UARTIntMap)
                  0000f19c    00000040     uart.obj (.const:g_ppui32UARTIntMapSnowflake)
                  0000f1dc    00000030     i2c.obj (.const:g_ppui32I2CIntMap)
                  0000f20c    00000030     sysctl.obj (.const:g_sXTALtoMEMTIM)
                  0000f23c    00000026     ADC_task.obj (.const:.string)
                  0000f262    00000002     --HOLE-- [fill = 0]
                  0000f264    00000026     GPIs.obj (.const:.string)
                  0000f28a    00000025     rtsv7M4_T_le_v4SPD16_eabi.lib : typeinfo.c.obj (.const:.typeinfo:_ZTSN10__cxxabiv120__si_class_type_infoE)
                  0000f2af    00000001     --HOLE-- [fill = 0]
                  0000f2b0    00000022     GPOs.obj (.const:.string)
                  0000f2d2    00000022     rtsv7M4_T_le_v4SPD16_eabi.lib : typeinfo.c.obj (.const:.typeinfo:_ZTSN10__cxxabiv117__class_type_infoE)
                  0000f2f4    00000020     interrupt.obj (.const:g_pui32Priority)
                  0000f314    00000018     I2C_monitor.obj (.const:.string)
                  0000f32c    00000014     console_task.obj (.const:_ZTV11ConsolePage)
                  0000f340    00000014     console_task.obj (.const:_ZTV11ConsoleTask)
                  0000f354    00000014     error_logger.obj (.const:_ZTV11ErrorLogger)
                  0000f368    00000014     task_manager.obj (.const:_ZTV11TaskManager)
                  0000f37c    00000014     I2C_monitor.obj (.const:_ZTV14I2cMonitorTask)
                  0000f390    00000014     I2C_sniffer.obj (.const:_ZTV14I2cSnifferTask)
                  0000f3a4    00000014     I2C_scripter.obj (.const:_ZTV15I2cScripterTask)
                  0000f3b8    00000014     I2C_task.obj (.const:_ZTV7I2cTask)
                  0000f3cc    00000014     test_task.obj (.const:_ZTV8TestTask)
                  0000f3e0    00000014     io_control_page.obj (.const:_ZTV9IoCtlPage)
                  0000f3f4    00000014     interrupt.obj (.const:g_pui32Dii16Regs)
                  0000f408    00000014     interrupt.obj (.const:g_pui32EnRegs)
                  0000f41c    00000014     interrupt.obj (.const:g_pui32PendRegs)
                  0000f430    00000014     interrupt.obj (.const:g_pui32UnpendRegs)
                  0000f444    00000012     uartstdio.obj (.const:.string)
                  0000f456    00000012     I2C_scripter.obj (.const:.typeinfo:_ZTS15I2cScripterTask)
                  0000f468    00000011     I2C_monitor.obj (.const:.typeinfo:_ZTS14I2cMonitorTask)
                  0000f479    00000011     I2C_sniffer.obj (.const:.typeinfo:_ZTS14I2cSnifferTask)
                  0000f48a    00000002     --HOLE-- [fill = 0]
                  0000f48c    00000010     rtsv7M4_T_le_v4SPD16_eabi.lib : typeinfo.c.obj (.const:_ZTVN10__cxxabiv117__class_type_infoE)
                  0000f49c    00000010                                   : typeinfo.c.obj (.const:_ZTVN10__cxxabiv120__si_class_type_infoE)
                  0000f4ac    0000000e     I2C_monitor.obj (.const:.typeinfo:_ZTS11ConsolePage)
                  0000f4ba    0000000e     console_task.obj (.const:.typeinfo:_ZTS11ConsoleTask)
                  0000f4c8    0000000e     error_logger.obj (.const:.typeinfo:_ZTS11ErrorLogger)
                  0000f4d6    0000000e     task_manager.obj (.const:.typeinfo:_ZTS11TaskManager)
                  0000f4e4    0000000d     rtsv7M4_T_le_v4SPD16_eabi.lib : stdlib_typeinfo.cpp.obj (.const:.typeinfo:_ZTSSt9type_info)
                  0000f4f1    00000003     --HOLE-- [fill = 0]
                  0000f4f4    0000000c     console_task.obj (.const:.typeinfo:_ZTI11ConsoleTask)
                  0000f500    0000000c     error_logger.obj (.const:.typeinfo:_ZTI11ErrorLogger)
                  0000f50c    0000000c     task_manager.obj (.const:.typeinfo:_ZTI11TaskManager)
                  0000f518    0000000c     I2C_monitor.obj (.const:.typeinfo:_ZTI14I2cMonitorTask)
                  0000f524    0000000c     I2C_sniffer.obj (.const:.typeinfo:_ZTI14I2cSnifferTask)
                  0000f530    0000000c     I2C_scripter.obj (.const:.typeinfo:_ZTI15I2cScripterTask)
                  0000f53c    0000000c     I2C_task.obj (.const:.typeinfo:_ZTI7I2cTask)
                  0000f548    0000000c     test_task.obj (.const:.typeinfo:_ZTI8TestTask)
                  0000f554    0000000c     io_control_page.obj (.const:.typeinfo:_ZTI9IoCtlPage)
                  0000f560    0000000c     rtsv7M4_T_le_v4SPD16_eabi.lib : typeinfo.c.obj (.const:.typeinfo:_ZTIN10__cxxabiv117__class_type_infoE)
                  0000f56c    0000000c                                   : typeinfo.c.obj (.const:.typeinfo:_ZTIN10__cxxabiv120__si_class_type_infoE)
                  0000f578    0000000c     uartstdio.obj (.const:g_ui32UARTBase)
                  0000f584    0000000c     uartstdio.obj (.const:g_ui32UARTPeriph)
                  0000f590    0000000b     io_control_page.obj (.const:.typeinfo:_ZTS9IoCtlPage)
                  0000f59b    0000000a     test_task.obj (.const:.typeinfo:_ZTS8TestTask)
                  0000f5a5    00000009     I2C_task.obj (.const:.typeinfo:_ZTS7I2cTask)
                  0000f5ae    00000002     --HOLE-- [fill = 0]
                  0000f5b0    00000008     I2C_monitor.obj (.const:.typeinfo:_ZTI11ConsolePage)
                  0000f5b8    00000008     rtsv7M4_T_le_v4SPD16_eabi.lib : stdlib_typeinfo.cpp.obj (.const:.typeinfo:_ZTISt9type_info)
                  0000f5c0    00000008     sysctl.obj (.const:g_pui32VCOFrequencies)
                  0000f5c8    00000008     port.obj (.const)
                  0000f5d0    00000007     rtsv7M4_T_le_v4SPD16_eabi.lib : vector.cpp.obj (.const:.string:_ZZNKSt3__220__vector_base_commonILb1EE20__throw_length_errorEvEs)
                  0000f5d7    00000001     --HOLE-- [fill = 0]
                  0000f5d8    00000006     no_booster_board.obj (.const:.string)
                  0000f5de    00000002     --HOLE-- [fill = 0]
                  0000f5e0    00000004     uartstdio.obj (.const)

.cinit     0    0000f5e8    000001a8     
                  0000f5e8    00000174     (.cinit..data.load) [load image, compression = lzss]
                  0000f75c    0000000c     (__TI_handler_table)
                  0000f768    00000008     (.cinit..bss.load) [load image, compression = zero_init]
                  0000f770    00000008     (.cinit..vtable.load) [load image, compression = zero_init]
                  0000f778    00000018     (__TI_cinit_table)

.init_array 
*          0    00000000    00000000     UNINITIALIZED

.vtable    0    20000000    0000026c     UNINITIALIZED
                  20000000    0000026c     interrupt.obj (.vtable)

.bss       0    2000026c    000043ac     UNINITIALIZED
                  2000026c    00003c00     (.common:ucHeap)
                  20003e6c    000004b0     error_logger.obj (.bss:errors)
                  2000431c    00000120     rtsv7M4_T_le_v4SPD16_eabi.lib : trgmsg.c.obj (.bss:_CIOBUF_)
                  2000443c    000000a0     (.common:__TI_tmpnams)
                  200044dc    00000064     tasks.obj (.bss:pxReadyTasksLists)
                  20004540    00000040     (.common:xQueueRegistry)
                  20004580    00000014     tasks.obj (.bss:xDelayedTaskList1)
                  20004594    00000014     tasks.obj (.bss:xDelayedTaskList2)
                  200045a8    00000014     tasks.obj (.bss:xPendingReadyList)
                  200045bc    00000014     tasks.obj (.bss:xSuspendedTaskList)
                  200045d0    00000014     tasks.obj (.bss:xTasksWaitingTermination)
                  200045e4    0000000c     (.common:bin_string)
                  200045f0    00000008     tasks.obj (.bss)
                  200045f8    00000008     heap_2.obj (.bss:xEnd)
                  20004600    00000008     heap_2.obj (.bss:xStart)
                  20004608    00000008     (.common:parmbuf)
                  20004610    00000004     console_uart.obj (.bss)
                  20004614    00000004     adc.obj (.bss:g_pui8OversampleFactor)

.stack     0    20004618    00000800     UNINITIALIZED
                  20004618    00000004     rtsv7M4_T_le_v4SPD16_eabi.lib : boot_cortex_m.c.obj (.stack)
                  2000461c    000007fc     --HOLE--

.data      0    20004e18    00000424     UNINITIALIZED
                  20004e18    000000f0     rtsv7M4_T_le_v4SPD16_eabi.lib : defs.c.obj (.data:_ftable)
                  20004f08    00000078                                   : host_device.c.obj (.data:_device)
                  20004f80    00000050                                   : host_device.c.obj (.data:_stream)
                  20004fd0    00000034     tasks.obj (.data)
                  20005004    00000024     no_booster_board.obj (.data:i2c0)
                  20005028    00000020     ADC_task.obj (.data:adc1)
                  20005048    00000020     ADC_task.obj (.data:adc2)
                  20005068    00000020     ADC_task.obj (.data:adc3)
                  20005088    00000020     ADC_task.obj (.data:adc4)
                  200050a8    00000020     ADC_task.obj (.data:adc5)
                  200050c8    00000018     GPOs.obj (.data:blue_led)
                  200050e0    00000018     GPIs.obj (.data:gpi_1)
                  200050f8    00000018     GPIs.obj (.data:gpi_2)
                  20005110    00000018     GPIs.obj (.data:gpi_3)
                  20005128    00000018     GPIs.obj (.data:gpi_4)
                  20005140    00000018     GPIs.obj (.data:gpi_5)
                  20005158    00000018     GPOs.obj (.data:green_led)
                  20005170    00000018     GPOs.obj (.data:red_led)
                  20005188    00000014     ADC_task.obj (.data:board_adc_pins)
                  2000519c    00000014     GPIs.obj (.data:board_gpi_pins)
                  200051b0    00000010     I2C_monitor.obj (.data:format_types)
                  200051c0    00000010     rtsv7M4_T_le_v4SPD16_eabi.lib : defs.c.obj (.data)
                  200051d0    0000000c                                   : exit.c.obj (.data:$O1$$)
                  200051dc    0000000c     GPOs.obj (.data:gpos)
                  200051e8    0000000c     port.obj (.data)
                  200051f4    00000008     rtsv7M4_T_le_v4SPD16_eabi.lib : _lock.c.obj (.data:$O1$$)
                  200051fc    00000008                                   : memory.c.obj (.data:$O1$$)
                  20005204    00000008     ADC_task.obj (.data:adc_pin_struct)
                  2000520c    00000008     GPIs.obj (.data:board_gpi_info)
                  20005214    00000008     GPOs.obj (.data:board_gpo_info)
                  2000521c    00000008     error_logger.obj (.data)
                  20005224    00000008     heap_2.obj (.data)
                  2000522c    00000005     uartstdio.obj (.data)
                  20005231    00000001     I2C_sniffer.obj (.data)
                  20005232    00000002     --HOLE--
                  20005234    00000004     ADC_task.obj (.data)
                  20005238    00000004     rtsv7M4_T_le_v4SPD16_eabi.lib : errno.c.obj (.data)

.sysmem    0    20005240    00000010     UNINITIALIZED
                  20005240    00000010     rtsv7M4_T_le_v4SPD16_eabi.lib : memory.c.obj (.sysmem)

__llvm_prf_cnts 
*          0    20000000    00000000     UNINITIALIZED

MODULE SUMMARY

       Module                         code    ro data   rw data
       ------                         ----    -------   -------
    .\
       ADC_task.obj                   652     38        15552  
       I2C_task.obj                   5512    41        0      
       I2C_monitor.obj                3431    163       28     
       console_task.obj               3342    134       0      
       error_logger.obj               556     46        1208   
       I2C_scripter.obj               1264    50        0      
       io_control_page.obj            924     43        0      
       GPIs.obj                       532     38        148    
       task_manager.obj               656     46        0      
       I2C_sniffer.obj                648     49        1      
       tm4c123gh6pm_startup_ccs.obj   12      620       0      
       heap_2.obj                     508     0         24     
       GPOs.obj                       388     34        92     
       no_booster_board.obj           440     6         36     
       console_uart.obj               252     0         4      
       text_controls.obj              210     0         0      
       test_task.obj                  144     42        0      
       utils.obj                      82      0         0      
       main.obj                       60      0         0      
       memory_functions.obj           48      0         0      
       hooks.obj                      42      0         0      
    +--+------------------------------+-------+---------+---------+
       Total:                         19703   1350      17093  
                                                               
    .\FreeRTOS\
       tasks.obj                      7644    0         260    
       queue.obj                      4008    0         64     
       list.obj                       298     0         0      
    +--+------------------------------+-------+---------+---------+
       Total:                         11950   0         324    
                                                               
    .\FreeRTOS\portable\CCS\ARM_CM4F\
       port.obj                       652     8         12     
       portasm.obj                    218     0         0      
    +--+------------------------------+-------+---------+---------+
       Total:                         870     8         12     
                                                               
    .\driverlib\
       sysctl.obj                     3834    452       0      
       gpio.obj                       2952    528       0      
       adc.obj                        1986    0         4      
       interrupt.obj                  960     268       620    
       i2c.obj                        1692    128       0      
       timer.obj                      1602    160       0      
       uart.obj                       1560    128       0      
       fpu.obj                        192     0         0      
       cpu.obj                        62      0         0      
    +--+------------------------------+-------+---------+---------+
       Total:                         14840   1664      624    
                                                               
    .\utils\
       uartstdio.obj                  1192    46        5      
    +--+------------------------------+-------+---------+---------+
       Total:                         1192    46        5      
                                                               
    C:\ti\ccs1020\ccs\tools\compiler\ti-cgt-arm_20.2.2.LTS\lib\rtsv7M4_T_le_v4SPD16_eabi.lib
       _printfi.c.obj                 4851    0         0      
       memory.c.obj                   672     0         8      
       fd_add_t2.asm.obj              438     0         0      
       defs.c.obj                     0       0         416    
       trgmsg.c.obj                   108     0         288    
       fd_div_t2.asm.obj              310     0         0      
       fputs.c.obj                    276     0         0      
       s_scalbn.c.obj                 272     0         0      
       fd_cmp_t2.asm.obj              268     0         0      
       ctype.c.obj                    0       257       0      
       fd_mul_t2.asm.obj              252     0         0      
       setvbuf.c.obj                  220     0         0      
       fflush.c.obj                   200     0         0      
       host_device.c.obj              0       0         200    
       typeinfo.c.obj                 36      127       0      
       memcpy_t2.asm.obj              156     0         0      
       ull_div_t2.asm.obj             150     0         0      
       memset_t2.asm.obj              122     0         0      
       fclose.c.obj                   116     0         0      
       getdevice.c.obj                116     0         0      
       hostrename.c.obj               108     0         0      
       copy_decompress_lzss.c.obj     104     0         0      
       hostlseek.c.obj                104     0         0      
       hostopen.c.obj                 96      0         8      
       fseek.c.obj                    100     0         0      
       s_frexp.c.obj                  100     0         0      
       _io_perm.c.obj                 98      0         0      
       sprintf.c.obj                  98      0         0      
       close.c.obj                    92      0         0      
       exit.c.obj                     76      0         12     
       hostread.c.obj                 88      0         0      
       hostwrite.c.obj                88      0         0      
       _ltoa.c.obj                    84      0         0      
       atoi.c.obj                     76      0         0      
       fd_toi_t2.asm.obj              72      0         0      
       autoinit.c.obj                 68      0         0      
       hostclose.c.obj                68      0         0      
       hostunlink.c.obj               68      0         0      
       u_divt2.asm.obj                64      0         0      
       strncpy.c.obj                  54      0         0      
       boot_cortex_m.c.obj            52      0         0      
       fopen.c.obj                    52      0         0      
       i_tofd_t2.asm.obj              46      0         0      
       unlink.c.obj                   44      0         0      
       lseek.c.obj                    40      0         0      
       memmov.c.obj                   40      0         0      
       write.c.obj                    40      0         0      
       memchr.c.obj                   32      0         0      
       assert.c.obj                   28      0         0      
       memccpy.c.obj                  28      0         0      
       s_copysign.c.obj               26      0         0      
       strcmp.c.obj                   24      0         0      
       stdlib_typeinfo.cpp.obj        2       21        0      
       strchr.c.obj                   22      0         0      
       vector.cpp.obj                 14      7         0      
       strcpy.c.obj                   20      0         0      
       strlen.c.obj                   20      0         0      
       wcslen.c.obj                   18      0         0      
       copy_decompress_none.c.obj     14      0         0      
       copy_zero_init.c.obj           12      0         0      
       errno.c.obj                    8       0         4      
       _lock.c.obj                    2       0         8      
       pure_virt.c.obj                6       0         0      
       error.c.obj                    4       0         0      
       new.cpp.obj                    4       0         0      
       pre_init.c.obj                 4       0         0      
       div0.asm.obj                   2       0         0      
    +--+------------------------------+-------+---------+---------+
       Total:                         10873   412       944    
                                                               
       Heap:                          0       0         16     
       Stack:                         0       0         2048   
       Linker Generated:              0       424       0      
    +--+------------------------------+-------+---------+---------+
       Grand Total:                   59428   3904      21066  


LINKER GENERATED COPY TABLES

__TI_cinit_table @ 0000f778 records: 3, size/record: 8, table size: 24
	.data: load addr=0000f5e8, load size=00000174 bytes, run addr=20004e18, run size=00000424 bytes, compression=lzss
	.bss: load addr=0000f768, load size=00000008 bytes, run addr=2000026c, run size=000043ac bytes, compression=zero_init
	.vtable: load addr=0000f770, load size=00000008 bytes, run addr=20000000, run size=0000026c bytes, compression=zero_init


LINKER GENERATED HANDLER TABLE

__TI_handler_table @ 0000f75c records: 3, size/record: 4, table size: 12
	index: 0, handler: __TI_zero_init
	index: 1, handler: __TI_decompress_lzss
	index: 2, handler: __TI_decompress_none


GLOBAL SYMBOLS: SORTED ALPHABETICALLY BY Name 

address   name                                                                                                                                                                                                                                                                             
-------   ----                                                                                                                                                                                                                                                                             
00006d35  ADCBusy                                                                                                                                                                                                                                                                          
00006d7d  ADCClockConfigGet                                                                                                                                                                                                                                                                
00006d53  ADCClockConfigSet                                                                                                                                                                                                                                                                
00006b4f  ADCComparatorConfigure                                                                                                                                                                                                                                                           
00006c1f  ADCComparatorIntClear                                                                                                                                                                                                                                                            
00006bd5  ADCComparatorIntDisable                                                                                                                                                                                                                                                          
00006bf3  ADCComparatorIntEnable                                                                                                                                                                                                                                                           
00006c11  ADCComparatorIntStatus                                                                                                                                                                                                                                                           
00006b6b  ADCComparatorRegionSet                                                                                                                                                                                                                                                           
00006b8f  ADCComparatorReset                                                                                                                                                                                                                                                               
00006b1d  ADCHardwareOversampleConfigure                                                                                                                                                                                                                                                   
00006733  ADCIntClear                                                                                                                                                                                                                                                                      
00006c97  ADCIntClearEx                                                                                                                                                                                                                                                                    
00006699  ADCIntDisable                                                                                                                                                                                                                                                                    
00006c31  ADCIntDisableEx                                                                                                                                                                                                                                                                  
000066b5  ADCIntEnable                                                                                                                                                                                                                                                                     
00006c49  ADCIntEnableEx                                                                                                                                                                                                                                                                   
00006653  ADCIntRegister                                                                                                                                                                                                                                                                   
000066db  ADCIntStatus                                                                                                                                                                                                                                                                     
00006c65  ADCIntStatusEx                                                                                                                                                                                                                                                                   
0000667b  ADCIntUnregister                                                                                                                                                                                                                                                                 
00006cef  ADCPhaseDelayGet                                                                                                                                                                                                                                                                 
00006cdd  ADCPhaseDelaySet                                                                                                                                                                                                                                                                 
00006993  ADCProcessorTrigger                                                                                                                                                                                                                                                              
00006ccb  ADCReferenceGet                                                                                                                                                                                                                                                                  
00006caf  ADCReferenceSet                                                                                                                                                                                                                                                                  
0000677d  ADCSequenceConfigure                                                                                                                                                                                                                                                             
00006d19  ADCSequenceDMADisable                                                                                                                                                                                                                                                            
00006cfd  ADCSequenceDMAEnable                                                                                                                                                                                                                                                             
00006951  ADCSequenceDataGet                                                                                                                                                                                                                                                               
00006763  ADCSequenceDisable                                                                                                                                                                                                                                                               
00006749  ADCSequenceEnable                                                                                                                                                                                                                                                                
000068f5  ADCSequenceOverflow                                                                                                                                                                                                                                                              
0000690d  ADCSequenceOverflowClear                                                                                                                                                                                                                                                         
00006801  ADCSequenceStepConfigure                                                                                                                                                                                                                                                         
00006923  ADCSequenceUnderflow                                                                                                                                                                                                                                                             
0000693b  ADCSequenceUnderflowClear                                                                                                                                                                                                                                                        
000069b7  ADCSoftwareOversampleConfigure                                                                                                                                                                                                                                                   
00006aaf  ADCSoftwareOversampleDataGet                                                                                                                                                                                                                                                     
000069ef  ADCSoftwareOversampleStepConfigure                                                                                                                                                                                                                                               
0000eaa5  C$$EXIT                                                                                                                                                                                                                                                                          
0000daab  C$$IO$$                                                                                                                                                                                                                                                                          
0000d94b  CPUbasepriGet                                                                                                                                                                                                                                                                    
0000d93d  CPUbasepriSet                                                                                                                                                                                                                                                                    
0000d917  CPUcpsid                                                                                                                                                                                                                                                                         
0000d92d  CPUcpsie                                                                                                                                                                                                                                                                         
0000d923  CPUprimask                                                                                                                                                                                                                                                                       
0000d939  CPUwfi                                                                                                                                                                                                                                                                           
0000c3bb  FPUDisable                                                                                                                                                                                                                                                                       
0000c3a9  FPUEnable                                                                                                                                                                                                                                                                        
0000c427  FPUFlushToZeroModeSet                                                                                                                                                                                                                                                            
0000c3f3  FPUHalfPrecisionModeSet                                                                                                                                                                                                                                                          
0000c3db  FPULazyStackingEnable                                                                                                                                                                                                                                                            
0000c40d  FPUNaNModeSet                                                                                                                                                                                                                                                                    
0000c441  FPURoundingModeSet                                                                                                                                                                                                                                                               
0000c3e7  FPUStackingDisable                                                                                                                                                                                                                                                               
0000c3c9  FPUStackingEnable                                                                                                                                                                                                                                                                
00005b83  GPIOADCTriggerDisable                                                                                                                                                                                                                                                            
00005b65  GPIOADCTriggerEnable                                                                                                                                                                                                                                                             
00005b47  GPIODMATriggerDisable                                                                                                                                                                                                                                                            
00005b29  GPIODMATriggerEnable                                                                                                                                                                                                                                                             
[...]
0000f468  _ZTS14I2cMonitorTask                                                                                                                                                                                                                                                             
0000f479  _ZTS14I2cSnifferTask                                                                                                                                                                                                                                                             
0000f48c  _ZTVN10__cxxabiv117__class_type_infoE                                                                                                                                                                                                                                            
0000f49c  _ZTVN10__cxxabiv120__si_class_type_infoE                                                                                                                                                                                                                                         
0000f4ac  _ZTS11ConsolePage                                                                                                                                                                                                                                                                
0000f4ba  _ZTS11ConsoleTask                                                                                                                                                                                                                                                                
0000f4c8  _ZTS11ErrorLogger                                                                                                                                                                                                                                                                
0000f4d6  _ZTS11TaskManager                                                                                                                                                                                                                                                                
0000f4e4  _ZTSSt9type_info                                                                                                                                                                                                                                                                 
0000f4f4  _ZTI11ConsoleTask                                                                                                                                                                                                                                                                
0000f500  _ZTI11ErrorLogger                                                                                                                                                                                                                                                                
0000f50c  _ZTI11TaskManager                                                                                                                                                                                                                                                                
0000f518  _ZTI14I2cMonitorTask                                                                                                                                                                                                                                                             
0000f524  _ZTI14I2cSnifferTask                                                                                                                                                                                                                                                             
0000f530  _ZTI15I2cScripterTask                                                                                                                                                                                                                                                            
0000f53c  _ZTI7I2cTask                                                                                                                                                                                                                                                                     
0000f548  _ZTI8TestTask                                                                                                                                                                                                                                                                    
0000f554  _ZTI9IoCtlPage                                                                                                                                                                                                                                                                   
0000f560  _ZTIN10__cxxabiv117__class_type_infoE                                                                                                                                                                                                                                            
0000f56c  _ZTIN10__cxxabiv120__si_class_type_infoE                                                                                                                                                                                                                                         
0000f590  _ZTS9IoCtlPage                                                                                                                                                                                                                                                                   
0000f59b  _ZTS8TestTask                                                                                                                                                                                                                                                                    
0000f5a5  _ZTS7I2cTask                                                                                                                                                                                                                                                                     
0000f5b0  _ZTI11ConsolePage                                                                                                                                                                                                                                                                
0000f5b8  _ZTISt9type_info                                                                                                                                                                                                                                                                 
0000f5c8  ulMaxSyscallInterruptPriority                                                                                                                                                                                                                                                    
0000f5d0  _ZZNKSt3__220__vector_base_commonILb1EE20__throw_length_errorEvEs                                                                                                                                                                                                                
0000f75c  __TI_Handler_Table_Base                                                                                                                                                                                                                                                          
0000f768  __TI_Handler_Table_Limit                                                                                                                                                                                                                                                         
0000f778  __TI_CINIT_Base                                                                                                                                                                                                                                                                  
0000f790  __TI_CINIT_Limit                                                                                                                                                                                                                                                                 
20000000  __start___llvm_prf_cnts                                                                                                                                                                                                                                                          
20000000  __stop___llvm_prf_cnts                                                                                                                                                                                                                                                           
20000000  g_pfnRAMVectors                                                                                                                                                                                                                                                                  
2000026c  ucHeap                                                                                                                                                                                                                                                                           
2000431c  __CIOBUF_                                                                                                                                                                                                                                                                        
2000443c  __TI_tmpnams                                                                                                                                                                                                                                                                     
20004540  xQueueRegistry                                                                                                                                                                                                                                                                   
200045e4  bin_string                                                                                                                                                                                                                                                                       
20004608  parmbuf                                                                                                                                                                                                                                                                          
20004618  __stack                                                                                                                                                                                                                                                                          
20004818  __STACK_TOP                                                                                                                                                                                                                                                                      
20004e18  __STACK_END                                                                                                                                                                                                                                                                      
20004e18  _ftable                                                                                                                                                                                                                                                                          
20004f08  _device                                                                                                                                                                                                                                                                          
20004f80  _stream                                                                                                                                                                                                                                                                          
20004fd0  pxCurrentTCB                                                                                                                                                                                                                                                                     
200051c0  __TI_ft_end                                                                                                                                                                                                                                                                      
200051c4  __aeabi_stdin                                                                                                                                                                                                                                                                    
200051c8  __aeabi_stdout                                                                                                                                                                                                                                                                   
200051cc  __aeabi_stderr                                                                                                                                                                                                                                                                   
200051d0  __TI_cleanup_ptr                                                                                                                                                                                                                                                                 
200051d4  __TI_dtors_ptr                                                                                                                                                                                                                                                                   
200051d8  __TI_enable_exit_profile_output                                                                                                                                                                                                                                                  
200051f4  _lock                                                                                                                                                                                                                                                                            
200051f8  _unlock                                                                                                                                                                                                                                                                          
20005204  adc_pin_struct                                                                                                                                                                                                                                                                   
2000520c  board_gpi_info                                                                                                                                                                                                                                                                   
20005214  board_gpo_info                                                                                                                                                                                                                                                                   
20005220  _ZN11ErrorLogger3objE                                                                                                                                                                                                                                                            
20005238  errno                                                                                                                                                                                                                                                                            
20005240  _sys_memory                                                                                                                                                                                                                                                                      
ffffffff  __TI_pprof_out_hndl                                                                                                                                                                                                                                                              
ffffffff  __TI_prof_data_size                                                                                                                                                                                                                                                              
ffffffff  __TI_prof_data_start                                                                                                                                                                                                                                                             
ffffffff  __binit__                                                                                                                                                                                                                                                                        
ffffffff  __c_args__                                                                                                                                                                                                                                                                       
ffffffff  binit                                                                                                                                                                                                                                                                            
UNDEFED   __mpu_init                                                                                                                                                                                                                                                                       
UNDEFED   _system_post_cinit                                                                                                                                                                                                                                                               

[897 symbols]
