******************************************************************************
                  TI ARM Linker PC v20.2.2                     
******************************************************************************
>> Linked Thu Aug  5 17:04:09 2021

OUTPUT FILE NAME:   <MicroMasterTM4C123G.out>
ENTRY POINT SYMBOL: "_c_int00_noargs"  address: 0000e821


MEMORY CONFIGURATION

         name            origin    length      used     unused   attr    fill
----------------------  --------  ---------  --------  --------  ----  --------
  FLASH                 00000000   00040000  00010980  0002f680  R  X
  SRAM                  20000000   00008000  00005260  00002da0  RW X


SEGMENT ALLOCATION MAP

run origin  load origin   length   init length attrs members
----------  ----------- ---------- ----------- ----- -------
00000000    00000000    00010980   00010980    r-x
  00000000    00000000    0000026c   0000026c    r-- .intvecs
  0000026c    0000026c    0000f944   0000f944    r-x .text
  0000fbb0    0000fbb0    00000c20   00000c20    r-- .const
  000107d0    000107d0    000001b0   000001b0    r-- .cinit
20000000    20000000    00005260   00000000    rw-
  20000000    20000000    0000026c   00000000    rw- .vtable
  2000026c    2000026c    000043a4   00000000    rw- .bss
  20004610    20004610    00000800   00000000    rw- .stack
  20004e10    20004e10    00000440   00000000    rw- .data
  20005250    20005250    00000010   00000000    rw- .sysmem


SECTION ALLOCATION MAP

 output                                  attributes/
section   page    origin      length       input sections
--------  ----  ----------  ----------   ----------------
.intvecs   0    00000000    0000026c     
                  00000000    0000026c     tm4c123gh6pm_startup_ccs.obj (.intvecs)

.text      0    0000026c    0000f944     
                  0000026c    00001ddc     tasks.obj (.text)
                  00002048    000011e2     I2C_task.obj (.text)
                  0000322a    00000002     rtsv7M4_T_le_v4SPD16_eabi.lib : vector.cpp.obj (.text:_ZNSt3__220__vector_base_commonILb1EEC2Ev)
                  0000322c    00000fa8     queue.obj (.text)
                  000041d4    00000ef4     sysctl.obj (.text)
                  000050c8    00000b88     gpio.obj (.text)
                  00005c50    00000a4e     rtsv7M4_T_le_v4SPD16_eabi.lib : _printfi.c.obj (.text:__TI_printfi)
                  0000669e    00000002                                   : stdlib_typeinfo.cpp.obj (.text:_ZNSt9type_infoD1Ev)
                  000066a0    000007c2     adc.obj (.text)
                  00006e62    00000002     rtsv7M4_T_le_v4SPD16_eabi.lib : _lock.c.obj (.text:_nop)
                  00006e64    0000069c     i2c.obj (.text)
                  00007500    00000646     console_task.obj (.text)
                  00007b46    00000002     rtsv7M4_T_le_v4SPD16_eabi.lib : div0.asm.obj (.text)
                  00007b48    00000642     timer.obj (.text)
                  0000818a    00000002     --HOLE-- [fill = 0]
                  0000818c    00000618     uart.obj (.text)
                  000087a4    00000595     I2C_monitor.obj (.text)
                  00008d39    00000003     --HOLE-- [fill = 0]
                  00008d3c    0000050c     I2C_scripter.obj (.text)
                  00009248    000004a8     uartstdio.obj (.text)
                  000096f0    00000454     heap_4.obj (.text)
                  00009b44    00000402     menu_page.obj (.text)
                  00009f46    00000002     --HOLE-- [fill = 0]
                  00009f48    000003c0     interrupt.obj (.text)
                  0000a308    000003b0     io_control_page.obj (.text)
                  0000a6b8    000002a4     task_manager.obj (.text)
                  0000a95c    0000029c     I2C_sniffer.obj (.text)
                  0000abf8    0000028c     ADC_task.obj (.text)
                  0000ae84    0000028c     port.obj (.text)
                  0000b110    00000270     rtsv7M4_T_le_v4SPD16_eabi.lib : _printfi.c.obj (.text:_pconv_a)
                  0000b380    00000240     error_logger.obj (.text)
                  0000b5c0    00000240     no_booster_board.obj (.text)
                  0000b800    00000214     GPIs.obj (.text)
                  0000ba14    000001d4     GPOs.obj (.text)
                  0000bbe8    000001d0     rtsv7M4_T_le_v4SPD16_eabi.lib : _printfi.c.obj (.text:_pconv_g)
                  0000bdb8    000001b6                                   : fd_add_t2.asm.obj (.text)
                  0000bf6e    00000002     --HOLE-- [fill = 0]
                  0000bf70    0000013c                                   : _printfi.c.obj (.text:_pconv_e)
                  0000c0ac    00000136                                   : fd_div_t2.asm.obj (.text)
                  0000c1e2    0000012a     list.obj (.text)
                  0000c30c    00000124     rtsv7M4_T_le_v4SPD16_eabi.lib : _printfi.c.obj (.text:fcvt)
                  0000c430    00000114                                   : fputs.c.obj (.text:fputs)
                  0000c544    00000110                                   : s_scalbn.c.obj (.text:scalbn)
                  0000c654    00000100                                   : memory.c.obj (.text:aligned_alloc)
                  0000c754    000000fc     console_uart.obj (.text)
                  0000c850    000000fc     rtsv7M4_T_le_v4SPD16_eabi.lib : fd_mul_t2.asm.obj (.text)
                  0000c94c    000000e4                                   : memory.c.obj (.text:free)
                  0000ca30    000000e4     test_task.obj (.text)
                  0000cb14    000000dc     rtsv7M4_T_le_v4SPD16_eabi.lib : setvbuf.c.obj (.text:setvbuf)
                  0000cbf0    000000da     portasm.obj (.text)
                  0000ccca    00000002     --HOLE-- [fill = 0]
                  0000cccc    000000d2     text_controls.obj (.text)
                  0000cd9e    00000002     --HOLE-- [fill = 0]
                  0000cda0    000000c0     fpu.obj (.text)
                  0000ce60    000000b1     rtsv7M4_T_le_v4SPD16_eabi.lib : _printfi.c.obj (.text:_ltostr)
                  0000cf11    00000001     --HOLE-- [fill = 0]
                  0000cf12    000000b0     I2C_monitor.obj (.text:_ZNSt3__26vectorIP6I2cMsgNS_9allocatorIS2_EEE6assignIPS2_EENS_9enable_ifIXaasr3std3__221__is_forward_iteratorIT_EE5valuesr3std3__216is_constructibleIS2_JNS_15iterator_traitsIS9_E9referenceEEEE5valueEvE4typeES9_S9_)
                  0000cfc2    0000009c     rtsv7M4_T_le_v4SPD16_eabi.lib : memcpy_t2.asm.obj (.text)
                  0000d05e    00000096                                   : ull_div_t2.asm.obj (.text)
                  0000d0f4    00000086                                   : fd_cmp_t2.asm.obj (.text:__aeabi_cdcmple)
                  0000d17a    00000086                                   : fd_cmp_t2.asm.obj (.text:__aeabi_cdrcmple)
                  0000d200    0000007c                                   : fflush.c.obj (.text:fflush)
                  0000d27c    0000007a                                   : memset_t2.asm.obj (.text)
                  0000d2f6    00000002     --HOLE-- [fill = 0]
                  0000d2f8    00000074                                   : fclose.c.obj (.text:__TI_closefile)
                  0000d36c    00000070                                   : memory.c.obj (.text:split)
                  0000d3dc    0000006e                                   : _printfi.c.obj (.text:_mcpy)
                  0000d44a    00000002     --HOLE-- [fill = 0]
                  0000d44c    0000006c                                   : hostrename.c.obj (.text:HOSTrename)
                  0000d4b8    0000006c     console_task.obj (.text:_ZNSt3__26vectorIP11ConsolePageNS_9allocatorIS2_EEE26__swap_out_circular_bufferERNS_14__split_bufferIS2_RS4_EE)
                  0000d524    0000006c     I2C_task.obj (.text:_ZNSt3__26vectorIP6I2cMsgNS_9allocatorIS2_EEE26__swap_out_circular_bufferERNS_14__split_bufferIS2_RS4_EE)
                  0000d590    0000006c     menu_page.obj (.text:_ZNSt3__26vectorIP7MenuRowNS_9allocatorIS2_EEE26__swap_out_circular_bufferERNS_14__split_bufferIS2_RS4_EE)
                  0000d5fc    00000068     rtsv7M4_T_le_v4SPD16_eabi.lib : hostlseek.c.obj (.text:HOSTlseek)
                  0000d664    00000068                                   : copy_decompress_lzss.c.obj (.text:decompress:lzss:__TI_decompress_lzss)
                  0000d6cc    00000064     console_task.obj (.text:_ZNSt3__26vectorIP11ConsolePageNS_9allocatorIS2_EEE21__push_back_slow_pathIRKS2_EEvOT_)
                  0000d730    00000064     I2C_task.obj (.text:_ZNSt3__26vectorIP6I2cMsgNS_9allocatorIS2_EEE21__push_back_slow_pathIS2_EEvOT_)
                  0000d794    00000064     menu_page.obj (.text:_ZNSt3__26vectorIP7MenuRowNS_9allocatorIS2_EEE21__push_back_slow_pathIRKS2_EEvOT_)
                  0000d7f8    00000064     rtsv7M4_T_le_v4SPD16_eabi.lib : s_frexp.c.obj (.text:frexp)
                  0000d85c    00000064                                   : fseek.c.obj (.text:fseek)
                  0000d8c0    00000062     I2C_task.obj (.text:_ZNSt3__26vectorIP6I2cMsgNS_9allocatorIS2_EEE9push_backEOS2_)
                  0000d922    00000062     rtsv7M4_T_le_v4SPD16_eabi.lib : _io_perm.c.obj (.text:__TI_wrt_ok)
                  0000d984    00000060                                   : hostopen.c.obj (.text:HOSTopen)
                  0000d9e4    00000060     console_task.obj (.text:_ZNSt3__214__split_bufferIP11ConsolePageRNS_9allocatorIS2_EEEC1EjjS5_)
                  0000da44    00000060     I2C_task.obj (.text:_ZNSt3__214__split_bufferIP6I2cMsgRNS_9allocatorIS2_EEEC1EjjS5_)
                  0000daa4    00000060     menu_page.obj (.text:_ZNSt3__214__split_bufferIP7MenuRowRNS_9allocatorIS2_EEEC1EjjS5_)
                  0000db04    00000060     utils.obj (.text)
                  0000db64    0000005c     rtsv7M4_T_le_v4SPD16_eabi.lib : close.c.obj (.text:close)
                  0000dbc0    00000058                                   : hostread.c.obj (.text:HOSTread)
                  0000dc18    00000058                                   : hostwrite.c.obj (.text:HOSTwrite)
                  0000dc70    00000056     console_task.obj (.text:_ZNKSt3__26vectorIP11ConsolePageNS_9allocatorIS2_EEE17__annotate_deleteEv)
                  0000dcc6    00000056     I2C_task.obj (.text:_ZNKSt3__26vectorIP6I2cMsgNS_9allocatorIS2_EEE17__annotate_deleteEv)
                  0000dd1c    00000056     menu_page.obj (.text:_ZNKSt3__26vectorIP7MenuRowNS_9allocatorIS2_EEE17__annotate_deleteEv)
                  0000dd72    00000056     console_task.obj (.text:_ZNSt3__26vectorIP11ConsolePageNS_9allocatorIS2_EEE9push_backERKS2_)
                  0000ddc8    00000056     menu_page.obj (.text:_ZNSt3__26vectorIP7MenuRowNS_9allocatorIS2_EEE9push_backERKS2_)
                  0000de1e    00000056     rtsv7M4_T_le_v4SPD16_eabi.lib : _printfi.c.obj (.text:_pconv_f)
                  0000de74    00000054     console_task.obj (.text:_ZNKSt3__26vectorIP11ConsolePageNS_9allocatorIS2_EEE14__annotate_newEj)
                  0000dec8    00000054     I2C_monitor.obj (.text:_ZNKSt3__26vectorIP6I2cMsgNS_9allocatorIS2_EEE14__annotate_newEj)
                  0000df1c    00000054     menu_page.obj (.text:_ZNKSt3__26vectorIP7MenuRowNS_9allocatorIS2_EEE14__annotate_newEj)
                  0000df70    00000054     rtsv7M4_T_le_v4SPD16_eabi.lib : _ltoa.c.obj (.text:__TI_ltoa)
                  0000dfc4    00000052     I2C_monitor.obj (.text:_ZNKSt3__26vectorIP6I2cMsgNS_9allocatorIS2_EEE17__annotate_shrinkEj)
                  0000e016    00000052     rtsv7M4_T_le_v4SPD16_eabi.lib : _printfi.c.obj (.text:_ecpy)
                  0000e068    0000004c                                   : fflush.c.obj (.text:__TI_doflush)
                  0000e0b4    0000004c                                   : atoi.c.obj (.text:atoi)
                  0000e100    0000004a     console_task.obj (.text:_ZNKSt3__26vectorIP11ConsolePageNS_9allocatorIS2_EEE11__recommendEj)
                  0000e14a    0000004a     I2C_monitor.obj (.text:_ZNKSt3__26vectorIP6I2cMsgNS_9allocatorIS2_EEE11__recommendEj)
                  0000e194    0000004a     menu_page.obj (.text:_ZNKSt3__26vectorIP7MenuRowNS_9allocatorIS2_EEE11__recommendEj)
                  0000e1de    00000048     I2C_monitor.obj (.text:_ZNSt3__26vectorIP6I2cMsgNS_9allocatorIS2_EEE8allocateEj)
                  0000e226    00000002     --HOLE-- [fill = 0]
                  0000e228    00000048     rtsv7M4_T_le_v4SPD16_eabi.lib : exit.c.obj (.text:exit)
                  0000e270    00000048                                   : fd_toi_t2.asm.obj (.text)
                  0000e2b8    00000044                                   : hostclose.c.obj (.text:HOSTclose)
                  0000e2fc    00000044                                   : hostunlink.c.obj (.text:HOSTunlink)
                  0000e340    00000044                                   : autoinit.c.obj (.text:__TI_auto_init_nobinit_nopinit:__TI_auto_init_nobinit_nopinit)
                  0000e384    00000044                                   : getdevice.c.obj (.text:getdevice)
                  0000e3c8    00000040     I2C_monitor.obj (.text:_ZNSt3__213__vector_baseIP6I2cMsgNS_9allocatorIS2_EEE17__destruct_at_endEPS2_)
                  0000e408    00000040     I2C_monitor.obj (.text:_ZNSt3__26vectorIP6I2cMsgNS_9allocatorIS2_EEE10deallocateEv)
                  0000e448    00000040     rtsv7M4_T_le_v4SPD16_eabi.lib : u_divt2.asm.obj (.text)
                  0000e488    00000040                                   : sprintf.c.obj (.text:sprintf)
                  0000e4c8    0000003e                                   : _printfi.c.obj (.text:_fcpy)
                  0000e506    0000003e     cpu.obj (.text)
                  0000e544    0000003c     console_task.obj (.text:_ZNSt3__216allocator_traitsINS_9allocatorIP11ConsolePageEEE20__construct_backwardIS3_EENS_9enable_ifIXaaoosr3std3__27is_sameIS4_NS1_IT_EEEE5valuentsr3std3__215__has_constructIS4_PS8_JS8_EEE5valuesr3std3__231is_trivially_move_constructibleIS8_EE5valueEvE4typeERS4_SA_SA_RSA_)
                  0000e580    0000003c     I2C_task.obj (.text:_ZNSt3__216allocator_traitsINS_9allocatorIP6I2cMsgEEE20__construct_backwardIS3_EENS_9enable_ifIXaaoosr3std3__27is_sameIS4_NS1_IT_EEEE5valuentsr3std3__215__has_constructIS4_PS8_JS8_EEE5valuesr3std3__231is_trivially_move_constructibleIS8_EE5valueEvE4typeERS4_SA_SA_RSA_)
                  0000e5bc    0000003c     I2C_monitor.obj (.text:_ZNSt3__216allocator_traitsINS_9allocatorIP6I2cMsgEEE25__construct_range_forwardIS3_EENS_9enable_ifIXaaoosr3std3__27is_sameIS4_NS1_IT_EEEE5valuentsr3std3__215__has_constructIS4_PS8_JS8_EEE5valuesr3std3__231is_trivially_move_constructibleIS8_EE5valueEvE4typeERS4_SA_SA_RSA_)
                  0000e5f8    0000003c     menu_page.obj (.text:_ZNSt3__216allocator_traitsINS_9allocatorIP7MenuRowEEE20__construct_backwardIS3_EENS_9enable_ifIXaaoosr3std3__27is_sameIS4_NS1_IT_EEEE5valuentsr3std3__215__has_constructIS4_PS8_JS8_EEE5valuesr3std3__231is_trivially_move_constructibleIS8_EE5valueEvE4typeERS4_SA_SA_RSA_)
                  0000e634    0000003c     main.obj (.text)
                  0000e670    00000038     I2C_monitor.obj (.text:_ZNSt3__26vectorIP6I2cMsgNS_9allocatorIS2_EEE18__construct_at_endIPS2_EENS_9enable_ifIXsr3std3__221__is_forward_iteratorIT_EE5valueEvE4typeES9_S9_j)
                  0000e6a8    00000038     rtsv7M4_T_le_v4SPD16_eabi.lib : trgmsg.c.obj (.text:__TI_writemsg)
                  0000e6e0    00000036     console_task.obj (.text:_ZNSt3__214__split_bufferIP11ConsolePageRNS_9allocatorIS2_EEE17__destruct_at_endEPS2_NS_17integral_constantIbLb0EEE)
                  0000e716    00000036     I2C_task.obj (.text:_ZNSt3__214__split_bufferIP6I2cMsgRNS_9allocatorIS2_EEE17__destruct_at_endEPS2_NS_17integral_constantIbLb0EEE)
                  0000e74c    00000036     menu_page.obj (.text:_ZNSt3__214__split_bufferIP7MenuRowRNS_9allocatorIS2_EEE17__destruct_at_endEPS2_NS_17integral_constantIbLb0EEE)
                  0000e782    00000036     rtsv7M4_T_le_v4SPD16_eabi.lib : strncpy.c.obj (.text:strncpy)
                  0000e7b8    00000034                                   : fopen.c.obj (.text:__TI_cleanup)
                  0000e7ec    00000034                                   : trgmsg.c.obj (.text:__TI_readmsg)
                  0000e820    00000034                                   : boot_cortex_m.c.obj (.text:_c_int00_noargs:_c_int00_noargs)
                  0000e854    00000032     I2C_monitor.obj (.text:_ZNSt3__26__copyIP6I2cMsgS2_EENS_9enable_ifIXaasr3std3__27is_sameINS_12remove_constIT_E4typeET0_EE5valuesr3std3__228is_trivially_copy_assignableIS8_EE5valueEPS8_E4typeEPS5_SC_S9_)
                  0000e886    00000002     --HOLE-- [fill = 0]
                  0000e888    00000030     rtsv7M4_T_le_v4SPD16_eabi.lib : getdevice.c.obj (.text:finddevice)
                  0000e8b8    00000030     memory_functions.obj (.text)
                  0000e8e8    0000002e     console_task.obj (.text:_ZNSt3__214__split_bufferIP11ConsolePageRNS_9allocatorIS2_EEED1Ev)
                  0000e916    0000002e     I2C_task.obj (.text:_ZNSt3__214__split_bufferIP6I2cMsgRNS_9allocatorIS2_EEED1Ev)
                  0000e944    0000002e     menu_page.obj (.text:_ZNSt3__214__split_bufferIP7MenuRowRNS_9allocatorIS2_EEED1Ev)
                  0000e972    0000002e     console_task.obj (.text:_ZNSt3__29allocatorIP11ConsolePageE9constructIS2_JRKS2_EEEvPT_DpOT0_)
                  0000e9a0    0000002e     I2C_task.obj (.text:_ZNSt3__29allocatorIP6I2cMsgE9constructIS2_JS2_EEEvPT_DpOT0_)
                  0000e9ce    0000002e     menu_page.obj (.text:_ZNSt3__29allocatorIP7MenuRowE9constructIS2_JRKS2_EEEvPT_DpOT0_)
                  0000e9fc    0000002e     rtsv7M4_T_le_v4SPD16_eabi.lib : i_tofd_t2.asm.obj (.text)
                  0000ea2a    00000002     --HOLE-- [fill = 0]
                  0000ea2c    0000002c                                   : unlink.c.obj (.text:unlink)
                  0000ea58    0000002a     console_task.obj (.text:_ZNSt3__217__compressed_pairIPP11ConsolePageRNS_9allocatorIS2_EEEC1IDnS6_EEOT_OT0_)
                  0000ea82    0000002a     I2C_task.obj (.text:_ZNSt3__217__compressed_pairIPP6I2cMsgRNS_9allocatorIS2_EEEC1IDnS6_EEOT_OT0_)
                  0000eaac    0000002a     menu_page.obj (.text:_ZNSt3__217__compressed_pairIPP7MenuRowRNS_9allocatorIS2_EEEC1IDnS6_EEOT_OT0_)
                  0000ead6    0000002a     I2C_monitor.obj (.text:_ZNSt3__24copyIPP6I2cMsgS3_EET0_T_S5_S4_)
                  0000eb00    0000002a     console_task.obj (.text:_ZNSt3__24swapIPP11ConsolePageEENS_9enable_ifIXaasr3std3__221is_move_constructibleIT_EE5valuesr3std3__218is_move_assignableIS5_EE5valueEvE4typeERS5_S8_)
                  0000eb2a    0000002a     I2C_task.obj (.text:_ZNSt3__24swapIPP6I2cMsgEENS_9enable_ifIXaasr3std3__221is_move_constructibleIT_EE5valuesr3std3__218is_move_assignableIS5_EE5valueEvE4typeERS5_S8_)
                  0000eb54    0000002a     menu_page.obj (.text:_ZNSt3__24swapIPP7MenuRowEENS_9enable_ifIXaasr3std3__221is_move_constructibleIT_EE5valuesr3std3__218is_move_assignableIS5_EE5valueEvE4typeERS5_S8_)
                  0000eb7e    0000002a     hooks.obj (.text)
                  0000eba8    00000028     console_task.obj (.text:_ZNSt3__213__vector_baseIP11ConsolePageNS_9allocatorIS2_EEEC1Ev)
                  0000ebd0    00000028     I2C_monitor.obj (.text:_ZNSt3__213__vector_baseIP6I2cMsgNS_9allocatorIS2_EEEC1Ev)
                  0000ebf8    00000028     menu_page.obj (.text:_ZNSt3__213__vector_baseIP7MenuRowNS_9allocatorIS2_EEEC1Ev)
                  0000ec20    00000028     I2C_monitor.obj (.text:_ZNSt3__26vectorIP6I2cMsgNS_9allocatorIS2_EEE17__destruct_at_endEPS2_)
                  0000ec48    00000028     I2C_monitor.obj (.text:_ZNSt3__26vectorIP6I2cMsgNS_9allocatorIS2_EEEaSERKS5_)
                  0000ec70    00000028     console_task.obj (.text:_ZNSt3__29allocatorIP11ConsolePageE8allocateEjPKv)
                  0000ec98    00000028     I2C_monitor.obj (.text:_ZNSt3__29allocatorIP6I2cMsgE8allocateEjPKv)
                  0000ecc0    00000028     menu_page.obj (.text:_ZNSt3__29allocatorIP7MenuRowE8allocateEjPKv)
                  0000ece8    00000028     rtsv7M4_T_le_v4SPD16_eabi.lib : memory.c.obj (.text:free_list_insert)
                  0000ed10    00000028                                   : lseek.c.obj (.text:lseek)
                  0000ed38    00000028                                   : memmov.c.obj (.text:memmove)
                  0000ed60    00000028                                   : write.c.obj (.text:write)
                  0000ed88    00000024     console_task.obj (.text:_ZNKSt3__26vectorIP11ConsolePageNS_9allocatorIS2_EEE8max_sizeEv)
                  0000edac    00000024     I2C_monitor.obj (.text:_ZNKSt3__26vectorIP6I2cMsgNS_9allocatorIS2_EEE8max_sizeEv)
                  0000edd0    00000024     menu_page.obj (.text:_ZNKSt3__26vectorIP7MenuRowNS_9allocatorIS2_EEE8max_sizeEv)
                  0000edf4    00000024     console_task.obj (.text:_ZNSt3__216allocator_traitsINS_9allocatorIP11ConsolePageEEE11__constructIS3_JRKS3_EEEvNS_17integral_constantIbLb1EEERS4_PT_DpOT0_)
                  0000ee18    00000024     console_task.obj (.text:_ZNSt3__216allocator_traitsINS_9allocatorIP11ConsolePageEEE9constructIS3_JRKS3_EEEvRS4_PT_DpOT0_)
                  0000ee3c    00000024     I2C_task.obj (.text:_ZNSt3__216allocator_traitsINS_9allocatorIP6I2cMsgEEE11__constructIS3_JS3_EEEvNS_17integral_constantIbLb1EEERS4_PT_DpOT0_)
                  0000ee60    00000024     I2C_task.obj (.text:_ZNSt3__216allocator_traitsINS_9allocatorIP6I2cMsgEEE9constructIS3_JS3_EEEvRS4_PT_DpOT0_)
                  0000ee84    00000024     menu_page.obj (.text:_ZNSt3__216allocator_traitsINS_9allocatorIP7MenuRowEEE11__constructIS3_JRKS3_EEEvNS_17integral_constantIbLb1EEERS4_PT_DpOT0_)
                  0000eea8    00000024     menu_page.obj (.text:_ZNSt3__216allocator_traitsINS_9allocatorIP7MenuRowEEE9constructIS3_JRKS3_EEEvRS4_PT_DpOT0_)
                  0000eecc    00000022     I2C_monitor.obj (.text:_ZNSt3__26vectorIP6I2cMsgNS_9allocatorIS2_EEE5clearEv)
                  0000eeee    00000020     rtsv7M4_T_le_v4SPD16_eabi.lib : memchr.c.obj (.text:memchr)
                  0000ef0e    0000001e     I2C_monitor.obj (.text:_ZNKSt3__26__lessIjjEclERKjS3_)
                  0000ef2c    0000001e     console_task.obj (.text:_ZNSt3__217__compressed_pairIPP11ConsolePageNS_9allocatorIS2_EEEC1IDnLb1EEEOT_)
                  0000ef4a    0000001e     I2C_monitor.obj (.text:_ZNSt3__217__compressed_pairIPP6I2cMsgNS_9allocatorIS2_EEEC1IDnLb1EEEOT_)
                  0000ef68    0000001e     menu_page.obj (.text:_ZNSt3__217__compressed_pairIPP7MenuRowNS_9allocatorIS2_EEEC1IDnLb1EEEOT_)
                  0000ef86    0000001e     I2C_monitor.obj (.text:_ZNSt3__23maxIjNS_6__lessIjjEEEERKT_S5_S5_T0_)
                  0000efa4    0000001e     I2C_monitor.obj (.text:_ZNSt3__23minIjNS_6__lessIjjEEEERKT_S5_S5_T0_)
                  0000efc2    0000001c     I2C_monitor.obj (.text:_ZNSt3__29__advanceIPP6I2cMsgEEvRT_NS_15iterator_traitsIS4_E15difference_typeENS_26random_access_iterator_tagE)
                  0000efde    00000002     --HOLE-- [fill = 0]
                  0000efe0    0000001c     rtsv7M4_T_le_v4SPD16_eabi.lib : assert.c.obj (.text:_abort_msg)
                  0000effc    0000001c                                   : memory.c.obj (.text:free_list_remove)
                  0000f018    0000001c                                   : memccpy.c.obj (.text:memccpy)
                  0000f034    0000001a                                   : s_copysign.c.obj (.text:copysign)
                  0000f04e    00000018     I2C_monitor.obj (.text:_ZNSt3__210__distanceIPP6I2cMsgEENS_15iterator_traitsIT_E15difference_typeES5_S5_NS_26random_access_iterator_tagE)
                  0000f066    00000018     rtsv7M4_T_le_v4SPD16_eabi.lib : sprintf.c.obj (.text:_outs)
                  0000f07e    00000018                                   : strcmp.c.obj (.text:strcmp)
                  0000f096    00000016     console_task.obj (.text:_ZNKSt3__213__vector_baseIP11ConsolePageNS_9allocatorIS2_EEE8capacityEv)
                  0000f0ac    00000016     I2C_monitor.obj (.text:_ZNKSt3__213__vector_baseIP6I2cMsgNS_9allocatorIS2_EEE8capacityEv)
                  0000f0c2    00000016     menu_page.obj (.text:_ZNKSt3__213__vector_baseIP7MenuRowNS_9allocatorIS2_EEE8capacityEv)
                  0000f0d8    00000016     console_task.obj (.text:_ZNKSt3__214__split_bufferIP11ConsolePageRNS_9allocatorIS2_EEE8capacityEv)
                  0000f0ee    00000016     I2C_task.obj (.text:_ZNKSt3__214__split_bufferIP6I2cMsgRNS_9allocatorIS2_EEE8capacityEv)
                  0000f104    00000016     menu_page.obj (.text:_ZNKSt3__214__split_bufferIP7MenuRowRNS_9allocatorIS2_EEE8capacityEv)
                  0000f11a    00000016     console_task.obj (.text:_ZNKSt3__26vectorIP11ConsolePageNS_9allocatorIS2_EEE4sizeEv)
                  0000f130    00000016     I2C_monitor.obj (.text:_ZNKSt3__26vectorIP6I2cMsgNS_9allocatorIS2_EEE4sizeEv)
                  0000f146    00000016     menu_page.obj (.text:_ZNKSt3__26vectorIP7MenuRowNS_9allocatorIS2_EEE4sizeEv)
                  0000f15c    00000016     console_task.obj (.text:_ZNSt3__222__compressed_pair_elemIPP11ConsolePageLi0ELb0EEC1IDnvEEOT_)
                  0000f172    00000016     I2C_monitor.obj (.text:_ZNSt3__222__compressed_pair_elemIPP6I2cMsgLi0ELb0EEC1IDnvEEOT_)
                  0000f188    00000016     menu_page.obj (.text:_ZNSt3__222__compressed_pair_elemIPP7MenuRowLi0ELb0EEC1IDnvEEOT_)
                  0000f19e    00000016     console_task.obj (.text:_ZNSt3__26vectorIP11ConsolePageNS_9allocatorIS2_EEEixEj)
                  0000f1b4    00000016     I2C_monitor.obj (.text:_ZNSt3__26vectorIP6I2cMsgNS_9allocatorIS2_EEEixEj)
                  0000f1ca    00000016     menu_page.obj (.text:_ZNSt3__26vectorIP7MenuRowNS_9allocatorIS2_EEEixEj)
                  0000f1e0    00000016     rtsv7M4_T_le_v4SPD16_eabi.lib : strchr.c.obj (.text:strchr)
                  0000f1f6    00000014     I2C_monitor.obj (.text:_ZNSt3__213__vector_baseIP6I2cMsgNS_9allocatorIS2_EEE19__copy_assign_allocERKS5_)
                  0000f20a    00000014     console_task.obj (.text:_ZNSt3__214__split_bufferIP11ConsolePageRNS_9allocatorIS2_EEE17__destruct_at_endEPS2_)
                  0000f21e    00000014     I2C_task.obj (.text:_ZNSt3__214__split_bufferIP6I2cMsgRNS_9allocatorIS2_EEE17__destruct_at_endEPS2_)
                  0000f232    00000014     menu_page.obj (.text:_ZNSt3__214__split_bufferIP7MenuRowRNS_9allocatorIS2_EEE17__destruct_at_endEPS2_)
                  0000f246    00000014     console_task.obj (.text:_ZNSt3__216allocator_traitsINS_9allocatorIP11ConsolePageEEE10deallocateERS4_PS3_j)
                  0000f25a    00000014     console_task.obj (.text:_ZNSt3__216allocator_traitsINS_9allocatorIP11ConsolePageEEE7destroyIS3_EEvRS4_PT_)
                  0000f26e    00000014     console_task.obj (.text:_ZNSt3__216allocator_traitsINS_9allocatorIP11ConsolePageEEE9__destroyIS3_EEvNS_17integral_constantIbLb1EEERS4_PT_)
                  0000f282    00000014     I2C_monitor.obj (.text:_ZNSt3__216allocator_traitsINS_9allocatorIP6I2cMsgEEE10deallocateERS4_PS3_j)
                  0000f296    00000014     I2C_monitor.obj (.text:_ZNSt3__216allocator_traitsINS_9allocatorIP6I2cMsgEEE7destroyIS3_EEvRS4_PT_)
                  0000f2aa    00000014     I2C_monitor.obj (.text:_ZNSt3__216allocator_traitsINS_9allocatorIP6I2cMsgEEE9__destroyIS3_EEvNS_17integral_constantIbLb1EEERS4_PT_)
                  0000f2be    00000014     menu_page.obj (.text:_ZNSt3__216allocator_traitsINS_9allocatorIP7MenuRowEEE10deallocateERS4_PS3_j)
                  0000f2d2    00000014     menu_page.obj (.text:_ZNSt3__216allocator_traitsINS_9allocatorIP7MenuRowEEE7destroyIS3_EEvRS4_PT_)
                  0000f2e6    00000014     menu_page.obj (.text:_ZNSt3__216allocator_traitsINS_9allocatorIP7MenuRowEEE9__destroyIS3_EEvNS_17integral_constantIbLb1EEERS4_PT_)
                  0000f2fa    00000014     console_task.obj (.text:_ZNSt3__222__compressed_pair_elemIRNS_9allocatorIP11ConsolePageEELi1ELb0EEC1IS5_vEEOT_)
                  0000f30e    00000014     I2C_task.obj (.text:_ZNSt3__222__compressed_pair_elemIRNS_9allocatorIP6I2cMsgEELi1ELb0EEC1IS5_vEEOT_)
                  0000f322    00000014     menu_page.obj (.text:_ZNSt3__222__compressed_pair_elemIRNS_9allocatorIP7MenuRowEELi1ELb0EEC1IS5_vEEOT_)
                  0000f336    00000014     I2C_monitor.obj (.text:_ZNSt3__23maxIjEERKT_S3_S3_)
                  0000f34a    00000014     I2C_monitor.obj (.text:_ZNSt3__23minIjEERKT_S3_S3_)
                  0000f35e    00000014     I2C_monitor.obj (.text:_ZNSt3__27advanceIPP6I2cMsgEEvRT_NS_15iterator_traitsIS4_E15difference_typeE)
                  0000f372    00000014     I2C_monitor.obj (.text:_ZNSt3__28distanceIPP6I2cMsgEENS_15iterator_traitsIT_E15difference_typeES5_S5_)
                  0000f386    00000014     rtsv7M4_T_le_v4SPD16_eabi.lib : strcpy.c.obj (.text:strcpy)
                  0000f39a    00000014                                   : strlen.c.obj (.text:strlen)
                  0000f3ae    00000012     console_task.obj (.text:_ZNSt3__216allocator_traitsINS_9allocatorIP11ConsolePageEEE8allocateERS4_j)
                  0000f3c0    00000012     I2C_monitor.obj (.text:_ZNSt3__216allocator_traitsINS_9allocatorIP6I2cMsgEEE8allocateERS4_j)
                  0000f3d2    00000012     menu_page.obj (.text:_ZNSt3__216allocator_traitsINS_9allocatorIP7MenuRowEEE8allocateERS4_j)
                  0000f3e4    00000012     rtsv7M4_T_le_v4SPD16_eabi.lib : wcslen.c.obj (.text:wcslen)
                  0000f3f6    00000010     console_task.obj (.text:_ZNKSt3__26vectorIP11ConsolePageNS_9allocatorIS2_EEE31__annotate_contiguous_containerEPKvS7_S7_S7_)
                  0000f406    00000010     I2C_monitor.obj (.text:_ZNKSt3__26vectorIP6I2cMsgNS_9allocatorIS2_EEE31__annotate_contiguous_containerEPKvS7_S7_S7_)
                  0000f416    00000010     menu_page.obj (.text:_ZNKSt3__26vectorIP7MenuRowNS_9allocatorIS2_EEE31__annotate_contiguous_containerEPKvS7_S7_S7_)
                  0000f426    00000010     I2C_monitor.obj (.text:_ZNSt3__213__vector_baseIP6I2cMsgNS_9allocatorIS2_EEE19__copy_assign_allocERKS5_NS_17integral_constantIbLb0EEE)
                  0000f436    00000010     I2C_monitor.obj (.text:_ZNSt3__213__vector_baseIP6I2cMsgNS_9allocatorIS2_EEE5clearEv)
                  0000f446    00000010     console_task.obj (.text:_ZNSt3__214__split_bufferIP11ConsolePageRNS_9allocatorIS2_EEE5clearEv)
                  0000f456    00000010     I2C_task.obj (.text:_ZNSt3__214__split_bufferIP6I2cMsgRNS_9allocatorIS2_EEE5clearEv)
                  0000f466    00000010     menu_page.obj (.text:_ZNSt3__214__split_bufferIP7MenuRowRNS_9allocatorIS2_EEE5clearEv)
                  0000f476    00000010     console_task.obj (.text:_ZNSt3__216allocator_traitsINS_9allocatorIP11ConsolePageEEE10__max_sizeENS_17integral_constantIbLb1EEERKS4_)
                  0000f486    00000010     console_task.obj (.text:_ZNSt3__216allocator_traitsINS_9allocatorIP11ConsolePageEEE8max_sizeERKS4_)
                  0000f496    00000010     I2C_monitor.obj (.text:_ZNSt3__216allocator_traitsINS_9allocatorIP6I2cMsgEEE10__max_sizeENS_17integral_constantIbLb1EEERKS4_)
                  0000f4a6    00000010     I2C_monitor.obj (.text:_ZNSt3__216allocator_traitsINS_9allocatorIP6I2cMsgEEE8max_sizeERKS4_)
                  0000f4b6    00000010     menu_page.obj (.text:_ZNSt3__216allocator_traitsINS_9allocatorIP7MenuRowEEE10__max_sizeENS_17integral_constantIbLb1EEERKS4_)
                  0000f4c6    00000010     menu_page.obj (.text:_ZNSt3__216allocator_traitsINS_9allocatorIP7MenuRowEEE8max_sizeERKS4_)
                  0000f4d6    00000010     console_task.obj (.text:_ZNSt3__222__compressed_pair_elemIPP11ConsolePageLi0ELb0EEC2IDnvEEOT_)
                  0000f4e6    00000010     I2C_monitor.obj (.text:_ZNSt3__222__compressed_pair_elemIPP6I2cMsgLi0ELb0EEC2IDnvEEOT_)
                  0000f4f6    00000010     menu_page.obj (.text:_ZNSt3__222__compressed_pair_elemIPP7MenuRowLi0ELb0EEC2IDnvEEOT_)
                  0000f506    00000010     console_task.obj (.text:_ZNSt3__222__compressed_pair_elemIRNS_9allocatorIP11ConsolePageEELi1ELb0EEC2IS5_vEEOT_)
                  0000f516    00000010     I2C_task.obj (.text:_ZNSt3__222__compressed_pair_elemIRNS_9allocatorIP6I2cMsgEELi1ELb0EEC2IS5_vEEOT_)
                  0000f526    00000010     menu_page.obj (.text:_ZNSt3__222__compressed_pair_elemIRNS_9allocatorIP7MenuRowEELi1ELb0EEC2IS5_vEEOT_)
                  0000f536    00000010     console_task.obj (.text:_ZNSt3__26vectorIP11ConsolePageNS_9allocatorIS2_EEE24__RAII_IncreaseAnnotatorC1ERKS5_j)
                  0000f546    00000010     I2C_monitor.obj (.text:_ZNSt3__26vectorIP6I2cMsgNS_9allocatorIS2_EEE24__RAII_IncreaseAnnotatorC1ERKS5_j)
                  0000f556    00000010     menu_page.obj (.text:_ZNSt3__26vectorIP7MenuRowNS_9allocatorIS2_EEE24__RAII_IncreaseAnnotatorC1ERKS5_j)
                  0000f566    00000010     console_task.obj (.text:_ZNSt3__29allocatorIP11ConsolePageE10deallocateEPS2_j)
                  0000f576    00000010     I2C_monitor.obj (.text:_ZNSt3__29allocatorIP6I2cMsgE10deallocateEPS2_j)
                  0000f586    00000010     menu_page.obj (.text:_ZNSt3__29allocatorIP7MenuRowE10deallocateEPS2_j)
                  0000f596    0000000e     rtsv7M4_T_le_v4SPD16_eabi.lib : typeinfo.c.obj (.text:_ZN10__cxxabiv117__class_type_infoD0Ev)
                  0000f5a4    0000000e                                   : typeinfo.c.obj (.text:_ZN10__cxxabiv120__si_class_type_infoD0Ev)
                  0000f5b2    0000000e     console_task.obj (.text:_ZNKSt3__213__vector_baseIP11ConsolePageNS_9allocatorIS2_EEE7__allocEv)
                  0000f5c0    0000000e     console_task.obj (.text:_ZNKSt3__213__vector_baseIP11ConsolePageNS_9allocatorIS2_EEE9__end_capEv)
                  0000f5ce    0000000e     I2C_monitor.obj (.text:_ZNKSt3__213__vector_baseIP6I2cMsgNS_9allocatorIS2_EEE7__allocEv)
                  0000f5dc    0000000e     I2C_monitor.obj (.text:_ZNKSt3__213__vector_baseIP6I2cMsgNS_9allocatorIS2_EEE9__end_capEv)
                  0000f5ea    0000000e     menu_page.obj (.text:_ZNKSt3__213__vector_baseIP7MenuRowNS_9allocatorIS2_EEE7__allocEv)
                  0000f5f8    0000000e     menu_page.obj (.text:_ZNKSt3__213__vector_baseIP7MenuRowNS_9allocatorIS2_EEE9__end_capEv)
                  0000f606    0000000e     console_task.obj (.text:_ZNKSt3__214__split_bufferIP11ConsolePageRNS_9allocatorIS2_EEE9__end_capEv)
                  0000f614    0000000e     I2C_task.obj (.text:_ZNKSt3__214__split_bufferIP6I2cMsgRNS_9allocatorIS2_EEE9__end_capEv)
                  0000f622    0000000e     menu_page.obj (.text:_ZNKSt3__214__split_bufferIP7MenuRowRNS_9allocatorIS2_EEE9__end_capEv)
                  0000f630    0000000e     console_task.obj (.text:_ZNKSt3__26vectorIP11ConsolePageNS_9allocatorIS2_EEE4dataEv)
                  0000f63e    0000000e     I2C_monitor.obj (.text:_ZNKSt3__26vectorIP6I2cMsgNS_9allocatorIS2_EEE4dataEv)
                  0000f64c    0000000e     menu_page.obj (.text:_ZNKSt3__26vectorIP7MenuRowNS_9allocatorIS2_EEE4dataEv)
                  0000f65a    0000000e     console_task.obj (.text:_ZNKSt3__29allocatorIP11ConsolePageE8max_sizeEv)
                  0000f668    0000000e     I2C_monitor.obj (.text:_ZNKSt3__29allocatorIP6I2cMsgE8max_sizeEv)
                  0000f676    0000000e     menu_page.obj (.text:_ZNKSt3__29allocatorIP7MenuRowE8max_sizeEv)
                  0000f684    0000000e     console_task.obj (.text:_ZNSt3__213__vector_baseIP11ConsolePageNS_9allocatorIS2_EEE7__allocEv)
                  0000f692    0000000e     console_task.obj (.text:_ZNSt3__213__vector_baseIP11ConsolePageNS_9allocatorIS2_EEE9__end_capEv)
                  0000f6a0    0000000e     I2C_monitor.obj (.text:_ZNSt3__213__vector_baseIP6I2cMsgNS_9allocatorIS2_EEE7__allocEv)
                  0000f6ae    0000000e     I2C_monitor.obj (.text:_ZNSt3__213__vector_baseIP6I2cMsgNS_9allocatorIS2_EEE9__end_capEv)
                  0000f6bc    0000000e     menu_page.obj (.text:_ZNSt3__213__vector_baseIP7MenuRowNS_9allocatorIS2_EEE7__allocEv)
                  0000f6ca    0000000e     menu_page.obj (.text:_ZNSt3__213__vector_baseIP7MenuRowNS_9allocatorIS2_EEE9__end_capEv)
                  0000f6d8    0000000e     console_task.obj (.text:_ZNSt3__214__split_bufferIP11ConsolePageRNS_9allocatorIS2_EEE7__allocEv)
                  0000f6e6    0000000e     console_task.obj (.text:_ZNSt3__214__split_bufferIP11ConsolePageRNS_9allocatorIS2_EEE9__end_capEv)
                  0000f6f4    0000000e     I2C_task.obj (.text:_ZNSt3__214__split_bufferIP6I2cMsgRNS_9allocatorIS2_EEE7__allocEv)
                  0000f702    0000000e     I2C_task.obj (.text:_ZNSt3__214__split_bufferIP6I2cMsgRNS_9allocatorIS2_EEE9__end_capEv)
                  0000f710    0000000e     menu_page.obj (.text:_ZNSt3__214__split_bufferIP7MenuRowRNS_9allocatorIS2_EEE7__allocEv)
                  0000f71e    0000000e     menu_page.obj (.text:_ZNSt3__214__split_bufferIP7MenuRowRNS_9allocatorIS2_EEE9__end_capEv)
                  0000f72c    0000000e     console_task.obj (.text:_ZNSt3__217__compressed_pairIPP11ConsolePageRNS_9allocatorIS2_EEE6secondEv)
                  0000f73a    0000000e     I2C_task.obj (.text:_ZNSt3__217__compressed_pairIPP6I2cMsgRNS_9allocatorIS2_EEE6secondEv)
                  0000f748    0000000e     menu_page.obj (.text:_ZNSt3__217__compressed_pairIPP7MenuRowRNS_9allocatorIS2_EEE6secondEv)
                  0000f756    0000000e     console_task.obj (.text:_ZNSt3__222__compressed_pair_elemINS_9allocatorIP11ConsolePageEELi1ELb1EEC1Ev)
                  0000f764    0000000e     I2C_monitor.obj (.text:_ZNSt3__222__compressed_pair_elemINS_9allocatorIP6I2cMsgEELi1ELb1EEC1Ev)
                  0000f772    0000000e     menu_page.obj (.text:_ZNSt3__222__compressed_pair_elemINS_9allocatorIP7MenuRowEELi1ELb1EEC1Ev)
                  0000f780    0000000e     console_task.obj (.text:_ZNSt3__222__compressed_pair_elemIRNS_9allocatorIP11ConsolePageEELi1ELb0EE5__getEv)
                  0000f78e    0000000e     I2C_task.obj (.text:_ZNSt3__222__compressed_pair_elemIRNS_9allocatorIP6I2cMsgEELi1ELb0EE5__getEv)
                  0000f79c    0000000e     menu_page.obj (.text:_ZNSt3__222__compressed_pair_elemIRNS_9allocatorIP7MenuRowEELi1ELb0EE5__getEv)
                  0000f7aa    0000000e     console_task.obj (.text:_ZNSt3__26vectorIP11ConsolePageNS_9allocatorIS2_EEEC1Ev)
                  0000f7b8    0000000e     I2C_monitor.obj (.text:_ZNSt3__26vectorIP6I2cMsgNS_9allocatorIS2_EEEC1Ev)
                  0000f7c6    0000000e     menu_page.obj (.text:_ZNSt3__26vectorIP7MenuRowNS_9allocatorIS2_EEEC1Ev)
                  0000f7d4    0000000e     I2C_task.obj (.text:_ZnwjPv)
                  0000f7e2    0000000e     rtsv7M4_T_le_v4SPD16_eabi.lib : copy_decompress_none.c.obj (.text:decompress:none:__TI_decompress_none)
                  0000f7f0    0000000c     console_task.obj (.text:_ZNKSt3__217__compressed_pairIPP11ConsolePageNS_9allocatorIS2_EEE5firstEv)
                  0000f7fc    0000000c     console_task.obj (.text:_ZNKSt3__217__compressed_pairIPP11ConsolePageNS_9allocatorIS2_EEE6secondEv)
                  0000f808    0000000c     console_task.obj (.text:_ZNKSt3__217__compressed_pairIPP11ConsolePageRNS_9allocatorIS2_EEE5firstEv)
                  0000f814    0000000c     I2C_monitor.obj (.text:_ZNKSt3__217__compressed_pairIPP6I2cMsgNS_9allocatorIS2_EEE5firstEv)
                  0000f820    0000000c     I2C_monitor.obj (.text:_ZNKSt3__217__compressed_pairIPP6I2cMsgNS_9allocatorIS2_EEE6secondEv)
                  0000f82c    0000000c     I2C_task.obj (.text:_ZNKSt3__217__compressed_pairIPP6I2cMsgRNS_9allocatorIS2_EEE5firstEv)
                  0000f838    0000000c     menu_page.obj (.text:_ZNKSt3__217__compressed_pairIPP7MenuRowNS_9allocatorIS2_EEE5firstEv)
                  0000f844    0000000c     menu_page.obj (.text:_ZNKSt3__217__compressed_pairIPP7MenuRowNS_9allocatorIS2_EEE6secondEv)
                  0000f850    0000000c     menu_page.obj (.text:_ZNKSt3__217__compressed_pairIPP7MenuRowRNS_9allocatorIS2_EEE5firstEv)
                  0000f85c    0000000c     rtsv7M4_T_le_v4SPD16_eabi.lib : vector.cpp.obj (.text:_ZNKSt3__220__vector_base_commonILb1EE20__throw_length_errorEv)
                  0000f868    0000000c     console_task.obj (.text:_ZNKSt3__222__compressed_pair_elemINS_9allocatorIP11ConsolePageEELi1ELb1EE5__getEv)
                  0000f874    0000000c     I2C_monitor.obj (.text:_ZNKSt3__222__compressed_pair_elemINS_9allocatorIP6I2cMsgEELi1ELb1EE5__getEv)
                  0000f880    0000000c     menu_page.obj (.text:_ZNKSt3__222__compressed_pair_elemINS_9allocatorIP7MenuRowEELi1ELb1EE5__getEv)
                  0000f88c    0000000c     console_task.obj (.text:_ZNKSt3__222__compressed_pair_elemIPP11ConsolePageLi0ELb0EE5__getEv)
                  0000f898    0000000c     I2C_monitor.obj (.text:_ZNKSt3__222__compressed_pair_elemIPP6I2cMsgLi0ELb0EE5__getEv)
                  0000f8a4    0000000c     menu_page.obj (.text:_ZNKSt3__222__compressed_pair_elemIPP7MenuRowLi0ELb0EE5__getEv)
                  0000f8b0    0000000c     console_task.obj (.text:_ZNKSt3__26vectorIP11ConsolePageNS_9allocatorIS2_EEE8capacityEv)
                  0000f8bc    0000000c     I2C_monitor.obj (.text:_ZNKSt3__26vectorIP6I2cMsgNS_9allocatorIS2_EEE8capacityEv)
                  0000f8c8    0000000c     menu_page.obj (.text:_ZNKSt3__26vectorIP7MenuRowNS_9allocatorIS2_EEE8capacityEv)
                  0000f8d4    0000000c     I2C_monitor.obj (.text:_ZNSt3__210__allocateEj)
                  0000f8e0    0000000c     I2C_monitor.obj (.text:_ZNSt3__213__unwrap_iterIPP6I2cMsgEET_S4_)
                  0000f8ec    0000000c     console_task.obj (.text:_ZNSt3__213__vector_baseIP11ConsolePageNS_9allocatorIS2_EEEC2Ev)
                  0000f8f8    0000000c     I2C_monitor.obj (.text:_ZNSt3__213__vector_baseIP6I2cMsgNS_9allocatorIS2_EEEC2Ev)
                  0000f904    0000000c     menu_page.obj (.text:_ZNSt3__213__vector_baseIP7MenuRowNS_9allocatorIS2_EEEC2Ev)
                  0000f910    0000000c     console_task.obj (.text:_ZNSt3__216__to_raw_pointerIP11ConsolePageEEPT_S4_)
                  0000f91c    0000000c     I2C_monitor.obj (.text:_ZNSt3__216__to_raw_pointerIP6I2cMsgEEPT_S4_)
                  0000f928    0000000c     menu_page.obj (.text:_ZNSt3__216__to_raw_pointerIP7MenuRowEEPT_S4_)
                  0000f934    0000000c     console_task.obj (.text:_ZNSt3__217__compressed_pairIPP11ConsolePageNS_9allocatorIS2_EEE5firstEv)
                  0000f940    0000000c     console_task.obj (.text:_ZNSt3__217__compressed_pairIPP11ConsolePageNS_9allocatorIS2_EEE6secondEv)
                  0000f94c    0000000c     console_task.obj (.text:_ZNSt3__217__compressed_pairIPP11ConsolePageRNS_9allocatorIS2_EEE5firstEv)
                  0000f958    0000000c     I2C_monitor.obj (.text:_ZNSt3__217__compressed_pairIPP6I2cMsgNS_9allocatorIS2_EEE5firstEv)
                  0000f964    0000000c     I2C_monitor.obj (.text:_ZNSt3__217__compressed_pairIPP6I2cMsgNS_9allocatorIS2_EEE6secondEv)
                  0000f970    0000000c     I2C_task.obj (.text:_ZNSt3__217__compressed_pairIPP6I2cMsgRNS_9allocatorIS2_EEE5firstEv)
                  0000f97c    0000000c     menu_page.obj (.text:_ZNSt3__217__compressed_pairIPP7MenuRowNS_9allocatorIS2_EEE5firstEv)
                  0000f988    0000000c     menu_page.obj (.text:_ZNSt3__217__compressed_pairIPP7MenuRowNS_9allocatorIS2_EEE6secondEv)
                  0000f994    0000000c     menu_page.obj (.text:_ZNSt3__217__compressed_pairIPP7MenuRowRNS_9allocatorIS2_EEE5firstEv)
                  0000f9a0    0000000c     I2C_monitor.obj (.text:_ZNSt3__219__libcpp_deallocateEPv)
                  0000f9ac    0000000c     console_task.obj (.text:_ZNSt3__222__compressed_pair_elemINS_9allocatorIP11ConsolePageEELi1ELb1EE5__getEv)
                  0000f9b8    0000000c     console_task.obj (.text:_ZNSt3__222__compressed_pair_elemINS_9allocatorIP11ConsolePageEELi1ELb1EEC2Ev)
                  0000f9c4    0000000c     I2C_monitor.obj (.text:_ZNSt3__222__compressed_pair_elemINS_9allocatorIP6I2cMsgEELi1ELb1EE5__getEv)
                  0000f9d0    0000000c     I2C_monitor.obj (.text:_ZNSt3__222__compressed_pair_elemINS_9allocatorIP6I2cMsgEELi1ELb1EEC2Ev)
                  0000f9dc    0000000c     menu_page.obj (.text:_ZNSt3__222__compressed_pair_elemINS_9allocatorIP7MenuRowEELi1ELb1EE5__getEv)
                  0000f9e8    0000000c     menu_page.obj (.text:_ZNSt3__222__compressed_pair_elemINS_9allocatorIP7MenuRowEELi1ELb1EEC2Ev)
                  0000f9f4    0000000c     console_task.obj (.text:_ZNSt3__222__compressed_pair_elemIPP11ConsolePageLi0ELb0EE5__getEv)
                  0000fa00    0000000c     I2C_monitor.obj (.text:_ZNSt3__222__compressed_pair_elemIPP6I2cMsgLi0ELb0EE5__getEv)
                  0000fa0c    0000000c     menu_page.obj (.text:_ZNSt3__222__compressed_pair_elemIPP7MenuRowLi0ELb0EE5__getEv)
                  0000fa18    0000000c     I2C_task.obj (.text:_ZNSt3__24moveIRP6I2cMsgEEONS_16remove_referenceIT_E4typeEOS5_)
                  0000fa24    0000000c     console_task.obj (.text:_ZNSt3__24moveIRPP11ConsolePageEEONS_16remove_referenceIT_E4typeEOS6_)
                  0000fa30    0000000c     I2C_task.obj (.text:_ZNSt3__24moveIRPP6I2cMsgEEONS_16remove_referenceIT_E4typeEOS6_)
                  0000fa3c    0000000c     menu_page.obj (.text:_ZNSt3__24moveIRPP7MenuRowEEONS_16remove_referenceIT_E4typeEOS6_)
                  0000fa48    0000000c     I2C_monitor.obj (.text:_ZNSt3__26vectorIP6I2cMsgNS_9allocatorIS2_EEE27__invalidate_iterators_pastEPS2_)
                  0000fa54    0000000c     I2C_monitor.obj (.text:_ZNSt3__27forwardIDnEEOT_RNS_16remove_referenceIS1_E4typeE)
                  0000fa60    0000000c     I2C_task.obj (.text:_ZNSt3__27forwardIP6I2cMsgEEOT_RNS_16remove_referenceIS3_E4typeE)
                  0000fa6c    0000000c     console_task.obj (.text:_ZNSt3__27forwardIRKP11ConsolePageEEOT_RNS_16remove_referenceIS5_E4typeE)
                  0000fa78    0000000c     menu_page.obj (.text:_ZNSt3__27forwardIRKP7MenuRowEEOT_RNS_16remove_referenceIS5_E4typeE)
                  0000fa84    0000000c     console_task.obj (.text:_ZNSt3__27forwardIRNS_9allocatorIP11ConsolePageEEEEOT_RNS_16remove_referenceIS6_E4typeE)
                  0000fa90    0000000c     I2C_task.obj (.text:_ZNSt3__27forwardIRNS_9allocatorIP6I2cMsgEEEEOT_RNS_16remove_referenceIS6_E4typeE)
                  0000fa9c    0000000c     menu_page.obj (.text:_ZNSt3__27forwardIRNS_9allocatorIP7MenuRowEEEEOT_RNS_16remove_referenceIS6_E4typeE)
                  0000faa8    0000000c     console_task.obj (.text:_ZNSt3__29allocatorIP11ConsolePageE7destroyEPS2_)
                  0000fab4    0000000c     console_task.obj (.text:_ZNSt3__29allocatorIP11ConsolePageEC1Ev)
                  0000fac0    0000000c     console_task.obj (.text:_ZNSt3__29allocatorIP11ConsolePageEC2Ev)
                  0000facc    0000000c     I2C_monitor.obj (.text:_ZNSt3__29allocatorIP6I2cMsgE7destroyEPS2_)
                  0000fad8    0000000c     I2C_monitor.obj (.text:_ZNSt3__29allocatorIP6I2cMsgEC1Ev)
                  0000fae4    0000000c     I2C_monitor.obj (.text:_ZNSt3__29allocatorIP6I2cMsgEC2Ev)
                  0000faf0    0000000c     menu_page.obj (.text:_ZNSt3__29allocatorIP7MenuRowE7destroyEPS2_)
                  0000fafc    0000000c     menu_page.obj (.text:_ZNSt3__29allocatorIP7MenuRowEC1Ev)
                  0000fb08    0000000c     menu_page.obj (.text:_ZNSt3__29allocatorIP7MenuRowEC2Ev)
                  0000fb14    0000000c     rtsv7M4_T_le_v4SPD16_eabi.lib : copy_zero_init.c.obj (.text:decompress:ZI:__TI_zero_init)
                  0000fb20    0000000c     tm4c123gh6pm_startup_ccs.obj (.text)
                  0000fb2c    0000000a     I2C_monitor.obj (.text:_ZNSt3__220__throw_length_errorEPKc)
                  0000fb36    0000000a     console_task.obj (.text:_ZNSt3__26vectorIP11ConsolePageNS_9allocatorIS2_EEE24__RAII_IncreaseAnnotator6__doneEv)
                  0000fb40    0000000a     console_task.obj (.text:_ZNSt3__26vectorIP11ConsolePageNS_9allocatorIS2_EEE26__invalidate_all_iteratorsEv)
                  0000fb4a    0000000a     I2C_monitor.obj (.text:_ZNSt3__26vectorIP6I2cMsgNS_9allocatorIS2_EEE24__RAII_IncreaseAnnotator6__doneEv)
                  0000fb54    0000000a     I2C_monitor.obj (.text:_ZNSt3__26vectorIP6I2cMsgNS_9allocatorIS2_EEE26__invalidate_all_iteratorsEv)
                  0000fb5e    0000000a     menu_page.obj (.text:_ZNSt3__26vectorIP7MenuRowNS_9allocatorIS2_EEE24__RAII_IncreaseAnnotator6__doneEv)
                  0000fb68    0000000a     menu_page.obj (.text:_ZNSt3__26vectorIP7MenuRowNS_9allocatorIS2_EEE26__invalidate_all_iteratorsEv)
                  0000fb72    0000000a     rtsv7M4_T_le_v4SPD16_eabi.lib : sprintf.c.obj (.text:_outc)
                  0000fb7c    00000008                                   : errno.c.obj (.text:__aeabi_errno_addr)
                  0000fb84    00000008                                   : memory.c.obj (.text:malloc)
                  0000fb8c    00000006     sysctl.obj (.text:SysCtlDelay)
                  0000fb92    00000006     rtsv7M4_T_le_v4SPD16_eabi.lib : pure_virt.c.obj (.text:__cxa_pure_virtual)
                  0000fb98    00000004                                   : typeinfo.c.obj (.text:_ZN10__cxxabiv117__class_type_infoD1Ev)
                  0000fb9c    00000004                                   : typeinfo.c.obj (.text:_ZN10__cxxabiv120__si_class_type_infoD1Ev)
                  0000fba0    00000004                                   : new.cpp.obj (.text:_ZdlPvj)
                  0000fba4    00000004                                   : error.c.obj (.text:__abort_execution)
                  0000fba8    00000004                                   : pre_init.c.obj (.text:_system_pre_init)
                  0000fbac    00000004                                   : exit.c.obj (.text:abort:abort)

.const     0    0000fbb0    00000c20     
                  0000fbb0    00000120     sysctl.obj (.const:g_pppui32XTALtoVCO)
                  0000fcd0    00000101     rtsv7M4_T_le_v4SPD16_eabi.lib : ctype.c.obj (.const:.string:_ctypes_)
                  0000fdd1    00000003     --HOLE-- [fill = 0]
                  0000fdd4    000000c0     gpio.obj (.const:g_ppui32GPIOIntMapBlizzard)
                  0000fe94    000000c0     gpio.obj (.const:g_ppui32GPIOIntMapSnowflake)
                  0000ff54    0000009c     interrupt.obj (.const:g_pui32Regs)
                  0000fff0    00000090     gpio.obj (.const:g_pui32GPIOBaseAddrs)
                  00010080    0000006c     sysctl.obj (.const:g_pui32Xtals)
                  000100ec    00000060     timer.obj (.const:g_ppui32TimerIntMap)
                  0001014c    00000050     i2c.obj (.const:g_ppui32I2CIntMapSnowflake)
                  0001019c    00000044     console_task.obj (.const:.string:_ZZNSt3__29allocatorIP11ConsolePageE8allocateEjPKvEs)
                  000101e0    00000044     I2C_monitor.obj (.const:.string:_ZZNSt3__29allocatorIP6I2cMsgE8allocateEjPKvEs)
                  00010224    00000044     menu_page.obj (.const:.string:_ZZNSt3__29allocatorIP7MenuRowE8allocateEjPKvEs)
                  00010268    00000040     timer.obj (.const:g_ppui32TimerIntMapSnowflake)
                  000102a8    00000040     uart.obj (.const:g_ppui32UARTIntMap)
                  000102e8    00000040     uart.obj (.const:g_ppui32UARTIntMapSnowflake)
                  00010328    00000030     i2c.obj (.const:g_ppui32I2CIntMap)
                  00010358    00000030     sysctl.obj (.const:g_sXTALtoMEMTIM)
                  00010388    00000026     ADC_task.obj (.const:.string)
                  000103ae    00000002     --HOLE-- [fill = 0]
                  000103b0    00000026     GPIs.obj (.const:.string)
                  000103d6    00000025     rtsv7M4_T_le_v4SPD16_eabi.lib : typeinfo.c.obj (.const:.typeinfo:_ZTSN10__cxxabiv120__si_class_type_infoE)
                  000103fb    00000001     --HOLE-- [fill = 0]
                  000103fc    00000024     no_booster_board.obj (.const:.string)
                  00010420    00000022     GPOs.obj (.const:.string)
                  00010442    00000022     rtsv7M4_T_le_v4SPD16_eabi.lib : typeinfo.c.obj (.const:.typeinfo:_ZTSN10__cxxabiv117__class_type_infoE)
                  00010464    00000020     interrupt.obj (.const:g_pui32Priority)
                  00010484    0000001c     console_task.obj (.const:_ZTV11ConsolePage)
                  000104a0    0000001c     console_task.obj (.const:_ZTV11ConsoleTask)
                  000104bc    0000001c     error_logger.obj (.const:_ZTV11ErrorLogger)
                  000104d8    0000001c     menu_page.obj (.const:_ZTV11MenuOptions)
                  000104f4    0000001c     task_manager.obj (.const:_ZTV11TaskManager)
                  00010510    0000001c     I2C_monitor.obj (.const:_ZTV14I2cMonitorTask)
                  0001052c    0000001c     I2C_sniffer.obj (.const:_ZTV14I2cSnifferTask)
                  00010548    0000001c     I2C_scripter.obj (.const:_ZTV15I2cScripterTask)
                  00010564    0000001c     I2C_task.obj (.const:_ZTV7I2cTask)
                  00010580    0000001c     test_task.obj (.const:_ZTV8TestTask)
                  0001059c    0000001c     io_control_page.obj (.const:_ZTV9IoCtlPage)
                  000105b8    00000018     I2C_monitor.obj (.const:.string)
                  000105d0    00000014     interrupt.obj (.const:g_pui32Dii16Regs)
                  000105e4    00000014     interrupt.obj (.const:g_pui32EnRegs)
                  000105f8    00000014     interrupt.obj (.const:g_pui32PendRegs)
                  0001060c    00000014     interrupt.obj (.const:g_pui32UnpendRegs)
                  00010620    00000012     uartstdio.obj (.const:.string)
                  00010632    00000012     I2C_scripter.obj (.const:.typeinfo:_ZTS15I2cScripterTask)
                  00010644    00000011     I2C_monitor.obj (.const:.typeinfo:_ZTS14I2cMonitorTask)
                  00010655    00000011     I2C_sniffer.obj (.const:.typeinfo:_ZTS14I2cSnifferTask)
                  00010666    00000002     --HOLE-- [fill = 0]
                  00010668    00000010     rtsv7M4_T_le_v4SPD16_eabi.lib : typeinfo.c.obj (.const:_ZTVN10__cxxabiv117__class_type_infoE)
                  00010678    00000010                                   : typeinfo.c.obj (.const:_ZTVN10__cxxabiv120__si_class_type_infoE)
                  00010688    0000000e     I2C_monitor.obj (.const:.typeinfo:_ZTS11ConsolePage)
                  00010696    0000000e     console_task.obj (.const:.typeinfo:_ZTS11ConsoleTask)
                  000106a4    0000000e     error_logger.obj (.const:.typeinfo:_ZTS11ErrorLogger)
                  000106b2    0000000e     menu_page.obj (.const:.typeinfo:_ZTS11MenuOptions)
                  000106c0    0000000e     task_manager.obj (.const:.typeinfo:_ZTS11TaskManager)
                  000106ce    0000000d     rtsv7M4_T_le_v4SPD16_eabi.lib : stdlib_typeinfo.cpp.obj (.const:.typeinfo:_ZTSSt9type_info)
                  000106db    00000001     --HOLE-- [fill = 0]
                  000106dc    0000000c     console_task.obj (.const:.typeinfo:_ZTI11ConsoleTask)
                  000106e8    0000000c     error_logger.obj (.const:.typeinfo:_ZTI11ErrorLogger)
                  000106f4    0000000c     menu_page.obj (.const:.typeinfo:_ZTI11MenuOptions)
                  00010700    0000000c     task_manager.obj (.const:.typeinfo:_ZTI11TaskManager)
                  0001070c    0000000c     I2C_monitor.obj (.const:.typeinfo:_ZTI14I2cMonitorTask)
                  00010718    0000000c     I2C_sniffer.obj (.const:.typeinfo:_ZTI14I2cSnifferTask)
                  00010724    0000000c     I2C_scripter.obj (.const:.typeinfo:_ZTI15I2cScripterTask)
                  00010730    0000000c     I2C_task.obj (.const:.typeinfo:_ZTI7I2cTask)
                  0001073c    0000000c     test_task.obj (.const:.typeinfo:_ZTI8TestTask)
                  00010748    0000000c     io_control_page.obj (.const:.typeinfo:_ZTI9IoCtlPage)
                  00010754    0000000c     rtsv7M4_T_le_v4SPD16_eabi.lib : typeinfo.c.obj (.const:.typeinfo:_ZTIN10__cxxabiv117__class_type_infoE)
                  00010760    0000000c                                   : typeinfo.c.obj (.const:.typeinfo:_ZTIN10__cxxabiv120__si_class_type_infoE)
                  0001076c    0000000c     uartstdio.obj (.const:g_ui32UARTBase)
                  00010778    0000000c     uartstdio.obj (.const:g_ui32UARTPeriph)
                  00010784    0000000b     io_control_page.obj (.const:.typeinfo:_ZTS9IoCtlPage)
                  0001078f    0000000a     test_task.obj (.const:.typeinfo:_ZTS8TestTask)
                  00010799    00000009     I2C_task.obj (.const:.typeinfo:_ZTS7I2cTask)
                  000107a2    00000002     --HOLE-- [fill = 0]
                  000107a4    00000008     I2C_monitor.obj (.const:.typeinfo:_ZTI11ConsolePage)
                  000107ac    00000008     rtsv7M4_T_le_v4SPD16_eabi.lib : stdlib_typeinfo.cpp.obj (.const:.typeinfo:_ZTISt9type_info)
                  000107b4    00000008     sysctl.obj (.const:g_pui32VCOFrequencies)
                  000107bc    00000008     port.obj (.const)
                  000107c4    00000007     rtsv7M4_T_le_v4SPD16_eabi.lib : vector.cpp.obj (.const:.string:_ZZNKSt3__220__vector_base_commonILb1EE20__throw_length_errorEvEs)
                  000107cb    00000001     --HOLE-- [fill = 0]
                  000107cc    00000004     uartstdio.obj (.const)

.cinit     0    000107d0    000001b0     
                  000107d0    0000017b     (.cinit..data.load) [load image, compression = lzss]
                  0001094b    00000001     --HOLE-- [fill = 0]
                  0001094c    0000000c     (__TI_handler_table)
                  00010958    00000008     (.cinit..bss.load) [load image, compression = zero_init]
                  00010960    00000008     (.cinit..vtable.load) [load image, compression = zero_init]
                  00010968    00000018     (__TI_cinit_table)

.init_array 
*          0    00000000    00000000     UNINITIALIZED

.vtable    0    20000000    0000026c     UNINITIALIZED
                  20000000    0000026c     interrupt.obj (.vtable)

.bss       0    2000026c    000043a4     UNINITIALIZED
                  2000026c    00003c00     (.common:ucHeap)
                  20003e6c    000004b0     error_logger.obj (.bss:errors)
                  2000431c    00000120     rtsv7M4_T_le_v4SPD16_eabi.lib : trgmsg.c.obj (.bss:_CIOBUF_)
                  2000443c    000000a0     (.common:__TI_tmpnams)
                  200044dc    00000064     tasks.obj (.bss:pxReadyTasksLists)
                  20004540    00000040     (.common:xQueueRegistry)
                  20004580    00000014     tasks.obj (.bss:xDelayedTaskList1)
                  20004594    00000014     tasks.obj (.bss:xDelayedTaskList2)
                  200045a8    00000014     tasks.obj (.bss:xPendingReadyList)
                  200045bc    00000014     tasks.obj (.bss:xSuspendedTaskList)
                  200045d0    00000014     tasks.obj (.bss:xTasksWaitingTermination)
                  200045e4    0000000c     (.common:bin_string)
                  200045f0    00000008     tasks.obj (.bss)
                  200045f8    00000008     heap_4.obj (.bss:xStart)
                  20004600    00000008     (.common:parmbuf)
                  20004608    00000004     console_uart.obj (.bss)
                  2000460c    00000004     adc.obj (.bss:g_pui8OversampleFactor)

.stack     0    20004610    00000800     UNINITIALIZED
                  20004610    00000004     rtsv7M4_T_le_v4SPD16_eabi.lib : boot_cortex_m.c.obj (.stack)
                  20004614    000007fc     --HOLE--

.data      0    20004e10    00000440     UNINITIALIZED
                  20004e10    000000f0     rtsv7M4_T_le_v4SPD16_eabi.lib : defs.c.obj (.data:_ftable)
                  20004f00    00000078                                   : host_device.c.obj (.data:_device)
                  20004f78    00000050                                   : host_device.c.obj (.data:_stream)
                  20004fc8    00000034     tasks.obj (.data)
                  20004ffc    00000024     no_booster_board.obj (.data:i2c0)
                  20005020    00000020     ADC_task.obj (.data:adc1)
                  20005040    00000020     ADC_task.obj (.data:adc2)
                  20005060    00000020     ADC_task.obj (.data:adc3)
                  20005080    00000020     ADC_task.obj (.data:adc4)
                  200050a0    00000020     ADC_task.obj (.data:adc5)
                  200050c0    00000018     GPOs.obj (.data:blue_led)
                  200050d8    00000018     GPIs.obj (.data:gpi_1)
                  200050f0    00000018     GPIs.obj (.data:gpi_2)
                  20005108    00000018     GPIs.obj (.data:gpi_3)
                  20005120    00000018     GPIs.obj (.data:gpi_4)
                  20005138    00000018     GPIs.obj (.data:gpi_5)
                  20005150    00000018     GPOs.obj (.data:green_led)
                  20005168    00000018     heap_4.obj (.data)
                  20005180    00000018     GPOs.obj (.data:red_led)
                  20005198    00000014     ADC_task.obj (.data:board_adc_pins)
                  200051ac    00000014     GPIs.obj (.data:board_gpi_pins)
                  200051c0    00000010     I2C_monitor.obj (.data:format_types)
                  200051d0    00000010     rtsv7M4_T_le_v4SPD16_eabi.lib : defs.c.obj (.data)
                  200051e0    0000000c                                   : exit.c.obj (.data:$O1$$)
                  200051ec    0000000c     GPOs.obj (.data:gpos)
                  200051f8    0000000c     port.obj (.data)
                  20005204    00000008     rtsv7M4_T_le_v4SPD16_eabi.lib : _lock.c.obj (.data:$O1$$)
                  2000520c    00000008                                   : memory.c.obj (.data:$O1$$)
                  20005214    00000008     ADC_task.obj (.data:adc_pin_struct)
                  2000521c    00000008     GPIs.obj (.data:board_gpi_info)
                  20005224    00000008     GPOs.obj (.data:board_gpo_info)
                  2000522c    00000008     error_logger.obj (.data)
                  20005234    00000008     no_booster_board.obj (.data:i2c_speed_menu)
                  2000523c    00000005     uartstdio.obj (.data)
                  20005241    00000001     I2C_sniffer.obj (.data)
                  20005242    00000002     --HOLE--
                  20005244    00000004     ADC_task.obj (.data)
                  20005248    00000004     no_booster_board.obj (.data)
                  2000524c    00000004     rtsv7M4_T_le_v4SPD16_eabi.lib : errno.c.obj (.data)

.sysmem    0    20005250    00000010     UNINITIALIZED
                  20005250    00000010     rtsv7M4_T_le_v4SPD16_eabi.lib : memory.c.obj (.sysmem)

__llvm_prf_cnts 
*          0    20000000    00000000     UNINITIALIZED

MODULE SUMMARY

       Module                         code    ro data   rw data
       ------                         ----    -------   -------
    .\
       ADC_task.obj                   652     38        15552  
       I2C_task.obj                   5678    49        0      
       console_task.obj               3546    150       0      
       I2C_monitor.obj                3431    171       28     
       menu_page.obj                  2966    122       0      
       error_logger.obj               576     54        1208   
       I2C_scripter.obj               1292    58        0      
       heap_4.obj                     1108    0         32     
       io_control_page.obj            944     51        0      
       task_manager.obj               676     54        0      
       I2C_sniffer.obj                668     57        1      
       GPIs.obj                       532     38        148    
       no_booster_board.obj           576     36        48     
       tm4c123gh6pm_startup_ccs.obj   12      620       0      
       GPOs.obj                       468     34        92     
       test_task.obj                  228     50        0      
       console_uart.obj               252     0         4      
       text_controls.obj              210     0         0      
       utils.obj                      96      0         0      
       main.obj                       60      0         0      
       memory_functions.obj           48      0         0      
       hooks.obj                      42      0         0      
    +--+------------------------------+-------+---------+---------+
       Total:                         24061   1582      17113  
                                                               
    .\FreeRTOS\
       tasks.obj                      7644    0         260    
       queue.obj                      4008    0         64     
       list.obj                       298     0         0      
    +--+------------------------------+-------+---------+---------+
       Total:                         11950   0         324    
                                                               
    .\FreeRTOS\portable\CCS\ARM_CM4F\
       port.obj                       652     8         12     
       portasm.obj                    218     0         0      
    +--+------------------------------+-------+---------+---------+
       Total:                         870     8         12     
                                                               
    .\driverlib\
       sysctl.obj                     3834    452       0      
       gpio.obj                       2952    528       0      
       adc.obj                        1986    0         4      
       interrupt.obj                  960     268       620    
       i2c.obj                        1692    128       0      
       timer.obj                      1602    160       0      
       uart.obj                       1560    128       0      
       fpu.obj                        192     0         0      
       cpu.obj                        62      0         0      
    +--+------------------------------+-------+---------+---------+
       Total:                         14840   1664      624    
                                                               
    .\utils\
       uartstdio.obj                  1192    46        5      
    +--+------------------------------+-------+---------+---------+
       Total:                         1192    46        5      
                                                               
    C:\ti\ccs1020\ccs\tools\compiler\ti-cgt-arm_20.2.2.LTS\lib\rtsv7M4_T_le_v4SPD16_eabi.lib
       _printfi.c.obj                 4851    0         0      
       memory.c.obj                   672     0         8      
       fd_add_t2.asm.obj              438     0         0      
       defs.c.obj                     0       0         416    
       trgmsg.c.obj                   108     0         288    
       fd_div_t2.asm.obj              310     0         0      
       fputs.c.obj                    276     0         0      
       s_scalbn.c.obj                 272     0         0      
       fd_cmp_t2.asm.obj              268     0         0      
       ctype.c.obj                    0       257       0      
       fd_mul_t2.asm.obj              252     0         0      
       setvbuf.c.obj                  220     0         0      
       fflush.c.obj                   200     0         0      
       host_device.c.obj              0       0         200    
       typeinfo.c.obj                 36      127       0      
       memcpy_t2.asm.obj              156     0         0      
       ull_div_t2.asm.obj             150     0         0      
       memset_t2.asm.obj              122     0         0      
       fclose.c.obj                   116     0         0      
       getdevice.c.obj                116     0         0      
       hostrename.c.obj               108     0         0      
       copy_decompress_lzss.c.obj     104     0         0      
       hostlseek.c.obj                104     0         0      
       hostopen.c.obj                 96      0         8      
       fseek.c.obj                    100     0         0      
       s_frexp.c.obj                  100     0         0      
       _io_perm.c.obj                 98      0         0      
       sprintf.c.obj                  98      0         0      
       close.c.obj                    92      0         0      
       exit.c.obj                     76      0         12     
       hostread.c.obj                 88      0         0      
       hostwrite.c.obj                88      0         0      
       _ltoa.c.obj                    84      0         0      
       atoi.c.obj                     76      0         0      
       fd_toi_t2.asm.obj              72      0         0      
       autoinit.c.obj                 68      0         0      
       hostclose.c.obj                68      0         0      
       hostunlink.c.obj               68      0         0      
       u_divt2.asm.obj                64      0         0      
       strncpy.c.obj                  54      0         0      
       boot_cortex_m.c.obj            52      0         0      
       fopen.c.obj                    52      0         0      
       i_tofd_t2.asm.obj              46      0         0      
       unlink.c.obj                   44      0         0      
       lseek.c.obj                    40      0         0      
       memmov.c.obj                   40      0         0      
       write.c.obj                    40      0         0      
       memchr.c.obj                   32      0         0      
       assert.c.obj                   28      0         0      
       memccpy.c.obj                  28      0         0      
       s_copysign.c.obj               26      0         0      
       strcmp.c.obj                   24      0         0      
       stdlib_typeinfo.cpp.obj        2       21        0      
       strchr.c.obj                   22      0         0      
       vector.cpp.obj                 14      7         0      
       strcpy.c.obj                   20      0         0      
       strlen.c.obj                   20      0         0      
       wcslen.c.obj                   18      0         0      
       copy_decompress_none.c.obj     14      0         0      
       copy_zero_init.c.obj           12      0         0      
       errno.c.obj                    8       0         4      
       _lock.c.obj                    2       0         8      
       pure_virt.c.obj                6       0         0      
       error.c.obj                    4       0         0      
       new.cpp.obj                    4       0         0      
       pre_init.c.obj                 4       0         0      
       div0.asm.obj                   2       0         0      
    +--+------------------------------+-------+---------+---------+
       Total:                         10873   412       944    
                                                               
       Heap:                          0       0         16     
       Stack:                         0       0         2048   
       Linker Generated:              0       431       0      
    +--+------------------------------+-------+---------+---------+
       Grand Total:                   63786   4143      21086  


LINKER GENERATED COPY TABLES

__TI_cinit_table @ 00010968 records: 3, size/record: 8, table size: 24
	.data: load addr=000107d0, load size=0000017b bytes, run addr=20004e10, run size=00000440 bytes, compression=lzss
	.bss: load addr=00010958, load size=00000008 bytes, run addr=2000026c, run size=000043a4 bytes, compression=zero_init
	.vtable: load addr=00010960, load size=00000008 bytes, run addr=20000000, run size=0000026c bytes, compression=zero_init


LINKER GENERATED HANDLER TABLE

__TI_handler_table @ 0001094c records: 3, size/record: 4, table size: 12
	index: 0, handler: __TI_zero_init
	index: 1, handler: __TI_decompress_lzss
	index: 2, handler: __TI_decompress_none


GLOBAL SYMBOLS: SORTED ALPHABETICALLY BY Name 

address   name                                                                                                                                                                                                                                                                             
-------   ----                                                                                                                                                                                                                                                                             
00006ddd  ADCBusy                                                                                                                                                                                                                                                                          
00006e25  ADCClockConfigGet                                                                                                                                                                                                                                                                
00006dfb  ADCClockConfigSet                                                                                                                                                                                                                                                                
00006bf7  ADCComparatorConfigure                                                                                                                                                                                                                                                           
00006cc7  ADCComparatorIntClear                                                                                                                                                                                                                                                            
00006c7d  ADCComparatorIntDisable                                                                                                                                                                                                                                                          
00006c9b  ADCComparatorIntEnable                                                                                                                                                                                                                                                           
00006cb9  ADCComparatorIntStatus                                                                                                                                                                                                                                                           
00006c13  ADCComparatorRegionSet                                                                                                                                                                                                                                                           
00006c37  ADCComparatorReset                                                                                                                                                                                                                                                               
00006bc5  ADCHardwareOversampleConfigure                                                                                                                                                                                                                                                   
000067db  ADCIntClear                                                                                                                                                                                                                                                                      
00006d3f  ADCIntClearEx                                                                                                                                                                                                                                                                    
00006741  ADCIntDisable                                                                                                                                                                                                                                                                    
00006cd9  ADCIntDisableEx                                                                                                                                                                                                                                                                  
0000675d  ADCIntEnable                                                                                                                                                                                                                                                                     
00006cf1  ADCIntEnableEx                                                                                                                                                                                                                                                                   
000066fb  ADCIntRegister                                                                                                                                                                                                                                                                   
00006783  ADCIntStatus                                                                                                                                                                                                                                                                     
00006d0d  ADCIntStatusEx                                                                                                                                                                                                                                                                   
00006723  ADCIntUnregister                                                                                                                                                                                                                                                                 
00006d97  ADCPhaseDelayGet                                                                                                                                                                                                                                                                 
00006d85  ADCPhaseDelaySet                                                                                                                                                                                                                                                                 
[...]
00010688  _ZTS11ConsolePage                                                                                                                                                                                                                                                                
00010696  _ZTS11ConsoleTask                                                                                                                                                                                                                                                                
000106a4  _ZTS11ErrorLogger                                                                                                                                                                                                                                                                
000106b2  _ZTS11MenuOptions                                                                                                                                                                                                                                                                
000106c0  _ZTS11TaskManager                                                                                                                                                                                                                                                                
000106ce  _ZTSSt9type_info                                                                                                                                                                                                                                                                 
000106dc  _ZTI11ConsoleTask                                                                                                                                                                                                                                                                
000106e8  _ZTI11ErrorLogger                                                                                                                                                                                                                                                                
000106f4  _ZTI11MenuOptions                                                                                                                                                                                                                                                                
00010700  _ZTI11TaskManager                                                                                                                                                                                                                                                                
0001070c  _ZTI14I2cMonitorTask                                                                                                                                                                                                                                                             
00010718  _ZTI14I2cSnifferTask                                                                                                                                                                                                                                                             
00010724  _ZTI15I2cScripterTask                                                                                                                                                                                                                                                            
00010730  _ZTI7I2cTask                                                                                                                                                                                                                                                                     
0001073c  _ZTI8TestTask                                                                                                                                                                                                                                                                    
00010748  _ZTI9IoCtlPage                                                                                                                                                                                                                                                                   
00010754  _ZTIN10__cxxabiv117__class_type_infoE                                                                                                                                                                                                                                            
00010760  _ZTIN10__cxxabiv120__si_class_type_infoE                                                                                                                                                                                                                                         
00010784  _ZTS9IoCtlPage                                                                                                                                                                                                                                                                   
0001078f  _ZTS8TestTask                                                                                                                                                                                                                                                                    
00010799  _ZTS7I2cTask                                                                                                                                                                                                                                                                     
000107a4  _ZTI11ConsolePage                                                                                                                                                                                                                                                                
000107ac  _ZTISt9type_info                                                                                                                                                                                                                                                                 
000107bc  ulMaxSyscallInterruptPriority                                                                                                                                                                                                                                                    
000107c4  _ZZNKSt3__220__vector_base_commonILb1EE20__throw_length_errorEvEs                                                                                                                                                                                                                
0001094c  __TI_Handler_Table_Base                                                                                                                                                                                                                                                          
00010958  __TI_Handler_Table_Limit                                                                                                                                                                                                                                                         
00010968  __TI_CINIT_Base                                                                                                                                                                                                                                                                  
00010980  __TI_CINIT_Limit                                                                                                                                                                                                                                                                 
20000000  __start___llvm_prf_cnts                                                                                                                                                                                                                                                          
20000000  __stop___llvm_prf_cnts                                                                                                                                                                                                                                                           
20000000  g_pfnRAMVectors                                                                                                                                                                                                                                                                  
2000026c  ucHeap                                                                                                                                                                                                                                                                           
2000431c  __CIOBUF_                                                                                                                                                                                                                                                                        
2000443c  __TI_tmpnams                                                                                                                                                                                                                                                                     
20004540  xQueueRegistry                                                                                                                                                                                                                                                                   
200045e4  bin_string                                                                                                                                                                                                                                                                       
20004600  parmbuf                                                                                                                                                                                                                                                                          
20004610  __stack                                                                                                                                                                                                                                                                          
20004810  __STACK_TOP                                                                                                                                                                                                                                                                      
20004e10  __STACK_END                                                                                                                                                                                                                                                                      
20004e10  _ftable                                                                                                                                                                                                                                                                          
20004f00  _device                                                                                                                                                                                                                                                                          
20004f78  _stream                                                                                                                                                                                                                                                                          
20004fc8  pxCurrentTCB                                                                                                                                                                                                                                                                     
200051d0  __TI_ft_end                                                                                                                                                                                                                                                                      
200051d4  __aeabi_stdin                                                                                                                                                                                                                                                                    
200051d8  __aeabi_stdout                                                                                                                                                                                                                                                                   
200051dc  __aeabi_stderr                                                                                                                                                                                                                                                                   
200051e0  __TI_cleanup_ptr                                                                                                                                                                                                                                                                 
200051e4  __TI_dtors_ptr                                                                                                                                                                                                                                                                   
200051e8  __TI_enable_exit_profile_output                                                                                                                                                                                                                                                  
20005204  _lock                                                                                                                                                                                                                                                                            
20005208  _unlock                                                                                                                                                                                                                                                                          
20005214  adc_pin_struct                                                                                                                                                                                                                                                                   
2000521c  board_gpi_info                                                                                                                                                                                                                                                                   
20005224  board_gpo_info                                                                                                                                                                                                                                                                   
20005230  _ZN11ErrorLogger3objE                                                                                                                                                                                                                                                            
20005234  i2c_speed_menu                                                                                                                                                                                                                                                                   
20005248  i2c_speed_name                                                                                                                                                                                                                                                                   
2000524c  errno                                                                                                                                                                                                                                                                            
20005250  _sys_memory                                                                                                                                                                                                                                                                      
ffffffff  __TI_pprof_out_hndl                                                                                                                                                                                                                                                              
ffffffff  __TI_prof_data_size                                                                                                                                                                                                                                                              
ffffffff  __TI_prof_data_start                                                                                                                                                                                                                                                             
ffffffff  __binit__                                                                                                                                                                                                                                                                        
ffffffff  __c_args__                                                                                                                                                                                                                                                                       
ffffffff  binit                                                                                                                                                                                                                                                                            
UNDEFED   __mpu_init                                                                                                                                                                                                                                                                       
UNDEFED   _system_post_cinit                                                                                                                                                                                                                                                               

[1008 symbols]
