******************************************************************************
                  TI ARM Linker PC v20.2.2                     
******************************************************************************
>> Linked Tue Aug  3 10:19:05 2021

OUTPUT FILE NAME:   <MicroMasterTM4C123G.out>
ENTRY POINT SYMBOL: "_c_int00_noargs"  address: 0000c959


MEMORY CONFIGURATION

         name            origin    length      used     unused   attr    fill
----------------------  --------  ---------  --------  --------  ----  --------
  FLASH                 00000000   00040000  0000e3c0  00031c40  R  X
  SRAM                  20000000   00008000  0000508c  00002f74  RW X


SEGMENT ALLOCATION MAP

run origin  load origin   length   init length attrs members
----------  ----------- ---------- ----------- ----- -------
00000000    00000000    0000e3c0   0000e3c0    r-x
  00000000    00000000    0000026c   0000026c    r-- .intvecs
  0000026c    0000026c    0000d5d4   0000d5d4    r-x .text
  0000d840    0000d840    00000aa0   00000aa0    r-- .const
  0000e2e0    0000e2e0    000000e0   000000e0    r-- .cinit
20000000    20000000    00005090   00000000    rw-
  20000000    20000000    0000026c   00000000    rw- .vtable
  2000026c    2000026c    0000439c   00000000    rw- .bss
  20004608    20004608    00000800   00000000    rw- .stack
  20004e08    20004e08    00000274   00000000    rw- .data
  20005080    20005080    00000010   00000000    rw- .sysmem


SECTION ALLOCATION MAP

 output                                  attributes/
section   page    origin      length       input sections
--------  ----  ----------  ----------   ----------------
.intvecs   0    00000000    0000026c     
                  00000000    0000026c     tm4c123gh6pm_startup_ccs.obj (.intvecs)

.text      0    0000026c    0000d5d4     
                  0000026c    00001ddc     tasks.obj (.text)
                  00002048    0000113c     I2C_task.obj (.text)
                  00003184    00000fa8     queue.obj (.text)
                  0000412c    00000ef4     sysctl.obj (.text)
                  00005020    00000b88     gpio.obj (.text)
                  00005ba8    00000a4e     rtsv7M4_T_le_v4SPD16_eabi.lib : _printfi.c.obj (.text:__TI_printfi)
                  000065f6    00000002                                   : vector.cpp.obj (.text:_ZNSt3__220__vector_base_commonILb1EEC2Ev)
                  000065f8    0000069c     i2c.obj (.text)
                  00006c94    00000642     timer.obj (.text)
                  000072d6    00000002     rtsv7M4_T_le_v4SPD16_eabi.lib : stdlib_typeinfo.cpp.obj (.text:_ZNSt9type_infoD1Ev)
                  000072d8    00000618     uart.obj (.text)
                  000078f0    0000057a     console_task.obj (.text)
                  00007e6a    00000002     rtsv7M4_T_le_v4SPD16_eabi.lib : _lock.c.obj (.text:_nop)
                  00007e6c    00000579     I2C_monitor.obj (.text)
                  000083e5    00000001     --HOLE-- [fill = 0]
                  000083e6    00000002     rtsv7M4_T_le_v4SPD16_eabi.lib : div0.asm.obj (.text)
                  000083e8    000004f0     I2C_scripter.obj (.text)
                  000088d8    000004a8     uartstdio.obj (.text)
                  00008d80    000003c0     interrupt.obj (.text)
                  00009140    00000290     task_manager.obj (.text)
                  000093d0    0000028c     port.obj (.text)
                  0000965c    00000288     I2C_sniffer.obj (.text)
                  000098e4    00000270     rtsv7M4_T_le_v4SPD16_eabi.lib : _printfi.c.obj (.text:_pconv_a)
                  00009b54    0000022c     error_logger.obj (.text)
                  00009d80    000001fc     heap_2.obj (.text)
                  00009f7c    000001d0     rtsv7M4_T_le_v4SPD16_eabi.lib : _printfi.c.obj (.text:_pconv_g)
                  0000a14c    000001b6                                   : fd_add_t2.asm.obj (.text)
                  0000a302    00000002     --HOLE-- [fill = 0]
                  0000a304    00000144     no_booster_board.obj (.text)
                  0000a448    0000013c     rtsv7M4_T_le_v4SPD16_eabi.lib : _printfi.c.obj (.text:_pconv_e)
                  0000a584    00000136                                   : fd_div_t2.asm.obj (.text)
                  0000a6ba    0000012a     list.obj (.text)
                  0000a7e4    00000124     rtsv7M4_T_le_v4SPD16_eabi.lib : _printfi.c.obj (.text:fcvt)
                  0000a908    00000114                                   : fputs.c.obj (.text:fputs)
                  0000aa1c    00000110                                   : s_scalbn.c.obj (.text:scalbn)
                  0000ab2c    00000100                                   : memory.c.obj (.text:aligned_alloc)
                  0000ac2c    000000fc     console_uart.obj (.text)
                  0000ad28    000000fc     rtsv7M4_T_le_v4SPD16_eabi.lib : fd_mul_t2.asm.obj (.text)
                  0000ae24    000000e4                                   : memory.c.obj (.text:free)
                  0000af08    000000dc                                   : setvbuf.c.obj (.text:setvbuf)
                  0000afe4    000000da     portasm.obj (.text)
                  0000b0be    00000002     --HOLE-- [fill = 0]
                  0000b0c0    000000d2     text_controls.obj (.text)
                  0000b192    00000002     --HOLE-- [fill = 0]
                  0000b194    000000c0     fpu.obj (.text)
                  0000b254    000000b1     rtsv7M4_T_le_v4SPD16_eabi.lib : _printfi.c.obj (.text:_ltostr)
                  0000b305    00000001     --HOLE-- [fill = 0]
                  0000b306    000000b0     I2C_monitor.obj (.text:_ZNSt3__26vectorIP6I2cMsgNS_9allocatorIS2_EEE6assignIPS2_EENS_9enable_ifIXaasr3std3__221__is_forward_iteratorIT_EE5valuesr3std3__216is_constructibleIS2_JNS_15iterator_traitsIS9_E9referenceEEEE5valueEvE4typeES9_S9_)
                  0000b3b6    0000009c     rtsv7M4_T_le_v4SPD16_eabi.lib : memcpy_t2.asm.obj (.text)
                  0000b452    00000096                                   : ull_div_t2.asm.obj (.text)
                  0000b4e8    00000090     test_task.obj (.text)
                  0000b578    00000086     rtsv7M4_T_le_v4SPD16_eabi.lib : fd_cmp_t2.asm.obj (.text:__aeabi_cdcmple)
                  0000b5fe    00000086                                   : fd_cmp_t2.asm.obj (.text:__aeabi_cdrcmple)
                  0000b684    0000007c                                   : fflush.c.obj (.text:fflush)
                  0000b700    0000007a                                   : memset_t2.asm.obj (.text)
                  0000b77a    00000002     --HOLE-- [fill = 0]
                  0000b77c    00000074                                   : fclose.c.obj (.text:__TI_closefile)
                  0000b7f0    00000070                                   : memory.c.obj (.text:split)
                  0000b860    0000006e                                   : _printfi.c.obj (.text:_mcpy)
                  0000b8ce    00000002     --HOLE-- [fill = 0]
                  0000b8d0    0000006c                                   : hostrename.c.obj (.text:HOSTrename)
                  0000b93c    0000006c     console_task.obj (.text:_ZNSt3__26vectorIP11ConsolePageNS_9allocatorIS2_EEE26__swap_out_circular_bufferERNS_14__split_bufferIS2_RS4_EE)
                  0000b9a8    0000006c     I2C_task.obj (.text:_ZNSt3__26vectorIP6I2cMsgNS_9allocatorIS2_EEE26__swap_out_circular_bufferERNS_14__split_bufferIS2_RS4_EE)
                  0000ba14    00000068     rtsv7M4_T_le_v4SPD16_eabi.lib : hostlseek.c.obj (.text:HOSTlseek)
                  0000ba7c    00000068                                   : copy_decompress_lzss.c.obj (.text:decompress:lzss:__TI_decompress_lzss)
                  0000bae4    00000064     console_task.obj (.text:_ZNSt3__26vectorIP11ConsolePageNS_9allocatorIS2_EEE21__push_back_slow_pathIRKS2_EEvOT_)
                  0000bb48    00000064     I2C_task.obj (.text:_ZNSt3__26vectorIP6I2cMsgNS_9allocatorIS2_EEE21__push_back_slow_pathIS2_EEvOT_)
                  0000bbac    00000064     rtsv7M4_T_le_v4SPD16_eabi.lib : s_frexp.c.obj (.text:frexp)
                  0000bc10    00000064                                   : fseek.c.obj (.text:fseek)
                  0000bc74    00000062     I2C_task.obj (.text:_ZNSt3__26vectorIP6I2cMsgNS_9allocatorIS2_EEE9push_backEOS2_)
                  0000bcd6    00000062     rtsv7M4_T_le_v4SPD16_eabi.lib : _io_perm.c.obj (.text:__TI_wrt_ok)
                  0000bd38    00000060                                   : hostopen.c.obj (.text:HOSTopen)
                  0000bd98    00000060     console_task.obj (.text:_ZNSt3__214__split_bufferIP11ConsolePageRNS_9allocatorIS2_EEEC1EjjS5_)
                  0000bdf8    00000060     I2C_task.obj (.text:_ZNSt3__214__split_bufferIP6I2cMsgRNS_9allocatorIS2_EEEC1EjjS5_)
                  0000be58    0000005c     rtsv7M4_T_le_v4SPD16_eabi.lib : close.c.obj (.text:close)
                  0000beb4    00000058                                   : hostread.c.obj (.text:HOSTread)
                  0000bf0c    00000058                                   : hostwrite.c.obj (.text:HOSTwrite)
                  0000bf64    00000056     console_task.obj (.text:_ZNKSt3__26vectorIP11ConsolePageNS_9allocatorIS2_EEE17__annotate_deleteEv)
                  0000bfba    00000056     I2C_task.obj (.text:_ZNKSt3__26vectorIP6I2cMsgNS_9allocatorIS2_EEE17__annotate_deleteEv)
                  0000c010    00000056     console_task.obj (.text:_ZNSt3__26vectorIP11ConsolePageNS_9allocatorIS2_EEE9push_backERKS2_)
                  0000c066    00000056     rtsv7M4_T_le_v4SPD16_eabi.lib : _printfi.c.obj (.text:_pconv_f)
                  0000c0bc    00000054     console_task.obj (.text:_ZNKSt3__26vectorIP11ConsolePageNS_9allocatorIS2_EEE14__annotate_newEj)
                  0000c110    00000054     I2C_monitor.obj (.text:_ZNKSt3__26vectorIP6I2cMsgNS_9allocatorIS2_EEE14__annotate_newEj)
                  0000c164    00000054     rtsv7M4_T_le_v4SPD16_eabi.lib : _ltoa.c.obj (.text:__TI_ltoa)
                  0000c1b8    00000052     I2C_monitor.obj (.text:_ZNKSt3__26vectorIP6I2cMsgNS_9allocatorIS2_EEE17__annotate_shrinkEj)
                  0000c20a    00000052     rtsv7M4_T_le_v4SPD16_eabi.lib : _printfi.c.obj (.text:_ecpy)
                  0000c25c    0000004c                                   : fflush.c.obj (.text:__TI_doflush)
                  0000c2a8    0000004c                                   : atoi.c.obj (.text:atoi)
                  0000c2f4    0000004a     console_task.obj (.text:_ZNKSt3__26vectorIP11ConsolePageNS_9allocatorIS2_EEE11__recommendEj)
                  0000c33e    0000004a     I2C_monitor.obj (.text:_ZNKSt3__26vectorIP6I2cMsgNS_9allocatorIS2_EEE11__recommendEj)
                  0000c388    00000048     I2C_monitor.obj (.text:_ZNSt3__26vectorIP6I2cMsgNS_9allocatorIS2_EEE8allocateEj)
                  0000c3d0    00000048     rtsv7M4_T_le_v4SPD16_eabi.lib : exit.c.obj (.text:exit)
                  0000c418    00000048                                   : fd_toi_t2.asm.obj (.text)
                  0000c460    00000044                                   : hostclose.c.obj (.text:HOSTclose)
                  0000c4a4    00000044                                   : hostunlink.c.obj (.text:HOSTunlink)
                  0000c4e8    00000044                                   : autoinit.c.obj (.text:__TI_auto_init_nobinit_nopinit:__TI_auto_init_nobinit_nopinit)
                  0000c52c    00000044                                   : getdevice.c.obj (.text:getdevice)
                  0000c570    00000040     I2C_monitor.obj (.text:_ZNSt3__213__vector_baseIP6I2cMsgNS_9allocatorIS2_EEE17__destruct_at_endEPS2_)
                  0000c5b0    00000040     I2C_monitor.obj (.text:_ZNSt3__26vectorIP6I2cMsgNS_9allocatorIS2_EEE10deallocateEv)
                  0000c5f0    00000040     rtsv7M4_T_le_v4SPD16_eabi.lib : u_divt2.asm.obj (.text)
                  0000c630    00000040                                   : sprintf.c.obj (.text:sprintf)
                  0000c670    0000003e                                   : _printfi.c.obj (.text:_fcpy)
                  0000c6ae    0000003e     cpu.obj (.text)
                  0000c6ec    0000003c     console_task.obj (.text:_ZNSt3__216allocator_traitsINS_9allocatorIP11ConsolePageEEE20__construct_backwardIS3_EENS_9enable_ifIXaaoosr3std3__27is_sameIS4_NS1_IT_EEEE5valuentsr3std3__215__has_constructIS4_PS8_JS8_EEE5valuesr3std3__231is_trivially_move_constructibleIS8_EE5valueEvE4typeERS4_SA_SA_RSA_)
                  0000c728    0000003c     I2C_task.obj (.text:_ZNSt3__216allocator_traitsINS_9allocatorIP6I2cMsgEEE20__construct_backwardIS3_EENS_9enable_ifIXaaoosr3std3__27is_sameIS4_NS1_IT_EEEE5valuentsr3std3__215__has_constructIS4_PS8_JS8_EEE5valuesr3std3__231is_trivially_move_constructibleIS8_EE5valueEvE4typeERS4_SA_SA_RSA_)
                  0000c764    0000003c     I2C_monitor.obj (.text:_ZNSt3__216allocator_traitsINS_9allocatorIP6I2cMsgEEE25__construct_range_forwardIS3_EENS_9enable_ifIXaaoosr3std3__27is_sameIS4_NS1_IT_EEEE5valuentsr3std3__215__has_constructIS4_PS8_JS8_EEE5valuesr3std3__231is_trivially_move_constructibleIS8_EE5valueEvE4typeERS4_SA_SA_RSA_)
                  0000c7a0    0000003c     main.obj (.text)
                  0000c7dc    00000038     I2C_monitor.obj (.text:_ZNSt3__26vectorIP6I2cMsgNS_9allocatorIS2_EEE18__construct_at_endIPS2_EENS_9enable_ifIXsr3std3__221__is_forward_iteratorIT_EE5valueEvE4typeES9_S9_j)
                  0000c814    00000038     rtsv7M4_T_le_v4SPD16_eabi.lib : trgmsg.c.obj (.text:__TI_writemsg)
                  0000c84c    00000036     console_task.obj (.text:_ZNSt3__214__split_bufferIP11ConsolePageRNS_9allocatorIS2_EEE17__destruct_at_endEPS2_NS_17integral_constantIbLb0EEE)
                  0000c882    00000036     I2C_task.obj (.text:_ZNSt3__214__split_bufferIP6I2cMsgRNS_9allocatorIS2_EEE17__destruct_at_endEPS2_NS_17integral_constantIbLb0EEE)
                  0000c8b8    00000036     rtsv7M4_T_le_v4SPD16_eabi.lib : strncpy.c.obj (.text:strncpy)
                  0000c8ee    00000002     --HOLE-- [fill = 0]
                  0000c8f0    00000034                                   : fopen.c.obj (.text:__TI_cleanup)
                  0000c924    00000034                                   : trgmsg.c.obj (.text:__TI_readmsg)
                  0000c958    00000034                                   : boot_cortex_m.c.obj (.text:_c_int00_noargs:_c_int00_noargs)
                  0000c98c    00000032     I2C_monitor.obj (.text:_ZNSt3__26__copyIP6I2cMsgS2_EENS_9enable_ifIXaasr3std3__27is_sameINS_12remove_constIT_E4typeET0_EE5valuesr3std3__228is_trivially_copy_assignableIS8_EE5valueEPS8_E4typeEPS5_SC_S9_)
                  0000c9be    00000002     --HOLE-- [fill = 0]
                  0000c9c0    00000030     rtsv7M4_T_le_v4SPD16_eabi.lib : getdevice.c.obj (.text:finddevice)
                  0000c9f0    00000030     memory_functions.obj (.text)
                  0000ca20    0000002e     console_task.obj (.text:_ZNSt3__214__split_bufferIP11ConsolePageRNS_9allocatorIS2_EEED1Ev)
                  0000ca4e    0000002e     I2C_task.obj (.text:_ZNSt3__214__split_bufferIP6I2cMsgRNS_9allocatorIS2_EEED1Ev)
                  0000ca7c    0000002e     console_task.obj (.text:_ZNSt3__29allocatorIP11ConsolePageE9constructIS2_JRKS2_EEEvPT_DpOT0_)
                  0000caaa    0000002e     I2C_task.obj (.text:_ZNSt3__29allocatorIP6I2cMsgE9constructIS2_JS2_EEEvPT_DpOT0_)
                  0000cad8    0000002e     rtsv7M4_T_le_v4SPD16_eabi.lib : i_tofd_t2.asm.obj (.text)
                  0000cb06    00000002     --HOLE-- [fill = 0]
                  0000cb08    0000002c                                   : unlink.c.obj (.text:unlink)
                  0000cb34    0000002a     console_task.obj (.text:_ZNSt3__217__compressed_pairIPP11ConsolePageRNS_9allocatorIS2_EEEC1IDnS6_EEOT_OT0_)
                  0000cb5e    0000002a     I2C_task.obj (.text:_ZNSt3__217__compressed_pairIPP6I2cMsgRNS_9allocatorIS2_EEEC1IDnS6_EEOT_OT0_)
                  0000cb88    0000002a     I2C_monitor.obj (.text:_ZNSt3__24copyIPP6I2cMsgS3_EET0_T_S5_S4_)
                  0000cbb2    0000002a     console_task.obj (.text:_ZNSt3__24swapIPP11ConsolePageEENS_9enable_ifIXaasr3std3__221is_move_constructibleIT_EE5valuesr3std3__218is_move_assignableIS5_EE5valueEvE4typeERS5_S8_)
                  0000cbdc    0000002a     I2C_task.obj (.text:_ZNSt3__24swapIPP6I2cMsgEENS_9enable_ifIXaasr3std3__221is_move_constructibleIT_EE5valuesr3std3__218is_move_assignableIS5_EE5valueEvE4typeERS5_S8_)
                  0000cc06    0000002a     hooks.obj (.text)
                  0000cc30    00000028     console_task.obj (.text:_ZNSt3__213__vector_baseIP11ConsolePageNS_9allocatorIS2_EEEC1Ev)
                  0000cc58    00000028     I2C_monitor.obj (.text:_ZNSt3__213__vector_baseIP6I2cMsgNS_9allocatorIS2_EEEC1Ev)
                  0000cc80    00000028     I2C_monitor.obj (.text:_ZNSt3__26vectorIP6I2cMsgNS_9allocatorIS2_EEE17__destruct_at_endEPS2_)
                  0000cca8    00000028     I2C_monitor.obj (.text:_ZNSt3__26vectorIP6I2cMsgNS_9allocatorIS2_EEEaSERKS5_)
                  0000ccd0    00000028     console_task.obj (.text:_ZNSt3__29allocatorIP11ConsolePageE8allocateEjPKv)
                  0000ccf8    00000028     I2C_monitor.obj (.text:_ZNSt3__29allocatorIP6I2cMsgE8allocateEjPKv)
                  0000cd20    00000028     rtsv7M4_T_le_v4SPD16_eabi.lib : memory.c.obj (.text:free_list_insert)
                  0000cd48    00000028                                   : lseek.c.obj (.text:lseek)
                  0000cd70    00000028                                   : memmov.c.obj (.text:memmove)
                  0000cd98    00000028                                   : write.c.obj (.text:write)
                  0000cdc0    00000024     console_task.obj (.text:_ZNKSt3__26vectorIP11ConsolePageNS_9allocatorIS2_EEE8max_sizeEv)
                  0000cde4    00000024     I2C_monitor.obj (.text:_ZNKSt3__26vectorIP6I2cMsgNS_9allocatorIS2_EEE8max_sizeEv)
                  0000ce08    00000024     console_task.obj (.text:_ZNSt3__216allocator_traitsINS_9allocatorIP11ConsolePageEEE11__constructIS3_JRKS3_EEEvNS_17integral_constantIbLb1EEERS4_PT_DpOT0_)
                  0000ce2c    00000024     console_task.obj (.text:_ZNSt3__216allocator_traitsINS_9allocatorIP11ConsolePageEEE9constructIS3_JRKS3_EEEvRS4_PT_DpOT0_)
                  0000ce50    00000024     I2C_task.obj (.text:_ZNSt3__216allocator_traitsINS_9allocatorIP6I2cMsgEEE11__constructIS3_JS3_EEEvNS_17integral_constantIbLb1EEERS4_PT_DpOT0_)
                  0000ce74    00000024     I2C_task.obj (.text:_ZNSt3__216allocator_traitsINS_9allocatorIP6I2cMsgEEE9constructIS3_JS3_EEEvRS4_PT_DpOT0_)
                  0000ce98    00000022     I2C_monitor.obj (.text:_ZNSt3__26vectorIP6I2cMsgNS_9allocatorIS2_EEE5clearEv)
                  0000ceba    00000020     rtsv7M4_T_le_v4SPD16_eabi.lib : memchr.c.obj (.text:memchr)
                  0000ceda    0000001e     I2C_monitor.obj (.text:_ZNKSt3__26__lessIjjEclERKjS3_)
                  0000cef8    0000001e     console_task.obj (.text:_ZNSt3__217__compressed_pairIPP11ConsolePageNS_9allocatorIS2_EEEC1IDnLb1EEEOT_)
                  0000cf16    0000001e     I2C_monitor.obj (.text:_ZNSt3__217__compressed_pairIPP6I2cMsgNS_9allocatorIS2_EEEC1IDnLb1EEEOT_)
                  0000cf34    0000001e     I2C_monitor.obj (.text:_ZNSt3__23maxIjNS_6__lessIjjEEEERKT_S5_S5_T0_)
                  0000cf52    0000001e     I2C_monitor.obj (.text:_ZNSt3__23minIjNS_6__lessIjjEEEERKT_S5_S5_T0_)
                  0000cf70    0000001c     I2C_monitor.obj (.text:_ZNSt3__29__advanceIPP6I2cMsgEEvRT_NS_15iterator_traitsIS4_E15difference_typeENS_26random_access_iterator_tagE)
                  0000cf8c    0000001c     rtsv7M4_T_le_v4SPD16_eabi.lib : assert.c.obj (.text:_abort_msg)
                  0000cfa8    0000001c                                   : memory.c.obj (.text:free_list_remove)
                  0000cfc4    0000001c                                   : memccpy.c.obj (.text:memccpy)
                  0000cfe0    0000001a                                   : s_copysign.c.obj (.text:copysign)
                  0000cffa    00000018     I2C_monitor.obj (.text:_ZNSt3__210__distanceIPP6I2cMsgEENS_15iterator_traitsIT_E15difference_typeES5_S5_NS_26random_access_iterator_tagE)
                  0000d012    00000018     rtsv7M4_T_le_v4SPD16_eabi.lib : sprintf.c.obj (.text:_outs)
                  0000d02a    00000018                                   : strcmp.c.obj (.text:strcmp)
                  0000d042    00000016     console_task.obj (.text:_ZNKSt3__213__vector_baseIP11ConsolePageNS_9allocatorIS2_EEE8capacityEv)
                  0000d058    00000016     I2C_monitor.obj (.text:_ZNKSt3__213__vector_baseIP6I2cMsgNS_9allocatorIS2_EEE8capacityEv)
                  0000d06e    00000016     console_task.obj (.text:_ZNKSt3__214__split_bufferIP11ConsolePageRNS_9allocatorIS2_EEE8capacityEv)
                  0000d084    00000016     I2C_task.obj (.text:_ZNKSt3__214__split_bufferIP6I2cMsgRNS_9allocatorIS2_EEE8capacityEv)
                  0000d09a    00000016     console_task.obj (.text:_ZNKSt3__26vectorIP11ConsolePageNS_9allocatorIS2_EEE4sizeEv)
                  0000d0b0    00000016     I2C_monitor.obj (.text:_ZNKSt3__26vectorIP6I2cMsgNS_9allocatorIS2_EEE4sizeEv)
                  0000d0c6    00000016     console_task.obj (.text:_ZNSt3__222__compressed_pair_elemIPP11ConsolePageLi0ELb0EEC1IDnvEEOT_)
                  0000d0dc    00000016     I2C_monitor.obj (.text:_ZNSt3__222__compressed_pair_elemIPP6I2cMsgLi0ELb0EEC1IDnvEEOT_)
                  0000d0f2    00000016     console_task.obj (.text:_ZNSt3__26vectorIP11ConsolePageNS_9allocatorIS2_EEEixEj)
                  0000d108    00000016     I2C_monitor.obj (.text:_ZNSt3__26vectorIP6I2cMsgNS_9allocatorIS2_EEEixEj)
                  0000d11e    00000016     rtsv7M4_T_le_v4SPD16_eabi.lib : strchr.c.obj (.text:strchr)
                  0000d134    00000014     I2C_monitor.obj (.text:_ZNSt3__213__vector_baseIP6I2cMsgNS_9allocatorIS2_EEE19__copy_assign_allocERKS5_)
                  0000d148    00000014     console_task.obj (.text:_ZNSt3__214__split_bufferIP11ConsolePageRNS_9allocatorIS2_EEE17__destruct_at_endEPS2_)
                  0000d15c    00000014     I2C_task.obj (.text:_ZNSt3__214__split_bufferIP6I2cMsgRNS_9allocatorIS2_EEE17__destruct_at_endEPS2_)
                  0000d170    00000014     console_task.obj (.text:_ZNSt3__216allocator_traitsINS_9allocatorIP11ConsolePageEEE10deallocateERS4_PS3_j)
                  0000d184    00000014     console_task.obj (.text:_ZNSt3__216allocator_traitsINS_9allocatorIP11ConsolePageEEE7destroyIS3_EEvRS4_PT_)
                  0000d198    00000014     console_task.obj (.text:_ZNSt3__216allocator_traitsINS_9allocatorIP11ConsolePageEEE9__destroyIS3_EEvNS_17integral_constantIbLb1EEERS4_PT_)
                  0000d1ac    00000014     I2C_monitor.obj (.text:_ZNSt3__216allocator_traitsINS_9allocatorIP6I2cMsgEEE10deallocateERS4_PS3_j)
                  0000d1c0    00000014     I2C_monitor.obj (.text:_ZNSt3__216allocator_traitsINS_9allocatorIP6I2cMsgEEE7destroyIS3_EEvRS4_PT_)
                  0000d1d4    00000014     I2C_monitor.obj (.text:_ZNSt3__216allocator_traitsINS_9allocatorIP6I2cMsgEEE9__destroyIS3_EEvNS_17integral_constantIbLb1EEERS4_PT_)
                  0000d1e8    00000014     console_task.obj (.text:_ZNSt3__222__compressed_pair_elemIRNS_9allocatorIP11ConsolePageEELi1ELb0EEC1IS5_vEEOT_)
                  0000d1fc    00000014     I2C_task.obj (.text:_ZNSt3__222__compressed_pair_elemIRNS_9allocatorIP6I2cMsgEELi1ELb0EEC1IS5_vEEOT_)
                  0000d210    00000014     I2C_monitor.obj (.text:_ZNSt3__23maxIjEERKT_S3_S3_)
                  0000d224    00000014     I2C_monitor.obj (.text:_ZNSt3__23minIjEERKT_S3_S3_)
                  0000d238    00000014     I2C_monitor.obj (.text:_ZNSt3__27advanceIPP6I2cMsgEEvRT_NS_15iterator_traitsIS4_E15difference_typeE)
                  0000d24c    00000014     I2C_monitor.obj (.text:_ZNSt3__28distanceIPP6I2cMsgEENS_15iterator_traitsIT_E15difference_typeES5_S5_)
                  0000d260    00000014     rtsv7M4_T_le_v4SPD16_eabi.lib : strcpy.c.obj (.text:strcpy)
                  0000d274    00000014                                   : strlen.c.obj (.text:strlen)
                  0000d288    00000012     console_task.obj (.text:_ZNSt3__216allocator_traitsINS_9allocatorIP11ConsolePageEEE8allocateERS4_j)
                  0000d29a    00000012     I2C_monitor.obj (.text:_ZNSt3__216allocator_traitsINS_9allocatorIP6I2cMsgEEE8allocateERS4_j)
                  0000d2ac    00000012     rtsv7M4_T_le_v4SPD16_eabi.lib : wcslen.c.obj (.text:wcslen)
                  0000d2be    00000010     console_task.obj (.text:_ZNKSt3__26vectorIP11ConsolePageNS_9allocatorIS2_EEE31__annotate_contiguous_containerEPKvS7_S7_S7_)
                  0000d2ce    00000010     I2C_monitor.obj (.text:_ZNKSt3__26vectorIP6I2cMsgNS_9allocatorIS2_EEE31__annotate_contiguous_containerEPKvS7_S7_S7_)
                  0000d2de    00000010     I2C_monitor.obj (.text:_ZNSt3__213__vector_baseIP6I2cMsgNS_9allocatorIS2_EEE19__copy_assign_allocERKS5_NS_17integral_constantIbLb0EEE)
                  0000d2ee    00000010     I2C_monitor.obj (.text:_ZNSt3__213__vector_baseIP6I2cMsgNS_9allocatorIS2_EEE5clearEv)
                  0000d2fe    00000010     console_task.obj (.text:_ZNSt3__214__split_bufferIP11ConsolePageRNS_9allocatorIS2_EEE5clearEv)
                  0000d30e    00000010     I2C_task.obj (.text:_ZNSt3__214__split_bufferIP6I2cMsgRNS_9allocatorIS2_EEE5clearEv)
                  0000d31e    00000010     console_task.obj (.text:_ZNSt3__216allocator_traitsINS_9allocatorIP11ConsolePageEEE10__max_sizeENS_17integral_constantIbLb1EEERKS4_)
                  0000d32e    00000010     console_task.obj (.text:_ZNSt3__216allocator_traitsINS_9allocatorIP11ConsolePageEEE8max_sizeERKS4_)
                  0000d33e    00000010     I2C_monitor.obj (.text:_ZNSt3__216allocator_traitsINS_9allocatorIP6I2cMsgEEE10__max_sizeENS_17integral_constantIbLb1EEERKS4_)
                  0000d34e    00000010     I2C_monitor.obj (.text:_ZNSt3__216allocator_traitsINS_9allocatorIP6I2cMsgEEE8max_sizeERKS4_)
                  0000d35e    00000010     console_task.obj (.text:_ZNSt3__222__compressed_pair_elemIPP11ConsolePageLi0ELb0EEC2IDnvEEOT_)
                  0000d36e    00000010     I2C_monitor.obj (.text:_ZNSt3__222__compressed_pair_elemIPP6I2cMsgLi0ELb0EEC2IDnvEEOT_)
                  0000d37e    00000010     console_task.obj (.text:_ZNSt3__222__compressed_pair_elemIRNS_9allocatorIP11ConsolePageEELi1ELb0EEC2IS5_vEEOT_)
                  0000d38e    00000010     I2C_task.obj (.text:_ZNSt3__222__compressed_pair_elemIRNS_9allocatorIP6I2cMsgEELi1ELb0EEC2IS5_vEEOT_)
                  0000d39e    00000010     console_task.obj (.text:_ZNSt3__26vectorIP11ConsolePageNS_9allocatorIS2_EEE24__RAII_IncreaseAnnotatorC1ERKS5_j)
                  0000d3ae    00000010     I2C_monitor.obj (.text:_ZNSt3__26vectorIP6I2cMsgNS_9allocatorIS2_EEE24__RAII_IncreaseAnnotatorC1ERKS5_j)
                  0000d3be    00000010     console_task.obj (.text:_ZNSt3__29allocatorIP11ConsolePageE10deallocateEPS2_j)
                  0000d3ce    00000010     I2C_monitor.obj (.text:_ZNSt3__29allocatorIP6I2cMsgE10deallocateEPS2_j)
                  0000d3de    0000000e     rtsv7M4_T_le_v4SPD16_eabi.lib : typeinfo.c.obj (.text:_ZN10__cxxabiv117__class_type_infoD0Ev)
                  0000d3ec    0000000e                                   : typeinfo.c.obj (.text:_ZN10__cxxabiv120__si_class_type_infoD0Ev)
                  0000d3fa    0000000e     console_task.obj (.text:_ZNKSt3__213__vector_baseIP11ConsolePageNS_9allocatorIS2_EEE7__allocEv)
                  0000d408    0000000e     console_task.obj (.text:_ZNKSt3__213__vector_baseIP11ConsolePageNS_9allocatorIS2_EEE9__end_capEv)
                  0000d416    0000000e     I2C_monitor.obj (.text:_ZNKSt3__213__vector_baseIP6I2cMsgNS_9allocatorIS2_EEE7__allocEv)
                  0000d424    0000000e     I2C_monitor.obj (.text:_ZNKSt3__213__vector_baseIP6I2cMsgNS_9allocatorIS2_EEE9__end_capEv)
                  0000d432    0000000e     console_task.obj (.text:_ZNKSt3__214__split_bufferIP11ConsolePageRNS_9allocatorIS2_EEE9__end_capEv)
                  0000d440    0000000e     I2C_task.obj (.text:_ZNKSt3__214__split_bufferIP6I2cMsgRNS_9allocatorIS2_EEE9__end_capEv)
                  0000d44e    0000000e     console_task.obj (.text:_ZNKSt3__26vectorIP11ConsolePageNS_9allocatorIS2_EEE4dataEv)
                  0000d45c    0000000e     I2C_monitor.obj (.text:_ZNKSt3__26vectorIP6I2cMsgNS_9allocatorIS2_EEE4dataEv)
                  0000d46a    0000000e     console_task.obj (.text:_ZNKSt3__29allocatorIP11ConsolePageE8max_sizeEv)
                  0000d478    0000000e     I2C_monitor.obj (.text:_ZNKSt3__29allocatorIP6I2cMsgE8max_sizeEv)
                  0000d486    0000000e     console_task.obj (.text:_ZNSt3__213__vector_baseIP11ConsolePageNS_9allocatorIS2_EEE7__allocEv)
                  0000d494    0000000e     console_task.obj (.text:_ZNSt3__213__vector_baseIP11ConsolePageNS_9allocatorIS2_EEE9__end_capEv)
                  0000d4a2    0000000e     I2C_monitor.obj (.text:_ZNSt3__213__vector_baseIP6I2cMsgNS_9allocatorIS2_EEE7__allocEv)
                  0000d4b0    0000000e     I2C_monitor.obj (.text:_ZNSt3__213__vector_baseIP6I2cMsgNS_9allocatorIS2_EEE9__end_capEv)
                  0000d4be    0000000e     console_task.obj (.text:_ZNSt3__214__split_bufferIP11ConsolePageRNS_9allocatorIS2_EEE7__allocEv)
                  0000d4cc    0000000e     console_task.obj (.text:_ZNSt3__214__split_bufferIP11ConsolePageRNS_9allocatorIS2_EEE9__end_capEv)
                  0000d4da    0000000e     I2C_task.obj (.text:_ZNSt3__214__split_bufferIP6I2cMsgRNS_9allocatorIS2_EEE7__allocEv)
                  0000d4e8    0000000e     I2C_task.obj (.text:_ZNSt3__214__split_bufferIP6I2cMsgRNS_9allocatorIS2_EEE9__end_capEv)
                  0000d4f6    0000000e     console_task.obj (.text:_ZNSt3__217__compressed_pairIPP11ConsolePageRNS_9allocatorIS2_EEE6secondEv)
                  0000d504    0000000e     I2C_task.obj (.text:_ZNSt3__217__compressed_pairIPP6I2cMsgRNS_9allocatorIS2_EEE6secondEv)
                  0000d512    0000000e     console_task.obj (.text:_ZNSt3__222__compressed_pair_elemINS_9allocatorIP11ConsolePageEELi1ELb1EEC1Ev)
                  0000d520    0000000e     I2C_monitor.obj (.text:_ZNSt3__222__compressed_pair_elemINS_9allocatorIP6I2cMsgEELi1ELb1EEC1Ev)
                  0000d52e    0000000e     console_task.obj (.text:_ZNSt3__222__compressed_pair_elemIRNS_9allocatorIP11ConsolePageEELi1ELb0EE5__getEv)
                  0000d53c    0000000e     I2C_task.obj (.text:_ZNSt3__222__compressed_pair_elemIRNS_9allocatorIP6I2cMsgEELi1ELb0EE5__getEv)
                  0000d54a    0000000e     console_task.obj (.text:_ZNSt3__26vectorIP11ConsolePageNS_9allocatorIS2_EEEC1Ev)
                  0000d558    0000000e     I2C_monitor.obj (.text:_ZNSt3__26vectorIP6I2cMsgNS_9allocatorIS2_EEEC1Ev)
                  0000d566    0000000e     I2C_task.obj (.text:_ZnwjPv)
                  0000d574    0000000e     rtsv7M4_T_le_v4SPD16_eabi.lib : copy_decompress_none.c.obj (.text:decompress:none:__TI_decompress_none)
                  0000d582    0000000c     console_task.obj (.text:_ZNKSt3__217__compressed_pairIPP11ConsolePageNS_9allocatorIS2_EEE5firstEv)
                  0000d58e    0000000c     console_task.obj (.text:_ZNKSt3__217__compressed_pairIPP11ConsolePageNS_9allocatorIS2_EEE6secondEv)
                  0000d59a    0000000c     console_task.obj (.text:_ZNKSt3__217__compressed_pairIPP11ConsolePageRNS_9allocatorIS2_EEE5firstEv)
                  0000d5a6    0000000c     I2C_monitor.obj (.text:_ZNKSt3__217__compressed_pairIPP6I2cMsgNS_9allocatorIS2_EEE5firstEv)
                  0000d5b2    0000000c     I2C_monitor.obj (.text:_ZNKSt3__217__compressed_pairIPP6I2cMsgNS_9allocatorIS2_EEE6secondEv)
                  0000d5be    0000000c     I2C_task.obj (.text:_ZNKSt3__217__compressed_pairIPP6I2cMsgRNS_9allocatorIS2_EEE5firstEv)
                  0000d5ca    00000002     --HOLE-- [fill = 0]
                  0000d5cc    0000000c     rtsv7M4_T_le_v4SPD16_eabi.lib : vector.cpp.obj (.text:_ZNKSt3__220__vector_base_commonILb1EE20__throw_length_errorEv)
                  0000d5d8    0000000c     console_task.obj (.text:_ZNKSt3__222__compressed_pair_elemINS_9allocatorIP11ConsolePageEELi1ELb1EE5__getEv)
                  0000d5e4    0000000c     I2C_monitor.obj (.text:_ZNKSt3__222__compressed_pair_elemINS_9allocatorIP6I2cMsgEELi1ELb1EE5__getEv)
                  0000d5f0    0000000c     console_task.obj (.text:_ZNKSt3__222__compressed_pair_elemIPP11ConsolePageLi0ELb0EE5__getEv)
                  0000d5fc    0000000c     I2C_monitor.obj (.text:_ZNKSt3__222__compressed_pair_elemIPP6I2cMsgLi0ELb0EE5__getEv)
                  0000d608    0000000c     console_task.obj (.text:_ZNKSt3__26vectorIP11ConsolePageNS_9allocatorIS2_EEE8capacityEv)
                  0000d614    0000000c     I2C_monitor.obj (.text:_ZNKSt3__26vectorIP6I2cMsgNS_9allocatorIS2_EEE8capacityEv)
                  0000d620    0000000c     I2C_monitor.obj (.text:_ZNSt3__210__allocateEj)
                  0000d62c    0000000c     I2C_monitor.obj (.text:_ZNSt3__213__unwrap_iterIPP6I2cMsgEET_S4_)
                  0000d638    0000000c     console_task.obj (.text:_ZNSt3__213__vector_baseIP11ConsolePageNS_9allocatorIS2_EEEC2Ev)
                  0000d644    0000000c     I2C_monitor.obj (.text:_ZNSt3__213__vector_baseIP6I2cMsgNS_9allocatorIS2_EEEC2Ev)
                  0000d650    0000000c     console_task.obj (.text:_ZNSt3__216__to_raw_pointerIP11ConsolePageEEPT_S4_)
                  0000d65c    0000000c     I2C_monitor.obj (.text:_ZNSt3__216__to_raw_pointerIP6I2cMsgEEPT_S4_)
                  0000d668    0000000c     console_task.obj (.text:_ZNSt3__217__compressed_pairIPP11ConsolePageNS_9allocatorIS2_EEE5firstEv)
                  0000d674    0000000c     console_task.obj (.text:_ZNSt3__217__compressed_pairIPP11ConsolePageNS_9allocatorIS2_EEE6secondEv)
                  0000d680    0000000c     console_task.obj (.text:_ZNSt3__217__compressed_pairIPP11ConsolePageRNS_9allocatorIS2_EEE5firstEv)
                  0000d68c    0000000c     I2C_monitor.obj (.text:_ZNSt3__217__compressed_pairIPP6I2cMsgNS_9allocatorIS2_EEE5firstEv)
                  0000d698    0000000c     I2C_monitor.obj (.text:_ZNSt3__217__compressed_pairIPP6I2cMsgNS_9allocatorIS2_EEE6secondEv)
                  0000d6a4    0000000c     I2C_task.obj (.text:_ZNSt3__217__compressed_pairIPP6I2cMsgRNS_9allocatorIS2_EEE5firstEv)
                  0000d6b0    0000000c     I2C_monitor.obj (.text:_ZNSt3__219__libcpp_deallocateEPv)
                  0000d6bc    0000000c     console_task.obj (.text:_ZNSt3__222__compressed_pair_elemINS_9allocatorIP11ConsolePageEELi1ELb1EE5__getEv)
                  0000d6c8    0000000c     console_task.obj (.text:_ZNSt3__222__compressed_pair_elemINS_9allocatorIP11ConsolePageEELi1ELb1EEC2Ev)
                  0000d6d4    0000000c     I2C_monitor.obj (.text:_ZNSt3__222__compressed_pair_elemINS_9allocatorIP6I2cMsgEELi1ELb1EE5__getEv)
                  0000d6e0    0000000c     I2C_monitor.obj (.text:_ZNSt3__222__compressed_pair_elemINS_9allocatorIP6I2cMsgEELi1ELb1EEC2Ev)
                  0000d6ec    0000000c     console_task.obj (.text:_ZNSt3__222__compressed_pair_elemIPP11ConsolePageLi0ELb0EE5__getEv)
                  0000d6f8    0000000c     I2C_monitor.obj (.text:_ZNSt3__222__compressed_pair_elemIPP6I2cMsgLi0ELb0EE5__getEv)
                  0000d704    0000000c     I2C_task.obj (.text:_ZNSt3__24moveIRP6I2cMsgEEONS_16remove_referenceIT_E4typeEOS5_)
                  0000d710    0000000c     console_task.obj (.text:_ZNSt3__24moveIRPP11ConsolePageEEONS_16remove_referenceIT_E4typeEOS6_)
                  0000d71c    0000000c     I2C_task.obj (.text:_ZNSt3__24moveIRPP6I2cMsgEEONS_16remove_referenceIT_E4typeEOS6_)
                  0000d728    0000000c     I2C_monitor.obj (.text:_ZNSt3__26vectorIP6I2cMsgNS_9allocatorIS2_EEE27__invalidate_iterators_pastEPS2_)
                  0000d734    0000000c     I2C_monitor.obj (.text:_ZNSt3__27forwardIDnEEOT_RNS_16remove_referenceIS1_E4typeE)
                  0000d740    0000000c     I2C_task.obj (.text:_ZNSt3__27forwardIP6I2cMsgEEOT_RNS_16remove_referenceIS3_E4typeE)
                  0000d74c    0000000c     console_task.obj (.text:_ZNSt3__27forwardIRKP11ConsolePageEEOT_RNS_16remove_referenceIS5_E4typeE)
                  0000d758    0000000c     console_task.obj (.text:_ZNSt3__27forwardIRNS_9allocatorIP11ConsolePageEEEEOT_RNS_16remove_referenceIS6_E4typeE)
                  0000d764    0000000c     I2C_task.obj (.text:_ZNSt3__27forwardIRNS_9allocatorIP6I2cMsgEEEEOT_RNS_16remove_referenceIS6_E4typeE)
                  0000d770    0000000c     console_task.obj (.text:_ZNSt3__29allocatorIP11ConsolePageE7destroyEPS2_)
                  0000d77c    0000000c     console_task.obj (.text:_ZNSt3__29allocatorIP11ConsolePageEC1Ev)
                  0000d788    0000000c     console_task.obj (.text:_ZNSt3__29allocatorIP11ConsolePageEC2Ev)
                  0000d794    0000000c     I2C_monitor.obj (.text:_ZNSt3__29allocatorIP6I2cMsgE7destroyEPS2_)
                  0000d7a0    0000000c     I2C_monitor.obj (.text:_ZNSt3__29allocatorIP6I2cMsgEC1Ev)
                  0000d7ac    0000000c     I2C_monitor.obj (.text:_ZNSt3__29allocatorIP6I2cMsgEC2Ev)
                  0000d7b8    0000000c     rtsv7M4_T_le_v4SPD16_eabi.lib : copy_zero_init.c.obj (.text:decompress:ZI:__TI_zero_init)
                  0000d7c4    0000000c     tm4c123gh6pm_startup_ccs.obj (.text)
                  0000d7d0    0000000a     I2C_monitor.obj (.text:_ZNSt3__220__throw_length_errorEPKc)
                  0000d7da    0000000a     console_task.obj (.text:_ZNSt3__26vectorIP11ConsolePageNS_9allocatorIS2_EEE24__RAII_IncreaseAnnotator6__doneEv)
                  0000d7e4    0000000a     console_task.obj (.text:_ZNSt3__26vectorIP11ConsolePageNS_9allocatorIS2_EEE26__invalidate_all_iteratorsEv)
                  0000d7ee    0000000a     I2C_monitor.obj (.text:_ZNSt3__26vectorIP6I2cMsgNS_9allocatorIS2_EEE24__RAII_IncreaseAnnotator6__doneEv)
                  0000d7f8    0000000a     I2C_monitor.obj (.text:_ZNSt3__26vectorIP6I2cMsgNS_9allocatorIS2_EEE26__invalidate_all_iteratorsEv)
                  0000d802    0000000a     rtsv7M4_T_le_v4SPD16_eabi.lib : sprintf.c.obj (.text:_outc)
                  0000d80c    00000008                                   : errno.c.obj (.text:__aeabi_errno_addr)
                  0000d814    00000008                                   : memory.c.obj (.text:malloc)
                  0000d81c    00000006     sysctl.obj (.text:SysCtlDelay)
                  0000d822    00000006     rtsv7M4_T_le_v4SPD16_eabi.lib : pure_virt.c.obj (.text:__cxa_pure_virtual)
                  0000d828    00000004                                   : typeinfo.c.obj (.text:_ZN10__cxxabiv117__class_type_infoD1Ev)
                  0000d82c    00000004                                   : typeinfo.c.obj (.text:_ZN10__cxxabiv120__si_class_type_infoD1Ev)
                  0000d830    00000004                                   : new.cpp.obj (.text:_ZdlPvj)
                  0000d834    00000004                                   : error.c.obj (.text:__abort_execution)
                  0000d838    00000004                                   : pre_init.c.obj (.text:_system_pre_init)
                  0000d83c    00000004                                   : exit.c.obj (.text:abort:abort)

.const     0    0000d840    00000aa0     
                  0000d840    00000120     sysctl.obj (.const:g_pppui32XTALtoVCO)
                  0000d960    00000101     rtsv7M4_T_le_v4SPD16_eabi.lib : ctype.c.obj (.const:.string:_ctypes_)
                  0000da61    00000003     --HOLE-- [fill = 0]
                  0000da64    000000c0     gpio.obj (.const:g_ppui32GPIOIntMapBlizzard)
                  0000db24    000000c0     gpio.obj (.const:g_ppui32GPIOIntMapSnowflake)
                  0000dbe4    0000009c     interrupt.obj (.const:g_pui32Regs)
                  0000dc80    00000090     gpio.obj (.const:g_pui32GPIOBaseAddrs)
                  0000dd10    0000006c     sysctl.obj (.const:g_pui32Xtals)
                  0000dd7c    00000060     timer.obj (.const:g_ppui32TimerIntMap)
                  0000dddc    00000050     i2c.obj (.const:g_ppui32I2CIntMapSnowflake)
                  0000de2c    00000044     console_task.obj (.const:.string:_ZZNSt3__29allocatorIP11ConsolePageE8allocateEjPKvEs)
                  0000de70    00000044     I2C_monitor.obj (.const:.string:_ZZNSt3__29allocatorIP6I2cMsgE8allocateEjPKvEs)
                  0000deb4    00000040     timer.obj (.const:g_ppui32TimerIntMapSnowflake)
                  0000def4    00000040     uart.obj (.const:g_ppui32UARTIntMap)
                  0000df34    00000040     uart.obj (.const:g_ppui32UARTIntMapSnowflake)
                  0000df74    00000030     i2c.obj (.const:g_ppui32I2CIntMap)
                  0000dfa4    00000030     sysctl.obj (.const:g_sXTALtoMEMTIM)
                  0000dfd4    00000025     rtsv7M4_T_le_v4SPD16_eabi.lib : typeinfo.c.obj (.const:.typeinfo:_ZTSN10__cxxabiv120__si_class_type_infoE)
                  0000dff9    00000022                                   : typeinfo.c.obj (.const:.typeinfo:_ZTSN10__cxxabiv117__class_type_infoE)
                  0000e01b    00000001     --HOLE-- [fill = 0]
                  0000e01c    00000020     interrupt.obj (.const:g_pui32Priority)
                  0000e03c    00000018     I2C_monitor.obj (.const:.string)
                  0000e054    00000014     console_task.obj (.const:_ZTV11ConsolePage)
                  0000e068    00000014     console_task.obj (.const:_ZTV11ConsoleTask)
                  0000e07c    00000014     error_logger.obj (.const:_ZTV11ErrorLogger)
                  0000e090    00000014     task_manager.obj (.const:_ZTV11TaskManager)
                  0000e0a4    00000014     I2C_monitor.obj (.const:_ZTV14I2cMonitorTask)
                  0000e0b8    00000014     I2C_sniffer.obj (.const:_ZTV14I2cSnifferTask)
                  0000e0cc    00000014     I2C_scripter.obj (.const:_ZTV15I2cScripterTask)
                  0000e0e0    00000014     I2C_task.obj (.const:_ZTV7I2cTask)
                  0000e0f4    00000014     test_task.obj (.const:_ZTV8TestTask)
                  0000e108    00000014     interrupt.obj (.const:g_pui32Dii16Regs)
                  0000e11c    00000014     interrupt.obj (.const:g_pui32EnRegs)
                  0000e130    00000014     interrupt.obj (.const:g_pui32PendRegs)
                  0000e144    00000014     interrupt.obj (.const:g_pui32UnpendRegs)
                  0000e158    00000012     uartstdio.obj (.const:.string)
                  0000e16a    00000012     I2C_scripter.obj (.const:.typeinfo:_ZTS15I2cScripterTask)
                  0000e17c    00000011     I2C_monitor.obj (.const:.typeinfo:_ZTS14I2cMonitorTask)
                  0000e18d    00000011     I2C_sniffer.obj (.const:.typeinfo:_ZTS14I2cSnifferTask)
                  0000e19e    00000002     --HOLE-- [fill = 0]
                  0000e1a0    00000010     rtsv7M4_T_le_v4SPD16_eabi.lib : typeinfo.c.obj (.const:_ZTVN10__cxxabiv117__class_type_infoE)
                  0000e1b0    00000010                                   : typeinfo.c.obj (.const:_ZTVN10__cxxabiv120__si_class_type_infoE)
                  0000e1c0    0000000e     I2C_monitor.obj (.const:.typeinfo:_ZTS11ConsolePage)
                  0000e1ce    0000000e     console_task.obj (.const:.typeinfo:_ZTS11ConsoleTask)
                  0000e1dc    0000000e     error_logger.obj (.const:.typeinfo:_ZTS11ErrorLogger)
                  0000e1ea    0000000e     task_manager.obj (.const:.typeinfo:_ZTS11TaskManager)
                  0000e1f8    0000000d     rtsv7M4_T_le_v4SPD16_eabi.lib : stdlib_typeinfo.cpp.obj (.const:.typeinfo:_ZTSSt9type_info)
                  0000e205    00000003     --HOLE-- [fill = 0]
                  0000e208    0000000c     console_task.obj (.const:.typeinfo:_ZTI11ConsoleTask)
                  0000e214    0000000c     error_logger.obj (.const:.typeinfo:_ZTI11ErrorLogger)
                  0000e220    0000000c     task_manager.obj (.const:.typeinfo:_ZTI11TaskManager)
                  0000e22c    0000000c     I2C_monitor.obj (.const:.typeinfo:_ZTI14I2cMonitorTask)
                  0000e238    0000000c     I2C_sniffer.obj (.const:.typeinfo:_ZTI14I2cSnifferTask)
                  0000e244    0000000c     I2C_scripter.obj (.const:.typeinfo:_ZTI15I2cScripterTask)
                  0000e250    0000000c     I2C_task.obj (.const:.typeinfo:_ZTI7I2cTask)
                  0000e25c    0000000c     test_task.obj (.const:.typeinfo:_ZTI8TestTask)
                  0000e268    0000000c     rtsv7M4_T_le_v4SPD16_eabi.lib : typeinfo.c.obj (.const:.typeinfo:_ZTIN10__cxxabiv117__class_type_infoE)
                  0000e274    0000000c                                   : typeinfo.c.obj (.const:.typeinfo:_ZTIN10__cxxabiv120__si_class_type_infoE)
                  0000e280    0000000c     uartstdio.obj (.const:g_ui32UARTBase)
                  0000e28c    0000000c     uartstdio.obj (.const:g_ui32UARTPeriph)
                  0000e298    0000000a     test_task.obj (.const:.typeinfo:_ZTS8TestTask)
                  0000e2a2    00000009     I2C_task.obj (.const:.typeinfo:_ZTS7I2cTask)
                  0000e2ab    00000001     --HOLE-- [fill = 0]
                  0000e2ac    00000008     I2C_monitor.obj (.const:.typeinfo:_ZTI11ConsolePage)
                  0000e2b4    00000008     rtsv7M4_T_le_v4SPD16_eabi.lib : stdlib_typeinfo.cpp.obj (.const:.typeinfo:_ZTISt9type_info)
                  0000e2bc    00000008     sysctl.obj (.const:g_pui32VCOFrequencies)
                  0000e2c4    00000008     port.obj (.const)
                  0000e2cc    00000007     rtsv7M4_T_le_v4SPD16_eabi.lib : vector.cpp.obj (.const:.string:_ZZNKSt3__220__vector_base_commonILb1EE20__throw_length_errorEvEs)
                  0000e2d3    00000001     --HOLE-- [fill = 0]
                  0000e2d4    00000006     no_booster_board.obj (.const:.string)
                  0000e2da    00000002     --HOLE-- [fill = 0]
                  0000e2dc    00000004     uartstdio.obj (.const)

.cinit     0    0000e2e0    000000e0     
                  0000e2e0    000000a7     (.cinit..data.load) [load image, compression = lzss]
                  0000e387    00000001     --HOLE-- [fill = 0]
                  0000e388    0000000c     (__TI_handler_table)
                  0000e394    00000004     --HOLE-- [fill = 0]
                  0000e398    00000008     (.cinit..bss.load) [load image, compression = zero_init]
                  0000e3a0    00000008     (.cinit..vtable.load) [load image, compression = zero_init]
                  0000e3a8    00000018     (__TI_cinit_table)

.init_array 
*          0    00000000    00000000     UNINITIALIZED

.vtable    0    20000000    0000026c     UNINITIALIZED
                  20000000    0000026c     interrupt.obj (.vtable)

.bss       0    2000026c    0000439c     UNINITIALIZED
                  2000026c    00003c00     (.common:ucHeap)
                  20003e6c    000004b0     error_logger.obj (.bss:errors)
                  2000431c    00000120     rtsv7M4_T_le_v4SPD16_eabi.lib : trgmsg.c.obj (.bss:_CIOBUF_)
                  2000443c    000000a0     (.common:__TI_tmpnams)
                  200044dc    00000064     tasks.obj (.bss:pxReadyTasksLists)
                  20004540    00000040     (.common:xQueueRegistry)
                  20004580    00000014     tasks.obj (.bss:xDelayedTaskList1)
                  20004594    00000014     tasks.obj (.bss:xDelayedTaskList2)
                  200045a8    00000014     tasks.obj (.bss:xPendingReadyList)
                  200045bc    00000014     tasks.obj (.bss:xSuspendedTaskList)
                  200045d0    00000014     tasks.obj (.bss:xTasksWaitingTermination)
                  200045e4    00000008     tasks.obj (.bss)
                  200045ec    00000008     heap_2.obj (.bss:xEnd)
                  200045f4    00000008     heap_2.obj (.bss:xStart)
                  200045fc    00000008     (.common:parmbuf)
                  20004604    00000004     console_uart.obj (.bss)

.stack     0    20004608    00000800     UNINITIALIZED
                  20004608    00000004     rtsv7M4_T_le_v4SPD16_eabi.lib : boot_cortex_m.c.obj (.stack)
                  2000460c    000007fc     --HOLE--

.data      0    20004e08    00000274     UNINITIALIZED
                  20004e08    000000f0     rtsv7M4_T_le_v4SPD16_eabi.lib : defs.c.obj (.data:_ftable)
                  20004ef8    00000078                                   : host_device.c.obj (.data:_device)
                  20004f70    00000050                                   : host_device.c.obj (.data:_stream)
                  20004fc0    00000034     tasks.obj (.data)
                  20004ff4    00000024     no_booster_board.obj (.data:i2c0)
                  20005018    00000010     I2C_monitor.obj (.data:format_types)
                  20005028    00000010     rtsv7M4_T_le_v4SPD16_eabi.lib : defs.c.obj (.data)
                  20005038    0000000c                                   : exit.c.obj (.data:$O1$$)
                  20005044    0000000c     port.obj (.data)
                  20005050    00000008     rtsv7M4_T_le_v4SPD16_eabi.lib : _lock.c.obj (.data:$O1$$)
                  20005058    00000008                                   : memory.c.obj (.data:$O1$$)
                  20005060    00000008     error_logger.obj (.data)
                  20005068    00000008     heap_2.obj (.data)
                  20005070    00000005     uartstdio.obj (.data)
                  20005075    00000001     I2C_sniffer.obj (.data)
                  20005076    00000002     --HOLE--
                  20005078    00000004     rtsv7M4_T_le_v4SPD16_eabi.lib : errno.c.obj (.data)

.sysmem    0    20005080    00000010     UNINITIALIZED
                  20005080    00000010     rtsv7M4_T_le_v4SPD16_eabi.lib : memory.c.obj (.sysmem)

__llvm_prf_cnts 
*          0    20000000    00000000     UNINITIALIZED

MODULE SUMMARY

       Module                         code    ro data   rw data
       ------                         ----    -------   -------
    .\
       I2C_monitor.obj                3403    163       15376  
       I2C_task.obj                   5512    41        0      
       console_task.obj               3342    134       0      
       error_logger.obj               556     46        1208   
       I2C_scripter.obj               1264    50        0      
       task_manager.obj               656     46        0      
       I2C_sniffer.obj                648     49        1      
       tm4c123gh6pm_startup_ccs.obj   12      620       0      
       heap_2.obj                     508     0         24     
       no_booster_board.obj           324     6         36     
       console_uart.obj               252     0         4      
       text_controls.obj              210     0         0      
       test_task.obj                  144     42        0      
       main.obj                       60      0         0      
       memory_functions.obj           48      0         0      
       hooks.obj                      42      0         0      
    +--+------------------------------+-------+---------+---------+
       Total:                         16981   1197      16649  
                                                               
    .\FreeRTOS\
       tasks.obj                      7644    0         260    
       queue.obj                      4008    0         64     
       list.obj                       298     0         0      
    +--+------------------------------+-------+---------+---------+
       Total:                         11950   0         324    
                                                               
    .\FreeRTOS\portable\CCS\ARM_CM4F\
       port.obj                       652     8         12     
       portasm.obj                    218     0         0      
    +--+------------------------------+-------+---------+---------+
       Total:                         870     8         12     
                                                               
    .\driverlib\
       sysctl.obj                     3834    452       0      
       gpio.obj                       2952    528       0      
       interrupt.obj                  960     268       620    
       i2c.obj                        1692    128       0      
       timer.obj                      1602    160       0      
       uart.obj                       1560    128       0      
       fpu.obj                        192     0         0      
       cpu.obj                        62      0         0      
    +--+------------------------------+-------+---------+---------+
       Total:                         12854   1664      620    
                                                               
    .\utils\
       uartstdio.obj                  1192    46        5      
    +--+------------------------------+-------+---------+---------+
       Total:                         1192    46        5      
                                                               
    C:\ti\ccs1020\ccs\tools\compiler\ti-cgt-arm_20.2.2.LTS\lib\rtsv7M4_T_le_v4SPD16_eabi.lib
       _printfi.c.obj                 4851    0         0      
       memory.c.obj                   672     0         8      
       fd_add_t2.asm.obj              438     0         0      
       defs.c.obj                     0       0         416    
       trgmsg.c.obj                   108     0         288    
       fd_div_t2.asm.obj              310     0         0      
       fputs.c.obj                    276     0         0      
       s_scalbn.c.obj                 272     0         0      
       fd_cmp_t2.asm.obj              268     0         0      
       ctype.c.obj                    0       257       0      
       fd_mul_t2.asm.obj              252     0         0      
       setvbuf.c.obj                  220     0         0      
       fflush.c.obj                   200     0         0      
       host_device.c.obj              0       0         200    
       typeinfo.c.obj                 36      127       0      
       memcpy_t2.asm.obj              156     0         0      
       ull_div_t2.asm.obj             150     0         0      
       memset_t2.asm.obj              122     0         0      
       fclose.c.obj                   116     0         0      
       getdevice.c.obj                116     0         0      
       hostrename.c.obj               108     0         0      
       copy_decompress_lzss.c.obj     104     0         0      
       hostlseek.c.obj                104     0         0      
       hostopen.c.obj                 96      0         8      
       fseek.c.obj                    100     0         0      
       s_frexp.c.obj                  100     0         0      
       _io_perm.c.obj                 98      0         0      
       sprintf.c.obj                  98      0         0      
       close.c.obj                    92      0         0      
       exit.c.obj                     76      0         12     
       hostread.c.obj                 88      0         0      
       hostwrite.c.obj                88      0         0      
       _ltoa.c.obj                    84      0         0      
       atoi.c.obj                     76      0         0      
       fd_toi_t2.asm.obj              72      0         0      
       autoinit.c.obj                 68      0         0      
       hostclose.c.obj                68      0         0      
       hostunlink.c.obj               68      0         0      
       u_divt2.asm.obj                64      0         0      
       strncpy.c.obj                  54      0         0      
       boot_cortex_m.c.obj            52      0         0      
       fopen.c.obj                    52      0         0      
       i_tofd_t2.asm.obj              46      0         0      
       unlink.c.obj                   44      0         0      
       lseek.c.obj                    40      0         0      
       memmov.c.obj                   40      0         0      
       write.c.obj                    40      0         0      
       memchr.c.obj                   32      0         0      
       assert.c.obj                   28      0         0      
       memccpy.c.obj                  28      0         0      
       s_copysign.c.obj               26      0         0      
       strcmp.c.obj                   24      0         0      
       stdlib_typeinfo.cpp.obj        2       21        0      
       strchr.c.obj                   22      0         0      
       vector.cpp.obj                 14      7         0      
       strcpy.c.obj                   20      0         0      
       strlen.c.obj                   20      0         0      
       wcslen.c.obj                   18      0         0      
       copy_decompress_none.c.obj     14      0         0      
       copy_zero_init.c.obj           12      0         0      
       errno.c.obj                    8       0         4      
       _lock.c.obj                    2       0         8      
       pure_virt.c.obj                6       0         0      
       error.c.obj                    4       0         0      
       new.cpp.obj                    4       0         0      
       pre_init.c.obj                 4       0         0      
       div0.asm.obj                   2       0         0      
    +--+------------------------------+-------+---------+---------+
       Total:                         10873   412       944    
                                                               
       Heap:                          0       0         16     
       Stack:                         0       0         2048   
       Linker Generated:              0       219       0      
    +--+------------------------------+-------+---------+---------+
       Grand Total:                   54720   3546      20618  


LINKER GENERATED COPY TABLES

__TI_cinit_table @ 0000e3a8 records: 3, size/record: 8, table size: 24
	.data: load addr=0000e2e0, load size=000000a7 bytes, run addr=20004e08, run size=00000274 bytes, compression=lzss
	.bss: load addr=0000e398, load size=00000008 bytes, run addr=2000026c, run size=0000439c bytes, compression=zero_init
	.vtable: load addr=0000e3a0, load size=00000008 bytes, run addr=20000000, run size=0000026c bytes, compression=zero_init


LINKER GENERATED HANDLER TABLE

__TI_handler_table @ 0000e388 records: 3, size/record: 4, table size: 12
	index: 0, handler: __TI_zero_init
	index: 1, handler: __TI_decompress_lzss
	index: 2, handler: __TI_decompress_none


GLOBAL SYMBOLS: SORTED ALPHABETICALLY BY Name 

address   name                                                                                                                                                                                                                                                                             
-------   ----                                                                                                                                                                                                                                                                             
0000d83d  C$$EXIT                                                                                                                                                                                                                                                                          
0000c843  C$$IO$$                                                                                                                                                                                                                                                                          
0000c6e3  CPUbasepriGet                                                                                                                                                                                                                                                                    
0000c6d5  CPUbasepriSet                                                                                                                                                                                                                                                                    
0000c6af  CPUcpsid                                                                                                                                                                                                                                                                         
0000c6c5  CPUcpsie                                                                                                                                                                                                                                                                         
0000c6bb  CPUprimask                                                                                                                                                                                                                                                                       
0000c6d1  CPUwfi                                                                                                                                                                                                                                                                           
0000b1a7  FPUDisable                                                                                                                                                                                                                                                                       
0000b195  FPUEnable                                                                                                                                                                                                                                                                        
0000b213  FPUFlushToZeroModeSet                                                                                                                                                                                                                                                            
0000b1df  FPUHalfPrecisionModeSet                                                                                                                                                                                                                                                          
0000b1c7  FPULazyStackingEnable                                                                                                                                                                                                                                                            
0000b1f9  FPUNaNModeSet                                                                                                                                                                                                                                                                    
0000b22d  FPURoundingModeSet                                                                                                                                                                                                                                                               
0000b1d3  FPUStackingDisable                                                                                                                                                                                                                                                               
0000b1b5  FPUStackingEnable                                                                                                                                                                                                                                                                
00005b83  GPIOADCTriggerDisable                                                                                                                                                                                                                                                            
00005b65  GPIOADCTriggerEnable                                                                                                                                                                                                                                                             
00005b47  GPIODMATriggerDisable                                                                                                                                                                                                                                                            
00005b29  GPIODMATriggerEnable                                                                                                                                                                                                                                                             
000050db  GPIODirModeGet                                                                                                                                                                                                                                                                   
0000507f  GPIODirModeSet                                                                                                                                                                                                                                                                   
00005643  GPIOIntClear                                                                                                                                                                                                                                                                     
00005607  GPIOIntDisable                                                                                                                                                                                                                                                                   
000055ed  GPIOIntEnable                                                                                                                                                                                                                                                                    
00005657  GPIOIntRegister                                                                                                                                                                                                                                                                  
00005621  GPIOIntStatus                                                                                                                                                                                                                                                                    
000051cb  GPIOIntTypeGet                                                                                                                                                                                                                                                                   
00005127  GPIOIntTypeSet                                                                                                                                                                                                                                                                   
00005675  GPIOIntUnregister                                                                                                                                                                                                                                                                
0000549b  GPIOPadConfigGet                                                                                                                                                                                                                                                                 
00005261  GPIOPadConfigSet                                                                                                                                                                                                                                                                 
00005acb  GPIOPinConfigure                                                                                                                                                                                                                                                                 
0000568f  GPIOPinRead                                                                                                                                                                                                                                                                      
000056c7  GPIOPinTypeADC                                                                                                                                                                                                                                                                   
000056eb  GPIOPinTypeCAN                                                                                                                                                                                                                                                                   
00005a97  GPIOPinTypeCIR                                                                                                                                                                                                                                                                   
0000570f  GPIOPinTypeComparator                                                                                                                                                                                                                                                            
00005733  GPIOPinTypeEPI                                                                                                                                                                                                                                                                   
00005757  GPIOPinTypeEthernetLED                                                                                                                                                                                                                                                           
0000577b  GPIOPinTypeEthernetMII                                                                                                                                                                                                                                                           
0000579f  GPIOPinTypeGPIOInput                                                                                                                                                                                                                                                             
000057c3  GPIOPinTypeGPIOOutput                                                                                                                                                                                                                                                            
000057e7  GPIOPinTypeGPIOOutputOD                                                                                                                                                                                                                                                          
0000580b  GPIOPinTypeI2C                                                                                                                                                                                                                                                                   
0000582f  GPIOPinTypeI2CSCL                                                                                                                                                                                                                                                                
00005a4f  GPIOPinTypeKBColumn                                                                                                                                                                                                                                                              
00005a2b  GPIOPinTypeKBRow                                                                                                                                                                                                                                                                 
00005853  GPIOPinTypeLCD                                                                                                                                                                                                                                                                   
00005a73  GPIOPinTypeLEDSeq                                                                                                                                                                                                                                                                
00005877  GPIOPinTypeLPC                                                                                                                                                                                                                                                                   
0000589b  GPIOPinTypePECIRx                                                                                                                                                                                                                                                                
000058bf  GPIOPinTypePECITx                                                                                                                                                                                                                                                                
000058e3  GPIOPinTypePWM                                                                                                                                                                                                                                                                   
00005907  GPIOPinTypeQEI                                                                                                                                                                                                                                                                   
0000592b  GPIOPinTypeSSI                                                                                                                                                                                                                                                                   
0000594f  GPIOPinTypeTimer                                                                                                                                                                                                                                                                 
00005973  GPIOPinTypeUART                                                                                                                                                                                                                                                                  
00005997  GPIOPinTypeUSBAnalog                                                                                                                                                                                                                                                             
000059bb  GPIOPinTypeUSBDigital                                                                                                                                                                                                                                                            
000059df  GPIOPinTypeWakeHigh                                                                                                                                                                                                                                                              
00005a05  GPIOPinTypeWakeLow                                                                                                                                                                                                                                                               
00005abb  GPIOPinWakeStatus                                                                                                                                                                                                                                                                
000056a7  GPIOPinWrite                                                                                                                                                                                                                                                                     
0000c461  HOSTclose                                                                                                                                                                                                                                                                        
0000ba15  HOSTlseek                                                                                                                                                                                                                                                                        
0000bd39  HOSTopen                                                                                                                                                                                                                                                                         
0000beb5  HOSTread                                                                                                                                                                                                                                                                         
0000b8d1  HOSTrename                                                                                                                                                                                                                                                                       
0000c4a5  HOSTunlink                                                                                                                                                                                                                                                                       
[...]
0000e0a4  _ZTV14I2cMonitorTask                                                                                                                                                                                                                                                             
0000e0b8  _ZTV14I2cSnifferTask                                                                                                                                                                                                                                                             
0000e0cc  _ZTV15I2cScripterTask                                                                                                                                                                                                                                                            
0000e0e0  _ZTV7I2cTask                                                                                                                                                                                                                                                                     
0000e0f4  _ZTV8TestTask                                                                                                                                                                                                                                                                    
0000e16a  _ZTS15I2cScripterTask                                                                                                                                                                                                                                                            
0000e17c  _ZTS14I2cMonitorTask                                                                                                                                                                                                                                                             
0000e18d  _ZTS14I2cSnifferTask                                                                                                                                                                                                                                                             
0000e1a0  _ZTVN10__cxxabiv117__class_type_infoE                                                                                                                                                                                                                                            
0000e1b0  _ZTVN10__cxxabiv120__si_class_type_infoE                                                                                                                                                                                                                                         
0000e1c0  _ZTS11ConsolePage                                                                                                                                                                                                                                                                
0000e1ce  _ZTS11ConsoleTask                                                                                                                                                                                                                                                                
0000e1dc  _ZTS11ErrorLogger                                                                                                                                                                                                                                                                
0000e1ea  _ZTS11TaskManager                                                                                                                                                                                                                                                                
0000e1f8  _ZTSSt9type_info                                                                                                                                                                                                                                                                 
0000e208  _ZTI11ConsoleTask                                                                                                                                                                                                                                                                
0000e214  _ZTI11ErrorLogger                                                                                                                                                                                                                                                                
0000e220  _ZTI11TaskManager                                                                                                                                                                                                                                                                
0000e22c  _ZTI14I2cMonitorTask                                                                                                                                                                                                                                                             
0000e238  _ZTI14I2cSnifferTask                                                                                                                                                                                                                                                             
0000e244  _ZTI15I2cScripterTask                                                                                                                                                                                                                                                            
0000e250  _ZTI7I2cTask                                                                                                                                                                                                                                                                     
0000e25c  _ZTI8TestTask                                                                                                                                                                                                                                                                    
0000e268  _ZTIN10__cxxabiv117__class_type_infoE                                                                                                                                                                                                                                            
0000e274  _ZTIN10__cxxabiv120__si_class_type_infoE                                                                                                                                                                                                                                         
0000e298  _ZTS8TestTask                                                                                                                                                                                                                                                                    
0000e2a2  _ZTS7I2cTask                                                                                                                                                                                                                                                                     
0000e2ac  _ZTI11ConsolePage                                                                                                                                                                                                                                                                
0000e2b4  _ZTISt9type_info                                                                                                                                                                                                                                                                 
0000e2c4  ulMaxSyscallInterruptPriority                                                                                                                                                                                                                                                    
0000e2cc  _ZZNKSt3__220__vector_base_commonILb1EE20__throw_length_errorEvEs                                                                                                                                                                                                                
0000e388  __TI_Handler_Table_Base                                                                                                                                                                                                                                                          
0000e394  __TI_Handler_Table_Limit                                                                                                                                                                                                                                                         
0000e3a8  __TI_CINIT_Base                                                                                                                                                                                                                                                                  
0000e3c0  __TI_CINIT_Limit                                                                                                                                                                                                                                                                 
20000000  __start___llvm_prf_cnts                                                                                                                                                                                                                                                          
20000000  __stop___llvm_prf_cnts                                                                                                                                                                                                                                                           
20000000  g_pfnRAMVectors                                                                                                                                                                                                                                                                  
2000026c  ucHeap                                                                                                                                                                                                                                                                           
2000431c  __CIOBUF_                                                                                                                                                                                                                                                                        
2000443c  __TI_tmpnams                                                                                                                                                                                                                                                                     
20004540  xQueueRegistry                                                                                                                                                                                                                                                                   
200045fc  parmbuf                                                                                                                                                                                                                                                                          
20004608  __stack                                                                                                                                                                                                                                                                          
20004808  __STACK_TOP                                                                                                                                                                                                                                                                      
20004e08  __STACK_END                                                                                                                                                                                                                                                                      
20004e08  _ftable                                                                                                                                                                                                                                                                          
20004ef8  _device                                                                                                                                                                                                                                                                          
20004f70  _stream                                                                                                                                                                                                                                                                          
20004fc0  pxCurrentTCB                                                                                                                                                                                                                                                                     
20005028  __TI_ft_end                                                                                                                                                                                                                                                                      
2000502c  __aeabi_stdin                                                                                                                                                                                                                                                                    
20005030  __aeabi_stdout                                                                                                                                                                                                                                                                   
20005034  __aeabi_stderr                                                                                                                                                                                                                                                                   
20005038  __TI_cleanup_ptr                                                                                                                                                                                                                                                                 
2000503c  __TI_dtors_ptr                                                                                                                                                                                                                                                                   
20005040  __TI_enable_exit_profile_output                                                                                                                                                                                                                                                  
20005050  _lock                                                                                                                                                                                                                                                                            
20005054  _unlock                                                                                                                                                                                                                                                                          
20005064  _ZN11ErrorLogger3objE                                                                                                                                                                                                                                                            
20005078  errno                                                                                                                                                                                                                                                                            
20005080  _sys_memory                                                                                                                                                                                                                                                                      
ffffffff  __TI_pprof_out_hndl                                                                                                                                                                                                                                                              
ffffffff  __TI_prof_data_size                                                                                                                                                                                                                                                              
ffffffff  __TI_prof_data_start                                                                                                                                                                                                                                                             
ffffffff  __binit__                                                                                                                                                                                                                                                                        
ffffffff  __c_args__                                                                                                                                                                                                                                                                       
ffffffff  binit                                                                                                                                                                                                                                                                            
UNDEFED   __mpu_init                                                                                                                                                                                                                                                                       
UNDEFED   _system_post_cinit                                                                                                                                                                                                                                                               

[826 symbols]
